00:00 +0: loading /Users/anthonyforan/SoloAdventurer_app/test/core/network/network_reachability_test.dart                                                                                              00:01 +0: loading /Users/anthonyforan/SoloAdventurer_app/test/core/network/network_reachability_test.dart                                                                                              00:01 +0: /Users/anthonyforan/SoloAdventurer_app/test/core/network/network_reachability_test.dart: (setUpAll)                                                                                          00:01 +0: /Users/anthonyforan/SoloAdventurer_app/test/core/network/network_reachability_test.dart: NetworkReachabilityService should return reachable result when HEAD request succeeds                00:01 +0: /Users/anthonyforan/SoloAdventurer_app/test/core/network/network_reachability_test.dart: NetworkReachabilityService should return reachable result when HEAD request succeeds                
🔍 NetworkReachabilityService initialized (timeout: 5000ms, cache TTL: 30000ms)
🔍 Testing network reachability to /health...
🔍 Reachability test result: REACHABLE (2ms, status: 200)
🔍 NetworkReachabilityService disposed
00:01 +1: /Users/anthonyforan/SoloAdventurer_app/test/core/network/network_reachability_test.dart: NetworkReachabilityService should return reachable result when HEAD request succeeds                00:01 +1: /Users/anthonyforan/SoloAdventurer_app/test/core/network/network_reachability_test.dart: NetworkReachabilityService should use cached result when cache is valid                             00:01 +1: /Users/anthonyforan/SoloAdventurer_app/test/core/network/network_reachability_test.dart: NetworkReachabilityService should use cached result when cache is valid                             
🔍 NetworkReachabilityService initialized (timeout: 5000ms, cache TTL: 30000ms)
🔍 Testing network reachability to /health...
🔍 Reachability test result: REACHABLE (0ms, status: 200)
🔍 Using cached reachability result (age: 0s, valid for: 30.0s)
🔍 NetworkReachabilityService disposed
00:01 +2: /Users/anthonyforan/SoloAdventurer_app/test/core/network/network_reachability_test.dart: NetworkReachabilityService should use cached result when cache is valid                             00:01 +2: /Users/anthonyforan/SoloAdventurer_app/test/core/network/network_reachability_test.dart: NetworkReachabilityService should clear cache and make new request when clearCache is called        00:01 +2: /Users/anthonyforan/SoloAdventurer_app/test/core/network/network_reachability_test.dart: NetworkReachabilityService should clear cache and make new request when clearCache is called        
🔍 NetworkReachabilityService initialized (timeout: 5000ms, cache TTL: 30000ms)
🔍 Testing network reachability to /health...
🔍 Reachability test result: REACHABLE (0ms, status: 200)
🔍 Reachability cache cleared manually
🔍 Testing network reachability to /health...
🔍 Reachability test result: REACHABLE (0ms, status: 200)
🔍 NetworkReachabilityService disposed
00:01 +3: /Users/anthonyforan/SoloAdventurer_app/test/core/network/network_reachability_test.dart: NetworkReachabilityService should clear cache and make new request when clearCache is called        00:01 +3: /Users/anthonyforan/SoloAdventurer_app/test/core/network/network_reachability_test.dart: NetworkReachabilityService should return unreachable result on timeout                              00:01 +3: /Users/anthonyforan/SoloAdventurer_app/test/core/network/network_reachability_test.dart: NetworkReachabilityService should return unreachable result on timeout                              
🔍 NetworkReachabilityService initialized (timeout: 5000ms, cache TTL: 30000ms)
🔍 Testing network reachability to /health...
🔍 Reachability test failed: Connection timeout after 0ms
🔍 NetworkReachabilityService disposed
00:01 +4: /Users/anthonyforan/SoloAdventurer_app/test/core/network/network_reachability_test.dart: NetworkReachabilityService should return unreachable result on timeout                              00:01 +4: /Users/anthonyforan/SoloAdventurer_app/test/core/network/network_reachability_test.dart: NetworkReachabilityService should return unreachable result on connection error                     00:01 +4: /Users/anthonyforan/SoloAdventurer_app/test/core/network/network_reachability_test.dart: NetworkReachabilityService should return unreachable result on connection error                     
🔍 NetworkReachabilityService initialized (timeout: 5000ms, cache TTL: 30000ms)
🔍 Testing network reachability to /health...
🔍 Reachability test failed: Connection error: Connection refused
🔍 NetworkReachabilityService disposed
00:01 +5: /Users/anthonyforan/SoloAdventurer_app/test/core/network/network_reachability_test.dart: NetworkReachabilityService should return unreachable result on connection error                     00:01 +5: /Users/anthonyforan/SoloAdventurer_app/test/core/network/network_reachability_test.dart: NetworkReachabilityService should return unreachable result on server error (5xx)                   00:01 +5: /Users/anthonyforan/SoloAdventurer_app/test/core/network/network_reachability_test.dart: NetworkReachabilityService should return unreachable result on server error (5xx)                   
🔍 NetworkReachabilityService initialized (timeout: 5000ms, cache TTL: 30000ms)
🔍 Testing network reachability to /health...
🔍 Reachability test result: UNREACHABLE (0ms, status: null)
🔍 NetworkReachabilityService disposed
00:01 +6: /Users/anthonyforan/SoloAdventurer_app/test/core/network/network_reachability_test.dart: NetworkReachabilityService should return unreachable result on server error (5xx)                   00:01 +6: /Users/anthonyforan/SoloAdventurer_app/test/core/network/network_reachability_test.dart: NetworkReachabilityService should fall back to GET when HEAD returns 405                            00:01 +6: /Users/anthonyforan/SoloAdventurer_app/test/core/network/network_reachability_test.dart: NetworkReachabilityService should fall back to GET when HEAD returns 405                            
🔍 NetworkReachabilityService initialized (timeout: 5000ms, cache TTL: 30000ms)
🔍 Testing network reachability to /health...
🔍 HEAD not allowed, trying GET...
🔍 Reachability test result: REACHABLE (0ms, status: 200)
🔍 NetworkReachabilityService disposed
00:01 +7: /Users/anthonyforan/SoloAdventurer_app/test/core/network/network_reachability_test.dart: NetworkReachabilityService should fall back to GET when HEAD returns 405                            00:01 +7: /Users/anthonyforan/SoloAdventurer_app/test/core/network/network_reachability_test.dart: NetworkReachabilityService should return cached result when available                               00:01 +7: /Users/anthonyforan/SoloAdventurer_app/test/core/network/network_reachability_test.dart: NetworkReachabilityService should return cached result when available                               
🔍 NetworkReachabilityService initialized (timeout: 5000ms, cache TTL: 30000ms)
🔍 NetworkReachabilityService disposed
00:01 +8: /Users/anthonyforan/SoloAdventurer_app/test/core/network/network_reachability_test.dart: NetworkReachabilityService should return cached result when available                               00:01 +8: /Users/anthonyforan/SoloAdventurer_app/test/core/network/network_reachability_test.dart: NetworkReachabilityService should handle unexpected errors gracefully                               00:01 +8: /Users/anthonyforan/SoloAdventurer_app/test/core/network/network_reachability_test.dart: NetworkReachabilityService should handle unexpected errors gracefully                               
🔍 NetworkReachabilityService initialized (timeout: 5000ms, cache TTL: 30000ms)
🔍 Testing network reachability to /health...
🔍 Reachability test failed with unexpected error: Exception: Unexpected error
🔍 NetworkReachabilityService disposed
00:01 +9: /Users/anthonyforan/SoloAdventurer_app/test/core/network/network_reachability_test.dart: NetworkReachabilityService should handle unexpected errors gracefully                               00:01 +9: /Users/anthonyforan/SoloAdventurer_app/test/core/network/network_reachability_test.dart: NetworkReachabilityService should respect hasValidCache flag                                        00:01 +9: /Users/anthonyforan/SoloAdventurer_app/test/core/network/network_reachability_test.dart: NetworkReachabilityService should respect hasValidCache flag                                        
🔍 NetworkReachabilityService initialized (timeout: 5000ms, cache TTL: 30000ms)
🔍 Testing network reachability to /health...
🔍 Reachability test result: REACHABLE (0ms, status: 200)
🔍 Reachability cache cleared manually
🔍 NetworkReachabilityService disposed
00:01 +10: /Users/anthonyforan/SoloAdventurer_app/test/core/network/network_reachability_test.dart: NetworkReachabilityService should respect hasValidCache flag                                       00:01 +10: /Users/anthonyforan/SoloAdventurer_app/test/core/network/network_reachability_test.dart: NetworkReachabilityResult should create reachable result correctly                                 00:01 +10: /Users/anthonyforan/SoloAdventurer_app/test/core/network/network_reachability_test.dart: NetworkReachabilityResult should create reachable result correctly                                 
🔍 NetworkReachabilityService initialized (timeout: 5000ms, cache TTL: 30000ms)
🔍 NetworkReachabilityService disposed
00:01 +11: /Users/anthonyforan/SoloAdventurer_app/test/core/network/network_reachability_test.dart: NetworkReachabilityResult should create reachable result correctly                                 00:01 +11: /Users/anthonyforan/SoloAdventurer_app/test/core/network/network_reachability_test.dart: NetworkReachabilityResult should create unreachable result correctly                               00:01 +11: /Users/anthonyforan/SoloAdventurer_app/test/core/network/network_reachability_test.dart: NetworkReachabilityResult should create unreachable result correctly                               
🔍 NetworkReachabilityService initialized (timeout: 5000ms, cache TTL: 30000ms)
🔍 NetworkReachabilityService disposed
00:01 +12: /Users/anthonyforan/SoloAdventurer_app/test/core/network/network_reachability_test.dart: NetworkReachabilityResult should create unreachable result correctly                               00:01 +12: /Users/anthonyforan/SoloAdventurer_app/test/core/network/network_reachability_test.dart: NetworkReachabilityResult should create cached result correctly                                    00:01 +12: /Users/anthonyforan/SoloAdventurer_app/test/core/network/network_reachability_test.dart: NetworkReachabilityResult should create cached result correctly                                    
🔍 NetworkReachabilityService initialized (timeout: 5000ms, cache TTL: 30000ms)
🔍 NetworkReachabilityService disposed
00:01 +13: /Users/anthonyforan/SoloAdventurer_app/test/core/network/network_reachability_test.dart: NetworkReachabilityResult should create cached result correctly                                    00:01 +13: /Users/anthonyforan/SoloAdventurer_app/test/core/network/network_reachability_test.dart: NetworkReachabilityResult should implement equality correctly                                      00:01 +13: /Users/anthonyforan/SoloAdventurer_app/test/core/network/network_reachability_test.dart: NetworkReachabilityResult should implement equality correctly                                      
🔍 NetworkReachabilityService initialized (timeout: 5000ms, cache TTL: 30000ms)
🔍 NetworkReachabilityService disposed
00:01 +14: /Users/anthonyforan/SoloAdventurer_app/test/core/network/network_reachability_test.dart: NetworkReachabilityResult should implement equality correctly                                      00:01 +14: /Users/anthonyforan/SoloAdventurer_app/test/core/network/network_reachability_test.dart: (tearDownAll)                                                                                      00:01 +14: loading /Users/anthonyforan/SoloAdventurer_app/test/core/error/failures_test.dart                                                                                                           00:01 +14: /Users/anthonyforan/SoloAdventurer_app/test/core/error/failures_test.dart: Failure factory constructors should create ServerFailure                                                         00:01 +15: /Users/anthonyforan/SoloAdventurer_app/test/core/error/failures_test.dart: Failure factory constructors should create ServerFailure                                                         00:01 +15: /Users/anthonyforan/SoloAdventurer_app/test/core/error/failures_test.dart: Failure factory constructors should create NetworkFailure                                                        00:01 +16: /Users/anthonyforan/SoloAdventurer_app/test/core/error/failures_test.dart: Failure factory constructors should create NetworkFailure                                                        00:01 +16: /Users/anthonyforan/SoloAdventurer_app/test/core/error/failures_test.dart: Failure factory constructors should create CacheFailure                                                          00:01 +17: /Users/anthonyforan/SoloAdventurer_app/test/core/error/failures_test.dart: Failure factory constructors should create CacheFailure                                                          00:01 +17: /Users/anthonyforan/SoloAdventurer_app/test/core/error/failures_test.dart: Failure factory constructors should create AuthFailure                                                           00:01 +18: /Users/anthonyforan/SoloAdventurer_app/test/core/error/failures_test.dart: Failure factory constructors should create AuthFailure                                                           00:01 +18: /Users/anthonyforan/SoloAdventurer_app/test/core/error/failures_test.dart: Failure factory constructors should create ValidationFailure                                                     00:01 +19: /Users/anthonyforan/SoloAdventurer_app/test/core/error/failures_test.dart: Failure factory constructors should create ValidationFailure                                                     00:01 +19: /Users/anthonyforan/SoloAdventurer_app/test/core/error/failures_test.dart: Failure factory constructors should create NotFoundFailure                                                       00:01 +20: /Users/anthonyforan/SoloAdventurer_app/test/core/error/failures_test.dart: Failure factory constructors should create NotFoundFailure                                                       00:01 +20: /Users/anthonyforan/SoloAdventurer_app/test/core/error/failures_test.dart: Failure factory constructors should create PermissionDeniedFailure                                               00:01 +21: /Users/anthonyforan/SoloAdventurer_app/test/core/error/failures_test.dart: Failure factory constructors should create PermissionDeniedFailure                                               00:01 +21: /Users/anthonyforan/SoloAdventurer_app/test/core/error/failures_test.dart: Failure factory constructors should create UnknownFailure with default message                                   00:01 +22: /Users/anthonyforan/SoloAdventurer_app/test/core/error/failures_test.dart: Failure factory constructors should create UnknownFailure with default message                                   00:01 +22: /Users/anthonyforan/SoloAdventurer_app/test/core/error/failures_test.dart: Failure factory constructors should create UnknownFailure with custom message                                    00:01 +23: /Users/anthonyforan/SoloAdventurer_app/test/core/error/failures_test.dart: Failure factory constructors should create UnknownFailure with custom message                                    00:01 +23: /Users/anthonyforan/SoloAdventurer_app/test/core/error/failures_test.dart: FailureExtensions - requiresLogout should return true for AuthFailure                                            00:01 +24: /Users/anthonyforan/SoloAdventurer_app/test/core/error/failures_test.dart: FailureExtensions - requiresLogout should return true for AuthFailure                                            00:01 +24: /Users/anthonyforan/SoloAdventurer_app/test/core/error/failures_test.dart: FailureExtensions - requiresLogout should return false for ServerFailure                                         00:01 +25: /Users/anthonyforan/SoloAdventurer_app/test/core/error/failures_test.dart: FailureExtensions - requiresLogout should return false for ServerFailure                                         00:01 +25: /Users/anthonyforan/SoloAdventurer_app/test/core/error/failures_test.dart: FailureExtensions - requiresLogout should return false for NetworkFailure                                        00:01 +26: /Users/anthonyforan/SoloAdventurer_app/test/core/error/failures_test.dart: FailureExtensions - requiresLogout should return false for NetworkFailure                                        00:01 +26: /Users/anthonyforan/SoloAdventurer_app/test/core/error/failures_test.dart: FailureExtensions - requiresLogout should return false for CacheFailure                                          00:01 +27: /Users/anthonyforan/SoloAdventurer_app/test/core/error/failures_test.dart: FailureExtensions - requiresLogout should return false for CacheFailure                                          00:01 +27: /Users/anthonyforan/SoloAdventurer_app/test/core/error/failures_test.dart: FailureExtensions - requiresLogout should return false for ValidationFailure                                     00:01 +28: /Users/anthonyforan/SoloAdventurer_app/test/core/error/failures_test.dart: FailureExtensions - requiresLogout should return false for ValidationFailure                                     00:01 +28: /Users/anthonyforan/SoloAdventurer_app/test/core/error/failures_test.dart: FailureExtensions - requiresLogout should return false for NotFoundFailure                                       00:01 +29: /Users/anthonyforan/SoloAdventurer_app/test/core/error/failures_test.dart: FailureExtensions - requiresLogout should return false for NotFoundFailure                                       00:01 +29: /Users/anthonyforan/SoloAdventurer_app/test/core/error/failures_test.dart: FailureExtensions - requiresLogout should return false for PermissionDeniedFailure                               00:01 +30: /Users/anthonyforan/SoloAdventurer_app/test/core/error/failures_test.dart: FailureExtensions - requiresLogout should return false for PermissionDeniedFailure                               00:01 +30: /Users/anthonyforan/SoloAdventurer_app/test/core/error/failures_test.dart: FailureExtensions - requiresLogout should return false for UnknownFailure                                        00:01 +31: /Users/anthonyforan/SoloAdventurer_app/test/core/error/failures_test.dart: FailureExtensions - requiresLogout should return false for UnknownFailure                                        00:01 +31: /Users/anthonyforan/SoloAdventurer_app/test/core/error/failures_test.dart: FailureExtensions - isRecoverable should return true for NetworkFailure                                          00:01 +32: /Users/anthonyforan/SoloAdventurer_app/test/core/error/failures_test.dart: FailureExtensions - isRecoverable should return true for NetworkFailure                                          00:01 +32: /Users/anthonyforan/SoloAdventurer_app/test/core/error/failures_test.dart: FailureExtensions - isRecoverable should return true for CacheFailure                                            00:01 +33: /Users/anthonyforan/SoloAdventurer_app/test/core/error/failures_test.dart: FailureExtensions - isRecoverable should return true for CacheFailure                                            00:01 +33: /Users/anthonyforan/SoloAdventurer_app/test/core/error/failures_test.dart: FailureExtensions - isRecoverable should return true for ServerFailure with 5xx status code                      00:01 +34: /Users/anthonyforan/SoloAdventurer_app/test/core/error/failures_test.dart: FailureExtensions - isRecoverable should return true for ServerFailure with 5xx status code                      00:01 +34: /Users/anthonyforan/SoloAdventurer_app/test/core/error/failures_test.dart: FailureExtensions - isRecoverable should return true for ServerFailure with 503 status code                      00:01 +35: /Users/anthonyforan/SoloAdventurer_app/test/core/error/failures_test.dart: FailureExtensions - isRecoverable should return true for ServerFailure with 503 status code                      00:01 +35: /Users/anthonyforan/SoloAdventurer_app/test/core/error/failures_test.dart: FailureExtensions - isRecoverable should return false for ServerFailure with 4xx status code                     00:01 +36: /Users/anthonyforan/SoloAdventurer_app/test/core/error/failures_test.dart: FailureExtensions - isRecoverable should return false for ServerFailure with 4xx status code                     00:01 +36: /Users/anthonyforan/SoloAdventurer_app/test/core/error/failures_test.dart: FailureExtensions - isRecoverable should return false for ServerFailure with 401 status code                     00:01 +37: /Users/anthonyforan/SoloAdventurer_app/test/core/error/failures_test.dart: FailureExtensions - isRecoverable should return false for ServerFailure with 401 status code                     00:01 +37: /Users/anthonyforan/SoloAdventurer_app/test/core/error/failures_test.dart: FailureExtensions - isRecoverable should return false for ServerFailure without status code                      00:01 +38: /Users/anthonyforan/SoloAdventurer_app/test/core/error/failures_test.dart: FailureExtensions - isRecoverable should return false for ServerFailure without status code                      00:01 +38: /Users/anthonyforan/SoloAdventurer_app/test/core/error/failures_test.dart: FailureExtensions - isRecoverable should return false for AuthFailure                                            00:01 +39: /Users/anthonyforan/SoloAdventurer_app/test/core/error/failures_test.dart: FailureExtensions - isRecoverable should return false for AuthFailure                                            00:01 +39: /Users/anthonyforan/SoloAdventurer_app/test/core/error/failures_test.dart: FailureExtensions - isRecoverable should return false for ValidationFailure                                      00:01 +40: /Users/anthonyforan/SoloAdventurer_app/test/core/error/failures_test.dart: FailureExtensions - isRecoverable should return false for ValidationFailure                                      00:01 +40: /Users/anthonyforan/SoloAdventurer_app/test/core/error/failures_test.dart: FailureExtensions - isRecoverable should return false for NotFoundFailure                                        00:01 +41: /Users/anthonyforan/SoloAdventurer_app/test/core/error/failures_test.dart: FailureExtensions - isRecoverable should return false for NotFoundFailure                                        00:01 +41: /Users/anthonyforan/SoloAdventurer_app/test/core/error/failures_test.dart: FailureExtensions - isRecoverable should return false for PermissionDeniedFailure                                00:01 +42: /Users/anthonyforan/SoloAdventurer_app/test/core/error/failures_test.dart: FailureExtensions - isRecoverable should return false for PermissionDeniedFailure                                00:01 +42: /Users/anthonyforan/SoloAdventurer_app/test/core/error/failures_test.dart: FailureExtensions - isRecoverable should return false for UnknownFailure                                         00:01 +43: /Users/anthonyforan/SoloAdventurer_app/test/core/error/failures_test.dart: FailureExtensions - isRecoverable should return false for UnknownFailure                                         00:01 +43: /Users/anthonyforan/SoloAdventurer_app/test/core/error/failures_test.dart: FailureExtensions - userMessage should return user-friendly message for NetworkFailure                           00:01 +44: /Users/anthonyforan/SoloAdventurer_app/test/core/error/failures_test.dart: FailureExtensions - userMessage should return user-friendly message for NetworkFailure                           00:01 +44: /Users/anthonyforan/SoloAdventurer_app/test/core/error/failures_test.dart: FailureExtensions - userMessage should return user-friendly message for CacheFailure                             00:01 +45: /Users/anthonyforan/SoloAdventurer_app/test/core/error/failures_test.dart: FailureExtensions - userMessage should return user-friendly message for CacheFailure                             00:01 +45: /Users/anthonyforan/SoloAdventurer_app/test/core/error/failures_test.dart: FailureExtensions - userMessage should return user-friendly message for AuthFailure                              00:01 +46: /Users/anthonyforan/SoloAdventurer_app/test/core/error/failures_test.dart: FailureExtensions - userMessage should return user-friendly message for AuthFailure                              00:01 +46: /Users/anthonyforan/SoloAdventurer_app/test/core/error/failures_test.dart: FailureExtensions - userMessage should return original message for ValidationFailure                             00:01 +47: /Users/anthonyforan/SoloAdventurer_app/test/core/error/failures_test.dart: FailureExtensions - userMessage should return original message for ValidationFailure                             00:01 +47: /Users/anthonyforan/SoloAdventurer_app/test/core/error/failures_test.dart: FailureExtensions - userMessage should return user-friendly message for NotFoundFailure                          00:01 +48: /Users/anthonyforan/SoloAdventurer_app/test/core/error/failures_test.dart: FailureExtensions - userMessage should return user-friendly message for NotFoundFailure                          00:01 +48: /Users/anthonyforan/SoloAdventurer_app/test/core/error/failures_test.dart: FailureExtensions - userMessage should return user-friendly message for PermissionDeniedFailure                  00:01 +49: /Users/anthonyforan/SoloAdventurer_app/test/core/error/failures_test.dart: FailureExtensions - userMessage should return user-friendly message for PermissionDeniedFailure                  00:01 +49: /Users/anthonyforan/SoloAdventurer_app/test/core/error/failures_test.dart: FailureExtensions - userMessage should return 5xx message for ServerFailure with 5xx code                        00:01 +50: /Users/anthonyforan/SoloAdventurer_app/test/core/error/failures_test.dart: FailureExtensions - userMessage should return 5xx message for ServerFailure with 5xx code                        00:01 +50: /Users/anthonyforan/SoloAdventurer_app/test/core/error/failures_test.dart: FailureExtensions - userMessage should return generic server message for ServerFailure with 4xx code             00:01 +51: /Users/anthonyforan/SoloAdventurer_app/test/core/error/failures_test.dart: FailureExtensions - userMessage should return generic server message for ServerFailure with 4xx code             00:01 +51: /Users/anthonyforan/SoloAdventurer_app/test/core/error/failures_test.dart: FailureExtensions - userMessage should return generic server message for ServerFailure without code              00:01 +52: /Users/anthonyforan/SoloAdventurer_app/test/core/error/failures_test.dart: FailureExtensions - userMessage should return generic server message for ServerFailure without code              00:01 +52: /Users/anthonyforan/SoloAdventurer_app/test/core/error/failures_test.dart: FailureExtensions - userMessage should return user-friendly message for UnknownFailure                           00:01 +53: /Users/anthonyforan/SoloAdventurer_app/test/core/error/failures_test.dart: FailureExtensions - userMessage should return user-friendly message for UnknownFailure                           00:01 +53: /Users/anthonyforan/SoloAdventurer_app/test/core/error/failures_test.dart: Failure pattern matching should support exhaustive switch with all failure types                                 00:01 +54: /Users/anthonyforan/SoloAdventurer_app/test/core/error/failures_test.dart: Failure pattern matching should support exhaustive switch with all failure types                                 00:01 +54: /Users/anthonyforan/SoloAdventurer_app/test/core/error/failures_test.dart: Failure pattern matching should support pattern matching with guards                                             00:01 +55: /Users/anthonyforan/SoloAdventurer_app/test/core/error/failures_test.dart: Failure pattern matching should support pattern matching with guards                                             00:01 +55: /Users/anthonyforan/SoloAdventurer_app/test/core/error/failures_test.dart: Result type should create Ok result                                                                              00:01 +56: /Users/anthonyforan/SoloAdventurer_app/test/core/error/failures_test.dart: Result type should create Ok result                                                                              00:01 +56: /Users/anthonyforan/SoloAdventurer_app/test/core/error/failures_test.dart: Result type should create Err result                                                                             00:01 +57: /Users/anthonyforan/SoloAdventurer_app/test/core/error/failures_test.dart: Result type should create Err result                                                                             00:01 +57: /Users/anthonyforan/SoloAdventurer_app/test/core/error/failures_test.dart: Result type should support pattern matching on Result                                                            00:01 +58: /Users/anthonyforan/SoloAdventurer_app/test/core/error/failures_test.dart: Result type should support pattern matching on Result                                                            00:01 +58: /Users/anthonyforan/SoloAdventurer_app/test/core/error/failures_test.dart: Result type valueOrNull should return value for Ok                                                               00:01 +59: /Users/anthonyforan/SoloAdventurer_app/test/core/error/failures_test.dart: Result type valueOrNull should return value for Ok                                                               00:01 +59: /Users/anthonyforan/SoloAdventurer_app/test/core/error/failures_test.dart: Result type valueOrNull should return null for Err                                                               00:01 +60: /Users/anthonyforan/SoloAdventurer_app/test/core/error/failures_test.dart: Result type valueOrNull should return null for Err                                                               00:01 +60: /Users/anthonyforan/SoloAdventurer_app/test/core/error/failures_test.dart: Result type errorOrNull should return null for Ok                                                                00:01 +61: /Users/anthonyforan/SoloAdventurer_app/test/core/error/failures_test.dart: Result type errorOrNull should return null for Ok                                                                00:01 +61: /Users/anthonyforan/SoloAdventurer_app/test/core/error/failures_test.dart: Result type errorOrNull should return error for Err                                                              00:01 +62: /Users/anthonyforan/SoloAdventurer_app/test/core/error/failures_test.dart: Result type errorOrNull should return error for Err                                                              00:01 +62: /Users/anthonyforan/SoloAdventurer_app/test/core/error/failures_test.dart: Result type map should transform Ok value                                                                        00:01 +63: /Users/anthonyforan/SoloAdventurer_app/test/core/error/failures_test.dart: Result type map should transform Ok value                                                                        00:01 +63: /Users/anthonyforan/SoloAdventurer_app/test/core/error/failures_test.dart: Result type map should not transform Err                                                                         00:01 +64: /Users/anthonyforan/SoloAdventurer_app/test/core/error/failures_test.dart: Result type map should not transform Err                                                                         00:01 +64: /Users/anthonyforan/SoloAdventurer_app/test/core/error/failures_test.dart: Result type orElse should return Ok value unchanged                                                              00:01 +65: /Users/anthonyforan/SoloAdventurer_app/test/core/error/failures_test.dart: Result type orElse should return Ok value unchanged                                                              00:01 +65: /Users/anthonyforan/SoloAdventurer_app/test/core/error/failures_test.dart: Result type orElse should return provided value for Err                                                          00:01 +66: /Users/anthonyforan/SoloAdventurer_app/test/core/error/failures_test.dart: Result type orElse should return provided value for Err                                                          00:01 +66: /Users/anthonyforan/SoloAdventurer_app/test/core/error/failures_test.dart: Result toString Ok toString should include type and value                                                        00:01 +67: /Users/anthonyforan/SoloAdventurer_app/test/core/error/failures_test.dart: Result toString Ok toString should include type and value                                                        00:01 +67: /Users/anthonyforan/SoloAdventurer_app/test/core/error/failures_test.dart: Result toString Err toString should include type and failure message                                             00:01 +68: /Users/anthonyforan/SoloAdventurer_app/test/core/error/failures_test.dart: Result toString Err toString should include type and failure message                                             00:01 +68: /Users/anthonyforan/SoloAdventurer_app/test/core/error/failures_test.dart: Failure toString toString should return message                                                                  00:01 +69: /Users/anthonyforan/SoloAdventurer_app/test/core/error/failures_test.dart: Failure toString toString should return message                                                                  00:01 +69: loading /Users/anthonyforan/SoloAdventurer_app/test/app/bootstrap_retry_test.dart                                                                                                           00:01 +69: /Users/anthonyforan/SoloAdventurer_app/test/app/bootstrap_retry_test.dart: Retry Configuration Non-retryable errors AuthException should not retry                                          00:01 +70: /Users/anthonyforan/SoloAdventurer_app/test/app/bootstrap_retry_test.dart: Retry Configuration Non-retryable errors AuthException should not retry                                          00:01 +70: /Users/anthonyforan/SoloAdventurer_app/test/app/bootstrap_retry_test.dart: Retry Configuration Non-retryable errors UnauthorizedException (401) should not retry                            00:01 +71: /Users/anthonyforan/SoloAdventurer_app/test/app/bootstrap_retry_test.dart: Retry Configuration Non-retryable errors UnauthorizedException (401) should not retry                            00:01 +71: /Users/anthonyforan/SoloAdventurer_app/test/app/bootstrap_retry_test.dart: Retry Configuration Non-retryable errors ForbiddenException (403) should not retry                               00:01 +72: /Users/anthonyforan/SoloAdventurer_app/test/app/bootstrap_retry_test.dart: Retry Configuration Non-retryable errors ForbiddenException (403) should not retry                               00:01 +72: /Users/anthonyforan/SoloAdventurer_app/test/app/bootstrap_retry_test.dart: Retry Configuration Non-retryable errors BadRequestException (400) should not retry                              00:01 +73: /Users/anthonyforan/SoloAdventurer_app/test/app/bootstrap_retry_test.dart: Retry Configuration Non-retryable errors BadRequestException (400) should not retry                              00:01 +73: /Users/anthonyforan/SoloAdventurer_app/test/app/bootstrap_retry_test.dart: Retry Configuration Non-retryable errors NotFoundException (404) should not retry                                00:01 +74: /Users/anthonyforan/SoloAdventurer_app/test/app/bootstrap_retry_test.dart: Retry Configuration Non-retryable errors NotFoundException (404) should not retry                                00:01 +74: /Users/anthonyforan/SoloAdventurer_app/test/app/bootstrap_retry_test.dart: Retry Configuration Non-retryable errors ValidationException (422) should not retry                              00:01 +75: /Users/anthonyforan/SoloAdventurer_app/test/app/bootstrap_retry_test.dart: Retry Configuration Non-retryable errors ValidationException (422) should not retry                              00:01 +75: /Users/anthonyforan/SoloAdventurer_app/test/app/bootstrap_retry_test.dart: Retry Configuration Non-retryable errors ConflictException (409) should not retry                                00:01 +76: /Users/anthonyforan/SoloAdventurer_app/test/app/bootstrap_retry_test.dart: Retry Configuration Non-retryable errors ConflictException (409) should not retry                                00:01 +76: /Users/anthonyforan/SoloAdventurer_app/test/app/bootstrap_retry_test.dart: Retry Configuration Non-retryable errors Unknown exception types should not retry                                00:01 +77: /Users/anthonyforan/SoloAdventurer_app/test/app/bootstrap_retry_test.dart: Retry Configuration Non-retryable errors Unknown exception types should not retry                                00:01 +77: /Users/anthonyforan/SoloAdventurer_app/test/app/bootstrap_retry_test.dart: ... Retryable errors with exponential backoff NetworkTimeoutException should retry with exponential backoff      00:01 +78: /Users/anthonyforan/SoloAdventurer_app/test/app/bootstrap_retry_test.dart: ... Retryable errors with exponential backoff NetworkTimeoutException should retry with exponential backoff      00:01 +78: /Users/anthonyforan/SoloAdventurer_app/test/app/bootstrap_retry_test.dart: ... Retryable errors with exponential backoff NetworkConnectivityException should retry with exponential backoff 00:01 +79: /Users/anthonyforan/SoloAdventurer_app/test/app/bootstrap_retry_test.dart: ... Retryable errors with exponential backoff NetworkConnectivityException should retry with exponential backoff 00:01 +79: /Users/anthonyforan/SoloAdventurer_app/test/app/bootstrap_retry_test.dart: ... Configuration Retryable errors with exponential backoff ServerException should retry with exponential backoff00:01 +80: /Users/anthonyforan/SoloAdventurer_app/test/app/bootstrap_retry_test.dart: ... Configuration Retryable errors with exponential backoff ServerException should retry with exponential backoff00:01 +80: /Users/anthonyforan/SoloAdventurer_app/test/app/bootstrap_retry_test.dart: Retry Configuration Retry count limits NetworkTimeoutException respects max retry limit                          00:01 +81: /Users/anthonyforan/SoloAdventurer_app/test/app/bootstrap_retry_test.dart: Retry Configuration Retry count limits NetworkTimeoutException respects max retry limit                          00:01 +81: /Users/anthonyforan/SoloAdventurer_app/test/app/bootstrap_retry_test.dart: Retry Configuration Retry count limits ServerException respects max retry limit                                  00:01 +82: /Users/anthonyforan/SoloAdventurer_app/test/app/bootstrap_retry_test.dart: Retry Configuration Retry count limits ServerException respects max retry limit                                  00:01 +82: /Users/anthonyforan/SoloAdventurer_app/test/app/bootstrap_retry_test.dart: Retry Configuration Exponential backoff calculation NetworkTimeoutException backoff doubles each retry           00:01 +83: /Users/anthonyforan/SoloAdventurer_app/test/app/bootstrap_retry_test.dart: Retry Configuration Exponential backoff calculation NetworkTimeoutException backoff doubles each retry           00:01 +83: /Users/anthonyforan/SoloAdventurer_app/test/app/bootstrap_retry_test.dart: Retry Configuration Exponential backoff calculation ServerException backoff doubles each retry                   00:01 +84: /Users/anthonyforan/SoloAdventurer_app/test/app/bootstrap_retry_test.dart: Retry Configuration Exponential backoff calculation ServerException backoff doubles each retry                   00:02 +84: /Users/anthonyforan/SoloAdventurer_app/test/app/bootstrap_retry_test.dart: Retry Configuration Exponential backoff calculation ServerException backoff doubles each retry                   test/integration/auth_flow_test.dart:49:23: Error: Method not found: 'SecurityManagerImpl'.
    securityManager = SecurityManagerImpl(storage: secureStorage);
                      ^^^^^^^^^^^^^^^^^^^
test/integration/auth_flow_test.dart:57:50: Error: Too few positional arguments: 2 required, 1 given.
    authLocalDataSource = AuthLocalDataSourceImpl(securityManager);
                                                 ^
lib/features/auth/data/datasources/auth_local_data_source.dart:71:3: Context: Found this candidate, but the arguments don't match.
  AuthLocalDataSourceImpl(this._securityManager, this._sharedPreferences);
  ^^^^^^^^^^^^^^^^^^^^^^^
lib/features/auth/data/datasources/mock_auth_remote_data_source.dart:241:21: Error: The getter 'email' isn't defined for the type 'Credentials'.
 - 'Credentials' is from 'package:soloadventurer/features/auth/data/models/credentials.dart' ('lib/features/auth/data/models/credentials.dart').
Try correcting the name to the name of an existing getter, or defining a getter or field named 'email'.
    if (credentials.email != 'test@example.com' || credentials.password != 'password123') {
                    ^^^^^
lib/app/di/modules/core_module.dart:13:11: Error: Method not found: 'SecurityManagerImpl'.
    () => SecurityManagerImpl(
          ^^^^^^^^^^^^^^^^^^^
lib/features/offline/data/repositories/offline_aware_repository.dart:492:19: Error: The getter 'timestamp_' isn't defined for the type 'OfflineAwareRepository<Entity, Model, CreateModel, UpdateModel>'.
 - 'OfflineAwareRepository' is from 'package:soloadventurer/features/offline/data/repositories/offline_aware_repository.dart' ('lib/features/offline/data/repositories/offline_aware_repository.dart').
Try correcting the name to the name of an existing getter, or defining a getter or field named 'timestamp_'.
    return 'temp_$timestamp_$random';
                  ^^^^^^^^^^
lib/features/offline/data/repositories/offline_aware_repository.dart:540:60: Error: Too many positional arguments: 0 allowed, but 1 found.
Try removing the extra positional arguments.
    final result = await _syncQueueService.enqueueOperation(syncOperation);
                                                           ^
lib/features/offline/data/repositories/sync_queue_repository_impl.dart:36:52: Error: The argument type 'int' can't be assigned to the parameter type 'SyncQueueItem'.
 - 'SyncQueueItem' is from 'package:soloadventurer/features/offline/infrastructure/database/database.dart' ('lib/features/offline/infrastructure/database/database.dart').
      return model.SyncOperationModel.fromDatabase(item).toDomainEntity();
                                                   ^
lib/features/offline/infrastructure/sync/background_sync_service.dart:154:11: Error: No named parameter with the name 'requiresNotRoaming'.
          requiresNotRoaming: false, // Allow sync while roaming
          ^^^^^^^^^^^^^^^^^^
../.pub-cache/hosted/pub.dev/workmanager-0.5.2/lib/src/options.dart:96:3: Context: Found this candidate, but the arguments don't match.
  Constraints({
  ^^^^^^^^^^^
lib/features/offline/infrastructure/sync/background_sync_service.dart:164:9: Error: No named parameter with the name 'backoffDelay'.
        backoffDelay: const Duration(minutes: 15), // Initial backoff delay
        ^^^^^^^^^^^^
lib/features/offline/infrastructure/sync/background_sync_service.dart:229:27: Error: The method 'cancelTaskByTag' isn't defined for the type 'Workmanager'.
 - 'Workmanager' is from 'package:workmanager/src/workmanager.dart' ('../.pub-cache/hosted/pub.dev/workmanager-0.5.2/lib/src/workmanager.dart').
Try correcting the name to the name of an existing method, or defining a method named 'cancelTaskByTag'.
      await Workmanager().cancelTaskByTag(periodicSyncTaskName);
                          ^^^^^^^^^^^^^^^
lib/features/offline/infrastructure/sync/conflict_resolver_impl.dart:385:33: Error: The getter 'tripDao' isn't defined for the type 'AppDatabase'.
 - 'AppDatabase' is from 'package:soloadventurer/features/offline/infrastructure/database/database.dart' ('lib/features/offline/infrastructure/database/database.dart').
Try correcting the name to the name of an existing getter, or defining a getter or field named 'tripDao'.
      final tripDao = _database.tripDao;
                                ^^^^^^^
lib/features/offline/infrastructure/sync/conflict_resolver_impl.dart:411:33: Error: The getter 'tripDao' isn't defined for the type 'AppDatabase'.
 - 'AppDatabase' is from 'package:soloadventurer/features/offline/infrastructure/database/database.dart' ('lib/features/offline/infrastructure/database/database.dart').
Try correcting the name to the name of an existing getter, or defining a getter or field named 'tripDao'.
      final tripDao = _database.tripDao;
                                ^^^^^^^
lib/features/offline/infrastructure/sync/conflict_resolver_impl.dart:437:36: Error: The getter 'journalDao' isn't defined for the type 'AppDatabase'.
 - 'AppDatabase' is from 'package:soloadventurer/features/offline/infrastructure/database/database.dart' ('lib/features/offline/infrastructure/database/database.dart').
Try correcting the name to the name of an existing getter, or defining a getter or field named 'journalDao'.
      final journalDao = _database.journalDao;
                                   ^^^^^^^^^^
lib/features/offline/infrastructure/sync/conflict_resolver_impl.dart:460:36: Error: The getter 'journalDao' isn't defined for the type 'AppDatabase'.
 - 'AppDatabase' is from 'package:soloadventurer/features/offline/infrastructure/database/database.dart' ('lib/features/offline/infrastructure/database/database.dart').
Try correcting the name to the name of an existing getter, or defining a getter or field named 'journalDao'.
      final journalDao = _database.journalDao;
                                   ^^^^^^^^^^
lib/features/offline/infrastructure/sync/conflict_resolver_impl.dart:485:33: Error: The getter 'userDao' isn't defined for the type 'AppDatabase'.
 - 'AppDatabase' is from 'package:soloadventurer/features/offline/infrastructure/database/database.dart' ('lib/features/offline/infrastructure/database/database.dart').
Try correcting the name to the name of an existing getter, or defining a getter or field named 'userDao'.
      final userDao = _database.userDao;
                                ^^^^^^^
lib/features/offline/infrastructure/sync/conflict_resolver_impl.dart:508:33: Error: The getter 'userDao' isn't defined for the type 'AppDatabase'.
 - 'AppDatabase' is from 'package:soloadventurer/features/offline/infrastructure/database/database.dart' ('lib/features/offline/infrastructure/database/database.dart').
Try correcting the name to the name of an existing getter, or defining a getter or field named 'userDao'.
      final userDao = _database.userDao;
                                ^^^^^^^
lib/features/offline/infrastructure/sync/download_sync.dart:254:33: Error: The getter 'tripDao' isn't defined for the type 'AppDatabase'.
 - 'AppDatabase' is from 'package:soloadventurer/features/offline/infrastructure/database/database.dart' ('lib/features/offline/infrastructure/database/database.dart').
Try correcting the name to the name of an existing getter, or defining a getter or field named 'tripDao'.
      final tripDao = _database.tripDao;
                                ^^^^^^^
lib/features/offline/infrastructure/sync/download_sync.dart:372:33: Error: The getter 'tripDao' isn't defined for the type 'AppDatabase'.
 - 'AppDatabase' is from 'package:soloadventurer/features/offline/infrastructure/database/database.dart' ('lib/features/offline/infrastructure/database/database.dart').
Try correcting the name to the name of an existing getter, or defining a getter or field named 'tripDao'.
      final tripDao = _database.tripDao;
                                ^^^^^^^
lib/features/offline/infrastructure/sync/download_sync.dart:430:40: Error: The getter 'journalDao' isn't defined for the type 'AppDatabase'.
 - 'AppDatabase' is from 'package:soloadventurer/features/offline/infrastructure/database/database.dart' ('lib/features/offline/infrastructure/database/database.dart').
Try correcting the name to the name of an existing getter, or defining a getter or field named 'journalDao'.
          final journalDao = _database.journalDao;
                                       ^^^^^^^^^^
lib/features/offline/infrastructure/sync/download_sync.dart:568:33: Error: The getter 'userDao' isn't defined for the type 'AppDatabase'.
 - 'AppDatabase' is from 'package:soloadventurer/features/offline/infrastructure/database/database.dart' ('lib/features/offline/infrastructure/database/database.dart').
Try correcting the name to the name of an existing getter, or defining a getter or field named 'userDao'.
      final userDao = _database.userDao;
                                ^^^^^^^
lib/features/offline/infrastructure/sync/download_sync.dart:677:17: Error: No named parameter with the name 'userId'.
                userId: userId,
                ^^^^^^
lib/features/offline/infrastructure/database/database.g.dart:3735:3: Context: Found this candidate, but the arguments don't match.
  SyncMetadataTableCompanion.insert({
  ^^^^^^^^^^^^^^^^^^^^^^^^^^^^^^^^^
lib/features/offline/infrastructure/sync/download_sync.dart:669:40: Error: The getter 'userId' isn't defined for the type '$SyncMetadataTableTable'.
 - '$SyncMetadataTableTable' is from 'package:soloadventurer/features/offline/infrastructure/database/database.dart' ('lib/features/offline/infrastructure/database/database.dart').
Try correcting the name to the name of an existing getter, or defining a getter or field named 'userId'.
                  ..where((tbl) => tbl.userId.equals(userId)))
                                       ^^^^^^
lib/features/offline/infrastructure/sync/download_sync.dart:687:24: Error: The method 'SyncMetadataTable' isn't defined for the type 'DownloadSync'.
 - 'DownloadSync' is from 'package:soloadventurer/features/offline/infrastructure/sync/download_sync.dart' ('lib/features/offline/infrastructure/sync/download_sync.dart').
Try correcting the name to the name of an existing method, or defining a method named 'SyncMetadataTable'.
              .replace(SyncMetadataTable(
                       ^^^^^^^^^^^^^^^^^
lib/features/offline/infrastructure/sync/download_sync.dart:688:30: Error: The getter 'id' isn't defined for the type 'SyncMetadata'.
 - 'SyncMetadata' is from 'package:soloadventurer/features/offline/infrastructure/database/database.dart' ('lib/features/offline/infrastructure/database/database.dart').
Try correcting the name to the name of an existing getter, or defining a getter or field named 'id'.
                id: metadata.id,
                             ^^
lib/features/offline/infrastructure/sync/download_sync.dart:775:7: Error: No named parameter with the name 'firstName'.
      firstName: Value(serverUser['firstName'] as String?),
      ^^^^^^^^^
lib/features/offline/infrastructure/database/database.g.dart:2407:9: Context: Found this candidate, but the arguments don't match.
  const UsersCompanion({
        ^^^^^^^^^^^^^^
lib/features/offline/infrastructure/sync/incremental_sync.dart:262:38: Error: Required named parameter 'userId' must be provided.
        return syncIncrementalChanges(
                                     ^
lib/features/offline/infrastructure/sync/incremental_sync.dart:286:40: Error: The getter 'userId' isn't defined for the type '$SyncMetadataTableTable'.
 - '$SyncMetadataTableTable' is from 'package:soloadventurer/features/offline/infrastructure/database/database.dart' ('lib/features/offline/infrastructure/database/database.dart').
Try correcting the name to the name of an existing getter, or defining a getter or field named 'userId'.
                  ..where((tbl) => tbl.userId.equals(userId)))
                                       ^^^^^^
lib/features/offline/infrastructure/sync/incremental_sync.dart:290:32: Error: The getter 'lastIncrementalSyncAt' isn't defined for the type 'SyncMetadata'.
 - 'SyncMetadata' is from 'package:soloadventurer/features/offline/infrastructure/database/database.dart' ('lib/features/offline/infrastructure/database/database.dart').
Try correcting the name to the name of an existing getter, or defining a getter or field named 'lastIncrementalSyncAt'.
            metadataList.first.lastIncrementalSyncAt == null) {
                               ^^^^^^^^^^^^^^^^^^^^^
lib/features/offline/infrastructure/sync/incremental_sync.dart:309:34: Error: The getter 'userId' isn't defined for the type '$SyncMetadataTableTable'.
 - '$SyncMetadataTableTable' is from 'package:soloadventurer/features/offline/infrastructure/database/database.dart' ('lib/features/offline/infrastructure/database/database.dart').
Try correcting the name to the name of an existing getter, or defining a getter or field named 'userId'.
            ..where((tbl) => tbl.userId.equals(userId)))
                                 ^^^^^^
lib/features/offline/infrastructure/sync/incremental_sync.dart:316:33: Error: The getter 'lastIncrementalSyncAt' isn't defined for the type 'SyncMetadata'.
 - 'SyncMetadata' is from 'package:soloadventurer/features/offline/infrastructure/database/database.dart' ('lib/features/offline/infrastructure/database/database.dart').
Try correcting the name to the name of an existing getter, or defining a getter or field named 'lastIncrementalSyncAt'.
      return metadataList.first.lastIncrementalSyncAt;
                                ^^^^^^^^^^^^^^^^^^^^^
lib/features/offline/infrastructure/sync/incremental_sync.dart:389:33: Error: The getter 'tripDao' isn't defined for the type 'AppDatabase'.
 - 'AppDatabase' is from 'package:soloadventurer/features/offline/infrastructure/database/database.dart' ('lib/features/offline/infrastructure/database/database.dart').
Try correcting the name to the name of an existing getter, or defining a getter or field named 'tripDao'.
      final tripDao = _database.tripDao;
                                ^^^^^^^
lib/features/offline/infrastructure/sync/incremental_sync.dart:553:31: Error: The getter 'tripDao' isn't defined for the type 'AppDatabase'.
 - 'AppDatabase' is from 'package:soloadventurer/features/offline/infrastructure/database/database.dart' ('lib/features/offline/infrastructure/database/database.dart').
Try correcting the name to the name of an existing getter, or defining a getter or field named 'tripDao'.
    final tripDao = _database.tripDao;
                              ^^^^^^^
lib/features/offline/infrastructure/sync/incremental_sync.dart:605:34: Error: The getter 'journalDao' isn't defined for the type 'AppDatabase'.
 - 'AppDatabase' is from 'package:soloadventurer/features/offline/infrastructure/database/database.dart' ('lib/features/offline/infrastructure/database/database.dart').
Try correcting the name to the name of an existing getter, or defining a getter or field named 'journalDao'.
    final journalDao = _database.journalDao;
                                 ^^^^^^^^^^
lib/features/offline/infrastructure/sync/incremental_sync.dart:660:31: Error: The getter 'userDao' isn't defined for the type 'AppDatabase'.
 - 'AppDatabase' is from 'package:soloadventurer/features/offline/infrastructure/database/database.dart' ('lib/features/offline/infrastructure/database/database.dart').
Try correcting the name to the name of an existing getter, or defining a getter or field named 'userDao'.
    final userDao = _database.userDao;
                              ^^^^^^^
lib/features/offline/infrastructure/sync/incremental_sync.dart:727:17: Error: No named parameter with the name 'userId'.
                userId: userId,
                ^^^^^^
lib/features/offline/infrastructure/database/database.g.dart:3723:9: Context: Found this candidate, but the arguments don't match.
  const SyncMetadataTableCompanion({
        ^^^^^^^^^^^^^^^^^^^^^^^^^^
lib/features/offline/infrastructure/sync/incremental_sync.dart:719:40: Error: The getter 'userId' isn't defined for the type '$SyncMetadataTableTable'.
 - '$SyncMetadataTableTable' is from 'package:soloadventurer/features/offline/infrastructure/database/database.dart' ('lib/features/offline/infrastructure/database/database.dart').
Try correcting the name to the name of an existing getter, or defining a getter or field named 'userId'.
                  ..where((tbl) => tbl.userId.equals(userId)))
                                       ^^^^^^
lib/features/offline/infrastructure/sync/incremental_sync.dart:739:24: Error: The method 'SyncMetadataTable' isn't defined for the type 'IncrementalSync'.
 - 'IncrementalSync' is from 'package:soloadventurer/features/offline/infrastructure/sync/incremental_sync.dart' ('lib/features/offline/infrastructure/sync/incremental_sync.dart').
Try correcting the name to the name of an existing method, or defining a method named 'SyncMetadataTable'.
              .replace(SyncMetadataTable(
                       ^^^^^^^^^^^^^^^^^
lib/features/offline/infrastructure/sync/incremental_sync.dart:740:30: Error: The getter 'id' isn't defined for the type 'SyncMetadata'.
 - 'SyncMetadata' is from 'package:soloadventurer/features/offline/infrastructure/database/database.dart' ('lib/features/offline/infrastructure/database/database.dart').
Try correcting the name to the name of an existing getter, or defining a getter or field named 'id'.
                id: metadata.id,
                             ^^
lib/features/offline/infrastructure/sync/incremental_sync.dart:746:54: Error: The getter 'lastIncrementalSyncAt' isn't defined for the type 'SyncMetadata'.
 - 'SyncMetadata' is from 'package:soloadventurer/features/offline/infrastructure/database/database.dart' ('lib/features/offline/infrastructure/database/database.dart').
Try correcting the name to the name of an existing getter, or defining a getter or field named 'lastIncrementalSyncAt'.
                    usedIncremental ? now : metadata.lastIncrementalSyncAt,
                                                     ^^^^^^^^^^^^^^^^^^^^^
lib/features/offline/infrastructure/sync/incremental_sync.dart:891:7: Error: No named parameter with the name 'firstName'.
      firstName: Value(serverUser['firstName'] as String?),
      ^^^^^^^^^
lib/features/offline/infrastructure/database/database.g.dart:2407:9: Context: Found this candidate, but the arguments don't match.
  const UsersCompanion({
        ^^^^^^^^^^^^^^
lib/features/offline/infrastructure/sync/offline_interceptor.dart:348:21: Error: The method 'call' isn't defined for the type 'Future<T>'.
 - 'Future' is from 'dart:async'.
Try correcting the name to the name of an existing method, or defining a method named 'call'.
      await executor();
                    ^
lib/features/offline/infrastructure/sync/offline_interceptor.dart:352:26: Error: The method 'call' isn't defined for the type 'Future<void>'.
 - 'Future' is from 'dart:async'.
Try correcting the name to the name of an existing method, or defining a method named 'call'.
        await localUpdate();
                         ^
lib/features/offline/infrastructure/sync/offline_interceptor.dart:382:24: Error: The method 'call' isn't defined for the type 'Future<void>'.
 - 'Future' is from 'dart:async'.
Try correcting the name to the name of an existing method, or defining a method named 'call'.
      await localUpdate();
                       ^
lib/features/offline/infrastructure/sync/mutation_interceptor.dart:263:66: Error: The argument type 'ErrorInterceptorHandler' can't be assigned to the parameter type 'RequestInterceptorHandler'.
 - 'ErrorInterceptorHandler' is from 'package:dio/src/dio_mixin.dart' ('../.pub-cache/hosted/pub.dev/dio-5.8.0+1/lib/src/dio_mixin.dart').
 - 'RequestInterceptorHandler' is from 'package:dio/src/dio_mixin.dart' ('../.pub-cache/hosted/pub.dev/dio-5.8.0+1/lib/src/dio_mixin.dart').
      await _handleOfflineMutation(metadata, err.requestOptions, handler);
                                                                 ^
00:03 +84: /Users/anthonyforan/SoloAdventurer_app/test/app/bootstrap_retry_test.dart: Retry Configuration Exponential backoff calculation ServerException backoff doubles each retry                   00:03 +84 -1: loading /Users/anthonyforan/SoloAdventurer_app/test/integration/auth_flow_test.dart [E]                                                                                                  
  Failed to load "/Users/anthonyforan/SoloAdventurer_app/test/integration/auth_flow_test.dart":
  Compilation failed for testPath=/Users/anthonyforan/SoloAdventurer_app/test/integration/auth_flow_test.dart: test/integration/auth_flow_test.dart:49:23: Error: Method not found: 'SecurityManagerImpl'.
      securityManager = SecurityManagerImpl(storage: secureStorage);
                        ^^^^^^^^^^^^^^^^^^^
  test/integration/auth_flow_test.dart:57:50: Error: Too few positional arguments: 2 required, 1 given.
      authLocalDataSource = AuthLocalDataSourceImpl(securityManager);
                                                   ^
  lib/features/auth/data/datasources/auth_local_data_source.dart:71:3: Context: Found this candidate, but the arguments don't match.
    AuthLocalDataSourceImpl(this._securityManager, this._sharedPreferences);
    ^^^^^^^^^^^^^^^^^^^^^^^
  lib/features/auth/data/datasources/mock_auth_remote_data_source.dart:241:21: Error: The getter 'email' isn't defined for the type 'Credentials'.
   - 'Credentials' is from 'package:soloadventurer/features/auth/data/models/credentials.dart' ('lib/features/auth/data/models/credentials.dart').
  Try correcting the name to the name of an existing getter, or defining a getter or field named 'email'.
      if (credentials.email != 'test@example.com' || credentials.password != 'password123') {
                      ^^^^^
  lib/app/di/modules/core_module.dart:13:11: Error: Method not found: 'SecurityManagerImpl'.
      () => SecurityManagerImpl(
            ^^^^^^^^^^^^^^^^^^^
  lib/features/offline/data/repositories/offline_aware_repository.dart:492:19: Error: The getter 'timestamp_' isn't defined for the type 'OfflineAwareRepository<Entity, Model, CreateModel, UpdateModel>'.
   - 'OfflineAwareRepository' is from 'package:soloadventurer/features/offline/data/repositories/offline_aware_repository.dart' ('lib/features/offline/data/repositories/offline_aware_repository.dart').
  Try correcting the name to the name of an existing getter, or defining a getter or field named 'timestamp_'.
      return 'temp_$timestamp_$random';
                    ^^^^^^^^^^
  lib/features/offline/data/repositories/offline_aware_repository.dart:540:60: Error: Too many positional arguments: 0 allowed, but 1 found.
  Try removing the extra positional arguments.
      final result = await _syncQueueService.enqueueOperation(syncOperation);
                                                             ^
  lib/features/offline/data/repositories/sync_queue_repository_impl.dart:36:52: Error: The argument type 'int' can't be assigned to the parameter type 'SyncQueueItem'.
   - 'SyncQueueItem' is from 'package:soloadventurer/features/offline/infrastructure/database/database.dart' ('lib/features/offline/infrastructure/database/database.dart').
        return model.SyncOperationModel.fromDatabase(item).toDomainEntity();
                                                     ^
  lib/features/offline/infrastructure/sync/background_sync_service.dart:154:11: Error: No named parameter with the name 'requiresNotRoaming'.
            requiresNotRoaming: false, // Allow sync while roaming
            ^^^^^^^^^^^^^^^^^^
  ../.pub-cache/hosted/pub.dev/workmanager-0.5.2/lib/src/options.dart:96:3: Context: Found this candidate, but the arguments don't match.
    Constraints({
    ^^^^^^^^^^^
  lib/features/offline/infrastructure/sync/background_sync_service.dart:164:9: Error: No named parameter with the name 'backoffDelay'.
          backoffDelay: const Duration(minutes: 15), // Initial backoff delay
          ^^^^^^^^^^^^
  lib/features/offline/infrastructure/sync/background_sync_service.dart:229:27: Error: The method 'cancelTaskByTag' isn't defined for the type 'Workmanager'.
   - 'Workmanager' is from 'package:workmanager/src/workmanager.dart' ('../.pub-cache/hosted/pub.dev/workmanager-0.5.2/lib/src/workmanager.dart').
  Try correcting the name to the name of an existing method, or defining a method named 'cancelTaskByTag'.
        await Workmanager().cancelTaskByTag(periodicSyncTaskName);
                            ^^^^^^^^^^^^^^^
  lib/features/offline/infrastructure/sync/conflict_resolver_impl.dart:385:33: Error: The getter 'tripDao' isn't defined for the type 'AppDatabase'.
   - 'AppDatabase' is from 'package:soloadventurer/features/offline/infrastructure/database/database.dart' ('lib/features/offline/infrastructure/database/database.dart').
  Try correcting the name to the name of an existing getter, or defining a getter or field named 'tripDao'.
        final tripDao = _database.tripDao;
                                  ^^^^^^^
  lib/features/offline/infrastructure/sync/conflict_resolver_impl.dart:411:33: Error: The getter 'tripDao' isn't defined for the type 'AppDatabase'.
   - 'AppDatabase' is from 'package:soloadventurer/features/offline/infrastructure/database/database.dart' ('lib/features/offline/infrastructure/database/database.dart').
  Try correcting the name to the name of an existing getter, or defining a getter or field named 'tripDao'.
        final tripDao = _database.tripDao;
                                  ^^^^^^^
  lib/features/offline/infrastructure/sync/conflict_resolver_impl.dart:437:36: Error: The getter 'journalDao' isn't defined for the type 'AppDatabase'.
   - 'AppDatabase' is from 'package:soloadventurer/features/offline/infrastructure/database/database.dart' ('lib/features/offline/infrastructure/database/database.dart').
  Try correcting the name to the name of an existing getter, or defining a getter or field named 'journalDao'.
        final journalDao = _database.journalDao;
                                     ^^^^^^^^^^
  lib/features/offline/infrastructure/sync/conflict_resolver_impl.dart:460:36: Error: The getter 'journalDao' isn't defined for the type 'AppDatabase'.
   - 'AppDatabase' is from 'package:soloadventurer/features/offline/infrastructure/database/database.dart' ('lib/features/offline/infrastructure/database/database.dart').
  Try correcting the name to the name of an existing getter, or defining a getter or field named 'journalDao'.
        final journalDao = _database.journalDao;
                                     ^^^^^^^^^^
  lib/features/offline/infrastructure/sync/conflict_resolver_impl.dart:485:33: Error: The getter 'userDao' isn't defined for the type 'AppDatabase'.
   - 'AppDatabase' is from 'package:soloadventurer/features/offline/infrastructure/database/database.dart' ('lib/features/offline/infrastructure/database/database.dart').
  Try correcting the name to the name of an existing getter, or defining a getter or field named 'userDao'.
        final userDao = _database.userDao;
                                  ^^^^^^^
  lib/features/offline/infrastructure/sync/conflict_resolver_impl.dart:508:33: Error: The getter 'userDao' isn't defined for the type 'AppDatabase'.
   - 'AppDatabase' is from 'package:soloadventurer/features/offline/infrastructure/database/database.dart' ('lib/features/offline/infrastructure/database/database.dart').
  Try correcting the name to the name of an existing getter, or defining a getter or field named 'userDao'.
        final userDao = _database.userDao;
                                  ^^^^^^^
  lib/features/offline/infrastructure/sync/download_sync.dart:254:33: Error: The getter 'tripDao' isn't defined for the type 'AppDatabase'.
   - 'AppDatabase' is from 'package:soloadventurer/features/offline/infrastructure/database/database.dart' ('lib/features/offline/infrastructure/database/database.dart').
  Try correcting the name to the name of an existing getter, or defining a getter or field named 'tripDao'.
        final tripDao = _database.tripDao;
                                  ^^^^^^^
  lib/features/offline/infrastructure/sync/download_sync.dart:372:33: Error: The getter 'tripDao' isn't defined for the type 'AppDatabase'.
   - 'AppDatabase' is from 'package:soloadventurer/features/offline/infrastructure/database/database.dart' ('lib/features/offline/infrastructure/database/database.dart').
  Try correcting the name to the name of an existing getter, or defining a getter or field named 'tripDao'.
        final tripDao = _database.tripDao;
                                  ^^^^^^^
  lib/features/offline/infrastructure/sync/download_sync.dart:430:40: Error: The getter 'journalDao' isn't defined for the type 'AppDatabase'.
   - 'AppDatabase' is from 'package:soloadventurer/features/offline/infrastructure/database/database.dart' ('lib/features/offline/infrastructure/database/database.dart').
  Try correcting the name to the name of an existing getter, or defining a getter or field named 'journalDao'.
            final journalDao = _database.journalDao;
                                         ^^^^^^^^^^
  lib/features/offline/infrastructure/sync/download_sync.dart:568:33: Error: The getter 'userDao' isn't defined for the type 'AppDatabase'.
   - 'AppDatabase' is from 'package:soloadventurer/features/offline/infrastructure/database/database.dart' ('lib/features/offline/infrastructure/database/database.dart').
  Try correcting the name to the name of an existing getter, or defining a getter or field named 'userDao'.
        final userDao = _database.userDao;
                                  ^^^^^^^
  lib/features/offline/infrastructure/sync/download_sync.dart:677:17: Error: No named parameter with the name 'userId'.
                  userId: userId,
                  ^^^^^^
  lib/features/offline/infrastructure/database/database.g.dart:3735:3: Context: Found this candidate, but the arguments don't match.
    SyncMetadataTableCompanion.insert({
    ^^^^^^^^^^^^^^^^^^^^^^^^^^^^^^^^^
  lib/features/offline/infrastructure/sync/download_sync.dart:669:40: Error: The getter 'userId' isn't defined for the type '$SyncMetadataTableTable'.
   - '$SyncMetadataTableTable' is from 'package:soloadventurer/features/offline/infrastructure/database/database.dart' ('lib/features/offline/infrastructure/database/database.dart').
  Try correcting the name to the name of an existing getter, or defining a getter or field named 'userId'.
                    ..where((tbl) => tbl.userId.equals(userId)))
                                         ^^^^^^
  lib/features/offline/infrastructure/sync/download_sync.dart:687:24: Error: The method 'SyncMetadataTable' isn't defined for the type 'DownloadSync'.
   - 'DownloadSync' is from 'package:soloadventurer/features/offline/infrastructure/sync/download_sync.dart' ('lib/features/offline/infrastructure/sync/download_sync.dart').
  Try correcting the name to the name of an existing method, or defining a method named 'SyncMetadataTable'.
                .replace(SyncMetadataTable(
                         ^^^^^^^^^^^^^^^^^
  lib/features/offline/infrastructure/sync/download_sync.dart:688:30: Error: The getter 'id' isn't defined for the type 'SyncMetadata'.
   - 'SyncMetadata' is from 'package:soloadventurer/features/offline/infrastructure/database/database.dart' ('lib/features/offline/infrastructure/database/database.dart').
  Try correcting the name to the name of an existing getter, or defining a getter or field named 'id'.
                  id: metadata.id,
                               ^^
  lib/features/offline/infrastructure/sync/download_sync.dart:775:7: Error: No named parameter with the name 'firstName'.
        firstName: Value(serverUser['firstName'] as String?),
        ^^^^^^^^^
  lib/features/offline/infrastructure/database/database.g.dart:2407:9: Context: Found this candidate, but the arguments don't match.
    const UsersCompanion({
          ^^^^^^^^^^^^^^
  lib/features/offline/infrastructure/sync/incremental_sync.dart:262:38: Error: Required named parameter 'userId' must be provided.
          return syncIncrementalChanges(
                                       ^
  lib/features/offline/infrastructure/sync/incremental_sync.dart:286:40: Error: The getter 'userId' isn't defined for the type '$SyncMetadataTableTable'.
   - '$SyncMetadataTableTable' is from 'package:soloadventurer/features/offline/infrastructure/database/database.dart' ('lib/features/offline/infrastructure/database/database.dart').
  Try correcting the name to the name of an existing getter, or defining a getter or field named 'userId'.
                    ..where((tbl) => tbl.userId.equals(userId)))
                                         ^^^^^^
  lib/features/offline/infrastructure/sync/incremental_sync.dart:290:32: Error: The getter 'lastIncrementalSyncAt' isn't defined for the type 'SyncMetadata'.
   - 'SyncMetadata' is from 'package:soloadventurer/features/offline/infrastructure/database/database.dart' ('lib/features/offline/infrastructure/database/database.dart').
  Try correcting the name to the name of an existing getter, or defining a getter or field named 'lastIncrementalSyncAt'.
              metadataList.first.lastIncrementalSyncAt == null) {
                                 ^^^^^^^^^^^^^^^^^^^^^
  lib/features/offline/infrastructure/sync/incremental_sync.dart:309:34: Error: The getter 'userId' isn't defined for the type '$SyncMetadataTableTable'.
   - '$SyncMetadataTableTable' is from 'package:soloadventurer/features/offline/infrastructure/database/database.dart' ('lib/features/offline/infrastructure/database/database.dart').
  Try correcting the name to the name of an existing getter, or defining a getter or field named 'userId'.
              ..where((tbl) => tbl.userId.equals(userId)))
                                   ^^^^^^
  lib/features/offline/infrastructure/sync/incremental_sync.dart:316:33: Error: The getter 'lastIncrementalSyncAt' isn't defined for the type 'SyncMetadata'.
   - 'SyncMetadata' is from 'package:soloadventurer/features/offline/infrastructure/database/database.dart' ('lib/features/offline/infrastructure/database/database.dart').
  Try correcting the name to the name of an existing getter, or defining a getter or field named 'lastIncrementalSyncAt'.
        return metadataList.first.lastIncrementalSyncAt;
                                  ^^^^^^^^^^^^^^^^^^^^^
  lib/features/offline/infrastructure/sync/incremental_sync.dart:389:33: Error: The getter 'tripDao' isn't defined for the type 'AppDatabase'.
   - 'AppDatabase' is from 'package:soloadventurer/features/offline/infrastructure/database/database.dart' ('lib/features/offline/infrastructure/database/database.dart').
  Try correcting the name to the name of an existing getter, or defining a getter or field named 'tripDao'.
        final tripDao = _database.tripDao;
                                  ^^^^^^^
  lib/features/offline/infrastructure/sync/incremental_sync.dart:553:31: Error: The getter 'tripDao' isn't defined for the type 'AppDatabase'.
   - 'AppDatabase' is from 'package:soloadventurer/features/offline/infrastructure/database/database.dart' ('lib/features/offline/infrastructure/database/database.dart').
  Try correcting the name to the name of an existing getter, or defining a getter or field named 'tripDao'.
      final tripDao = _database.tripDao;
                                ^^^^^^^
  lib/features/offline/infrastructure/sync/incremental_sync.dart:605:34: Error: The getter 'journalDao' isn't defined for the type 'AppDatabase'.
   - 'AppDatabase' is from 'package:soloadventurer/features/offline/infrastructure/database/database.dart' ('lib/features/offline/infrastructure/database/database.dart').
  Try correcting the name to the name of an existing getter, or defining a getter or field named 'journalDao'.
      final journalDao = _database.journalDao;
                                   ^^^^^^^^^^
  lib/features/offline/infrastructure/sync/incremental_sync.dart:660:31: Error: The getter 'userDao' isn't defined for the type 'AppDatabase'.
   - 'AppDatabase' is from 'package:soloadventurer/features/offline/infrastructure/database/database.dart' ('lib/features/offline/infrastructure/database/database.dart').
  Try correcting the name to the name of an existing getter, or defining a getter or field named 'userDao'.
      final userDao = _database.userDao;
                                ^^^^^^^
  lib/features/offline/infrastructure/sync/incremental_sync.dart:727:17: Error: No named parameter with the name 'userId'.
                  userId: userId,
                  ^^^^^^
  lib/features/offline/infrastructure/database/database.g.dart:3723:9: Context: Found this candidate, but the arguments don't match.
    const SyncMetadataTableCompanion({
          ^^^^^^^^^^^^^^^^^^^^^^^^^^
  lib/features/offline/infrastructure/sync/incremental_sync.dart:719:40: Error: The getter 'userId' isn't defined for the type '$SyncMetadataTableTable'.
   - '$SyncMetadataTableTable' is from 'package:soloadventurer/features/offline/infrastructure/database/database.dart' ('lib/features/offline/infrastructure/database/database.dart').
  Try correcting the name to the name of an existing getter, or defining a getter or field named 'userId'.
                    ..where((tbl) => tbl.userId.equals(userId)))
                                         ^^^^^^
  lib/features/offline/infrastructure/sync/incremental_sync.dart:739:24: Error: The method 'SyncMetadataTable' isn't defined for the type 'IncrementalSync'.
   - 'IncrementalSync' is from 'package:soloadventurer/features/offline/infrastructure/sync/incremental_sync.dart' ('lib/features/offline/infrastructure/sync/incremental_sync.dart').
  Try correcting the name to the name of an existing method, or defining a method named 'SyncMetadataTable'.
                .replace(SyncMetadataTable(
                         ^^^^^^^^^^^^^^^^^
  lib/features/offline/infrastructure/sync/incremental_sync.dart:740:30: Error: The getter 'id' isn't defined for the type 'SyncMetadata'.
   - 'SyncMetadata' is from 'package:soloadventurer/features/offline/infrastructure/database/database.dart' ('lib/features/offline/infrastructure/database/database.dart').
  Try correcting the name to the name of an existing getter, or defining a getter or field named 'id'.
                  id: metadata.id,
                               ^^
  lib/features/offline/infrastructure/sync/incremental_sync.dart:746:54: Error: The getter 'lastIncrementalSyncAt' isn't defined for the type 'SyncMetadata'.
   - 'SyncMetadata' is from 'package:soloadventurer/features/offline/infrastructure/database/database.dart' ('lib/features/offline/infrastructure/database/database.dart').
  Try correcting the name to the name of an existing getter, or defining a getter or field named 'lastIncrementalSyncAt'.
                      usedIncremental ? now : metadata.lastIncrementalSyncAt,
                                                       ^^^^^^^^^^^^^^^^^^^^^
  lib/features/offline/infrastructure/sync/incremental_sync.dart:891:7: Error: No named parameter with the name 'firstName'.
        firstName: Value(serverUser['firstName'] as String?),
        ^^^^^^^^^
  lib/features/offline/infrastructure/database/database.g.dart:2407:9: Context: Found this candidate, but the arguments don't match.
    const UsersCompanion({
          ^^^^^^^^^^^^^^
  lib/features/offline/infrastructure/sync/offline_interceptor.dart:348:21: Error: The method 'call' isn't defined for the type 'Future<T>'.
   - 'Future' is from 'dart:async'.
  Try correcting the name to the name of an existing method, or defining a method named 'call'.
        await executor();
                      ^
  lib/features/offline/infrastructure/sync/offline_interceptor.dart:352:26: Error: The method 'call' isn't defined for the type 'Future<void>'.
   - 'Future' is from 'dart:async'.
  Try correcting the name to the name of an existing method, or defining a method named 'call'.
          await localUpdate();
                           ^
  lib/features/offline/infrastructure/sync/offline_interceptor.dart:382:24: Error: The method 'call' isn't defined for the type 'Future<void>'.
   - 'Future' is from 'dart:async'.
  Try correcting the name to the name of an existing method, or defining a method named 'call'.
        await localUpdate();
                         ^
  lib/features/offline/infrastructure/sync/mutation_interceptor.dart:263:66: Error: The argument type 'ErrorInterceptorHandler' can't be assigned to the parameter type 'RequestInterceptorHandler'.
   - 'ErrorInterceptorHandler' is from 'package:dio/src/dio_mixin.dart' ('../.pub-cache/hosted/pub.dev/dio-5.8.0+1/lib/src/dio_mixin.dart').
   - 'RequestInterceptorHandler' is from 'package:dio/src/dio_mixin.dart' ('../.pub-cache/hosted/pub.dev/dio-5.8.0+1/lib/src/dio_mixin.dart').
        await _handleOfflineMutation(metadata, err.requestOptions, handler);
                                                                   ^
  .

To run this test again: /opt/homebrew/Caskroom/flutter/3.32.5/flutter/bin/cache/dart-sdk/bin/dart test /Users/anthonyforan/SoloAdventurer_app/test/integration/auth_flow_test.dart -p vm --plain-name 'loading /Users/anthonyforan/SoloAdventurer_app/test/integration/auth_flow_test.dart'
test/providers/auth/auth_provider_test.dart:16:9: Error: Undefined name 'authServiceProvider'.
        authServiceProvider.overrideWithValue(mockAuthService),
        ^^^^^^^^^^^^^^^^^^^
test/providers/auth/auth_provider_test.dart:23:40: Error: Undefined name 'authProvider'.
      final authState = container.read(authProvider);
                                       ^^^^^^^^^^^^
test/providers/auth/auth_provider_test.dart:24:31: Error: Undefined name 'AuthState'.
      expect(authState.state, AuthState.initial);
                              ^^^^^^^^^
test/providers/auth/auth_provider_test.dart:32:28: Error: Undefined name 'authProvider'.
      await container.read(authProvider.notifier).signIn(
                           ^^^^^^^^^^^^
test/providers/auth/auth_provider_test.dart:38:40: Error: Undefined name 'authProvider'.
      final authState = container.read(authProvider);
                                       ^^^^^^^^^^^^
test/providers/auth/auth_provider_test.dart:39:31: Error: Undefined name 'AuthState'.
      expect(authState.state, AuthState.authenticated);
                              ^^^^^^^^^
test/providers/auth/auth_provider_test.dart:48:28: Error: Undefined name 'authProvider'.
      await container.read(authProvider.notifier).signIn(
                           ^^^^^^^^^^^^
test/providers/auth/auth_provider_test.dart:54:40: Error: Undefined name 'authProvider'.
      final authState = container.read(authProvider);
                                       ^^^^^^^^^^^^
test/providers/auth/auth_provider_test.dart:55:31: Error: Undefined name 'AuthState'.
      expect(authState.state, AuthState.error);
                              ^^^^^^^^^
test/providers/auth/auth_provider_test.dart:65:28: Error: Undefined name 'authProvider'.
      await container.read(authProvider.notifier).signIn(
                           ^^^^^^^^^^^^
test/providers/auth/auth_provider_test.dart:71:28: Error: Undefined name 'authProvider'.
      await container.read(authProvider.notifier).signOut();
                           ^^^^^^^^^^^^
test/providers/auth/auth_provider_test.dart:74:40: Error: Undefined name 'authProvider'.
      final authState = container.read(authProvider);
                                       ^^^^^^^^^^^^
test/providers/auth/auth_provider_test.dart:75:31: Error: Undefined name 'AuthState'.
      expect(authState.state, AuthState.unauthenticated);
                              ^^^^^^^^^
test/mocks/repositories/auth_repository_mock.dart:40:16: Error: The method 'signUp' isn't defined for the type 'MockAuthService'.
 - 'MockAuthService' is from 'test/mocks/repositories/auth_repository_mock.dart'.
Try correcting the name to the name of an existing method, or defining a method named 'signUp'.
    when(() => signUp(
               ^^^^^^
test/mocks/repositories/auth_repository_mock.dart:52:16: Error: The method 'signUp' isn't defined for the type 'MockAuthService'.
 - 'MockAuthService' is from 'test/mocks/repositories/auth_repository_mock.dart'.
Try correcting the name to the name of an existing method, or defining a method named 'signUp'.
    when(() => signUp(
               ^^^^^^
test/mocks/repositories/auth_repository_mock.dart:67:14: Error: A value of type 'bool' can't be returned from an async function with return type 'Future<void>'.
 - 'Future' is from 'dart:async'.
      return true;
             ^
test/mocks/repositories/auth_repository_mock.dart:83:16: Error: The method 'forgotPassword' isn't defined for the type 'MockAuthService'.
 - 'MockAuthService' is from 'test/mocks/repositories/auth_repository_mock.dart'.
Try correcting the name to the name of an existing method, or defining a method named 'forgotPassword'.
    when(() => forgotPassword(username: any(named: 'username')))
               ^^^^^^^^^^^^^^
test/mocks/repositories/auth_repository_mock.dart:85:16: Error: The method 'confirmForgotPassword' isn't defined for the type 'MockAuthService'.
 - 'MockAuthService' is from 'test/mocks/repositories/auth_repository_mock.dart'.
Try correcting the name to the name of an existing method, or defining a method named 'confirmForgotPassword'.
    when(() => confirmForgotPassword(
               ^^^^^^^^^^^^^^^^^^^^^
test/mocks/repositories/auth_repository_mock.dart:93:16: Error: The method 'forgotPassword' isn't defined for the type 'MockAuthService'.
 - 'MockAuthService' is from 'test/mocks/repositories/auth_repository_mock.dart'.
Try correcting the name to the name of an existing method, or defining a method named 'forgotPassword'.
    when(() => forgotPassword(username: any(named: 'username')))
               ^^^^^^^^^^^^^^
test/mocks/repositories/auth_repository_mock.dart:99:16: Error: The method 'confirmSignUp' isn't defined for the type 'MockAuthService'.
 - 'MockAuthService' is from 'test/mocks/repositories/auth_repository_mock.dart'.
Try correcting the name to the name of an existing method, or defining a method named 'confirmSignUp'.
    when(() => confirmSignUp(
               ^^^^^^^^^^^^^
test/mocks/repositories/auth_repository_mock.dart:107:16: Error: The method 'confirmSignUp' isn't defined for the type 'MockAuthService'.
 - 'MockAuthService' is from 'test/mocks/repositories/auth_repository_mock.dart'.
Try correcting the name to the name of an existing method, or defining a method named 'confirmSignUp'.
    when(() => confirmSignUp(
               ^^^^^^^^^^^^^
00:04 +84 -2: loading /Users/anthonyforan/SoloAdventurer_app/test/providers/auth/auth_provider_test.dart [E]                                                                                           
  Failed to load "/Users/anthonyforan/SoloAdventurer_app/test/providers/auth/auth_provider_test.dart":
  Compilation failed for testPath=/Users/anthonyforan/SoloAdventurer_app/test/providers/auth/auth_provider_test.dart: test/providers/auth/auth_provider_test.dart:16:9: Error: Undefined name 'authServiceProvider'.
          authServiceProvider.overrideWithValue(mockAuthService),
          ^^^^^^^^^^^^^^^^^^^
  test/providers/auth/auth_provider_test.dart:23:40: Error: Undefined name 'authProvider'.
        final authState = container.read(authProvider);
                                         ^^^^^^^^^^^^
  test/providers/auth/auth_provider_test.dart:24:31: Error: Undefined name 'AuthState'.
        expect(authState.state, AuthState.initial);
                                ^^^^^^^^^
  test/providers/auth/auth_provider_test.dart:32:28: Error: Undefined name 'authProvider'.
        await container.read(authProvider.notifier).signIn(
                             ^^^^^^^^^^^^
  test/providers/auth/auth_provider_test.dart:38:40: Error: Undefined name 'authProvider'.
        final authState = container.read(authProvider);
                                         ^^^^^^^^^^^^
  test/providers/auth/auth_provider_test.dart:39:31: Error: Undefined name 'AuthState'.
        expect(authState.state, AuthState.authenticated);
                                ^^^^^^^^^
  test/providers/auth/auth_provider_test.dart:48:28: Error: Undefined name 'authProvider'.
        await container.read(authProvider.notifier).signIn(
                             ^^^^^^^^^^^^
  test/providers/auth/auth_provider_test.dart:54:40: Error: Undefined name 'authProvider'.
        final authState = container.read(authProvider);
                                         ^^^^^^^^^^^^
  test/providers/auth/auth_provider_test.dart:55:31: Error: Undefined name 'AuthState'.
        expect(authState.state, AuthState.error);
                                ^^^^^^^^^
  test/providers/auth/auth_provider_test.dart:65:28: Error: Undefined name 'authProvider'.
        await container.read(authProvider.notifier).signIn(
                             ^^^^^^^^^^^^
  test/providers/auth/auth_provider_test.dart:71:28: Error: Undefined name 'authProvider'.
        await container.read(authProvider.notifier).signOut();
                             ^^^^^^^^^^^^
  test/providers/auth/auth_provider_test.dart:74:40: Error: Undefined name 'authProvider'.
        final authState = container.read(authProvider);
                                         ^^^^^^^^^^^^
  test/providers/auth/auth_provider_test.dart:75:31: Error: Undefined name 'AuthState'.
        expect(authState.state, AuthState.unauthenticated);
                                ^^^^^^^^^
  test/mocks/repositories/auth_repository_mock.dart:40:16: Error: The method 'signUp' isn't defined for the type 'MockAuthService'.
   - 'MockAuthService' is from 'test/mocks/repositories/auth_repository_mock.dart'.
  Try correcting the name to the name of an existing method, or defining a method named 'signUp'.
      when(() => signUp(
                 ^^^^^^
  test/mocks/repositories/auth_repository_mock.dart:52:16: Error: The method 'signUp' isn't defined for the type 'MockAuthService'.
   - 'MockAuthService' is from 'test/mocks/repositories/auth_repository_mock.dart'.
  Try correcting the name to the name of an existing method, or defining a method named 'signUp'.
      when(() => signUp(
                 ^^^^^^
  test/mocks/repositories/auth_repository_mock.dart:67:14: Error: A value of type 'bool' can't be returned from an async function with return type 'Future<void>'.
   - 'Future' is from 'dart:async'.
        return true;
               ^
  test/mocks/repositories/auth_repository_mock.dart:83:16: Error: The method 'forgotPassword' isn't defined for the type 'MockAuthService'.
   - 'MockAuthService' is from 'test/mocks/repositories/auth_repository_mock.dart'.
  Try correcting the name to the name of an existing method, or defining a method named 'forgotPassword'.
      when(() => forgotPassword(username: any(named: 'username')))
                 ^^^^^^^^^^^^^^
  test/mocks/repositories/auth_repository_mock.dart:85:16: Error: The method 'confirmForgotPassword' isn't defined for the type 'MockAuthService'.
   - 'MockAuthService' is from 'test/mocks/repositories/auth_repository_mock.dart'.
  Try correcting the name to the name of an existing method, or defining a method named 'confirmForgotPassword'.
      when(() => confirmForgotPassword(
                 ^^^^^^^^^^^^^^^^^^^^^
  test/mocks/repositories/auth_repository_mock.dart:93:16: Error: The method 'forgotPassword' isn't defined for the type 'MockAuthService'.
   - 'MockAuthService' is from 'test/mocks/repositories/auth_repository_mock.dart'.
  Try correcting the name to the name of an existing method, or defining a method named 'forgotPassword'.
      when(() => forgotPassword(username: any(named: 'username')))
                 ^^^^^^^^^^^^^^
  test/mocks/repositories/auth_repository_mock.dart:99:16: Error: The method 'confirmSignUp' isn't defined for the type 'MockAuthService'.
   - 'MockAuthService' is from 'test/mocks/repositories/auth_repository_mock.dart'.
  Try correcting the name to the name of an existing method, or defining a method named 'confirmSignUp'.
      when(() => confirmSignUp(
                 ^^^^^^^^^^^^^
  test/mocks/repositories/auth_repository_mock.dart:107:16: Error: The method 'confirmSignUp' isn't defined for the type 'MockAuthService'.
   - 'MockAuthService' is from 'test/mocks/repositories/auth_repository_mock.dart'.
  Try correcting the name to the name of an existing method, or defining a method named 'confirmSignUp'.
      when(() => confirmSignUp(
                 ^^^^^^^^^^^^^
  .

To run this test again: /opt/homebrew/Caskroom/flutter/3.32.5/flutter/bin/cache/dart-sdk/bin/dart test /Users/anthonyforan/SoloAdventurer_app/test/providers/auth/auth_provider_test.dart -p vm --plain-name 'loading /Users/anthonyforan/SoloAdventurer_app/test/providers/auth/auth_provider_test.dart'
test/providers/integration/auth_user_integration_test.dart:33:9: Error: Undefined name 'authServiceProvider'.
        authServiceProvider.overrideWithValue(mockAuthService),
        ^^^^^^^^^^^^^^^^^^^
test/providers/integration/auth_user_integration_test.dart:50:28: Error: Undefined name 'authProvider'.
      await container.read(authProvider.notifier).signIn(
                           ^^^^^^^^^^^^
test/providers/integration/auth_user_integration_test.dart:56:40: Error: Undefined name 'authProvider'.
      final authState = container.read(authProvider);
                                       ^^^^^^^^^^^^
test/providers/integration/auth_user_integration_test.dart:57:31: Error: Undefined name 'AuthState'.
      expect(authState.state, AuthState.authenticated);
                              ^^^^^^^^^
test/providers/integration/auth_user_integration_test.dart:63:11: Error: Undefined name 'authServiceProvider'.
          authServiceProvider.overrideWithValue(mockAuthService),
          ^^^^^^^^^^^^^^^^^^^
test/providers/integration/auth_user_integration_test.dart:96:28: Error: Undefined name 'authProvider'.
      await container.read(authProvider.notifier).signIn(
                           ^^^^^^^^^^^^
test/providers/integration/auth_user_integration_test.dart:104:11: Error: Undefined name 'authServiceProvider'.
          authServiceProvider.overrideWithValue(mockAuthService),
          ^^^^^^^^^^^^^^^^^^^
test/providers/integration/auth_user_integration_test.dart:123:28: Error: Undefined name 'authProvider'.
      await container.read(authProvider.notifier).signOut();
                           ^^^^^^^^^^^^
test/providers/integration/auth_user_integration_test.dart:126:40: Error: Undefined name 'authProvider'.
      final authState = container.read(authProvider);
                                       ^^^^^^^^^^^^
test/providers/integration/auth_user_integration_test.dart:127:31: Error: Undefined name 'AuthState'.
      expect(authState.state, AuthState.unauthenticated);
                              ^^^^^^^^^
test/providers/integration/auth_user_integration_test.dart:132:11: Error: Undefined name 'authServiceProvider'.
          authServiceProvider.overrideWithValue(mockAuthService),
          ^^^^^^^^^^^^^^^^^^^
test/providers/integration/auth_user_integration_test.dart:160:28: Error: Undefined name 'authProvider'.
      await container.read(authProvider.notifier).signIn(
                           ^^^^^^^^^^^^
test/providers/integration/auth_user_integration_test.dart:166:40: Error: Undefined name 'authProvider'.
      final authState = container.read(authProvider);
                                       ^^^^^^^^^^^^
test/providers/integration/auth_user_integration_test.dart:167:31: Error: Undefined name 'AuthState'.
      expect(authState.state, AuthState.error);
                              ^^^^^^^^^
test/providers/integration/auth_user_integration_test.dart:172:11: Error: Undefined name 'authServiceProvider'.
          authServiceProvider.overrideWithValue(mockAuthService),
          ^^^^^^^^^^^^^^^^^^^
test/providers/integration/auth_user_integration_test.dart:47:36: Error: A value of type 'User/*1*/' can't be returned from an async function with return type 'Future<User/*2*/>'.
 - 'User/*1*/' is from 'package:soloadventurer/features/auth/domain/entities/user.dart' ('lib/features/auth/domain/entities/user.dart').
 - 'Future' is from 'dart:async'.
 - 'User/*2*/' is from 'package:soloadventurer/features/auth/domain/models/user.dart' ('lib/features/auth/domain/models/user.dart').
          .thenAnswer((_) async => testUser);
                                   ^
test/providers/integration/auth_user_integration_test.dart:93:36: Error: A value of type 'User/*1*/' can't be returned from an async function with return type 'Future<User/*2*/>'.
 - 'User/*1*/' is from 'package:soloadventurer/features/auth/domain/entities/user.dart' ('lib/features/auth/domain/entities/user.dart').
 - 'Future' is from 'dart:async'.
 - 'User/*2*/' is from 'package:soloadventurer/features/auth/domain/models/user.dart' ('lib/features/auth/domain/models/user.dart').
          .thenAnswer((_) async => testUser);
                                   ^
test/providers/integration/auth_user_integration_test.dart:157:36: Error: A value of type 'User/*1*/' can't be returned from an async function with return type 'Future<User/*2*/>'.
 - 'User/*1*/' is from 'package:soloadventurer/features/auth/domain/entities/user.dart' ('lib/features/auth/domain/entities/user.dart').
 - 'Future' is from 'dart:async'.
 - 'User/*2*/' is from 'package:soloadventurer/features/auth/domain/models/user.dart' ('lib/features/auth/domain/models/user.dart').
          .thenAnswer((_) async => testUser);
                                   ^
test/mocks/repositories/auth_repository_mock.dart:40:16: Error: The method 'signUp' isn't defined for the type 'MockAuthService'.
 - 'MockAuthService' is from 'test/mocks/repositories/auth_repository_mock.dart'.
Try correcting the name to the name of an existing method, or defining a method named 'signUp'.
    when(() => signUp(
               ^^^^^^
test/mocks/repositories/auth_repository_mock.dart:52:16: Error: The method 'signUp' isn't defined for the type 'MockAuthService'.
 - 'MockAuthService' is from 'test/mocks/repositories/auth_repository_mock.dart'.
Try correcting the name to the name of an existing method, or defining a method named 'signUp'.
    when(() => signUp(
               ^^^^^^
test/mocks/repositories/auth_repository_mock.dart:67:14: Error: A value of type 'bool' can't be returned from an async function with return type 'Future<void>'.
 - 'Future' is from 'dart:async'.
      return true;
             ^
test/mocks/repositories/auth_repository_mock.dart:83:16: Error: The method 'forgotPassword' isn't defined for the type 'MockAuthService'.
 - 'MockAuthService' is from 'test/mocks/repositories/auth_repository_mock.dart'.
Try correcting the name to the name of an existing method, or defining a method named 'forgotPassword'.
    when(() => forgotPassword(username: any(named: 'username')))
               ^^^^^^^^^^^^^^
test/mocks/repositories/auth_repository_mock.dart:85:16: Error: The method 'confirmForgotPassword' isn't defined for the type 'MockAuthService'.
 - 'MockAuthService' is from 'test/mocks/repositories/auth_repository_mock.dart'.
Try correcting the name to the name of an existing method, or defining a method named 'confirmForgotPassword'.
    when(() => confirmForgotPassword(
               ^^^^^^^^^^^^^^^^^^^^^
test/mocks/repositories/auth_repository_mock.dart:93:16: Error: The method 'forgotPassword' isn't defined for the type 'MockAuthService'.
 - 'MockAuthService' is from 'test/mocks/repositories/auth_repository_mock.dart'.
Try correcting the name to the name of an existing method, or defining a method named 'forgotPassword'.
    when(() => forgotPassword(username: any(named: 'username')))
               ^^^^^^^^^^^^^^
test/mocks/repositories/auth_repository_mock.dart:99:16: Error: The method 'confirmSignUp' isn't defined for the type 'MockAuthService'.
 - 'MockAuthService' is from 'test/mocks/repositories/auth_repository_mock.dart'.
Try correcting the name to the name of an existing method, or defining a method named 'confirmSignUp'.
    when(() => confirmSignUp(
               ^^^^^^^^^^^^^
test/mocks/repositories/auth_repository_mock.dart:107:16: Error: The method 'confirmSignUp' isn't defined for the type 'MockAuthService'.
 - 'MockAuthService' is from 'test/mocks/repositories/auth_repository_mock.dart'.
Try correcting the name to the name of an existing method, or defining a method named 'confirmSignUp'.
    when(() => confirmSignUp(
               ^^^^^^^^^^^^^
00:05 +84 -3: loading /Users/anthonyforan/SoloAdventurer_app/test/providers/integration/auth_user_integration_test.dart [E]                                                                            
  Failed to load "/Users/anthonyforan/SoloAdventurer_app/test/providers/integration/auth_user_integration_test.dart":
  Compilation failed for testPath=/Users/anthonyforan/SoloAdventurer_app/test/providers/integration/auth_user_integration_test.dart: test/providers/integration/auth_user_integration_test.dart:33:9: Error: Undefined name 'authServiceProvider'.
          authServiceProvider.overrideWithValue(mockAuthService),
          ^^^^^^^^^^^^^^^^^^^
  test/providers/integration/auth_user_integration_test.dart:50:28: Error: Undefined name 'authProvider'.
        await container.read(authProvider.notifier).signIn(
                             ^^^^^^^^^^^^
  test/providers/integration/auth_user_integration_test.dart:56:40: Error: Undefined name 'authProvider'.
        final authState = container.read(authProvider);
                                         ^^^^^^^^^^^^
  test/providers/integration/auth_user_integration_test.dart:57:31: Error: Undefined name 'AuthState'.
        expect(authState.state, AuthState.authenticated);
                                ^^^^^^^^^
  test/providers/integration/auth_user_integration_test.dart:63:11: Error: Undefined name 'authServiceProvider'.
            authServiceProvider.overrideWithValue(mockAuthService),
            ^^^^^^^^^^^^^^^^^^^
  test/providers/integration/auth_user_integration_test.dart:96:28: Error: Undefined name 'authProvider'.
        await container.read(authProvider.notifier).signIn(
                             ^^^^^^^^^^^^
  test/providers/integration/auth_user_integration_test.dart:104:11: Error: Undefined name 'authServiceProvider'.
            authServiceProvider.overrideWithValue(mockAuthService),
            ^^^^^^^^^^^^^^^^^^^
  test/providers/integration/auth_user_integration_test.dart:123:28: Error: Undefined name 'authProvider'.
        await container.read(authProvider.notifier).signOut();
                             ^^^^^^^^^^^^
  test/providers/integration/auth_user_integration_test.dart:126:40: Error: Undefined name 'authProvider'.
        final authState = container.read(authProvider);
                                         ^^^^^^^^^^^^
  test/providers/integration/auth_user_integration_test.dart:127:31: Error: Undefined name 'AuthState'.
        expect(authState.state, AuthState.unauthenticated);
                                ^^^^^^^^^
  test/providers/integration/auth_user_integration_test.dart:132:11: Error: Undefined name 'authServiceProvider'.
            authServiceProvider.overrideWithValue(mockAuthService),
            ^^^^^^^^^^^^^^^^^^^
  test/providers/integration/auth_user_integration_test.dart:160:28: Error: Undefined name 'authProvider'.
        await container.read(authProvider.notifier).signIn(
                             ^^^^^^^^^^^^
  test/providers/integration/auth_user_integration_test.dart:166:40: Error: Undefined name 'authProvider'.
        final authState = container.read(authProvider);
                                         ^^^^^^^^^^^^
  test/providers/integration/auth_user_integration_test.dart:167:31: Error: Undefined name 'AuthState'.
        expect(authState.state, AuthState.error);
                                ^^^^^^^^^
  test/providers/integration/auth_user_integration_test.dart:172:11: Error: Undefined name 'authServiceProvider'.
            authServiceProvider.overrideWithValue(mockAuthService),
            ^^^^^^^^^^^^^^^^^^^
  test/providers/integration/auth_user_integration_test.dart:47:36: Error: A value of type 'User/*1*/' can't be returned from an async function with return type 'Future<User/*2*/>'.
   - 'User/*1*/' is from 'package:soloadventurer/features/auth/domain/entities/user.dart' ('lib/features/auth/domain/entities/user.dart').
   - 'Future' is from 'dart:async'.
   - 'User/*2*/' is from 'package:soloadventurer/features/auth/domain/models/user.dart' ('lib/features/auth/domain/models/user.dart').
            .thenAnswer((_) async => testUser);
                                     ^
  test/providers/integration/auth_user_integration_test.dart:93:36: Error: A value of type 'User/*1*/' can't be returned from an async function with return type 'Future<User/*2*/>'.
   - 'User/*1*/' is from 'package:soloadventurer/features/auth/domain/entities/user.dart' ('lib/features/auth/domain/entities/user.dart').
   - 'Future' is from 'dart:async'.
   - 'User/*2*/' is from 'package:soloadventurer/features/auth/domain/models/user.dart' ('lib/features/auth/domain/models/user.dart').
            .thenAnswer((_) async => testUser);
                                     ^
  test/providers/integration/auth_user_integration_test.dart:157:36: Error: A value of type 'User/*1*/' can't be returned from an async function with return type 'Future<User/*2*/>'.
   - 'User/*1*/' is from 'package:soloadventurer/features/auth/domain/entities/user.dart' ('lib/features/auth/domain/entities/user.dart').
   - 'Future' is from 'dart:async'.
   - 'User/*2*/' is from 'package:soloadventurer/features/auth/domain/models/user.dart' ('lib/features/auth/domain/models/user.dart').
            .thenAnswer((_) async => testUser);
                                     ^
  test/mocks/repositories/auth_repository_mock.dart:40:16: Error: The method 'signUp' isn't defined for the type 'MockAuthService'.
   - 'MockAuthService' is from 'test/mocks/repositories/auth_repository_mock.dart'.
  Try correcting the name to the name of an existing method, or defining a method named 'signUp'.
      when(() => signUp(
                 ^^^^^^
  test/mocks/repositories/auth_repository_mock.dart:52:16: Error: The method 'signUp' isn't defined for the type 'MockAuthService'.
   - 'MockAuthService' is from 'test/mocks/repositories/auth_repository_mock.dart'.
  Try correcting the name to the name of an existing method, or defining a method named 'signUp'.
      when(() => signUp(
                 ^^^^^^
  test/mocks/repositories/auth_repository_mock.dart:67:14: Error: A value of type 'bool' can't be returned from an async function with return type 'Future<void>'.
   - 'Future' is from 'dart:async'.
        return true;
               ^
  test/mocks/repositories/auth_repository_mock.dart:83:16: Error: The method 'forgotPassword' isn't defined for the type 'MockAuthService'.
   - 'MockAuthService' is from 'test/mocks/repositories/auth_repository_mock.dart'.
  Try correcting the name to the name of an existing method, or defining a method named 'forgotPassword'.
      when(() => forgotPassword(username: any(named: 'username')))
                 ^^^^^^^^^^^^^^
  test/mocks/repositories/auth_repository_mock.dart:85:16: Error: The method 'confirmForgotPassword' isn't defined for the type 'MockAuthService'.
   - 'MockAuthService' is from 'test/mocks/repositories/auth_repository_mock.dart'.
  Try correcting the name to the name of an existing method, or defining a method named 'confirmForgotPassword'.
      when(() => confirmForgotPassword(
                 ^^^^^^^^^^^^^^^^^^^^^
  test/mocks/repositories/auth_repository_mock.dart:93:16: Error: The method 'forgotPassword' isn't defined for the type 'MockAuthService'.
   - 'MockAuthService' is from 'test/mocks/repositories/auth_repository_mock.dart'.
  Try correcting the name to the name of an existing method, or defining a method named 'forgotPassword'.
      when(() => forgotPassword(username: any(named: 'username')))
                 ^^^^^^^^^^^^^^
  test/mocks/repositories/auth_repository_mock.dart:99:16: Error: The method 'confirmSignUp' isn't defined for the type 'MockAuthService'.
   - 'MockAuthService' is from 'test/mocks/repositories/auth_repository_mock.dart'.
  Try correcting the name to the name of an existing method, or defining a method named 'confirmSignUp'.
      when(() => confirmSignUp(
                 ^^^^^^^^^^^^^
  test/mocks/repositories/auth_repository_mock.dart:107:16: Error: The method 'confirmSignUp' isn't defined for the type 'MockAuthService'.
   - 'MockAuthService' is from 'test/mocks/repositories/auth_repository_mock.dart'.
  Try correcting the name to the name of an existing method, or defining a method named 'confirmSignUp'.
      when(() => confirmSignUp(
                 ^^^^^^^^^^^^^
  .

To run this test again: /opt/homebrew/Caskroom/flutter/3.32.5/flutter/bin/cache/dart-sdk/bin/dart test /Users/anthonyforan/SoloAdventurer_app/test/providers/integration/auth_user_integration_test.dart -p vm --plain-name 'loading /Users/anthonyforan/SoloAdventurer_app/test/providers/integration/auth_user_integration_test.dart'
test/providers/user/user_profile_provider_test.dart:36:46: Error: The argument type 'MockApiService' can't be assigned to the parameter type 'ApiService'.
 - 'MockApiService' is from 'test/providers/user/user_profile_provider_test.dart'.
 - 'ApiService' is from 'package:soloadventurer/features/core/infrastructure/api/api_service.dart' ('lib/features/core/infrastructure/api/api_service.dart').
        apiServiceProvider.overrideWithValue(mockApiService),
                                             ^
test/providers/user/user_profile_provider_test.dart:47:36: Error: A value of type 'User/*1*/' can't be returned from an async function with return type 'Future<User/*2*/>'.
 - 'User/*1*/' is from 'package:soloadventurer/features/auth/domain/entities/user.dart' ('lib/features/auth/domain/entities/user.dart').
 - 'Future' is from 'dart:async'.
 - 'User/*2*/' is from 'package:soloadventurer/features/auth/domain/models/user.dart' ('lib/features/auth/domain/models/user.dart').
          .thenAnswer((_) async => testUser);
                                   ^
test/providers/user/user_profile_provider_test.dart:56:36: Error: A value of type 'User/*1*/' can't be returned from an async function with return type 'Future<User/*2*/>'.
 - 'User/*1*/' is from 'package:soloadventurer/features/auth/domain/entities/user.dart' ('lib/features/auth/domain/entities/user.dart').
 - 'Future' is from 'dart:async'.
 - 'User/*2*/' is from 'package:soloadventurer/features/auth/domain/models/user.dart' ('lib/features/auth/domain/models/user.dart').
          .thenAnswer((_) async => testUser);
                                   ^
test/providers/user/user_profile_provider_test.dart:87:36: Error: A value of type 'User/*1*/' can't be returned from an async function with return type 'Future<User/*2*/>'.
 - 'User/*1*/' is from 'package:soloadventurer/features/auth/domain/entities/user.dart' ('lib/features/auth/domain/entities/user.dart').
 - 'Future' is from 'dart:async'.
 - 'User/*2*/' is from 'package:soloadventurer/features/auth/domain/models/user.dart' ('lib/features/auth/domain/models/user.dart').
          .thenAnswer((_) async => testUser);
                                   ^
test/providers/user/user_profile_provider_test.dart:96:36: Error: A value of type 'User/*1*/' can't be returned from an async function with return type 'Future<User/*2*/>'.
 - 'User/*1*/' is from 'package:soloadventurer/features/auth/domain/entities/user.dart' ('lib/features/auth/domain/entities/user.dart').
 - 'Future' is from 'dart:async'.
 - 'User/*2*/' is from 'package:soloadventurer/features/auth/domain/models/user.dart' ('lib/features/auth/domain/models/user.dart').
          .thenAnswer((_) async => testUser);
                                   ^
test/providers/user/user_profile_provider_test.dart:111:48: Error: The argument type 'MockApiService' can't be assigned to the parameter type 'ApiService'.
 - 'MockApiService' is from 'test/providers/user/user_profile_provider_test.dart'.
 - 'ApiService' is from 'package:soloadventurer/features/core/infrastructure/api/api_service.dart' ('lib/features/core/infrastructure/api/api_service.dart').
          apiServiceProvider.overrideWithValue(mockApiService),
                                               ^
test/providers/user/user_profile_provider_test.dart:133:36: Error: A value of type 'User/*1*/' can't be returned from an async function with return type 'Future<User/*2*/>'.
 - 'User/*1*/' is from 'package:soloadventurer/features/auth/domain/entities/user.dart' ('lib/features/auth/domain/entities/user.dart').
 - 'Future' is from 'dart:async'.
 - 'User/*2*/' is from 'package:soloadventurer/features/auth/domain/models/user.dart' ('lib/features/auth/domain/models/user.dart').
          .thenAnswer((_) async => testUser);
                                   ^
test/providers/user/user_profile_provider_test.dart:154:36: Error: A value of type 'User/*1*/' can't be returned from an async function with return type 'Future<User/*2*/>'.
 - 'User/*1*/' is from 'package:soloadventurer/features/auth/domain/entities/user.dart' ('lib/features/auth/domain/entities/user.dart').
 - 'Future' is from 'dart:async'.
 - 'User/*2*/' is from 'package:soloadventurer/features/auth/domain/models/user.dart' ('lib/features/auth/domain/models/user.dart').
          .thenAnswer((_) async => testUser);
                                   ^
test/providers/user/user_profile_provider_test.dart:157:9: Error: No named parameter with the name 'firstName'.
        firstName: 'Updated',
        ^^^^^^^^^
test/providers/user/user_profile_provider_test.dart:193:36: Error: A value of type 'User/*1*/' can't be returned from an async function with return type 'Future<User/*2*/>'.
 - 'User/*1*/' is from 'package:soloadventurer/features/auth/domain/entities/user.dart' ('lib/features/auth/domain/entities/user.dart').
 - 'Future' is from 'dart:async'.
 - 'User/*2*/' is from 'package:soloadventurer/features/auth/domain/models/user.dart' ('lib/features/auth/domain/models/user.dart').
          .thenAnswer((_) async => testUser);
                                   ^
test/providers/user/user_profile_provider_test.dart:227:40: Error: A value of type 'User/*1*/' can't be returned from an async function with return type 'Future<User/*2*/>'.
 - 'User/*1*/' is from 'package:soloadventurer/features/auth/domain/entities/user.dart' ('lib/features/auth/domain/entities/user.dart').
 - 'Future' is from 'dart:async'.
 - 'User/*2*/' is from 'package:soloadventurer/features/auth/domain/models/user.dart' ('lib/features/auth/domain/models/user.dart').
              .thenAnswer((_) async => testUser);
                                       ^
test/providers/user/user_profile_provider_test.dart:223:36: Error: The argument type 'FutureProvider<User/*1*/>' can't be assigned to the parameter type 'FutureProvider<User/*2*/>'.
 - 'FutureProvider' is from 'package:riverpod/src/future_provider.dart' ('../.pub-cache/hosted/pub.dev/riverpod-2.6.1/lib/src/future_provider.dart').
 - 'User/*1*/' is from 'package:soloadventurer/features/auth/domain/models/user.dart' ('lib/features/auth/domain/models/user.dart').
 - 'User/*2*/' is from 'package:soloadventurer/features/auth/domain/entities/user.dart' ('lib/features/auth/domain/entities/user.dart').
      provider: userProfileProvider(testUserId),
                                   ^
test/providers/user/user_profile_provider_test.dart:240:36: Error: The argument type 'FutureProvider<User/*1*/>' can't be assigned to the parameter type 'FutureProvider<User/*2*/>'.
 - 'FutureProvider' is from 'package:riverpod/src/future_provider.dart' ('../.pub-cache/hosted/pub.dev/riverpod-2.6.1/lib/src/future_provider.dart').
 - 'User/*1*/' is from 'package:soloadventurer/features/auth/domain/models/user.dart' ('lib/features/auth/domain/models/user.dart').
 - 'User/*2*/' is from 'package:soloadventurer/features/auth/domain/entities/user.dart' ('lib/features/auth/domain/entities/user.dart').
      provider: userProfileProvider(testUserId),
                                   ^
00:06 +84 -4: loading /Users/anthonyforan/SoloAdventurer_app/test/providers/user/user_profile_provider_test.dart [E]                                                                                   
  Failed to load "/Users/anthonyforan/SoloAdventurer_app/test/providers/user/user_profile_provider_test.dart":
  Compilation failed for testPath=/Users/anthonyforan/SoloAdventurer_app/test/providers/user/user_profile_provider_test.dart: test/providers/user/user_profile_provider_test.dart:36:46: Error: The argument type 'MockApiService' can't be assigned to the parameter type 'ApiService'.
   - 'MockApiService' is from 'test/providers/user/user_profile_provider_test.dart'.
   - 'ApiService' is from 'package:soloadventurer/features/core/infrastructure/api/api_service.dart' ('lib/features/core/infrastructure/api/api_service.dart').
          apiServiceProvider.overrideWithValue(mockApiService),
                                               ^
  test/providers/user/user_profile_provider_test.dart:47:36: Error: A value of type 'User/*1*/' can't be returned from an async function with return type 'Future<User/*2*/>'.
   - 'User/*1*/' is from 'package:soloadventurer/features/auth/domain/entities/user.dart' ('lib/features/auth/domain/entities/user.dart').
   - 'Future' is from 'dart:async'.
   - 'User/*2*/' is from 'package:soloadventurer/features/auth/domain/models/user.dart' ('lib/features/auth/domain/models/user.dart').
            .thenAnswer((_) async => testUser);
                                     ^
  test/providers/user/user_profile_provider_test.dart:56:36: Error: A value of type 'User/*1*/' can't be returned from an async function with return type 'Future<User/*2*/>'.
   - 'User/*1*/' is from 'package:soloadventurer/features/auth/domain/entities/user.dart' ('lib/features/auth/domain/entities/user.dart').
   - 'Future' is from 'dart:async'.
   - 'User/*2*/' is from 'package:soloadventurer/features/auth/domain/models/user.dart' ('lib/features/auth/domain/models/user.dart').
            .thenAnswer((_) async => testUser);
                                     ^
  test/providers/user/user_profile_provider_test.dart:87:36: Error: A value of type 'User/*1*/' can't be returned from an async function with return type 'Future<User/*2*/>'.
   - 'User/*1*/' is from 'package:soloadventurer/features/auth/domain/entities/user.dart' ('lib/features/auth/domain/entities/user.dart').
   - 'Future' is from 'dart:async'.
   - 'User/*2*/' is from 'package:soloadventurer/features/auth/domain/models/user.dart' ('lib/features/auth/domain/models/user.dart').
            .thenAnswer((_) async => testUser);
                                     ^
  test/providers/user/user_profile_provider_test.dart:96:36: Error: A value of type 'User/*1*/' can't be returned from an async function with return type 'Future<User/*2*/>'.
   - 'User/*1*/' is from 'package:soloadventurer/features/auth/domain/entities/user.dart' ('lib/features/auth/domain/entities/user.dart').
   - 'Future' is from 'dart:async'.
   - 'User/*2*/' is from 'package:soloadventurer/features/auth/domain/models/user.dart' ('lib/features/auth/domain/models/user.dart').
            .thenAnswer((_) async => testUser);
                                     ^
  test/providers/user/user_profile_provider_test.dart:111:48: Error: The argument type 'MockApiService' can't be assigned to the parameter type 'ApiService'.
   - 'MockApiService' is from 'test/providers/user/user_profile_provider_test.dart'.
   - 'ApiService' is from 'package:soloadventurer/features/core/infrastructure/api/api_service.dart' ('lib/features/core/infrastructure/api/api_service.dart').
            apiServiceProvider.overrideWithValue(mockApiService),
                                                 ^
  test/providers/user/user_profile_provider_test.dart:133:36: Error: A value of type 'User/*1*/' can't be returned from an async function with return type 'Future<User/*2*/>'.
   - 'User/*1*/' is from 'package:soloadventurer/features/auth/domain/entities/user.dart' ('lib/features/auth/domain/entities/user.dart').
   - 'Future' is from 'dart:async'.
   - 'User/*2*/' is from 'package:soloadventurer/features/auth/domain/models/user.dart' ('lib/features/auth/domain/models/user.dart').
            .thenAnswer((_) async => testUser);
                                     ^
  test/providers/user/user_profile_provider_test.dart:154:36: Error: A value of type 'User/*1*/' can't be returned from an async function with return type 'Future<User/*2*/>'.
   - 'User/*1*/' is from 'package:soloadventurer/features/auth/domain/entities/user.dart' ('lib/features/auth/domain/entities/user.dart').
   - 'Future' is from 'dart:async'.
   - 'User/*2*/' is from 'package:soloadventurer/features/auth/domain/models/user.dart' ('lib/features/auth/domain/models/user.dart').
            .thenAnswer((_) async => testUser);
                                     ^
  test/providers/user/user_profile_provider_test.dart:157:9: Error: No named parameter with the name 'firstName'.
          firstName: 'Updated',
          ^^^^^^^^^
  test/providers/user/user_profile_provider_test.dart:193:36: Error: A value of type 'User/*1*/' can't be returned from an async function with return type 'Future<User/*2*/>'.
   - 'User/*1*/' is from 'package:soloadventurer/features/auth/domain/entities/user.dart' ('lib/features/auth/domain/entities/user.dart').
   - 'Future' is from 'dart:async'.
   - 'User/*2*/' is from 'package:soloadventurer/features/auth/domain/models/user.dart' ('lib/features/auth/domain/models/user.dart').
            .thenAnswer((_) async => testUser);
                                     ^
  test/providers/user/user_profile_provider_test.dart:227:40: Error: A value of type 'User/*1*/' can't be returned from an async function with return type 'Future<User/*2*/>'.
   - 'User/*1*/' is from 'package:soloadventurer/features/auth/domain/entities/user.dart' ('lib/features/auth/domain/entities/user.dart').
   - 'Future' is from 'dart:async'.
   - 'User/*2*/' is from 'package:soloadventurer/features/auth/domain/models/user.dart' ('lib/features/auth/domain/models/user.dart').
                .thenAnswer((_) async => testUser);
                                         ^
  test/providers/user/user_profile_provider_test.dart:223:36: Error: The argument type 'FutureProvider<User/*1*/>' can't be assigned to the parameter type 'FutureProvider<User/*2*/>'.
   - 'FutureProvider' is from 'package:riverpod/src/future_provider.dart' ('../.pub-cache/hosted/pub.dev/riverpod-2.6.1/lib/src/future_provider.dart').
   - 'User/*1*/' is from 'package:soloadventurer/features/auth/domain/models/user.dart' ('lib/features/auth/domain/models/user.dart').
   - 'User/*2*/' is from 'package:soloadventurer/features/auth/domain/entities/user.dart' ('lib/features/auth/domain/entities/user.dart').
        provider: userProfileProvider(testUserId),
                                     ^
  test/providers/user/user_profile_provider_test.dart:240:36: Error: The argument type 'FutureProvider<User/*1*/>' can't be assigned to the parameter type 'FutureProvider<User/*2*/>'.
   - 'FutureProvider' is from 'package:riverpod/src/future_provider.dart' ('../.pub-cache/hosted/pub.dev/riverpod-2.6.1/lib/src/future_provider.dart').
   - 'User/*1*/' is from 'package:soloadventurer/features/auth/domain/models/user.dart' ('lib/features/auth/domain/models/user.dart').
   - 'User/*2*/' is from 'package:soloadventurer/features/auth/domain/entities/user.dart' ('lib/features/auth/domain/entities/user.dart').
        provider: userProfileProvider(testUserId),
                                     ^
  .

To run this test again: /opt/homebrew/Caskroom/flutter/3.32.5/flutter/bin/cache/dart-sdk/bin/dart test /Users/anthonyforan/SoloAdventurer_app/test/providers/user/user_profile_provider_test.dart -p vm --plain-name 'loading /Users/anthonyforan/SoloAdventurer_app/test/providers/user/user_profile_provider_test.dart'
test/providers/auth_provider_test.dart:10:66: Error: 'AuthStateData' isn't a type.
final authNotifierProvider = StateNotifierProvider<AuthNotifier, AuthStateData>(
                                                                 ^^^^^^^^^^^^^
test/providers/auth_provider_test.dart:11:24: Error: Too many positional arguments: 0 allowed, but 1 found.
Try removing the extra positional arguments.
  (ref) => AuthNotifier(ref.watch(authServiceProvider)),
                       ^
lib/features/auth/presentation/providers/auth_provider.dart:46:3: Context: Found this candidate, but the arguments don't match.
  AuthNotifier({
  ^^^^^^^^^^^^
test/providers/auth_provider_test.dart:34:31: Error: Undefined name 'AuthState'.
      expect(authState.state, AuthState.loading);
                              ^^^^^^^^^
test/providers/auth_provider_test.dart:52:31: Error: Undefined name 'AuthState'.
      expect(authState.state, AuthState.authenticated);
                              ^^^^^^^^^
test/providers/auth_provider_test.dart:78:31: Error: Undefined name 'AuthState'.
      expect(authState.state, AuthState.error);
                              ^^^^^^^^^
test/providers/auth_provider_test.dart:115:31: Error: Undefined name 'AuthState'.
      expect(authState.state, AuthState.unauthenticated);
                              ^^^^^^^^^
test/providers/auth_provider_test.dart:48:28: Error: Too few positional arguments: 2 required, 0 given.
      await notifier.signIn(username: 'testuser', password: 'password');
                           ^
test/providers/auth_provider_test.dart:74:28: Error: Too few positional arguments: 2 required, 0 given.
      await notifier.signIn(username: 'testuser', password: 'wrong_password');
                           ^
test/providers/auth_provider_test.dart:91:34: Error: The method 'signUp' isn't defined for the type 'MockAuthService'.
 - 'MockAuthService' is from 'package:soloadventurer/test_utils/provider_test_utils.dart' ('lib/test_utils/provider_test_utils.dart').
Try correcting the name to the name of an existing method, or defining a method named 'signUp'.
      when(() => mockAuthService.signUp(
                                 ^^^^^^
test/providers/auth_provider_test.dart:105:9: Error: No named parameter with the name 'username'.
        username: 'newuser',
        ^^^^^^^^
test/providers/auth_provider_test.dart:120:36: Error: The method 'signUp' isn't defined for the type 'MockAuthService'.
 - 'MockAuthService' is from 'package:soloadventurer/test_utils/provider_test_utils.dart' ('lib/test_utils/provider_test_utils.dart').
Try correcting the name to the name of an existing method, or defining a method named 'signUp'.
      verify(() => mockAuthService.signUp(
                                   ^^^^^^
lib/test_utils/provider_test_utils.dart:57:8: Error: The getter 'authServiceProvider' isn't defined for the type 'AuthTestHelper'.
 - 'AuthTestHelper' is from 'package:soloadventurer/test_utils/provider_test_utils.dart' ('lib/test_utils/provider_test_utils.dart').
Try correcting the name to the name of an existing getter, or defining a getter or field named 'authServiceProvider'.
      [authServiceProvider.overrideWithValue(authService)];
       ^^^^^^^^^^^^^^^^^^^
00:07 +84 -5: loading /Users/anthonyforan/SoloAdventurer_app/test/providers/auth_provider_test.dart [E]                                                                                                
  Failed to load "/Users/anthonyforan/SoloAdventurer_app/test/providers/auth_provider_test.dart":
  Compilation failed for testPath=/Users/anthonyforan/SoloAdventurer_app/test/providers/auth_provider_test.dart: test/providers/auth_provider_test.dart:10:66: Error: 'AuthStateData' isn't a type.
  final authNotifierProvider = StateNotifierProvider<AuthNotifier, AuthStateData>(
                                                                   ^^^^^^^^^^^^^
  test/providers/auth_provider_test.dart:11:24: Error: Too many positional arguments: 0 allowed, but 1 found.
  Try removing the extra positional arguments.
    (ref) => AuthNotifier(ref.watch(authServiceProvider)),
                         ^
  lib/features/auth/presentation/providers/auth_provider.dart:46:3: Context: Found this candidate, but the arguments don't match.
    AuthNotifier({
    ^^^^^^^^^^^^
  test/providers/auth_provider_test.dart:34:31: Error: Undefined name 'AuthState'.
        expect(authState.state, AuthState.loading);
                                ^^^^^^^^^
  test/providers/auth_provider_test.dart:52:31: Error: Undefined name 'AuthState'.
        expect(authState.state, AuthState.authenticated);
                                ^^^^^^^^^
  test/providers/auth_provider_test.dart:78:31: Error: Undefined name 'AuthState'.
        expect(authState.state, AuthState.error);
                                ^^^^^^^^^
  test/providers/auth_provider_test.dart:115:31: Error: Undefined name 'AuthState'.
        expect(authState.state, AuthState.unauthenticated);
                                ^^^^^^^^^
  test/providers/auth_provider_test.dart:48:28: Error: Too few positional arguments: 2 required, 0 given.
        await notifier.signIn(username: 'testuser', password: 'password');
                             ^
  test/providers/auth_provider_test.dart:74:28: Error: Too few positional arguments: 2 required, 0 given.
        await notifier.signIn(username: 'testuser', password: 'wrong_password');
                             ^
  test/providers/auth_provider_test.dart:91:34: Error: The method 'signUp' isn't defined for the type 'MockAuthService'.
   - 'MockAuthService' is from 'package:soloadventurer/test_utils/provider_test_utils.dart' ('lib/test_utils/provider_test_utils.dart').
  Try correcting the name to the name of an existing method, or defining a method named 'signUp'.
        when(() => mockAuthService.signUp(
                                   ^^^^^^
  test/providers/auth_provider_test.dart:105:9: Error: No named parameter with the name 'username'.
          username: 'newuser',
          ^^^^^^^^
  test/providers/auth_provider_test.dart:120:36: Error: The method 'signUp' isn't defined for the type 'MockAuthService'.
   - 'MockAuthService' is from 'package:soloadventurer/test_utils/provider_test_utils.dart' ('lib/test_utils/provider_test_utils.dart').
  Try correcting the name to the name of an existing method, or defining a method named 'signUp'.
        verify(() => mockAuthService.signUp(
                                     ^^^^^^
  lib/test_utils/provider_test_utils.dart:57:8: Error: The getter 'authServiceProvider' isn't defined for the type 'AuthTestHelper'.
   - 'AuthTestHelper' is from 'package:soloadventurer/test_utils/provider_test_utils.dart' ('lib/test_utils/provider_test_utils.dart').
  Try correcting the name to the name of an existing getter, or defining a getter or field named 'authServiceProvider'.
        [authServiceProvider.overrideWithValue(authService)];
         ^^^^^^^^^^^^^^^^^^^
  .

To run this test again: /opt/homebrew/Caskroom/flutter/3.32.5/flutter/bin/cache/dart-sdk/bin/dart test /Users/anthonyforan/SoloAdventurer_app/test/providers/auth_provider_test.dart -p vm --plain-name 'loading /Users/anthonyforan/SoloAdventurer_app/test/providers/auth_provider_test.dart'
lib/features/core/infrastructure/monitoring/aws_cloudwatch_monitoring.dart:75:7: Error: The non-abstract class 'AwsCloudWatchMonitoring' is missing implementations for these members:
 - MonitoringService.logDebug
 - MonitoringService.recordEvent
 - MonitoringService.recordMetric
Try to either
 - provide an implementation,
 - inherit an implementation from a superclass or mixin,
 - mark the class as abstract, or
 - provide a 'noSuchMethod' implementation.
class AwsCloudWatchMonitoring implements MonitoringService {
      ^^^^^^^^^^^^^^^^^^^^^^^
lib/features/core/infrastructure/monitoring/monitoring_service.dart:23:16: Context: 'MonitoringService.logDebug' is defined here.
  Future<void> logDebug(
               ^^^^^^^^
lib/features/core/infrastructure/monitoring/monitoring_service.dart:42:16: Context: 'MonitoringService.recordEvent' is defined here.
  Future<void> recordEvent(
               ^^^^^^^^^^^
lib/features/core/infrastructure/monitoring/monitoring_service.dart:29:16: Context: 'MonitoringService.recordMetric' is defined here.
  Future<void> recordMetric(
               ^^^^^^^^^^^^
test/features/core/presentation/screens/operation_queue_screen_test.dart:144:48: Error: Required named parameter 'priority' must be provided.
        const operation = TripPlanningOperation(
                                               ^
lib/features/travel/domain/models/trip_planning_operation.dart:23:17: Context: Found this candidate, but the arguments don't match.
  const factory TripPlanningOperation({
                ^
test/features/core/presentation/screens/operation_queue_screen_test.dart:169:48: Error: Required named parameter 'priority' must be provided.
        const operation = TripPlanningOperation(
                                               ^
lib/features/travel/domain/models/trip_planning_operation.dart:23:17: Context: Found this candidate, but the arguments don't match.
  const factory TripPlanningOperation({
                ^
test/features/core/presentation/screens/operation_queue_screen_test.dart:195:39: Error: Required named parameter 'priority' must be provided.
          (i) => TripPlanningOperation(
                                      ^
lib/features/travel/domain/models/trip_planning_operation.dart:23:17: Context: Found this candidate, but the arguments don't match.
  const factory TripPlanningOperation({
                ^
test/features/core/presentation/screens/operation_queue_screen_test.dart:223:48: Error: Required named parameter 'priority' must be provided.
        const operation = TripPlanningOperation(
                                               ^
lib/features/travel/domain/models/trip_planning_operation.dart:23:17: Context: Found this candidate, but the arguments don't match.
  const factory TripPlanningOperation({
                ^
test/features/core/presentation/screens/operation_queue_screen_test.dart:250:48: Error: Required named parameter 'priority' must be provided.
        const operation = TripPlanningOperation(
                                               ^
lib/features/travel/domain/models/trip_planning_operation.dart:23:17: Context: Found this candidate, but the arguments don't match.
  const factory TripPlanningOperation({
                ^
test/features/core/presentation/screens/operation_queue_screen_test.dart:279:39: Error: Required named parameter 'priority' must be provided.
          (i) => TripPlanningOperation(
                                      ^
lib/features/travel/domain/models/trip_planning_operation.dart:23:17: Context: Found this candidate, but the arguments don't match.
  const factory TripPlanningOperation({
                ^
test/features/core/presentation/screens/operation_queue_screen_test.dart:307:48: Error: Required named parameter 'priority' must be provided.
        const operation = TripPlanningOperation(
                                               ^
lib/features/travel/domain/models/trip_planning_operation.dart:23:17: Context: Found this candidate, but the arguments don't match.
  const factory TripPlanningOperation({
                ^
test/features/core/presentation/screens/operation_queue_screen_test.dart:333:48: Error: Required named parameter 'priority' must be provided.
        const operation = TripPlanningOperation(
                                               ^
lib/features/travel/domain/models/trip_planning_operation.dart:23:17: Context: Found this candidate, but the arguments don't match.
  const factory TripPlanningOperation({
                ^
test/features/core/presentation/screens/operation_queue_screen_test.dart:398:48: Error: Required named parameter 'priority' must be provided.
        const operation = TripPlanningOperation(
                                               ^
lib/features/travel/domain/models/trip_planning_operation.dart:23:17: Context: Found this candidate, but the arguments don't match.
  const factory TripPlanningOperation({
                ^
test/features/core/presentation/screens/operation_queue_screen_test.dart:450:48: Error: Required named parameter 'priority' must be provided.
        const operation = TripPlanningOperation(
                                               ^
lib/features/travel/domain/models/trip_planning_operation.dart:23:17: Context: Found this candidate, but the arguments don't match.
  const factory TripPlanningOperation({
                ^
test/features/core/presentation/screens/operation_queue_screen_test.dart:477:48: Error: Required named parameter 'priority' must be provided.
        const operation = TripPlanningOperation(
                                               ^
lib/features/travel/domain/models/trip_planning_operation.dart:23:17: Context: Found this candidate, but the arguments don't match.
  const factory TripPlanningOperation({
                ^
test/features/core/presentation/screens/operation_queue_screen_test.dart:504:48: Error: Required named parameter 'priority' must be provided.
        const operation = TripPlanningOperation(
                                               ^
lib/features/travel/domain/models/trip_planning_operation.dart:23:17: Context: Found this candidate, but the arguments don't match.
  const factory TripPlanningOperation({
                ^
test/features/core/presentation/screens/operation_queue_screen_test.dart:533:48: Error: Required named parameter 'priority' must be provided.
        const operation = TripPlanningOperation(
                                               ^
lib/features/travel/domain/models/trip_planning_operation.dart:23:17: Context: Found this candidate, but the arguments don't match.
  const factory TripPlanningOperation({
                ^
test/features/core/presentation/screens/operation_queue_screen_test.dart:562:48: Error: Required named parameter 'priority' must be provided.
        const operation = TripPlanningOperation(
                                               ^
lib/features/travel/domain/models/trip_planning_operation.dart:23:17: Context: Found this candidate, but the arguments don't match.
  const factory TripPlanningOperation({
                ^
test/features/core/presentation/screens/operation_queue_screen_test.dart:598:48: Error: Required named parameter 'priority' must be provided.
        const operation = TripPlanningOperation(
                                               ^
lib/features/travel/domain/models/trip_planning_operation.dart:23:17: Context: Found this candidate, but the arguments don't match.
  const factory TripPlanningOperation({
                ^
test/features/core/presentation/screens/operation_queue_screen_test.dart:631:48: Error: Required named parameter 'priority' must be provided.
        const operation = TripPlanningOperation(
                                               ^
lib/features/travel/domain/models/trip_planning_operation.dart:23:17: Context: Found this candidate, but the arguments don't match.
  const factory TripPlanningOperation({
                ^
test/features/core/presentation/screens/operation_queue_screen_test.dart:664:48: Error: Required named parameter 'priority' must be provided.
        const operation = TripPlanningOperation(
                                               ^
lib/features/travel/domain/models/trip_planning_operation.dart:23:17: Context: Found this candidate, but the arguments don't match.
  const factory TripPlanningOperation({
                ^
test/features/core/presentation/screens/operation_queue_screen_test.dart:696:48: Error: Required named parameter 'priority' must be provided.
        const operation = TripPlanningOperation(
                                               ^
lib/features/travel/domain/models/trip_planning_operation.dart:23:17: Context: Found this candidate, but the arguments don't match.
  const factory TripPlanningOperation({
                ^
test/features/core/presentation/screens/operation_queue_screen_test.dart:731:39: Error: Required named parameter 'priority' must be provided.
          (i) => TripPlanningOperation(
                                      ^
lib/features/travel/domain/models/trip_planning_operation.dart:23:17: Context: Found this candidate, but the arguments don't match.
  const factory TripPlanningOperation({
                ^
test/features/core/presentation/screens/operation_queue_screen_test.dart:768:39: Error: Required named parameter 'priority' must be provided.
          (i) => TripPlanningOperation(
                                      ^
lib/features/travel/domain/models/trip_planning_operation.dart:23:17: Context: Found this candidate, but the arguments don't match.
  const factory TripPlanningOperation({
                ^
test/features/core/presentation/screens/operation_queue_screen_test.dart:804:39: Error: Required named parameter 'priority' must be provided.
          (i) => TripPlanningOperation(
                                      ^
lib/features/travel/domain/models/trip_planning_operation.dart:23:17: Context: Found this candidate, but the arguments don't match.
  const factory TripPlanningOperation({
                ^
test/features/core/presentation/screens/operation_queue_screen_test.dart:839:39: Error: Required named parameter 'priority' must be provided.
          (i) => TripPlanningOperation(
                                      ^
lib/features/travel/domain/models/trip_planning_operation.dart:23:17: Context: Found this candidate, but the arguments don't match.
  const factory TripPlanningOperation({
                ^
test/features/core/presentation/screens/operation_queue_screen_test.dart:892:48: Error: Required named parameter 'priority' must be provided.
        const pendingOp = TripPlanningOperation(
                                               ^
lib/features/travel/domain/models/trip_planning_operation.dart:23:17: Context: Found this candidate, but the arguments don't match.
  const factory TripPlanningOperation({
                ^
test/features/core/presentation/screens/operation_queue_screen_test.dart:902:11: Error: No named parameter with the name 'noteId'.
          noteId: 'note-789',
          ^^^^^^
lib/features/travel/domain/models/travel_note_operation.dart:22:17: Context: Found this candidate, but the arguments don't match.
  const factory TravelNoteOperation({
                ^
test/features/core/presentation/screens/operation_queue_screen_test.dart:71:55: Error: The argument type 'MockOperationQueueNotifier Function(dynamic)' can't be assigned to the parameter type 'OperationQueueNotifier Function()'.
 - 'MockOperationQueueNotifier' is from 'test/features/core/presentation/screens/operation_queue_screen_test.dart'.
 - 'OperationQueueNotifier' is from 'package:soloadventurer/features/core/providers/operation_queue_provider.dart' ('lib/features/core/providers/operation_queue_provider.dart').
          operationQueueNotifierProvider.overrideWith((ref) => mockNotifier),
                                                      ^
test/features/core/presentation/screens/operation_queue_screen_test.dart:205:32: Error: The argument type 'List<dynamic>' can't be assigned to the parameter type 'List<QueueableOperation>'.
 - 'List' is from 'dart:core'.
 - 'QueueableOperation' is from 'package:soloadventurer/features/core/services/operation_queue.dart' ('lib/features/core/services/operation_queue.dart').
            pendingOperations: operations,
                               ^
test/features/core/presentation/screens/operation_queue_screen_test.dart:292:31: Error: The argument type 'List<dynamic>' can't be assigned to the parameter type 'List<QueueableOperation>'.
 - 'List' is from 'dart:core'.
 - 'QueueableOperation' is from 'package:soloadventurer/features/core/services/operation_queue.dart' ('lib/features/core/services/operation_queue.dart').
            failedOperations: operations,
                              ^
test/features/core/presentation/screens/operation_queue_screen_test.dart:744:31: Error: The argument type 'List<dynamic>' can't be assigned to the parameter type 'List<QueueableOperation>'.
 - 'List' is from 'dart:core'.
 - 'QueueableOperation' is from 'package:soloadventurer/features/core/services/operation_queue.dart' ('lib/features/core/services/operation_queue.dart').
            failedOperations: operations,
                              ^
test/features/core/presentation/screens/operation_queue_screen_test.dart:781:31: Error: The argument type 'List<dynamic>' can't be assigned to the parameter type 'List<QueueableOperation>'.
 - 'List' is from 'dart:core'.
 - 'QueueableOperation' is from 'package:soloadventurer/features/core/services/operation_queue.dart' ('lib/features/core/services/operation_queue.dart').
            failedOperations: operations,
                              ^
test/features/core/presentation/screens/operation_queue_screen_test.dart:817:31: Error: The argument type 'List<dynamic>' can't be assigned to the parameter type 'List<QueueableOperation>'.
 - 'List' is from 'dart:core'.
 - 'QueueableOperation' is from 'package:soloadventurer/features/core/services/operation_queue.dart' ('lib/features/core/services/operation_queue.dart').
            failedOperations: operations,
                              ^
test/features/core/presentation/screens/operation_queue_screen_test.dart:852:31: Error: The argument type 'List<dynamic>' can't be assigned to the parameter type 'List<QueueableOperation>'.
 - 'List' is from 'dart:core'.
 - 'QueueableOperation' is from 'package:soloadventurer/features/core/services/operation_queue.dart' ('lib/features/core/services/operation_queue.dart').
            failedOperations: operations,
                              ^
lib/features/core/services/operation_queue.dart:267:45: Error: Cannot invoke a non-'const' constructor where a const expression is expected.
Try using a constructor or factory that is 'const'.
  final RetryStrategy retryStrategy = const ExponentialBackoffStrategy(
                                            ^^^^^^^^^^^^^^^^^^^^^^^^^^
lib/features/core/services/operation_queue.dart:689:43: Error: The method 'loadOperations' isn't defined for the type 'AsyncValue<void>'.
 - 'AsyncValue' is from 'package:riverpod/src/common.dart' ('../.pub-cache/hosted/pub.dev/riverpod-2.6.1/lib/src/common.dart').
Try correcting the name to the name of an existing method, or defining a method named 'loadOperations'.
      final result = await storageService.loadOperations();
                                          ^^^^^^^^^^^^^^
lib/features/core/services/operation_queue.dart:766:51: Error: The method 'savePendingOperations' isn't defined for the type 'AsyncValue<void>'.
 - 'AsyncValue' is from 'package:riverpod/src/common.dart' ('../.pub-cache/hosted/pub.dev/riverpod-2.6.1/lib/src/common.dart').
Try correcting the name to the name of an existing method, or defining a method named 'savePendingOperations'.
      final pendingSuccess = await storageService.savePendingOperations(
                                                  ^^^^^^^^^^^^^^^^^^^^^
lib/features/core/services/operation_queue.dart:771:50: Error: The method 'saveFailedOperations' isn't defined for the type 'AsyncValue<void>'.
 - 'AsyncValue' is from 'package:riverpod/src/common.dart' ('../.pub-cache/hosted/pub.dev/riverpod-2.6.1/lib/src/common.dart').
Try correcting the name to the name of an existing method, or defining a method named 'saveFailedOperations'.
      final failedSuccess = await storageService.saveFailedOperations(
                                                 ^^^^^^^^^^^^^^^^^^^^
lib/app/theme/app_theme.dart:61:16: Error: The argument type 'CardTheme' can't be assigned to the parameter type 'CardThemeData?'.
 - 'CardTheme' is from 'package:flutter/src/material/card_theme.dart' ('/opt/homebrew/Caskroom/flutter/3.32.5/flutter/packages/flutter/lib/src/material/card_theme.dart').
 - 'CardThemeData' is from 'package:flutter/src/material/card_theme.dart' ('/opt/homebrew/Caskroom/flutter/3.32.5/flutter/packages/flutter/lib/src/material/card_theme.dart').
    cardTheme: CardTheme(
               ^
lib/app/theme/app_theme.dart:109:16: Error: The argument type 'CardTheme' can't be assigned to the parameter type 'CardThemeData?'.
 - 'CardTheme' is from 'package:flutter/src/material/card_theme.dart' ('/opt/homebrew/Caskroom/flutter/3.32.5/flutter/packages/flutter/lib/src/material/card_theme.dart').
 - 'CardThemeData' is from 'package:flutter/src/material/card_theme.dart' ('/opt/homebrew/Caskroom/flutter/3.32.5/flutter/packages/flutter/lib/src/material/card_theme.dart').
    cardTheme: CardTheme(
               ^
00:10 +84 -6: loading /Users/anthonyforan/SoloAdventurer_app/test/features/core/presentation/screens/operation_queue_screen_test.dart [E]                                                              
  Failed to load "/Users/anthonyforan/SoloAdventurer_app/test/features/core/presentation/screens/operation_queue_screen_test.dart":
  Compilation failed for testPath=/Users/anthonyforan/SoloAdventurer_app/test/features/core/presentation/screens/operation_queue_screen_test.dart: lib/features/core/infrastructure/monitoring/aws_cloudwatch_monitoring.dart:75:7: Error: The non-abstract class 'AwsCloudWatchMonitoring' is missing implementations for these members:
   - MonitoringService.logDebug
   - MonitoringService.recordEvent
   - MonitoringService.recordMetric
  Try to either
   - provide an implementation,
   - inherit an implementation from a superclass or mixin,
   - mark the class as abstract, or
   - provide a 'noSuchMethod' implementation.
  class AwsCloudWatchMonitoring implements MonitoringService {
        ^^^^^^^^^^^^^^^^^^^^^^^
  lib/features/core/infrastructure/monitoring/monitoring_service.dart:23:16: Context: 'MonitoringService.logDebug' is defined here.
    Future<void> logDebug(
                 ^^^^^^^^
  lib/features/core/infrastructure/monitoring/monitoring_service.dart:42:16: Context: 'MonitoringService.recordEvent' is defined here.
    Future<void> recordEvent(
                 ^^^^^^^^^^^
  lib/features/core/infrastructure/monitoring/monitoring_service.dart:29:16: Context: 'MonitoringService.recordMetric' is defined here.
    Future<void> recordMetric(
                 ^^^^^^^^^^^^
  test/features/core/presentation/screens/operation_queue_screen_test.dart:144:48: Error: Required named parameter 'priority' must be provided.
          const operation = TripPlanningOperation(
                                                 ^
  lib/features/travel/domain/models/trip_planning_operation.dart:23:17: Context: Found this candidate, but the arguments don't match.
    const factory TripPlanningOperation({
                  ^
  test/features/core/presentation/screens/operation_queue_screen_test.dart:169:48: Error: Required named parameter 'priority' must be provided.
          const operation = TripPlanningOperation(
                                                 ^
  lib/features/travel/domain/models/trip_planning_operation.dart:23:17: Context: Found this candidate, but the arguments don't match.
    const factory TripPlanningOperation({
                  ^
  test/features/core/presentation/screens/operation_queue_screen_test.dart:195:39: Error: Required named parameter 'priority' must be provided.
            (i) => TripPlanningOperation(
                                        ^
  lib/features/travel/domain/models/trip_planning_operation.dart:23:17: Context: Found this candidate, but the arguments don't match.
    const factory TripPlanningOperation({
                  ^
  test/features/core/presentation/screens/operation_queue_screen_test.dart:223:48: Error: Required named parameter 'priority' must be provided.
          const operation = TripPlanningOperation(
                                                 ^
  lib/features/travel/domain/models/trip_planning_operation.dart:23:17: Context: Found this candidate, but the arguments don't match.
    const factory TripPlanningOperation({
                  ^
  test/features/core/presentation/screens/operation_queue_screen_test.dart:250:48: Error: Required named parameter 'priority' must be provided.
          const operation = TripPlanningOperation(
                                                 ^
  lib/features/travel/domain/models/trip_planning_operation.dart:23:17: Context: Found this candidate, but the arguments don't match.
    const factory TripPlanningOperation({
                  ^
  test/features/core/presentation/screens/operation_queue_screen_test.dart:279:39: Error: Required named parameter 'priority' must be provided.
            (i) => TripPlanningOperation(
                                        ^
  lib/features/travel/domain/models/trip_planning_operation.dart:23:17: Context: Found this candidate, but the arguments don't match.
    const factory TripPlanningOperation({
                  ^
  test/features/core/presentation/screens/operation_queue_screen_test.dart:307:48: Error: Required named parameter 'priority' must be provided.
          const operation = TripPlanningOperation(
                                                 ^
  lib/features/travel/domain/models/trip_planning_operation.dart:23:17: Context: Found this candidate, but the arguments don't match.
    const factory TripPlanningOperation({
                  ^
  test/features/core/presentation/screens/operation_queue_screen_test.dart:333:48: Error: Required named parameter 'priority' must be provided.
          const operation = TripPlanningOperation(
                                                 ^
  lib/features/travel/domain/models/trip_planning_operation.dart:23:17: Context: Found this candidate, but the arguments don't match.
    const factory TripPlanningOperation({
                  ^
  test/features/core/presentation/screens/operation_queue_screen_test.dart:398:48: Error: Required named parameter 'priority' must be provided.
          const operation = TripPlanningOperation(
                                                 ^
  lib/features/travel/domain/models/trip_planning_operation.dart:23:17: Context: Found this candidate, but the arguments don't match.
    const factory TripPlanningOperation({
                  ^
  test/features/core/presentation/screens/operation_queue_screen_test.dart:450:48: Error: Required named parameter 'priority' must be provided.
          const operation = TripPlanningOperation(
                                                 ^
  lib/features/travel/domain/models/trip_planning_operation.dart:23:17: Context: Found this candidate, but the arguments don't match.
    const factory TripPlanningOperation({
                  ^
  test/features/core/presentation/screens/operation_queue_screen_test.dart:477:48: Error: Required named parameter 'priority' must be provided.
          const operation = TripPlanningOperation(
                                                 ^
  lib/features/travel/domain/models/trip_planning_operation.dart:23:17: Context: Found this candidate, but the arguments don't match.
    const factory TripPlanningOperation({
                  ^
  test/features/core/presentation/screens/operation_queue_screen_test.dart:504:48: Error: Required named parameter 'priority' must be provided.
          const operation = TripPlanningOperation(
                                                 ^
  lib/features/travel/domain/models/trip_planning_operation.dart:23:17: Context: Found this candidate, but the arguments don't match.
    const factory TripPlanningOperation({
                  ^
  test/features/core/presentation/screens/operation_queue_screen_test.dart:533:48: Error: Required named parameter 'priority' must be provided.
          const operation = TripPlanningOperation(
                                                 ^
  lib/features/travel/domain/models/trip_planning_operation.dart:23:17: Context: Found this candidate, but the arguments don't match.
    const factory TripPlanningOperation({
                  ^
  test/features/core/presentation/screens/operation_queue_screen_test.dart:562:48: Error: Required named parameter 'priority' must be provided.
          const operation = TripPlanningOperation(
                                                 ^
  lib/features/travel/domain/models/trip_planning_operation.dart:23:17: Context: Found this candidate, but the arguments don't match.
    const factory TripPlanningOperation({
                  ^
  test/features/core/presentation/screens/operation_queue_screen_test.dart:598:48: Error: Required named parameter 'priority' must be provided.
          const operation = TripPlanningOperation(
                                                 ^
  lib/features/travel/domain/models/trip_planning_operation.dart:23:17: Context: Found this candidate, but the arguments don't match.
    const factory TripPlanningOperation({
                  ^
  test/features/core/presentation/screens/operation_queue_screen_test.dart:631:48: Error: Required named parameter 'priority' must be provided.
          const operation = TripPlanningOperation(
                                                 ^
  lib/features/travel/domain/models/trip_planning_operation.dart:23:17: Context: Found this candidate, but the arguments don't match.
    const factory TripPlanningOperation({
                  ^
  test/features/core/presentation/screens/operation_queue_screen_test.dart:664:48: Error: Required named parameter 'priority' must be provided.
          const operation = TripPlanningOperation(
                                                 ^
  lib/features/travel/domain/models/trip_planning_operation.dart:23:17: Context: Found this candidate, but the arguments don't match.
    const factory TripPlanningOperation({
                  ^
  test/features/core/presentation/screens/operation_queue_screen_test.dart:696:48: Error: Required named parameter 'priority' must be provided.
          const operation = TripPlanningOperation(
                                                 ^
  lib/features/travel/domain/models/trip_planning_operation.dart:23:17: Context: Found this candidate, but the arguments don't match.
    const factory TripPlanningOperation({
                  ^
  test/features/core/presentation/screens/operation_queue_screen_test.dart:731:39: Error: Required named parameter 'priority' must be provided.
            (i) => TripPlanningOperation(
                                        ^
  lib/features/travel/domain/models/trip_planning_operation.dart:23:17: Context: Found this candidate, but the arguments don't match.
    const factory TripPlanningOperation({
                  ^
  test/features/core/presentation/screens/operation_queue_screen_test.dart:768:39: Error: Required named parameter 'priority' must be provided.
            (i) => TripPlanningOperation(
                                        ^
  lib/features/travel/domain/models/trip_planning_operation.dart:23:17: Context: Found this candidate, but the arguments don't match.
    const factory TripPlanningOperation({
                  ^
  test/features/core/presentation/screens/operation_queue_screen_test.dart:804:39: Error: Required named parameter 'priority' must be provided.
            (i) => TripPlanningOperation(
                                        ^
  lib/features/travel/domain/models/trip_planning_operation.dart:23:17: Context: Found this candidate, but the arguments don't match.
    const factory TripPlanningOperation({
                  ^
  test/features/core/presentation/screens/operation_queue_screen_test.dart:839:39: Error: Required named parameter 'priority' must be provided.
            (i) => TripPlanningOperation(
                                        ^
  lib/features/travel/domain/models/trip_planning_operation.dart:23:17: Context: Found this candidate, but the arguments don't match.
    const factory TripPlanningOperation({
                  ^
  test/features/core/presentation/screens/operation_queue_screen_test.dart:892:48: Error: Required named parameter 'priority' must be provided.
          const pendingOp = TripPlanningOperation(
                                                 ^
  lib/features/travel/domain/models/trip_planning_operation.dart:23:17: Context: Found this candidate, but the arguments don't match.
    const factory TripPlanningOperation({
                  ^
  test/features/core/presentation/screens/operation_queue_screen_test.dart:902:11: Error: No named parameter with the name 'noteId'.
            noteId: 'note-789',
            ^^^^^^
  lib/features/travel/domain/models/travel_note_operation.dart:22:17: Context: Found this candidate, but the arguments don't match.
    const factory TravelNoteOperation({
                  ^
  test/features/core/presentation/screens/operation_queue_screen_test.dart:71:55: Error: The argument type 'MockOperationQueueNotifier Function(dynamic)' can't be assigned to the parameter type 'OperationQueueNotifier Function()'.
   - 'MockOperationQueueNotifier' is from 'test/features/core/presentation/screens/operation_queue_screen_test.dart'.
   - 'OperationQueueNotifier' is from 'package:soloadventurer/features/core/providers/operation_queue_provider.dart' ('lib/features/core/providers/operation_queue_provider.dart').
            operationQueueNotifierProvider.overrideWith((ref) => mockNotifier),
                                                        ^
  test/features/core/presentation/screens/operation_queue_screen_test.dart:205:32: Error: The argument type 'List<dynamic>' can't be assigned to the parameter type 'List<QueueableOperation>'.
   - 'List' is from 'dart:core'.
   - 'QueueableOperation' is from 'package:soloadventurer/features/core/services/operation_queue.dart' ('lib/features/core/services/operation_queue.dart').
              pendingOperations: operations,
                                 ^
  test/features/core/presentation/screens/operation_queue_screen_test.dart:292:31: Error: The argument type 'List<dynamic>' can't be assigned to the parameter type 'List<QueueableOperation>'.
   - 'List' is from 'dart:core'.
   - 'QueueableOperation' is from 'package:soloadventurer/features/core/services/operation_queue.dart' ('lib/features/core/services/operation_queue.dart').
              failedOperations: operations,
                                ^
  test/features/core/presentation/screens/operation_queue_screen_test.dart:744:31: Error: The argument type 'List<dynamic>' can't be assigned to the parameter type 'List<QueueableOperation>'.
   - 'List' is from 'dart:core'.
   - 'QueueableOperation' is from 'package:soloadventurer/features/core/services/operation_queue.dart' ('lib/features/core/services/operation_queue.dart').
              failedOperations: operations,
                                ^
  test/features/core/presentation/screens/operation_queue_screen_test.dart:781:31: Error: The argument type 'List<dynamic>' can't be assigned to the parameter type 'List<QueueableOperation>'.
   - 'List' is from 'dart:core'.
   - 'QueueableOperation' is from 'package:soloadventurer/features/core/services/operation_queue.dart' ('lib/features/core/services/operation_queue.dart').
              failedOperations: operations,
                                ^
  test/features/core/presentation/screens/operation_queue_screen_test.dart:817:31: Error: The argument type 'List<dynamic>' can't be assigned to the parameter type 'List<QueueableOperation>'.
   - 'List' is from 'dart:core'.
   - 'QueueableOperation' is from 'package:soloadventurer/features/core/services/operation_queue.dart' ('lib/features/core/services/operation_queue.dart').
              failedOperations: operations,
                                ^
  test/features/core/presentation/screens/operation_queue_screen_test.dart:852:31: Error: The argument type 'List<dynamic>' can't be assigned to the parameter type 'List<QueueableOperation>'.
   - 'List' is from 'dart:core'.
   - 'QueueableOperation' is from 'package:soloadventurer/features/core/services/operation_queue.dart' ('lib/features/core/services/operation_queue.dart').
              failedOperations: operations,
                                ^
  lib/features/core/services/operation_queue.dart:267:45: Error: Cannot invoke a non-'const' constructor where a const expression is expected.
  Try using a constructor or factory that is 'const'.
    final RetryStrategy retryStrategy = const ExponentialBackoffStrategy(
                                              ^^^^^^^^^^^^^^^^^^^^^^^^^^
  lib/features/core/services/operation_queue.dart:689:43: Error: The method 'loadOperations' isn't defined for the type 'AsyncValue<void>'.
   - 'AsyncValue' is from 'package:riverpod/src/common.dart' ('../.pub-cache/hosted/pub.dev/riverpod-2.6.1/lib/src/common.dart').
  Try correcting the name to the name of an existing method, or defining a method named 'loadOperations'.
        final result = await storageService.loadOperations();
                                            ^^^^^^^^^^^^^^
  lib/features/core/services/operation_queue.dart:766:51: Error: The method 'savePendingOperations' isn't defined for the type 'AsyncValue<void>'.
   - 'AsyncValue' is from 'package:riverpod/src/common.dart' ('../.pub-cache/hosted/pub.dev/riverpod-2.6.1/lib/src/common.dart').
  Try correcting the name to the name of an existing method, or defining a method named 'savePendingOperations'.
        final pendingSuccess = await storageService.savePendingOperations(
                                                    ^^^^^^^^^^^^^^^^^^^^^
  lib/features/core/services/operation_queue.dart:771:50: Error: The method 'saveFailedOperations' isn't defined for the type 'AsyncValue<void>'.
   - 'AsyncValue' is from 'package:riverpod/src/common.dart' ('../.pub-cache/hosted/pub.dev/riverpod-2.6.1/lib/src/common.dart').
  Try correcting the name to the name of an existing method, or defining a method named 'saveFailedOperations'.
        final failedSuccess = await storageService.saveFailedOperations(
                                                   ^^^^^^^^^^^^^^^^^^^^
  lib/app/theme/app_theme.dart:61:16: Error: The argument type 'CardTheme' can't be assigned to the parameter type 'CardThemeData?'.
   - 'CardTheme' is from 'package:flutter/src/material/card_theme.dart' ('/opt/homebrew/Caskroom/flutter/3.32.5/flutter/packages/flutter/lib/src/material/card_theme.dart').
   - 'CardThemeData' is from 'package:flutter/src/material/card_theme.dart' ('/opt/homebrew/Caskroom/flutter/3.32.5/flutter/packages/flutter/lib/src/material/card_theme.dart').
      cardTheme: CardTheme(
                 ^
  lib/app/theme/app_theme.dart:109:16: Error: The argument type 'CardTheme' can't be assigned to the parameter type 'CardThemeData?'.
   - 'CardTheme' is from 'package:flutter/src/material/card_theme.dart' ('/opt/homebrew/Caskroom/flutter/3.32.5/flutter/packages/flutter/lib/src/material/card_theme.dart').
   - 'CardThemeData' is from 'package:flutter/src/material/card_theme.dart' ('/opt/homebrew/Caskroom/flutter/3.32.5/flutter/packages/flutter/lib/src/material/card_theme.dart').
      cardTheme: CardTheme(
                 ^
  .

To run this test again: /opt/homebrew/Caskroom/flutter/3.32.5/flutter/bin/cache/dart-sdk/bin/dart test /Users/anthonyforan/SoloAdventurer_app/test/features/core/presentation/screens/operation_queue_screen_test.dart -p vm --plain-name 'loading /Users/anthonyforan/SoloAdventurer_app/test/features/core/presentation/screens/operation_queue_screen_test.dart'
lib/features/core/infrastructure/monitoring/aws_cloudwatch_monitoring.dart:75:7: Error: The non-abstract class 'AwsCloudWatchMonitoring' is missing implementations for these members:
 - MonitoringService.logDebug
 - MonitoringService.recordEvent
 - MonitoringService.recordMetric
Try to either
 - provide an implementation,
 - inherit an implementation from a superclass or mixin,
 - mark the class as abstract, or
 - provide a 'noSuchMethod' implementation.
class AwsCloudWatchMonitoring implements MonitoringService {
      ^^^^^^^^^^^^^^^^^^^^^^^
lib/features/core/infrastructure/monitoring/monitoring_service.dart:23:16: Context: 'MonitoringService.logDebug' is defined here.
  Future<void> logDebug(
               ^^^^^^^^
lib/features/core/infrastructure/monitoring/monitoring_service.dart:42:16: Context: 'MonitoringService.recordEvent' is defined here.
  Future<void> recordEvent(
               ^^^^^^^^^^^
lib/features/core/infrastructure/monitoring/monitoring_service.dart:29:16: Context: 'MonitoringService.recordMetric' is defined here.
  Future<void> recordMetric(
               ^^^^^^^^^^^^
test/features/core/presentation/widgets/queue_status_indicator_test.dart:39:21: Error: Cannot invoke a non-'const' constructor where a const expression is expected.
Try using a constructor or factory that is 'const'.
            appBar: AppBar(
                    ^^^^^^
test/features/core/presentation/widgets/queue_status_indicator_test.dart:70:48: Error: Required named parameter 'priority' must be provided.
        const operation = TripPlanningOperation(
                                               ^
lib/features/travel/domain/models/trip_planning_operation.dart:23:17: Context: Found this candidate, but the arguments don't match.
  const factory TripPlanningOperation({
                ^
test/features/core/presentation/widgets/queue_status_indicator_test.dart:95:48: Error: Required named parameter 'priority' must be provided.
        const operation = TripPlanningOperation(
                                               ^
lib/features/travel/domain/models/trip_planning_operation.dart:23:17: Context: Found this candidate, but the arguments don't match.
  const factory TripPlanningOperation({
                ^
test/features/core/presentation/widgets/queue_status_indicator_test.dart:121:39: Error: Required named parameter 'priority' must be provided.
          (i) => TripPlanningOperation(
                                      ^
lib/features/travel/domain/models/trip_planning_operation.dart:23:17: Context: Found this candidate, but the arguments don't match.
  const factory TripPlanningOperation({
                ^
test/features/core/presentation/widgets/queue_status_indicator_test.dart:148:39: Error: Required named parameter 'priority' must be provided.
          (i) => TripPlanningOperation(
                                      ^
lib/features/travel/domain/models/trip_planning_operation.dart:23:17: Context: Found this candidate, but the arguments don't match.
  const factory TripPlanningOperation({
                ^
test/features/core/presentation/widgets/queue_status_indicator_test.dart:175:48: Error: Required named parameter 'priority' must be provided.
        const operation = TripPlanningOperation(
                                               ^
lib/features/travel/domain/models/trip_planning_operation.dart:23:17: Context: Found this candidate, but the arguments don't match.
  const factory TripPlanningOperation({
                ^
test/features/core/presentation/widgets/queue_status_indicator_test.dart:201:39: Error: Required named parameter 'priority' must be provided.
          (i) => TripPlanningOperation(
                                      ^
lib/features/travel/domain/models/trip_planning_operation.dart:23:17: Context: Found this candidate, but the arguments don't match.
  const factory TripPlanningOperation({
                ^
test/features/core/presentation/widgets/queue_status_indicator_test.dart:228:39: Error: Required named parameter 'priority' must be provided.
          (i) => TripPlanningOperation(
                                      ^
lib/features/travel/domain/models/trip_planning_operation.dart:23:17: Context: Found this candidate, but the arguments don't match.
  const factory TripPlanningOperation({
                ^
test/features/core/presentation/widgets/queue_status_indicator_test.dart:255:39: Error: Required named parameter 'priority' must be provided.
          (i) => TripPlanningOperation(
                                      ^
lib/features/travel/domain/models/trip_planning_operation.dart:23:17: Context: Found this candidate, but the arguments don't match.
  const factory TripPlanningOperation({
                ^
test/features/core/presentation/widgets/queue_status_indicator_test.dart:281:48: Error: Required named parameter 'priority' must be provided.
        const operation = TripPlanningOperation(
                                               ^
lib/features/travel/domain/models/trip_planning_operation.dart:23:17: Context: Found this candidate, but the arguments don't match.
  const factory TripPlanningOperation({
                ^
test/features/core/presentation/widgets/queue_status_indicator_test.dart:307:48: Error: Required named parameter 'priority' must be provided.
        const operation = TripPlanningOperation(
                                               ^
lib/features/travel/domain/models/trip_planning_operation.dart:23:17: Context: Found this candidate, but the arguments don't match.
  const factory TripPlanningOperation({
                ^
test/features/core/presentation/widgets/queue_status_indicator_test.dart:333:48: Error: Required named parameter 'priority' must be provided.
        const operation = TripPlanningOperation(
                                               ^
lib/features/travel/domain/models/trip_planning_operation.dart:23:17: Context: Found this candidate, but the arguments don't match.
  const factory TripPlanningOperation({
                ^
test/features/core/presentation/widgets/queue_status_indicator_test.dart:358:48: Error: Required named parameter 'priority' must be provided.
        const operation = TripPlanningOperation(
                                               ^
lib/features/travel/domain/models/trip_planning_operation.dart:23:17: Context: Found this candidate, but the arguments don't match.
  const factory TripPlanningOperation({
                ^
test/features/core/presentation/widgets/queue_status_indicator_test.dart:400:48: Error: Required named parameter 'priority' must be provided.
        const operation = TripPlanningOperation(
                                               ^
lib/features/travel/domain/models/trip_planning_operation.dart:23:17: Context: Found this candidate, but the arguments don't match.
  const factory TripPlanningOperation({
                ^
test/features/core/presentation/widgets/queue_status_indicator_test.dart:427:25: Error: Cannot invoke a non-'const' constructor where a const expression is expected.
Try using a constructor or factory that is 'const'.
                appBar: AppBar(
                        ^^^^^^
test/features/core/presentation/widgets/queue_status_indicator_test.dart:462:48: Error: Required named parameter 'priority' must be provided.
        const operation = TripPlanningOperation(
                                               ^
lib/features/travel/domain/models/trip_planning_operation.dart:23:17: Context: Found this candidate, but the arguments don't match.
  const factory TripPlanningOperation({
                ^
test/features/core/presentation/widgets/queue_status_indicator_test.dart:487:48: Error: Required named parameter 'priority' must be provided.
        const operation = TripPlanningOperation(
                                               ^
lib/features/travel/domain/models/trip_planning_operation.dart:23:17: Context: Found this candidate, but the arguments don't match.
  const factory TripPlanningOperation({
                ^
test/features/core/presentation/widgets/queue_status_indicator_test.dart:525:49: Error: Required named parameter 'priority' must be provided.
        const operation1 = TripPlanningOperation(
                                                ^
lib/features/travel/domain/models/trip_planning_operation.dart:23:17: Context: Found this candidate, but the arguments don't match.
  const factory TripPlanningOperation({
                ^
test/features/core/presentation/widgets/queue_status_indicator_test.dart:546:49: Error: Required named parameter 'priority' must be provided.
        const operation2 = TripPlanningOperation(
                                                ^
lib/features/travel/domain/models/trip_planning_operation.dart:23:17: Context: Found this candidate, but the arguments don't match.
  const factory TripPlanningOperation({
                ^
test/features/core/presentation/widgets/queue_status_indicator_test.dart:35:55: Error: The argument type 'MockOperationQueueNotifier Function(dynamic)' can't be assigned to the parameter type 'OperationQueueNotifier Function()'.
 - 'MockOperationQueueNotifier' is from 'test/features/core/presentation/widgets/queue_status_indicator_test.dart'.
 - 'OperationQueueNotifier' is from 'package:soloadventurer/features/core/providers/operation_queue_provider.dart' ('lib/features/core/providers/operation_queue_provider.dart').
          operationQueueNotifierProvider.overrideWith((ref) => mockNotifier),
                                                      ^
test/features/core/presentation/widgets/queue_status_indicator_test.dart:131:32: Error: The argument type 'List<dynamic>' can't be assigned to the parameter type 'List<QueueableOperation>'.
 - 'List' is from 'dart:core'.
 - 'QueueableOperation' is from 'package:soloadventurer/features/core/services/operation_queue.dart' ('lib/features/core/services/operation_queue.dart').
            pendingOperations: operations,
                               ^
test/features/core/presentation/widgets/queue_status_indicator_test.dart:158:32: Error: The argument type 'List<dynamic>' can't be assigned to the parameter type 'List<QueueableOperation>'.
 - 'List' is from 'dart:core'.
 - 'QueueableOperation' is from 'package:soloadventurer/features/core/services/operation_queue.dart' ('lib/features/core/services/operation_queue.dart').
            pendingOperations: operations,
                               ^
test/features/core/presentation/widgets/queue_status_indicator_test.dart:211:32: Error: The argument type 'List<dynamic>' can't be assigned to the parameter type 'List<QueueableOperation>'.
 - 'List' is from 'dart:core'.
 - 'QueueableOperation' is from 'package:soloadventurer/features/core/services/operation_queue.dart' ('lib/features/core/services/operation_queue.dart').
            pendingOperations: operations,
                               ^
test/features/core/presentation/widgets/queue_status_indicator_test.dart:238:32: Error: The argument type 'List<dynamic>' can't be assigned to the parameter type 'List<QueueableOperation>'.
 - 'List' is from 'dart:core'.
 - 'QueueableOperation' is from 'package:soloadventurer/features/core/services/operation_queue.dart' ('lib/features/core/services/operation_queue.dart').
            pendingOperations: operations,
                               ^
test/features/core/presentation/widgets/queue_status_indicator_test.dart:265:32: Error: The argument type 'List<dynamic>' can't be assigned to the parameter type 'List<QueueableOperation>'.
 - 'List' is from 'dart:core'.
 - 'QueueableOperation' is from 'package:soloadventurer/features/core/services/operation_queue.dart' ('lib/features/core/services/operation_queue.dart').
            pendingOperations: operations,
                               ^
test/features/core/presentation/widgets/queue_status_indicator_test.dart:423:33: Error: The argument type 'MockOperationQueueNotifier Function(dynamic)' can't be assigned to the parameter type 'OperationQueueNotifier Function()'.
 - 'MockOperationQueueNotifier' is from 'test/features/core/presentation/widgets/queue_status_indicator_test.dart'.
 - 'OperationQueueNotifier' is from 'package:soloadventurer/features/core/providers/operation_queue_provider.dart' ('lib/features/core/providers/operation_queue_provider.dart').
                  .overrideWith((ref) => mockNotifier),
                                ^
lib/features/core/services/operation_queue.dart:267:45: Error: Cannot invoke a non-'const' constructor where a const expression is expected.
Try using a constructor or factory that is 'const'.
  final RetryStrategy retryStrategy = const ExponentialBackoffStrategy(
                                            ^^^^^^^^^^^^^^^^^^^^^^^^^^
lib/features/core/services/operation_queue.dart:689:43: Error: The method 'loadOperations' isn't defined for the type 'AsyncValue<void>'.
 - 'AsyncValue' is from 'package:riverpod/src/common.dart' ('../.pub-cache/hosted/pub.dev/riverpod-2.6.1/lib/src/common.dart').
Try correcting the name to the name of an existing method, or defining a method named 'loadOperations'.
      final result = await storageService.loadOperations();
                                          ^^^^^^^^^^^^^^
lib/features/core/services/operation_queue.dart:766:51: Error: The method 'savePendingOperations' isn't defined for the type 'AsyncValue<void>'.
 - 'AsyncValue' is from 'package:riverpod/src/common.dart' ('../.pub-cache/hosted/pub.dev/riverpod-2.6.1/lib/src/common.dart').
Try correcting the name to the name of an existing method, or defining a method named 'savePendingOperations'.
      final pendingSuccess = await storageService.savePendingOperations(
                                                  ^^^^^^^^^^^^^^^^^^^^^
lib/features/core/services/operation_queue.dart:771:50: Error: The method 'saveFailedOperations' isn't defined for the type 'AsyncValue<void>'.
 - 'AsyncValue' is from 'package:riverpod/src/common.dart' ('../.pub-cache/hosted/pub.dev/riverpod-2.6.1/lib/src/common.dart').
Try correcting the name to the name of an existing method, or defining a method named 'saveFailedOperations'.
      final failedSuccess = await storageService.saveFailedOperations(
                                                 ^^^^^^^^^^^^^^^^^^^^
00:12 +84 -7: loading /Users/anthonyforan/SoloAdventurer_app/test/features/core/presentation/widgets/queue_status_indicator_test.dart [E]                                                              
  Failed to load "/Users/anthonyforan/SoloAdventurer_app/test/features/core/presentation/widgets/queue_status_indicator_test.dart":
  Compilation failed for testPath=/Users/anthonyforan/SoloAdventurer_app/test/features/core/presentation/widgets/queue_status_indicator_test.dart: lib/features/core/infrastructure/monitoring/aws_cloudwatch_monitoring.dart:75:7: Error: The non-abstract class 'AwsCloudWatchMonitoring' is missing implementations for these members:
   - MonitoringService.logDebug
   - MonitoringService.recordEvent
   - MonitoringService.recordMetric
  Try to either
   - provide an implementation,
   - inherit an implementation from a superclass or mixin,
   - mark the class as abstract, or
   - provide a 'noSuchMethod' implementation.
  class AwsCloudWatchMonitoring implements MonitoringService {
        ^^^^^^^^^^^^^^^^^^^^^^^
  lib/features/core/infrastructure/monitoring/monitoring_service.dart:23:16: Context: 'MonitoringService.logDebug' is defined here.
    Future<void> logDebug(
                 ^^^^^^^^
  lib/features/core/infrastructure/monitoring/monitoring_service.dart:42:16: Context: 'MonitoringService.recordEvent' is defined here.
    Future<void> recordEvent(
                 ^^^^^^^^^^^
  lib/features/core/infrastructure/monitoring/monitoring_service.dart:29:16: Context: 'MonitoringService.recordMetric' is defined here.
    Future<void> recordMetric(
                 ^^^^^^^^^^^^
  test/features/core/presentation/widgets/queue_status_indicator_test.dart:39:21: Error: Cannot invoke a non-'const' constructor where a const expression is expected.
  Try using a constructor or factory that is 'const'.
              appBar: AppBar(
                      ^^^^^^
  test/features/core/presentation/widgets/queue_status_indicator_test.dart:70:48: Error: Required named parameter 'priority' must be provided.
          const operation = TripPlanningOperation(
                                                 ^
  lib/features/travel/domain/models/trip_planning_operation.dart:23:17: Context: Found this candidate, but the arguments don't match.
    const factory TripPlanningOperation({
                  ^
  test/features/core/presentation/widgets/queue_status_indicator_test.dart:95:48: Error: Required named parameter 'priority' must be provided.
          const operation = TripPlanningOperation(
                                                 ^
  lib/features/travel/domain/models/trip_planning_operation.dart:23:17: Context: Found this candidate, but the arguments don't match.
    const factory TripPlanningOperation({
                  ^
  test/features/core/presentation/widgets/queue_status_indicator_test.dart:121:39: Error: Required named parameter 'priority' must be provided.
            (i) => TripPlanningOperation(
                                        ^
  lib/features/travel/domain/models/trip_planning_operation.dart:23:17: Context: Found this candidate, but the arguments don't match.
    const factory TripPlanningOperation({
                  ^
  test/features/core/presentation/widgets/queue_status_indicator_test.dart:148:39: Error: Required named parameter 'priority' must be provided.
            (i) => TripPlanningOperation(
                                        ^
  lib/features/travel/domain/models/trip_planning_operation.dart:23:17: Context: Found this candidate, but the arguments don't match.
    const factory TripPlanningOperation({
                  ^
  test/features/core/presentation/widgets/queue_status_indicator_test.dart:175:48: Error: Required named parameter 'priority' must be provided.
          const operation = TripPlanningOperation(
                                                 ^
  lib/features/travel/domain/models/trip_planning_operation.dart:23:17: Context: Found this candidate, but the arguments don't match.
    const factory TripPlanningOperation({
                  ^
  test/features/core/presentation/widgets/queue_status_indicator_test.dart:201:39: Error: Required named parameter 'priority' must be provided.
            (i) => TripPlanningOperation(
                                        ^
  lib/features/travel/domain/models/trip_planning_operation.dart:23:17: Context: Found this candidate, but the arguments don't match.
    const factory TripPlanningOperation({
                  ^
  test/features/core/presentation/widgets/queue_status_indicator_test.dart:228:39: Error: Required named parameter 'priority' must be provided.
            (i) => TripPlanningOperation(
                                        ^
  lib/features/travel/domain/models/trip_planning_operation.dart:23:17: Context: Found this candidate, but the arguments don't match.
    const factory TripPlanningOperation({
                  ^
  test/features/core/presentation/widgets/queue_status_indicator_test.dart:255:39: Error: Required named parameter 'priority' must be provided.
            (i) => TripPlanningOperation(
                                        ^
  lib/features/travel/domain/models/trip_planning_operation.dart:23:17: Context: Found this candidate, but the arguments don't match.
    const factory TripPlanningOperation({
                  ^
  test/features/core/presentation/widgets/queue_status_indicator_test.dart:281:48: Error: Required named parameter 'priority' must be provided.
          const operation = TripPlanningOperation(
                                                 ^
  lib/features/travel/domain/models/trip_planning_operation.dart:23:17: Context: Found this candidate, but the arguments don't match.
    const factory TripPlanningOperation({
                  ^
  test/features/core/presentation/widgets/queue_status_indicator_test.dart:307:48: Error: Required named parameter 'priority' must be provided.
          const operation = TripPlanningOperation(
                                                 ^
  lib/features/travel/domain/models/trip_planning_operation.dart:23:17: Context: Found this candidate, but the arguments don't match.
    const factory TripPlanningOperation({
                  ^
  test/features/core/presentation/widgets/queue_status_indicator_test.dart:333:48: Error: Required named parameter 'priority' must be provided.
          const operation = TripPlanningOperation(
                                                 ^
  lib/features/travel/domain/models/trip_planning_operation.dart:23:17: Context: Found this candidate, but the arguments don't match.
    const factory TripPlanningOperation({
                  ^
  test/features/core/presentation/widgets/queue_status_indicator_test.dart:358:48: Error: Required named parameter 'priority' must be provided.
          const operation = TripPlanningOperation(
                                                 ^
  lib/features/travel/domain/models/trip_planning_operation.dart:23:17: Context: Found this candidate, but the arguments don't match.
    const factory TripPlanningOperation({
                  ^
  test/features/core/presentation/widgets/queue_status_indicator_test.dart:400:48: Error: Required named parameter 'priority' must be provided.
          const operation = TripPlanningOperation(
                                                 ^
  lib/features/travel/domain/models/trip_planning_operation.dart:23:17: Context: Found this candidate, but the arguments don't match.
    const factory TripPlanningOperation({
                  ^
  test/features/core/presentation/widgets/queue_status_indicator_test.dart:427:25: Error: Cannot invoke a non-'const' constructor where a const expression is expected.
  Try using a constructor or factory that is 'const'.
                  appBar: AppBar(
                          ^^^^^^
  test/features/core/presentation/widgets/queue_status_indicator_test.dart:462:48: Error: Required named parameter 'priority' must be provided.
          const operation = TripPlanningOperation(
                                                 ^
  lib/features/travel/domain/models/trip_planning_operation.dart:23:17: Context: Found this candidate, but the arguments don't match.
    const factory TripPlanningOperation({
                  ^
  test/features/core/presentation/widgets/queue_status_indicator_test.dart:487:48: Error: Required named parameter 'priority' must be provided.
          const operation = TripPlanningOperation(
                                                 ^
  lib/features/travel/domain/models/trip_planning_operation.dart:23:17: Context: Found this candidate, but the arguments don't match.
    const factory TripPlanningOperation({
                  ^
  test/features/core/presentation/widgets/queue_status_indicator_test.dart:525:49: Error: Required named parameter 'priority' must be provided.
          const operation1 = TripPlanningOperation(
                                                  ^
  lib/features/travel/domain/models/trip_planning_operation.dart:23:17: Context: Found this candidate, but the arguments don't match.
    const factory TripPlanningOperation({
                  ^
  test/features/core/presentation/widgets/queue_status_indicator_test.dart:546:49: Error: Required named parameter 'priority' must be provided.
          const operation2 = TripPlanningOperation(
                                                  ^
  lib/features/travel/domain/models/trip_planning_operation.dart:23:17: Context: Found this candidate, but the arguments don't match.
    const factory TripPlanningOperation({
                  ^
  test/features/core/presentation/widgets/queue_status_indicator_test.dart:35:55: Error: The argument type 'MockOperationQueueNotifier Function(dynamic)' can't be assigned to the parameter type 'OperationQueueNotifier Function()'.
   - 'MockOperationQueueNotifier' is from 'test/features/core/presentation/widgets/queue_status_indicator_test.dart'.
   - 'OperationQueueNotifier' is from 'package:soloadventurer/features/core/providers/operation_queue_provider.dart' ('lib/features/core/providers/operation_queue_provider.dart').
            operationQueueNotifierProvider.overrideWith((ref) => mockNotifier),
                                                        ^
  test/features/core/presentation/widgets/queue_status_indicator_test.dart:131:32: Error: The argument type 'List<dynamic>' can't be assigned to the parameter type 'List<QueueableOperation>'.
   - 'List' is from 'dart:core'.
   - 'QueueableOperation' is from 'package:soloadventurer/features/core/services/operation_queue.dart' ('lib/features/core/services/operation_queue.dart').
              pendingOperations: operations,
                                 ^
  test/features/core/presentation/widgets/queue_status_indicator_test.dart:158:32: Error: The argument type 'List<dynamic>' can't be assigned to the parameter type 'List<QueueableOperation>'.
   - 'List' is from 'dart:core'.
   - 'QueueableOperation' is from 'package:soloadventurer/features/core/services/operation_queue.dart' ('lib/features/core/services/operation_queue.dart').
              pendingOperations: operations,
                                 ^
  test/features/core/presentation/widgets/queue_status_indicator_test.dart:211:32: Error: The argument type 'List<dynamic>' can't be assigned to the parameter type 'List<QueueableOperation>'.
   - 'List' is from 'dart:core'.
   - 'QueueableOperation' is from 'package:soloadventurer/features/core/services/operation_queue.dart' ('lib/features/core/services/operation_queue.dart').
              pendingOperations: operations,
                                 ^
  test/features/core/presentation/widgets/queue_status_indicator_test.dart:238:32: Error: The argument type 'List<dynamic>' can't be assigned to the parameter type 'List<QueueableOperation>'.
   - 'List' is from 'dart:core'.
   - 'QueueableOperation' is from 'package:soloadventurer/features/core/services/operation_queue.dart' ('lib/features/core/services/operation_queue.dart').
              pendingOperations: operations,
                                 ^
  test/features/core/presentation/widgets/queue_status_indicator_test.dart:265:32: Error: The argument type 'List<dynamic>' can't be assigned to the parameter type 'List<QueueableOperation>'.
   - 'List' is from 'dart:core'.
   - 'QueueableOperation' is from 'package:soloadventurer/features/core/services/operation_queue.dart' ('lib/features/core/services/operation_queue.dart').
              pendingOperations: operations,
                                 ^
  test/features/core/presentation/widgets/queue_status_indicator_test.dart:423:33: Error: The argument type 'MockOperationQueueNotifier Function(dynamic)' can't be assigned to the parameter type 'OperationQueueNotifier Function()'.
   - 'MockOperationQueueNotifier' is from 'test/features/core/presentation/widgets/queue_status_indicator_test.dart'.
   - 'OperationQueueNotifier' is from 'package:soloadventurer/features/core/providers/operation_queue_provider.dart' ('lib/features/core/providers/operation_queue_provider.dart').
                    .overrideWith((ref) => mockNotifier),
                                  ^
  lib/features/core/services/operation_queue.dart:267:45: Error: Cannot invoke a non-'const' constructor where a const expression is expected.
  Try using a constructor or factory that is 'const'.
    final RetryStrategy retryStrategy = const ExponentialBackoffStrategy(
                                              ^^^^^^^^^^^^^^^^^^^^^^^^^^
  lib/features/core/services/operation_queue.dart:689:43: Error: The method 'loadOperations' isn't defined for the type 'AsyncValue<void>'.
   - 'AsyncValue' is from 'package:riverpod/src/common.dart' ('../.pub-cache/hosted/pub.dev/riverpod-2.6.1/lib/src/common.dart').
  Try correcting the name to the name of an existing method, or defining a method named 'loadOperations'.
        final result = await storageService.loadOperations();
                                            ^^^^^^^^^^^^^^
  lib/features/core/services/operation_queue.dart:766:51: Error: The method 'savePendingOperations' isn't defined for the type 'AsyncValue<void>'.
   - 'AsyncValue' is from 'package:riverpod/src/common.dart' ('../.pub-cache/hosted/pub.dev/riverpod-2.6.1/lib/src/common.dart').
  Try correcting the name to the name of an existing method, or defining a method named 'savePendingOperations'.
        final pendingSuccess = await storageService.savePendingOperations(
                                                    ^^^^^^^^^^^^^^^^^^^^^
  lib/features/core/services/operation_queue.dart:771:50: Error: The method 'saveFailedOperations' isn't defined for the type 'AsyncValue<void>'.
   - 'AsyncValue' is from 'package:riverpod/src/common.dart' ('../.pub-cache/hosted/pub.dev/riverpod-2.6.1/lib/src/common.dart').
  Try correcting the name to the name of an existing method, or defining a method named 'saveFailedOperations'.
        final failedSuccess = await storageService.saveFailedOperations(
                                                   ^^^^^^^^^^^^^^^^^^^^
  .

To run this test again: /opt/homebrew/Caskroom/flutter/3.32.5/flutter/bin/cache/dart-sdk/bin/dart test /Users/anthonyforan/SoloAdventurer_app/test/features/core/presentation/widgets/queue_status_indicator_test.dart -p vm --plain-name 'loading /Users/anthonyforan/SoloAdventurer_app/test/features/core/presentation/widgets/queue_status_indicator_test.dart'
lib/features/core/infrastructure/monitoring/aws_cloudwatch_monitoring.dart:75:7: Error: The non-abstract class 'AwsCloudWatchMonitoring' is missing implementations for these members:
 - MonitoringService.logDebug
 - MonitoringService.recordEvent
 - MonitoringService.recordMetric
Try to either
 - provide an implementation,
 - inherit an implementation from a superclass or mixin,
 - mark the class as abstract, or
 - provide a 'noSuchMethod' implementation.
class AwsCloudWatchMonitoring implements MonitoringService {
      ^^^^^^^^^^^^^^^^^^^^^^^
lib/features/core/infrastructure/monitoring/monitoring_service.dart:23:16: Context: 'MonitoringService.logDebug' is defined here.
  Future<void> logDebug(
               ^^^^^^^^
lib/features/core/infrastructure/monitoring/monitoring_service.dart:42:16: Context: 'MonitoringService.recordEvent' is defined here.
  Future<void> recordEvent(
               ^^^^^^^^^^^
lib/features/core/infrastructure/monitoring/monitoring_service.dart:29:16: Context: 'MonitoringService.recordMetric' is defined here.
  Future<void> recordMetric(
               ^^^^^^^^^^^^
test/features/core/presentation/widgets/operation_list_item_test.dart:26:16: Error: 'QueueableOperation' isn't a type.
      required QueueableOperation operation,
               ^^^^^^^^^^^^^^^^^^
test/features/core/presentation/widgets/operation_list_item_test.dart:57:11: Error: No named parameter with the name 'noteId'.
          noteId: 'note-id-789',
          ^^^^^^
lib/features/travel/domain/models/travel_note_operation.dart:22:17: Context: Found this candidate, but the arguments don't match.
  const factory TravelNoteOperation({
                ^
test/features/core/presentation/widgets/operation_list_item_test.dart:72:11: Error: No named parameter with the name 'tripId'.
          tripId: 'trip-id-456',
          ^^^^^^
lib/features/travel/domain/models/location_update_operation.dart:13:17: Context: Found this candidate, but the arguments don't match.
  const factory LocationUpdateOperation({
                ^
test/features/core/presentation/widgets/operation_list_item_test.dart:317:52: Error: Required named parameter 'priority' must be provided.
        const tripOperation = TripPlanningOperation(
                                                   ^
lib/features/travel/domain/models/trip_planning_operation.dart:23:17: Context: Found this candidate, but the arguments don't match.
  const factory TripPlanningOperation({
                ^
lib/features/core/services/operation_queue.dart:267:45: Error: Cannot invoke a non-'const' constructor where a const expression is expected.
Try using a constructor or factory that is 'const'.
  final RetryStrategy retryStrategy = const ExponentialBackoffStrategy(
                                            ^^^^^^^^^^^^^^^^^^^^^^^^^^
lib/features/core/services/operation_queue.dart:689:43: Error: The method 'loadOperations' isn't defined for the type 'AsyncValue<void>'.
 - 'AsyncValue' is from 'package:riverpod/src/common.dart' ('../.pub-cache/hosted/pub.dev/riverpod-2.6.1/lib/src/common.dart').
Try correcting the name to the name of an existing method, or defining a method named 'loadOperations'.
      final result = await storageService.loadOperations();
                                          ^^^^^^^^^^^^^^
lib/features/core/services/operation_queue.dart:766:51: Error: The method 'savePendingOperations' isn't defined for the type 'AsyncValue<void>'.
 - 'AsyncValue' is from 'package:riverpod/src/common.dart' ('../.pub-cache/hosted/pub.dev/riverpod-2.6.1/lib/src/common.dart').
Try correcting the name to the name of an existing method, or defining a method named 'savePendingOperations'.
      final pendingSuccess = await storageService.savePendingOperations(
                                                  ^^^^^^^^^^^^^^^^^^^^^
lib/features/core/services/operation_queue.dart:771:50: Error: The method 'saveFailedOperations' isn't defined for the type 'AsyncValue<void>'.
 - 'AsyncValue' is from 'package:riverpod/src/common.dart' ('../.pub-cache/hosted/pub.dev/riverpod-2.6.1/lib/src/common.dart').
Try correcting the name to the name of an existing method, or defining a method named 'saveFailedOperations'.
      final failedSuccess = await storageService.saveFailedOperations(
                                                 ^^^^^^^^^^^^^^^^^^^^
lib/app/theme/app_theme.dart:61:16: Error: The argument type 'CardTheme' can't be assigned to the parameter type 'CardThemeData?'.
 - 'CardTheme' is from 'package:flutter/src/material/card_theme.dart' ('/opt/homebrew/Caskroom/flutter/3.32.5/flutter/packages/flutter/lib/src/material/card_theme.dart').
 - 'CardThemeData' is from 'package:flutter/src/material/card_theme.dart' ('/opt/homebrew/Caskroom/flutter/3.32.5/flutter/packages/flutter/lib/src/material/card_theme.dart').
    cardTheme: CardTheme(
               ^
lib/app/theme/app_theme.dart:109:16: Error: The argument type 'CardTheme' can't be assigned to the parameter type 'CardThemeData?'.
 - 'CardTheme' is from 'package:flutter/src/material/card_theme.dart' ('/opt/homebrew/Caskroom/flutter/3.32.5/flutter/packages/flutter/lib/src/material/card_theme.dart').
 - 'CardThemeData' is from 'package:flutter/src/material/card_theme.dart' ('/opt/homebrew/Caskroom/flutter/3.32.5/flutter/packages/flutter/lib/src/material/card_theme.dart').
    cardTheme: CardTheme(
               ^
00:15 +84 -8: loading /Users/anthonyforan/SoloAdventurer_app/test/features/core/presentation/widgets/operation_list_item_test.dart [E]                                                                 
  Failed to load "/Users/anthonyforan/SoloAdventurer_app/test/features/core/presentation/widgets/operation_list_item_test.dart":
  Compilation failed for testPath=/Users/anthonyforan/SoloAdventurer_app/test/features/core/presentation/widgets/operation_list_item_test.dart: lib/features/core/infrastructure/monitoring/aws_cloudwatch_monitoring.dart:75:7: Error: The non-abstract class 'AwsCloudWatchMonitoring' is missing implementations for these members:
   - MonitoringService.logDebug
   - MonitoringService.recordEvent
   - MonitoringService.recordMetric
  Try to either
   - provide an implementation,
   - inherit an implementation from a superclass or mixin,
   - mark the class as abstract, or
   - provide a 'noSuchMethod' implementation.
  class AwsCloudWatchMonitoring implements MonitoringService {
        ^^^^^^^^^^^^^^^^^^^^^^^
  lib/features/core/infrastructure/monitoring/monitoring_service.dart:23:16: Context: 'MonitoringService.logDebug' is defined here.
    Future<void> logDebug(
                 ^^^^^^^^
  lib/features/core/infrastructure/monitoring/monitoring_service.dart:42:16: Context: 'MonitoringService.recordEvent' is defined here.
    Future<void> recordEvent(
                 ^^^^^^^^^^^
  lib/features/core/infrastructure/monitoring/monitoring_service.dart:29:16: Context: 'MonitoringService.recordMetric' is defined here.
    Future<void> recordMetric(
                 ^^^^^^^^^^^^
  test/features/core/presentation/widgets/operation_list_item_test.dart:26:16: Error: 'QueueableOperation' isn't a type.
        required QueueableOperation operation,
                 ^^^^^^^^^^^^^^^^^^
  test/features/core/presentation/widgets/operation_list_item_test.dart:57:11: Error: No named parameter with the name 'noteId'.
            noteId: 'note-id-789',
            ^^^^^^
  lib/features/travel/domain/models/travel_note_operation.dart:22:17: Context: Found this candidate, but the arguments don't match.
    const factory TravelNoteOperation({
                  ^
  test/features/core/presentation/widgets/operation_list_item_test.dart:72:11: Error: No named parameter with the name 'tripId'.
            tripId: 'trip-id-456',
            ^^^^^^
  lib/features/travel/domain/models/location_update_operation.dart:13:17: Context: Found this candidate, but the arguments don't match.
    const factory LocationUpdateOperation({
                  ^
  test/features/core/presentation/widgets/operation_list_item_test.dart:317:52: Error: Required named parameter 'priority' must be provided.
          const tripOperation = TripPlanningOperation(
                                                     ^
  lib/features/travel/domain/models/trip_planning_operation.dart:23:17: Context: Found this candidate, but the arguments don't match.
    const factory TripPlanningOperation({
                  ^
  lib/features/core/services/operation_queue.dart:267:45: Error: Cannot invoke a non-'const' constructor where a const expression is expected.
  Try using a constructor or factory that is 'const'.
    final RetryStrategy retryStrategy = const ExponentialBackoffStrategy(
                                              ^^^^^^^^^^^^^^^^^^^^^^^^^^
  lib/features/core/services/operation_queue.dart:689:43: Error: The method 'loadOperations' isn't defined for the type 'AsyncValue<void>'.
   - 'AsyncValue' is from 'package:riverpod/src/common.dart' ('../.pub-cache/hosted/pub.dev/riverpod-2.6.1/lib/src/common.dart').
  Try correcting the name to the name of an existing method, or defining a method named 'loadOperations'.
        final result = await storageService.loadOperations();
                                            ^^^^^^^^^^^^^^
  lib/features/core/services/operation_queue.dart:766:51: Error: The method 'savePendingOperations' isn't defined for the type 'AsyncValue<void>'.
   - 'AsyncValue' is from 'package:riverpod/src/common.dart' ('../.pub-cache/hosted/pub.dev/riverpod-2.6.1/lib/src/common.dart').
  Try correcting the name to the name of an existing method, or defining a method named 'savePendingOperations'.
        final pendingSuccess = await storageService.savePendingOperations(
                                                    ^^^^^^^^^^^^^^^^^^^^^
  lib/features/core/services/operation_queue.dart:771:50: Error: The method 'saveFailedOperations' isn't defined for the type 'AsyncValue<void>'.
   - 'AsyncValue' is from 'package:riverpod/src/common.dart' ('../.pub-cache/hosted/pub.dev/riverpod-2.6.1/lib/src/common.dart').
  Try correcting the name to the name of an existing method, or defining a method named 'saveFailedOperations'.
        final failedSuccess = await storageService.saveFailedOperations(
                                                   ^^^^^^^^^^^^^^^^^^^^
  lib/app/theme/app_theme.dart:61:16: Error: The argument type 'CardTheme' can't be assigned to the parameter type 'CardThemeData?'.
   - 'CardTheme' is from 'package:flutter/src/material/card_theme.dart' ('/opt/homebrew/Caskroom/flutter/3.32.5/flutter/packages/flutter/lib/src/material/card_theme.dart').
   - 'CardThemeData' is from 'package:flutter/src/material/card_theme.dart' ('/opt/homebrew/Caskroom/flutter/3.32.5/flutter/packages/flutter/lib/src/material/card_theme.dart').
      cardTheme: CardTheme(
                 ^
  lib/app/theme/app_theme.dart:109:16: Error: The argument type 'CardTheme' can't be assigned to the parameter type 'CardThemeData?'.
   - 'CardTheme' is from 'package:flutter/src/material/card_theme.dart' ('/opt/homebrew/Caskroom/flutter/3.32.5/flutter/packages/flutter/lib/src/material/card_theme.dart').
   - 'CardThemeData' is from 'package:flutter/src/material/card_theme.dart' ('/opt/homebrew/Caskroom/flutter/3.32.5/flutter/packages/flutter/lib/src/material/card_theme.dart').
      cardTheme: CardTheme(
                 ^
  .

To run this test again: /opt/homebrew/Caskroom/flutter/3.32.5/flutter/bin/cache/dart-sdk/bin/dart test /Users/anthonyforan/SoloAdventurer_app/test/features/core/presentation/widgets/operation_list_item_test.dart -p vm --plain-name 'loading /Users/anthonyforan/SoloAdventurer_app/test/features/core/presentation/widgets/operation_list_item_test.dart'
lib/features/core/infrastructure/monitoring/aws_cloudwatch_monitoring.dart:75:7: Error: The non-abstract class 'AwsCloudWatchMonitoring' is missing implementations for these members:
 - MonitoringService.logDebug
 - MonitoringService.recordEvent
 - MonitoringService.recordMetric
Try to either
 - provide an implementation,
 - inherit an implementation from a superclass or mixin,
 - mark the class as abstract, or
 - provide a 'noSuchMethod' implementation.
class AwsCloudWatchMonitoring implements MonitoringService {
      ^^^^^^^^^^^^^^^^^^^^^^^
lib/features/core/infrastructure/monitoring/monitoring_service.dart:23:16: Context: 'MonitoringService.logDebug' is defined here.
  Future<void> logDebug(
               ^^^^^^^^
lib/features/core/infrastructure/monitoring/monitoring_service.dart:42:16: Context: 'MonitoringService.recordEvent' is defined here.
  Future<void> recordEvent(
               ^^^^^^^^^^^
lib/features/core/infrastructure/monitoring/monitoring_service.dart:29:16: Context: 'MonitoringService.recordMetric' is defined here.
  Future<void> recordMetric(
               ^^^^^^^^^^^^
test/features/core/services/operation_queue_test.dart:13:26: Error: Cannot invoke a non-'const' constructor where a const expression is expected.
Try using a constructor or factory that is 'const'.
        const strategy = ExponentialBackoffStrategy(
                         ^^^^^^^^^^^^^^^^^^^^^^^^^^
test/features/core/services/operation_queue_test.dart:34:26: Error: Cannot invoke a non-'const' constructor where a const expression is expected.
Try using a constructor or factory that is 'const'.
        const strategy = ExponentialBackoffStrategy(
                         ^^^^^^^^^^^^^^^^^^^^^^^^^^
test/features/core/services/operation_queue_test.dart:50:26: Error: Cannot invoke a non-'const' constructor where a const expression is expected.
Try using a constructor or factory that is 'const'.
        const strategy = ExponentialBackoffStrategy(
                         ^^^^^^^^^^^^^^^^^^^^^^^^^^
test/features/core/services/operation_queue_test.dart:64:26: Error: Cannot invoke a non-'const' constructor where a const expression is expected.
Try using a constructor or factory that is 'const'.
        const strategy = ExponentialBackoffStrategy(
                         ^^^^^^^^^^^^^^^^^^^^^^^^^^
test/features/core/services/operation_queue_test.dart:112:48: Error: Required named parameter 'priority' must be provided.
        const operation = TripPlanningOperation(
                                               ^
lib/features/travel/domain/models/trip_planning_operation.dart:23:17: Context: Found this candidate, but the arguments don't match.
  const factory TripPlanningOperation({
                ^
test/features/core/services/operation_queue_test.dart:126:48: Error: Required named parameter 'priority' must be provided.
        const operation = TripPlanningOperation(
                                               ^
lib/features/travel/domain/models/trip_planning_operation.dart:23:17: Context: Found this candidate, but the arguments don't match.
  const factory TripPlanningOperation({
                ^
test/features/core/services/operation_queue_test.dart:140:48: Error: Required named parameter 'priority' must be provided.
        const operation = TripPlanningOperation(
                                               ^
lib/features/travel/domain/models/trip_planning_operation.dart:23:17: Context: Found this candidate, but the arguments don't match.
  const factory TripPlanningOperation({
                ^
test/features/core/services/operation_queue_test.dart:153:48: Error: Required named parameter 'priority' must be provided.
        const operation = TripPlanningOperation(
                                               ^
lib/features/travel/domain/models/trip_planning_operation.dart:23:17: Context: Found this candidate, but the arguments don't match.
  const factory TripPlanningOperation({
                ^
test/features/core/services/operation_queue_test.dart:166:46: Error: Required named parameter 'noteType' must be provided.
        final operation = TravelNoteOperation(
                                             ^
lib/features/travel/domain/models/travel_note_operation.dart:22:17: Context: Found this candidate, but the arguments don't match.
  const factory TravelNoteOperation({
                ^
test/features/core/services/operation_queue_test.dart:184:11: Error: No named parameter with the name 'tripId'.
          tripId: 'trip1',
          ^^^^^^
lib/features/travel/domain/models/location_update_operation.dart:13:17: Context: Found this candidate, but the arguments don't match.
  const factory LocationUpdateOperation({
                ^
test/features/core/services/operation_queue_test.dart:230:43: Error: Required named parameter 'noteType' must be provided.
        final noteOp = TravelNoteOperation(
                                          ^
lib/features/travel/domain/models/travel_note_operation.dart:22:17: Context: Found this candidate, but the arguments don't match.
  const factory TravelNoteOperation({
                ^
test/features/core/services/operation_queue_test.dart:246:11: Error: No named parameter with the name 'tripId'.
          tripId: 'trip1',
          ^^^^^^
lib/features/travel/domain/models/location_update_operation.dart:13:17: Context: Found this candidate, but the arguments don't match.
  const factory LocationUpdateOperation({
                ^
test/features/core/services/operation_queue_test.dart:499:26: Error: Cannot invoke a non-'const' constructor where a const expression is expected.
Try using a constructor or factory that is 'const'.
        const strategy = ExponentialBackoffStrategy(
                         ^^^^^^^^^^^^^^^^^^^^^^^^^^
test/features/core/services/operation_queue_test.dart:524:26: Error: Cannot invoke a non-'const' constructor where a const expression is expected.
Try using a constructor or factory that is 'const'.
        const strategy = ExponentialBackoffStrategy(
                         ^^^^^^^^^^^^^^^^^^^^^^^^^^
test/features/core/services/operation_queue_test.dart:543:26: Error: Cannot invoke a non-'const' constructor where a const expression is expected.
Try using a constructor or factory that is 'const'.
        const strategy = ExponentialBackoffStrategy(
                         ^^^^^^^^^^^^^^^^^^^^^^^^^^
test/features/core/services/operation_queue_test.dart:656:26: Error: Cannot invoke a non-'const' constructor where a const expression is expected.
Try using a constructor or factory that is 'const'.
        const strategy = ExponentialBackoffStrategy(
                         ^^^^^^^^^^^^^^^^^^^^^^^^^^
test/features/core/services/operation_queue_test.dart:669:26: Error: Cannot invoke a non-'const' constructor where a const expression is expected.
Try using a constructor or factory that is 'const'.
        const strategy = ExponentialBackoffStrategy(
                         ^^^^^^^^^^^^^^^^^^^^^^^^^^
test/features/core/services/operation_queue_test.dart:684:26: Error: Cannot invoke a non-'const' constructor where a const expression is expected.
Try using a constructor or factory that is 'const'.
        const strategy = ExponentialBackoffStrategy(
                         ^^^^^^^^^^^^^^^^^^^^^^^^^^
test/features/core/services/operation_queue_test.dart:727:46: Error: Required named parameter 'noteType' must be provided.
        final operation = TravelNoteOperation(
                                             ^
lib/features/travel/domain/models/travel_note_operation.dart:22:17: Context: Found this candidate, but the arguments don't match.
  const factory TravelNoteOperation({
                ^
test/features/core/services/operation_queue_test.dart:742:11: Error: No named parameter with the name 'tripId'.
          tripId: 'trip1',
          ^^^^^^
lib/features/travel/domain/models/location_update_operation.dart:13:17: Context: Found this candidate, but the arguments don't match.
  const factory LocationUpdateOperation({
                ^
test/features/core/services/operation_queue_test.dart:758:43: Error: Required named parameter 'noteType' must be provided.
        final noteOp = TravelNoteOperation(
                                          ^
lib/features/travel/domain/models/travel_note_operation.dart:22:17: Context: Found this candidate, but the arguments don't match.
  const factory TravelNoteOperation({
                ^
test/features/core/services/operation_queue_test.dart:766:11: Error: No named parameter with the name 'tripId'.
          tripId: 'trip1',
          ^^^^^^
lib/features/travel/domain/models/location_update_operation.dart:13:17: Context: Found this candidate, but the arguments don't match.
  const factory LocationUpdateOperation({
                ^
test/features/core/services/operation_queue_test.dart:593:33: Error: The operator '>=' isn't defined for the type 'OperationPriority'.
 - 'OperationPriority' is from 'package:soloadventurer/features/core/services/operation_priority.dart' ('lib/features/core/services/operation_priority.dart').
Try correcting the operator to an existing operator, or defining a '>=' operator.
        expect(criticalPriority >= 1000, isTrue);
                                ^^
test/features/core/services/operation_queue_test.dart:594:31: Error: The operator '>=' isn't defined for the type 'OperationPriority'.
 - 'OperationPriority' is from 'package:soloadventurer/features/core/services/operation_priority.dart' ('lib/features/core/services/operation_priority.dart').
Try correcting the operator to an existing operator, or defining a '>=' operator.
        expect(normalPriority >= 1000, isFalse);
                              ^^
test/features/core/services/operation_queue_test.dart:791:31: Error: Required named parameter 'priority' must be provided.
  return TripPlanningOperation(
                              ^
lib/features/travel/domain/models/trip_planning_operation.dart:23:17: Context: Found this candidate, but the arguments don't match.
  const factory TripPlanningOperation({
                ^
lib/features/core/services/operation_queue.dart:267:45: Error: Cannot invoke a non-'const' constructor where a const expression is expected.
Try using a constructor or factory that is 'const'.
  final RetryStrategy retryStrategy = const ExponentialBackoffStrategy(
                                            ^^^^^^^^^^^^^^^^^^^^^^^^^^
lib/features/core/services/operation_queue.dart:689:43: Error: The method 'loadOperations' isn't defined for the type 'AsyncValue<void>'.
 - 'AsyncValue' is from 'package:riverpod/src/common.dart' ('../.pub-cache/hosted/pub.dev/riverpod-2.6.1/lib/src/common.dart').
Try correcting the name to the name of an existing method, or defining a method named 'loadOperations'.
      final result = await storageService.loadOperations();
                                          ^^^^^^^^^^^^^^
lib/features/core/services/operation_queue.dart:766:51: Error: The method 'savePendingOperations' isn't defined for the type 'AsyncValue<void>'.
 - 'AsyncValue' is from 'package:riverpod/src/common.dart' ('../.pub-cache/hosted/pub.dev/riverpod-2.6.1/lib/src/common.dart').
Try correcting the name to the name of an existing method, or defining a method named 'savePendingOperations'.
      final pendingSuccess = await storageService.savePendingOperations(
                                                  ^^^^^^^^^^^^^^^^^^^^^
lib/features/core/services/operation_queue.dart:771:50: Error: The method 'saveFailedOperations' isn't defined for the type 'AsyncValue<void>'.
 - 'AsyncValue' is from 'package:riverpod/src/common.dart' ('../.pub-cache/hosted/pub.dev/riverpod-2.6.1/lib/src/common.dart').
Try correcting the name to the name of an existing method, or defining a method named 'saveFailedOperations'.
      final failedSuccess = await storageService.saveFailedOperations(
                                                 ^^^^^^^^^^^^^^^^^^^^
00:17 +84 -9: loading /Users/anthonyforan/SoloAdventurer_app/test/features/core/services/operation_queue_test.dart [E]                                                                                 
  Failed to load "/Users/anthonyforan/SoloAdventurer_app/test/features/core/services/operation_queue_test.dart":
  Compilation failed for testPath=/Users/anthonyforan/SoloAdventurer_app/test/features/core/services/operation_queue_test.dart: lib/features/core/infrastructure/monitoring/aws_cloudwatch_monitoring.dart:75:7: Error: The non-abstract class 'AwsCloudWatchMonitoring' is missing implementations for these members:
   - MonitoringService.logDebug
   - MonitoringService.recordEvent
   - MonitoringService.recordMetric
  Try to either
   - provide an implementation,
   - inherit an implementation from a superclass or mixin,
   - mark the class as abstract, or
   - provide a 'noSuchMethod' implementation.
  class AwsCloudWatchMonitoring implements MonitoringService {
        ^^^^^^^^^^^^^^^^^^^^^^^
  lib/features/core/infrastructure/monitoring/monitoring_service.dart:23:16: Context: 'MonitoringService.logDebug' is defined here.
    Future<void> logDebug(
                 ^^^^^^^^
  lib/features/core/infrastructure/monitoring/monitoring_service.dart:42:16: Context: 'MonitoringService.recordEvent' is defined here.
    Future<void> recordEvent(
                 ^^^^^^^^^^^
  lib/features/core/infrastructure/monitoring/monitoring_service.dart:29:16: Context: 'MonitoringService.recordMetric' is defined here.
    Future<void> recordMetric(
                 ^^^^^^^^^^^^
  test/features/core/services/operation_queue_test.dart:13:26: Error: Cannot invoke a non-'const' constructor where a const expression is expected.
  Try using a constructor or factory that is 'const'.
          const strategy = ExponentialBackoffStrategy(
                           ^^^^^^^^^^^^^^^^^^^^^^^^^^
  test/features/core/services/operation_queue_test.dart:34:26: Error: Cannot invoke a non-'const' constructor where a const expression is expected.
  Try using a constructor or factory that is 'const'.
          const strategy = ExponentialBackoffStrategy(
                           ^^^^^^^^^^^^^^^^^^^^^^^^^^
  test/features/core/services/operation_queue_test.dart:50:26: Error: Cannot invoke a non-'const' constructor where a const expression is expected.
  Try using a constructor or factory that is 'const'.
          const strategy = ExponentialBackoffStrategy(
                           ^^^^^^^^^^^^^^^^^^^^^^^^^^
  test/features/core/services/operation_queue_test.dart:64:26: Error: Cannot invoke a non-'const' constructor where a const expression is expected.
  Try using a constructor or factory that is 'const'.
          const strategy = ExponentialBackoffStrategy(
                           ^^^^^^^^^^^^^^^^^^^^^^^^^^
  test/features/core/services/operation_queue_test.dart:112:48: Error: Required named parameter 'priority' must be provided.
          const operation = TripPlanningOperation(
                                                 ^
  lib/features/travel/domain/models/trip_planning_operation.dart:23:17: Context: Found this candidate, but the arguments don't match.
    const factory TripPlanningOperation({
                  ^
  test/features/core/services/operation_queue_test.dart:126:48: Error: Required named parameter 'priority' must be provided.
          const operation = TripPlanningOperation(
                                                 ^
  lib/features/travel/domain/models/trip_planning_operation.dart:23:17: Context: Found this candidate, but the arguments don't match.
    const factory TripPlanningOperation({
                  ^
  test/features/core/services/operation_queue_test.dart:140:48: Error: Required named parameter 'priority' must be provided.
          const operation = TripPlanningOperation(
                                                 ^
  lib/features/travel/domain/models/trip_planning_operation.dart:23:17: Context: Found this candidate, but the arguments don't match.
    const factory TripPlanningOperation({
                  ^
  test/features/core/services/operation_queue_test.dart:153:48: Error: Required named parameter 'priority' must be provided.
          const operation = TripPlanningOperation(
                                                 ^
  lib/features/travel/domain/models/trip_planning_operation.dart:23:17: Context: Found this candidate, but the arguments don't match.
    const factory TripPlanningOperation({
                  ^
  test/features/core/services/operation_queue_test.dart:166:46: Error: Required named parameter 'noteType' must be provided.
          final operation = TravelNoteOperation(
                                               ^
  lib/features/travel/domain/models/travel_note_operation.dart:22:17: Context: Found this candidate, but the arguments don't match.
    const factory TravelNoteOperation({
                  ^
  test/features/core/services/operation_queue_test.dart:184:11: Error: No named parameter with the name 'tripId'.
            tripId: 'trip1',
            ^^^^^^
  lib/features/travel/domain/models/location_update_operation.dart:13:17: Context: Found this candidate, but the arguments don't match.
    const factory LocationUpdateOperation({
                  ^
  test/features/core/services/operation_queue_test.dart:230:43: Error: Required named parameter 'noteType' must be provided.
          final noteOp = TravelNoteOperation(
                                            ^
  lib/features/travel/domain/models/travel_note_operation.dart:22:17: Context: Found this candidate, but the arguments don't match.
    const factory TravelNoteOperation({
                  ^
  test/features/core/services/operation_queue_test.dart:246:11: Error: No named parameter with the name 'tripId'.
            tripId: 'trip1',
            ^^^^^^
  lib/features/travel/domain/models/location_update_operation.dart:13:17: Context: Found this candidate, but the arguments don't match.
    const factory LocationUpdateOperation({
                  ^
  test/features/core/services/operation_queue_test.dart:499:26: Error: Cannot invoke a non-'const' constructor where a const expression is expected.
  Try using a constructor or factory that is 'const'.
          const strategy = ExponentialBackoffStrategy(
                           ^^^^^^^^^^^^^^^^^^^^^^^^^^
  test/features/core/services/operation_queue_test.dart:524:26: Error: Cannot invoke a non-'const' constructor where a const expression is expected.
  Try using a constructor or factory that is 'const'.
          const strategy = ExponentialBackoffStrategy(
                           ^^^^^^^^^^^^^^^^^^^^^^^^^^
  test/features/core/services/operation_queue_test.dart:543:26: Error: Cannot invoke a non-'const' constructor where a const expression is expected.
  Try using a constructor or factory that is 'const'.
          const strategy = ExponentialBackoffStrategy(
                           ^^^^^^^^^^^^^^^^^^^^^^^^^^
  test/features/core/services/operation_queue_test.dart:656:26: Error: Cannot invoke a non-'const' constructor where a const expression is expected.
  Try using a constructor or factory that is 'const'.
          const strategy = ExponentialBackoffStrategy(
                           ^^^^^^^^^^^^^^^^^^^^^^^^^^
  test/features/core/services/operation_queue_test.dart:669:26: Error: Cannot invoke a non-'const' constructor where a const expression is expected.
  Try using a constructor or factory that is 'const'.
          const strategy = ExponentialBackoffStrategy(
                           ^^^^^^^^^^^^^^^^^^^^^^^^^^
  test/features/core/services/operation_queue_test.dart:684:26: Error: Cannot invoke a non-'const' constructor where a const expression is expected.
  Try using a constructor or factory that is 'const'.
          const strategy = ExponentialBackoffStrategy(
                           ^^^^^^^^^^^^^^^^^^^^^^^^^^
  test/features/core/services/operation_queue_test.dart:727:46: Error: Required named parameter 'noteType' must be provided.
          final operation = TravelNoteOperation(
                                               ^
  lib/features/travel/domain/models/travel_note_operation.dart:22:17: Context: Found this candidate, but the arguments don't match.
    const factory TravelNoteOperation({
                  ^
  test/features/core/services/operation_queue_test.dart:742:11: Error: No named parameter with the name 'tripId'.
            tripId: 'trip1',
            ^^^^^^
  lib/features/travel/domain/models/location_update_operation.dart:13:17: Context: Found this candidate, but the arguments don't match.
    const factory LocationUpdateOperation({
                  ^
  test/features/core/services/operation_queue_test.dart:758:43: Error: Required named parameter 'noteType' must be provided.
          final noteOp = TravelNoteOperation(
                                            ^
  lib/features/travel/domain/models/travel_note_operation.dart:22:17: Context: Found this candidate, but the arguments don't match.
    const factory TravelNoteOperation({
                  ^
  test/features/core/services/operation_queue_test.dart:766:11: Error: No named parameter with the name 'tripId'.
            tripId: 'trip1',
            ^^^^^^
  lib/features/travel/domain/models/location_update_operation.dart:13:17: Context: Found this candidate, but the arguments don't match.
    const factory LocationUpdateOperation({
                  ^
  test/features/core/services/operation_queue_test.dart:593:33: Error: The operator '>=' isn't defined for the type 'OperationPriority'.
   - 'OperationPriority' is from 'package:soloadventurer/features/core/services/operation_priority.dart' ('lib/features/core/services/operation_priority.dart').
  Try correcting the operator to an existing operator, or defining a '>=' operator.
          expect(criticalPriority >= 1000, isTrue);
                                  ^^
  test/features/core/services/operation_queue_test.dart:594:31: Error: The operator '>=' isn't defined for the type 'OperationPriority'.
   - 'OperationPriority' is from 'package:soloadventurer/features/core/services/operation_priority.dart' ('lib/features/core/services/operation_priority.dart').
  Try correcting the operator to an existing operator, or defining a '>=' operator.
          expect(normalPriority >= 1000, isFalse);
                                ^^
  test/features/core/services/operation_queue_test.dart:791:31: Error: Required named parameter 'priority' must be provided.
    return TripPlanningOperation(
                                ^
  lib/features/travel/domain/models/trip_planning_operation.dart:23:17: Context: Found this candidate, but the arguments don't match.
    const factory TripPlanningOperation({
                  ^
  lib/features/core/services/operation_queue.dart:267:45: Error: Cannot invoke a non-'const' constructor where a const expression is expected.
  Try using a constructor or factory that is 'const'.
    final RetryStrategy retryStrategy = const ExponentialBackoffStrategy(
                                              ^^^^^^^^^^^^^^^^^^^^^^^^^^
  lib/features/core/services/operation_queue.dart:689:43: Error: The method 'loadOperations' isn't defined for the type 'AsyncValue<void>'.
   - 'AsyncValue' is from 'package:riverpod/src/common.dart' ('../.pub-cache/hosted/pub.dev/riverpod-2.6.1/lib/src/common.dart').
  Try correcting the name to the name of an existing method, or defining a method named 'loadOperations'.
        final result = await storageService.loadOperations();
                                            ^^^^^^^^^^^^^^
  lib/features/core/services/operation_queue.dart:766:51: Error: The method 'savePendingOperations' isn't defined for the type 'AsyncValue<void>'.
   - 'AsyncValue' is from 'package:riverpod/src/common.dart' ('../.pub-cache/hosted/pub.dev/riverpod-2.6.1/lib/src/common.dart').
  Try correcting the name to the name of an existing method, or defining a method named 'savePendingOperations'.
        final pendingSuccess = await storageService.savePendingOperations(
                                                    ^^^^^^^^^^^^^^^^^^^^^
  lib/features/core/services/operation_queue.dart:771:50: Error: The method 'saveFailedOperations' isn't defined for the type 'AsyncValue<void>'.
   - 'AsyncValue' is from 'package:riverpod/src/common.dart' ('../.pub-cache/hosted/pub.dev/riverpod-2.6.1/lib/src/common.dart').
  Try correcting the name to the name of an existing method, or defining a method named 'saveFailedOperations'.
        final failedSuccess = await storageService.saveFailedOperations(
                                                   ^^^^^^^^^^^^^^^^^^^^
  .

To run this test again: /opt/homebrew/Caskroom/flutter/3.32.5/flutter/bin/cache/dart-sdk/bin/dart test /Users/anthonyforan/SoloAdventurer_app/test/features/core/services/operation_queue_test.dart -p vm --plain-name 'loading /Users/anthonyforan/SoloAdventurer_app/test/features/core/services/operation_queue_test.dart'
test/features/core/services/retry_strategy_test.dart:526:27: Error: The class 'Random' can't be extended outside of its library because it's an interface class.
class FixedRandom extends Random {
                          ^
test/features/core/services/retry_strategy_test.dart:526:7: Error: The non-abstract class 'FixedRandom' is missing implementations for these members:
 - Random.nextBool
Try to either
 - provide an implementation,
 - inherit an implementation from a superclass or mixin,
 - mark the class as abstract, or
 - provide a 'noSuchMethod' implementation.
class FixedRandom extends Random {
      ^^^^^^^^^^^
org-dartlang-sdk:///flutter/third_party/dart/sdk/lib/math/random.dart:74:8: Context: 'Random.nextBool' is defined here.
  bool nextBool();
       ^^^^^^^^
test/features/core/services/retry_strategy_test.dart:529:9: Error: The superclass, 'Random', has no unnamed constructor that takes no arguments.
  const FixedRandom(this._value);
        ^^^^^^^^^^^
test/features/core/services/retry_strategy_test.dart:10:26: Error: Cannot invoke a non-'const' constructor where a const expression is expected.
Try using a constructor or factory that is 'const'.
        const strategy = ExponentialBackoffStrategy(
                         ^^^^^^^^^^^^^^^^^^^^^^^^^^
test/features/core/services/retry_strategy_test.dart:36:26: Error: Cannot invoke a non-'const' constructor where a const expression is expected.
Try using a constructor or factory that is 'const'.
        const strategy = ExponentialBackoffStrategy(
                         ^^^^^^^^^^^^^^^^^^^^^^^^^^
test/features/core/services/retry_strategy_test.dart:59:26: Error: Cannot invoke a non-'const' constructor where a const expression is expected.
Try using a constructor or factory that is 'const'.
        const strategy = ExponentialBackoffStrategy(
                         ^^^^^^^^^^^^^^^^^^^^^^^^^^
test/features/core/services/retry_strategy_test.dart:76:26: Error: Cannot invoke a non-'const' constructor where a const expression is expected.
Try using a constructor or factory that is 'const'.
        const strategy = ExponentialBackoffStrategy(
                         ^^^^^^^^^^^^^^^^^^^^^^^^^^
test/features/core/services/retry_strategy_test.dart:92:26: Error: Cannot invoke a non-'const' constructor where a const expression is expected.
Try using a constructor or factory that is 'const'.
        const strategy = ExponentialBackoffStrategy(
                         ^^^^^^^^^^^^^^^^^^^^^^^^^^
test/features/core/services/retry_strategy_test.dart:106:26: Error: Cannot invoke a non-'const' constructor where a const expression is expected.
Try using a constructor or factory that is 'const'.
        const strategy = ExponentialBackoffStrategy(
                         ^^^^^^^^^^^^^^^^^^^^^^^^^^
test/features/core/services/retry_strategy_test.dart:122:26: Error: Cannot invoke a non-'const' constructor where a const expression is expected.
Try using a constructor or factory that is 'const'.
        const strategy = ExponentialBackoffStrategy(
                         ^^^^^^^^^^^^^^^^^^^^^^^^^^
test/features/core/services/retry_strategy_test.dart:138:23: Error: Cannot invoke a non-'const' constructor where a const expression is expected.
Try using a constructor or factory that is 'const'.
          () => const ExponentialBackoffStrategy(jitterFactor: -0.1),
                      ^^^^^^^^^^^^^^^^^^^^^^^^^^
test/features/core/services/retry_strategy_test.dart:143:23: Error: Cannot invoke a non-'const' constructor where a const expression is expected.
Try using a constructor or factory that is 'const'.
          () => const ExponentialBackoffStrategy(jitterFactor: 1.1),
                      ^^^^^^^^^^^^^^^^^^^^^^^^^^
test/features/core/services/retry_strategy_test.dart:148:28: Error: Cannot invoke a non-'const' constructor where a const expression is expected.
Try using a constructor or factory that is 'const'.
        expect(() => const ExponentialBackoffStrategy(jitterFactor: 0.0),
                           ^^^^^^^^^^^^^^^^^^^^^^^^^^
test/features/core/services/retry_strategy_test.dart:150:28: Error: Cannot invoke a non-'const' constructor where a const expression is expected.
Try using a constructor or factory that is 'const'.
        expect(() => const ExponentialBackoffStrategy(jitterFactor: 0.5),
                           ^^^^^^^^^^^^^^^^^^^^^^^^^^
test/features/core/services/retry_strategy_test.dart:152:28: Error: Cannot invoke a non-'const' constructor where a const expression is expected.
Try using a constructor or factory that is 'const'.
        expect(() => const ExponentialBackoffStrategy(jitterFactor: 1.0),
                           ^^^^^^^^^^^^^^^^^^^^^^^^^^
test/features/core/services/retry_strategy_test.dart:158:26: Error: Cannot invoke a non-'const' constructor where a const expression is expected.
Try using a constructor or factory that is 'const'.
        const strategy = ExponentialBackoffStrategy(
                         ^^^^^^^^^^^^^^^^^^^^^^^^^^
test/features/core/services/retry_strategy_test.dart:183:26: Error: Cannot invoke a non-'const' constructor where a const expression is expected.
Try using a constructor or factory that is 'const'.
        const strategy = ExponentialBackoffStrategy(
                         ^^^^^^^^^^^^^^^^^^^^^^^^^^
test/features/core/services/retry_strategy_test.dart:205:26: Error: Cannot invoke a non-'const' constructor where a const expression is expected.
Try using a constructor or factory that is 'const'.
        const strategy = FixedDelayStrategy(
                         ^^^^^^^^^^^^^^^^^^
test/features/core/services/retry_strategy_test.dart:219:26: Error: Cannot invoke a non-'const' constructor where a const expression is expected.
Try using a constructor or factory that is 'const'.
        const strategy = FixedDelayStrategy(
                         ^^^^^^^^^^^^^^^^^^
test/features/core/services/retry_strategy_test.dart:231:26: Error: Cannot invoke a non-'const' constructor where a const expression is expected.
Try using a constructor or factory that is 'const'.
        const strategy = FixedDelayStrategy(
                         ^^^^^^^^^^^^^^^^^^
test/features/core/services/retry_strategy_test.dart:242:13: Error: Cannot invoke a non-'const' constructor where a const expression is expected.
Try using a constructor or factory that is 'const'.
            FixedDelayStrategy(delay: Duration(milliseconds: 500));
            ^^^^^^^^^^^^^^^^^^
test/features/core/services/retry_strategy_test.dart:245:27: Error: Cannot invoke a non-'const' constructor where a const expression is expected.
Try using a constructor or factory that is 'const'.
        const strategy2 = FixedDelayStrategy(delay: Duration(minutes: 1));
                          ^^^^^^^^^^^^^^^^^^
test/features/core/services/retry_strategy_test.dart:248:27: Error: Cannot invoke a non-'const' constructor where a const expression is expected.
Try using a constructor or factory that is 'const'.
        const strategy3 = FixedDelayStrategy(delay: Duration(hours: 1));
                          ^^^^^^^^^^^^^^^^^^
test/features/core/services/retry_strategy_test.dart:256:26: Error: Cannot invoke a non-'const' constructor where a const expression is expected.
Try using a constructor or factory that is 'const'.
        const strategy = LinearBackoffStrategy(
                         ^^^^^^^^^^^^^^^^^^^^^
test/features/core/services/retry_strategy_test.dart:280:26: Error: Cannot invoke a non-'const' constructor where a const expression is expected.
Try using a constructor or factory that is 'const'.
        const strategy = LinearBackoffStrategy(
                         ^^^^^^^^^^^^^^^^^^^^^
test/features/core/services/retry_strategy_test.dart:304:26: Error: Cannot invoke a non-'const' constructor where a const expression is expected.
Try using a constructor or factory that is 'const'.
        const strategy = LinearBackoffStrategy(
                         ^^^^^^^^^^^^^^^^^^^^^
test/features/core/services/retry_strategy_test.dart:322:26: Error: Cannot invoke a non-'const' constructor where a const expression is expected.
Try using a constructor or factory that is 'const'.
        const strategy = LinearBackoffStrategy(
                         ^^^^^^^^^^^^^^^^^^^^^
test/features/core/services/retry_strategy_test.dart:338:26: Error: Cannot invoke a non-'const' constructor where a const expression is expected.
Try using a constructor or factory that is 'const'.
        const strategy = LinearBackoffStrategy(
                         ^^^^^^^^^^^^^^^^^^^^^
test/features/core/services/retry_strategy_test.dart:353:26: Error: Cannot invoke a non-'const' constructor where a const expression is expected.
Try using a constructor or factory that is 'const'.
        const strategy = LinearBackoffStrategy(
                         ^^^^^^^^^^^^^^^^^^^^^
test/features/core/services/retry_strategy_test.dart:370:26: Error: Cannot invoke a non-'const' constructor where a const expression is expected.
Try using a constructor or factory that is 'const'.
        const strategy = LinearBackoffStrategy(
                         ^^^^^^^^^^^^^^^^^^^^^
test/features/core/services/retry_strategy_test.dart:387:23: Error: Cannot invoke a non-'const' constructor where a const expression is expected.
Try using a constructor or factory that is 'const'.
          () => const LinearBackoffStrategy(jitterFactor: -0.1),
                      ^^^^^^^^^^^^^^^^^^^^^
test/features/core/services/retry_strategy_test.dart:392:23: Error: Cannot invoke a non-'const' constructor where a const expression is expected.
Try using a constructor or factory that is 'const'.
          () => const LinearBackoffStrategy(jitterFactor: 1.1),
                      ^^^^^^^^^^^^^^^^^^^^^
test/features/core/services/retry_strategy_test.dart:397:28: Error: Cannot invoke a non-'const' constructor where a const expression is expected.
Try using a constructor or factory that is 'const'.
        expect(() => const LinearBackoffStrategy(jitterFactor: 0.0),
                           ^^^^^^^^^^^^^^^^^^^^^
test/features/core/services/retry_strategy_test.dart:399:28: Error: Cannot invoke a non-'const' constructor where a const expression is expected.
Try using a constructor or factory that is 'const'.
        expect(() => const LinearBackoffStrategy(jitterFactor: 0.5),
                           ^^^^^^^^^^^^^^^^^^^^^
test/features/core/services/retry_strategy_test.dart:401:28: Error: Cannot invoke a non-'const' constructor where a const expression is expected.
Try using a constructor or factory that is 'const'.
        expect(() => const LinearBackoffStrategy(jitterFactor: 1.0),
                           ^^^^^^^^^^^^^^^^^^^^^
test/features/core/services/retry_strategy_test.dart:407:26: Error: Cannot invoke a non-'const' constructor where a const expression is expected.
Try using a constructor or factory that is 'const'.
        const strategy = LinearBackoffStrategy(
                         ^^^^^^^^^^^^^^^^^^^^^
test/features/core/services/retry_strategy_test.dart:430:29: Error: Cannot invoke a non-'const' constructor where a const expression is expected.
Try using a constructor or factory that is 'const'.
        const exponential = ExponentialBackoffStrategy(
                            ^^^^^^^^^^^^^^^^^^^^^^^^^^
test/features/core/services/retry_strategy_test.dart:435:24: Error: Cannot invoke a non-'const' constructor where a const expression is expected.
Try using a constructor or factory that is 'const'.
        const linear = LinearBackoffStrategy(
                       ^^^^^^^^^^^^^^^^^^^^^
test/features/core/services/retry_strategy_test.dart:463:23: Error: Cannot invoke a non-'const' constructor where a const expression is expected.
Try using a constructor or factory that is 'const'.
        const fixed = FixedDelayStrategy(delay: Duration(seconds: 5));
                      ^^^^^^^^^^^^^^^^^^
test/features/core/services/retry_strategy_test.dart:464:29: Error: Cannot invoke a non-'const' constructor where a const expression is expected.
Try using a constructor or factory that is 'const'.
        const exponential = ExponentialBackoffStrategy(
                            ^^^^^^^^^^^^^^^^^^^^^^^^^^
test/features/core/services/retry_strategy_test.dart:485:26: Error: Cannot invoke a non-'const' constructor where a const expression is expected.
Try using a constructor or factory that is 'const'.
        const strategy = ExponentialBackoffStrategy(
                         ^^^^^^^^^^^^^^^^^^^^^^^^^^
test/features/core/services/retry_strategy_test.dart:500:26: Error: Cannot invoke a non-'const' constructor where a const expression is expected.
Try using a constructor or factory that is 'const'.
        const strategy = ExponentialBackoffStrategy(
                         ^^^^^^^^^^^^^^^^^^^^^^^^^^
test/features/core/services/retry_strategy_test.dart:514:26: Error: Cannot invoke a non-'const' constructor where a const expression is expected.
Try using a constructor or factory that is 'const'.
        const strategy = FixedDelayStrategy(
                         ^^^^^^^^^^^^^^^^^^
00:18 +84 -10: loading /Users/anthonyforan/SoloAdventurer_app/test/features/core/services/retry_strategy_test.dart [E]                                                                                 
  Failed to load "/Users/anthonyforan/SoloAdventurer_app/test/features/core/services/retry_strategy_test.dart":
  Compilation failed for testPath=/Users/anthonyforan/SoloAdventurer_app/test/features/core/services/retry_strategy_test.dart: test/features/core/services/retry_strategy_test.dart:526:27: Error: The class 'Random' can't be extended outside of its library because it's an interface class.
  class FixedRandom extends Random {
                            ^
  test/features/core/services/retry_strategy_test.dart:526:7: Error: The non-abstract class 'FixedRandom' is missing implementations for these members:
   - Random.nextBool
  Try to either
   - provide an implementation,
   - inherit an implementation from a superclass or mixin,
   - mark the class as abstract, or
   - provide a 'noSuchMethod' implementation.
  class FixedRandom extends Random {
        ^^^^^^^^^^^
  org-dartlang-sdk:///flutter/third_party/dart/sdk/lib/math/random.dart:74:8: Context: 'Random.nextBool' is defined here.
    bool nextBool();
         ^^^^^^^^
  test/features/core/services/retry_strategy_test.dart:529:9: Error: The superclass, 'Random', has no unnamed constructor that takes no arguments.
    const FixedRandom(this._value);
          ^^^^^^^^^^^
  test/features/core/services/retry_strategy_test.dart:10:26: Error: Cannot invoke a non-'const' constructor where a const expression is expected.
  Try using a constructor or factory that is 'const'.
          const strategy = ExponentialBackoffStrategy(
                           ^^^^^^^^^^^^^^^^^^^^^^^^^^
  test/features/core/services/retry_strategy_test.dart:36:26: Error: Cannot invoke a non-'const' constructor where a const expression is expected.
  Try using a constructor or factory that is 'const'.
          const strategy = ExponentialBackoffStrategy(
                           ^^^^^^^^^^^^^^^^^^^^^^^^^^
  test/features/core/services/retry_strategy_test.dart:59:26: Error: Cannot invoke a non-'const' constructor where a const expression is expected.
  Try using a constructor or factory that is 'const'.
          const strategy = ExponentialBackoffStrategy(
                           ^^^^^^^^^^^^^^^^^^^^^^^^^^
  test/features/core/services/retry_strategy_test.dart:76:26: Error: Cannot invoke a non-'const' constructor where a const expression is expected.
  Try using a constructor or factory that is 'const'.
          const strategy = ExponentialBackoffStrategy(
                           ^^^^^^^^^^^^^^^^^^^^^^^^^^
  test/features/core/services/retry_strategy_test.dart:92:26: Error: Cannot invoke a non-'const' constructor where a const expression is expected.
  Try using a constructor or factory that is 'const'.
          const strategy = ExponentialBackoffStrategy(
                           ^^^^^^^^^^^^^^^^^^^^^^^^^^
  test/features/core/services/retry_strategy_test.dart:106:26: Error: Cannot invoke a non-'const' constructor where a const expression is expected.
  Try using a constructor or factory that is 'const'.
          const strategy = ExponentialBackoffStrategy(
                           ^^^^^^^^^^^^^^^^^^^^^^^^^^
  test/features/core/services/retry_strategy_test.dart:122:26: Error: Cannot invoke a non-'const' constructor where a const expression is expected.
  Try using a constructor or factory that is 'const'.
          const strategy = ExponentialBackoffStrategy(
                           ^^^^^^^^^^^^^^^^^^^^^^^^^^
  test/features/core/services/retry_strategy_test.dart:138:23: Error: Cannot invoke a non-'const' constructor where a const expression is expected.
  Try using a constructor or factory that is 'const'.
            () => const ExponentialBackoffStrategy(jitterFactor: -0.1),
                        ^^^^^^^^^^^^^^^^^^^^^^^^^^
  test/features/core/services/retry_strategy_test.dart:143:23: Error: Cannot invoke a non-'const' constructor where a const expression is expected.
  Try using a constructor or factory that is 'const'.
            () => const ExponentialBackoffStrategy(jitterFactor: 1.1),
                        ^^^^^^^^^^^^^^^^^^^^^^^^^^
  test/features/core/services/retry_strategy_test.dart:148:28: Error: Cannot invoke a non-'const' constructor where a const expression is expected.
  Try using a constructor or factory that is 'const'.
          expect(() => const ExponentialBackoffStrategy(jitterFactor: 0.0),
                             ^^^^^^^^^^^^^^^^^^^^^^^^^^
  test/features/core/services/retry_strategy_test.dart:150:28: Error: Cannot invoke a non-'const' constructor where a const expression is expected.
  Try using a constructor or factory that is 'const'.
          expect(() => const ExponentialBackoffStrategy(jitterFactor: 0.5),
                             ^^^^^^^^^^^^^^^^^^^^^^^^^^
  test/features/core/services/retry_strategy_test.dart:152:28: Error: Cannot invoke a non-'const' constructor where a const expression is expected.
  Try using a constructor or factory that is 'const'.
          expect(() => const ExponentialBackoffStrategy(jitterFactor: 1.0),
                             ^^^^^^^^^^^^^^^^^^^^^^^^^^
  test/features/core/services/retry_strategy_test.dart:158:26: Error: Cannot invoke a non-'const' constructor where a const expression is expected.
  Try using a constructor or factory that is 'const'.
          const strategy = ExponentialBackoffStrategy(
                           ^^^^^^^^^^^^^^^^^^^^^^^^^^
  test/features/core/services/retry_strategy_test.dart:183:26: Error: Cannot invoke a non-'const' constructor where a const expression is expected.
  Try using a constructor or factory that is 'const'.
          const strategy = ExponentialBackoffStrategy(
                           ^^^^^^^^^^^^^^^^^^^^^^^^^^
  test/features/core/services/retry_strategy_test.dart:205:26: Error: Cannot invoke a non-'const' constructor where a const expression is expected.
  Try using a constructor or factory that is 'const'.
          const strategy = FixedDelayStrategy(
                           ^^^^^^^^^^^^^^^^^^
  test/features/core/services/retry_strategy_test.dart:219:26: Error: Cannot invoke a non-'const' constructor where a const expression is expected.
  Try using a constructor or factory that is 'const'.
          const strategy = FixedDelayStrategy(
                           ^^^^^^^^^^^^^^^^^^
  test/features/core/services/retry_strategy_test.dart:231:26: Error: Cannot invoke a non-'const' constructor where a const expression is expected.
  Try using a constructor or factory that is 'const'.
          const strategy = FixedDelayStrategy(
                           ^^^^^^^^^^^^^^^^^^
  test/features/core/services/retry_strategy_test.dart:242:13: Error: Cannot invoke a non-'const' constructor where a const expression is expected.
  Try using a constructor or factory that is 'const'.
              FixedDelayStrategy(delay: Duration(milliseconds: 500));
              ^^^^^^^^^^^^^^^^^^
  test/features/core/services/retry_strategy_test.dart:245:27: Error: Cannot invoke a non-'const' constructor where a const expression is expected.
  Try using a constructor or factory that is 'const'.
          const strategy2 = FixedDelayStrategy(delay: Duration(minutes: 1));
                            ^^^^^^^^^^^^^^^^^^
  test/features/core/services/retry_strategy_test.dart:248:27: Error: Cannot invoke a non-'const' constructor where a const expression is expected.
  Try using a constructor or factory that is 'const'.
          const strategy3 = FixedDelayStrategy(delay: Duration(hours: 1));
                            ^^^^^^^^^^^^^^^^^^
  test/features/core/services/retry_strategy_test.dart:256:26: Error: Cannot invoke a non-'const' constructor where a const expression is expected.
  Try using a constructor or factory that is 'const'.
          const strategy = LinearBackoffStrategy(
                           ^^^^^^^^^^^^^^^^^^^^^
  test/features/core/services/retry_strategy_test.dart:280:26: Error: Cannot invoke a non-'const' constructor where a const expression is expected.
  Try using a constructor or factory that is 'const'.
          const strategy = LinearBackoffStrategy(
                           ^^^^^^^^^^^^^^^^^^^^^
  test/features/core/services/retry_strategy_test.dart:304:26: Error: Cannot invoke a non-'const' constructor where a const expression is expected.
  Try using a constructor or factory that is 'const'.
          const strategy = LinearBackoffStrategy(
                           ^^^^^^^^^^^^^^^^^^^^^
  test/features/core/services/retry_strategy_test.dart:322:26: Error: Cannot invoke a non-'const' constructor where a const expression is expected.
  Try using a constructor or factory that is 'const'.
          const strategy = LinearBackoffStrategy(
                           ^^^^^^^^^^^^^^^^^^^^^
  test/features/core/services/retry_strategy_test.dart:338:26: Error: Cannot invoke a non-'const' constructor where a const expression is expected.
  Try using a constructor or factory that is 'const'.
          const strategy = LinearBackoffStrategy(
                           ^^^^^^^^^^^^^^^^^^^^^
  test/features/core/services/retry_strategy_test.dart:353:26: Error: Cannot invoke a non-'const' constructor where a const expression is expected.
  Try using a constructor or factory that is 'const'.
          const strategy = LinearBackoffStrategy(
                           ^^^^^^^^^^^^^^^^^^^^^
  test/features/core/services/retry_strategy_test.dart:370:26: Error: Cannot invoke a non-'const' constructor where a const expression is expected.
  Try using a constructor or factory that is 'const'.
          const strategy = LinearBackoffStrategy(
                           ^^^^^^^^^^^^^^^^^^^^^
  test/features/core/services/retry_strategy_test.dart:387:23: Error: Cannot invoke a non-'const' constructor where a const expression is expected.
  Try using a constructor or factory that is 'const'.
            () => const LinearBackoffStrategy(jitterFactor: -0.1),
                        ^^^^^^^^^^^^^^^^^^^^^
  test/features/core/services/retry_strategy_test.dart:392:23: Error: Cannot invoke a non-'const' constructor where a const expression is expected.
  Try using a constructor or factory that is 'const'.
            () => const LinearBackoffStrategy(jitterFactor: 1.1),
                        ^^^^^^^^^^^^^^^^^^^^^
  test/features/core/services/retry_strategy_test.dart:397:28: Error: Cannot invoke a non-'const' constructor where a const expression is expected.
  Try using a constructor or factory that is 'const'.
          expect(() => const LinearBackoffStrategy(jitterFactor: 0.0),
                             ^^^^^^^^^^^^^^^^^^^^^
  test/features/core/services/retry_strategy_test.dart:399:28: Error: Cannot invoke a non-'const' constructor where a const expression is expected.
  Try using a constructor or factory that is 'const'.
          expect(() => const LinearBackoffStrategy(jitterFactor: 0.5),
                             ^^^^^^^^^^^^^^^^^^^^^
  test/features/core/services/retry_strategy_test.dart:401:28: Error: Cannot invoke a non-'const' constructor where a const expression is expected.
  Try using a constructor or factory that is 'const'.
          expect(() => const LinearBackoffStrategy(jitterFactor: 1.0),
                             ^^^^^^^^^^^^^^^^^^^^^
  test/features/core/services/retry_strategy_test.dart:407:26: Error: Cannot invoke a non-'const' constructor where a const expression is expected.
  Try using a constructor or factory that is 'const'.
          const strategy = LinearBackoffStrategy(
                           ^^^^^^^^^^^^^^^^^^^^^
  test/features/core/services/retry_strategy_test.dart:430:29: Error: Cannot invoke a non-'const' constructor where a const expression is expected.
  Try using a constructor or factory that is 'const'.
          const exponential = ExponentialBackoffStrategy(
                              ^^^^^^^^^^^^^^^^^^^^^^^^^^
  test/features/core/services/retry_strategy_test.dart:435:24: Error: Cannot invoke a non-'const' constructor where a const expression is expected.
  Try using a constructor or factory that is 'const'.
          const linear = LinearBackoffStrategy(
                         ^^^^^^^^^^^^^^^^^^^^^
  test/features/core/services/retry_strategy_test.dart:463:23: Error: Cannot invoke a non-'const' constructor where a const expression is expected.
  Try using a constructor or factory that is 'const'.
          const fixed = FixedDelayStrategy(delay: Duration(seconds: 5));
                        ^^^^^^^^^^^^^^^^^^
  test/features/core/services/retry_strategy_test.dart:464:29: Error: Cannot invoke a non-'const' constructor where a const expression is expected.
  Try using a constructor or factory that is 'const'.
          const exponential = ExponentialBackoffStrategy(
                              ^^^^^^^^^^^^^^^^^^^^^^^^^^
  test/features/core/services/retry_strategy_test.dart:485:26: Error: Cannot invoke a non-'const' constructor where a const expression is expected.
  Try using a constructor or factory that is 'const'.
          const strategy = ExponentialBackoffStrategy(
                           ^^^^^^^^^^^^^^^^^^^^^^^^^^
  test/features/core/services/retry_strategy_test.dart:500:26: Error: Cannot invoke a non-'const' constructor where a const expression is expected.
  Try using a constructor or factory that is 'const'.
          const strategy = ExponentialBackoffStrategy(
                           ^^^^^^^^^^^^^^^^^^^^^^^^^^
  test/features/core/services/retry_strategy_test.dart:514:26: Error: Cannot invoke a non-'const' constructor where a const expression is expected.
  Try using a constructor or factory that is 'const'.
          const strategy = FixedDelayStrategy(
                           ^^^^^^^^^^^^^^^^^^
  .

To run this test again: /opt/homebrew/Caskroom/flutter/3.32.5/flutter/bin/cache/dart-sdk/bin/dart test /Users/anthonyforan/SoloAdventurer_app/test/features/core/services/retry_strategy_test.dart -p vm --plain-name 'loading /Users/anthonyforan/SoloAdventurer_app/test/features/core/services/retry_strategy_test.dart'
test/features/core/services/operation_storage_service_test.dart:379:7: Error: The non-abstract class '_MockQueueableOperation' is missing implementations for these members:
 - QueueableOperation.attemptCount
 - QueueableOperation.createdAt
 - QueueableOperation.deduplicationKey
 - QueueableOperation.lastAttempt
 - QueueableOperation.lastError
 - QueueableOperation.maxRetries
Try to either
 - provide an implementation,
 - inherit an implementation from a superclass or mixin,
 - mark the class as abstract, or
 - provide a 'noSuchMethod' implementation.
class _MockQueueableOperation implements QueueableOperation {
      ^^^^^^^^^^^^^^^^^^^^^^^
lib/features/core/services/operation_queue.dart:126:11: Context: 'QueueableOperation.attemptCount' is defined here.
  int get attemptCount;
          ^^^^^^^^^^^^
lib/features/core/services/operation_queue.dart:114:17: Context: 'QueueableOperation.createdAt' is defined here.
  DateTime? get createdAt;
                ^^^^^^^^^
lib/features/core/services/operation_queue.dart:155:15: Context: 'QueueableOperation.deduplicationKey' is defined here.
  String? get deduplicationKey;
              ^^^^^^^^^^^^^^^^
lib/features/core/services/operation_queue.dart:120:17: Context: 'QueueableOperation.lastAttempt' is defined here.
  DateTime? get lastAttempt;
                ^^^^^^^^^^^
lib/features/core/services/operation_queue.dart:133:15: Context: 'QueueableOperation.lastError' is defined here.
  String? get lastError;
              ^^^^^^^^^
lib/features/core/services/operation_queue.dart:140:11: Context: 'QueueableOperation.maxRetries' is defined here.
  int get maxRetries;
          ^^^^^^^^^^
lib/features/core/infrastructure/monitoring/aws_cloudwatch_monitoring.dart:75:7: Error: The non-abstract class 'AwsCloudWatchMonitoring' is missing implementations for these members:
 - MonitoringService.logDebug
 - MonitoringService.recordEvent
 - MonitoringService.recordMetric
Try to either
 - provide an implementation,
 - inherit an implementation from a superclass or mixin,
 - mark the class as abstract, or
 - provide a 'noSuchMethod' implementation.
class AwsCloudWatchMonitoring implements MonitoringService {
      ^^^^^^^^^^^^^^^^^^^^^^^
lib/features/core/infrastructure/monitoring/monitoring_service.dart:23:16: Context: 'MonitoringService.logDebug' is defined here.
  Future<void> logDebug(
               ^^^^^^^^
lib/features/core/infrastructure/monitoring/monitoring_service.dart:42:16: Context: 'MonitoringService.recordEvent' is defined here.
  Future<void> recordEvent(
               ^^^^^^^^^^^
lib/features/core/infrastructure/monitoring/monitoring_service.dart:29:16: Context: 'MonitoringService.recordMetric' is defined here.
  Future<void> recordMetric(
               ^^^^^^^^^^^^
test/features/core/services/operation_storage_service_test.dart:30:30: Error: Late variable 'service' without initializer is definitely unassigned.
        final result = await service.savePendingOperations([]);
                             ^^^^^^^
test/features/core/services/operation_storage_service_test.dart:45:30: Error: Late variable 'service' without initializer is definitely unassigned.
        final result = await service.savePendingOperations([]);
                             ^^^^^^^
test/features/core/services/operation_storage_service_test.dart:57:30: Error: Late variable 'service' without initializer is definitely unassigned.
        final result = await service.saveFailedOperations([]);
                             ^^^^^^^
test/features/core/services/operation_storage_service_test.dart:74:30: Error: Late variable 'service' without initializer is definitely unassigned.
        final result = await service.savePendingOperations(operations);
                             ^^^^^^^
test/features/core/services/operation_storage_service_test.dart:87:30: Error: Late variable 'service' without initializer is definitely unassigned.
        final result = await service.savePendingOperations([]);
                             ^^^^^^^
test/features/core/services/operation_storage_service_test.dart:117:30: Error: Late variable 'service' without initializer is definitely unassigned.
        final result = await service.loadOperations();
                             ^^^^^^^
test/features/core/services/operation_storage_service_test.dart:133:30: Error: Late variable 'service' without initializer is definitely unassigned.
        final result = await service.loadOperations();
                             ^^^^^^^
test/features/core/services/operation_storage_service_test.dart:149:30: Error: Late variable 'service' without initializer is definitely unassigned.
        final result = await service.loadOperations();
                             ^^^^^^^
test/features/core/services/operation_storage_service_test.dart:181:30: Error: Late variable 'service' without initializer is definitely unassigned.
        final result = await service.loadOperations();
                             ^^^^^^^
test/features/core/services/operation_storage_service_test.dart:196:30: Error: Late variable 'service' without initializer is definitely unassigned.
        final result = await service.loadOperations();
                             ^^^^^^^
test/features/core/services/operation_storage_service_test.dart:210:30: Error: Late variable 'service' without initializer is definitely unassigned.
        final result = await service.clearAllOperations();
                             ^^^^^^^
test/features/core/services/operation_storage_service_test.dart:224:30: Error: Late variable 'service' without initializer is definitely unassigned.
        final result = await service.clearAllOperations();
                             ^^^^^^^
test/features/core/services/operation_storage_service_test.dart:243:29: Error: Late variable 'service' without initializer is definitely unassigned.
        final stats = await service.getStorageStats();
                            ^^^^^^^
test/features/core/services/operation_storage_service_test.dart:260:29: Error: Late variable 'service' without initializer is definitely unassigned.
        final stats = await service.getStorageStats();
                            ^^^^^^^
test/features/core/services/operation_storage_service_test.dart:278:19: Error: Late variable 'service' without initializer is definitely unassigned.
            await service.saveSensitiveData('test_key', 'test_value');
                  ^^^^^^^
test/features/core/services/operation_storage_service_test.dart:291:30: Error: Late variable 'service' without initializer is definitely unassigned.
        final result = await service.loadSensitiveData('test_key');
                             ^^^^^^^
test/features/core/services/operation_storage_service_test.dart:304:30: Error: Late variable 'service' without initializer is definitely unassigned.
        final result = await service.deleteSensitiveData('test_key');
                             ^^^^^^^
test/features/core/services/operation_storage_service_test.dart:317:30: Error: Late variable 'service' without initializer is definitely unassigned.
        final result = await service.clearAllSensitiveData();
                             ^^^^^^^
test/features/core/services/operation_storage_service_test.dart:331:19: Error: Late variable 'service' without initializer is definitely unassigned.
            await service.saveSensitiveData('test_key', 'test_value');
                  ^^^^^^^
test/features/core/services/operation_storage_service_test.dart:345:24: Error: Late variable 'service' without initializer is definitely unassigned.
        final result = service.getLastSaveTime();
                       ^^^^^^^
test/features/core/services/operation_storage_service_test.dart:358:24: Error: Late variable 'service' without initializer is definitely unassigned.
        final result = service.getLastSaveTime();
                       ^^^^^^^
lib/features/core/services/operation_queue.dart:267:45: Error: Cannot invoke a non-'const' constructor where a const expression is expected.
Try using a constructor or factory that is 'const'.
  final RetryStrategy retryStrategy = const ExponentialBackoffStrategy(
                                            ^^^^^^^^^^^^^^^^^^^^^^^^^^
lib/features/core/services/operation_queue.dart:689:43: Error: The method 'loadOperations' isn't defined for the type 'AsyncValue<void>'.
 - 'AsyncValue' is from 'package:riverpod/src/common.dart' ('../.pub-cache/hosted/pub.dev/riverpod-2.6.1/lib/src/common.dart').
Try correcting the name to the name of an existing method, or defining a method named 'loadOperations'.
      final result = await storageService.loadOperations();
                                          ^^^^^^^^^^^^^^
lib/features/core/services/operation_queue.dart:766:51: Error: The method 'savePendingOperations' isn't defined for the type 'AsyncValue<void>'.
 - 'AsyncValue' is from 'package:riverpod/src/common.dart' ('../.pub-cache/hosted/pub.dev/riverpod-2.6.1/lib/src/common.dart').
Try correcting the name to the name of an existing method, or defining a method named 'savePendingOperations'.
      final pendingSuccess = await storageService.savePendingOperations(
                                                  ^^^^^^^^^^^^^^^^^^^^^
lib/features/core/services/operation_queue.dart:771:50: Error: The method 'saveFailedOperations' isn't defined for the type 'AsyncValue<void>'.
 - 'AsyncValue' is from 'package:riverpod/src/common.dart' ('../.pub-cache/hosted/pub.dev/riverpod-2.6.1/lib/src/common.dart').
Try correcting the name to the name of an existing method, or defining a method named 'saveFailedOperations'.
      final failedSuccess = await storageService.saveFailedOperations(
                                                 ^^^^^^^^^^^^^^^^^^^^
00:20 +84 -11: loading /Users/anthonyforan/SoloAdventurer_app/test/features/core/services/operation_storage_service_test.dart [E]                                                                      
  Failed to load "/Users/anthonyforan/SoloAdventurer_app/test/features/core/services/operation_storage_service_test.dart":
  Compilation failed for testPath=/Users/anthonyforan/SoloAdventurer_app/test/features/core/services/operation_storage_service_test.dart: test/features/core/services/operation_storage_service_test.dart:379:7: Error: The non-abstract class '_MockQueueableOperation' is missing implementations for these members:
   - QueueableOperation.attemptCount
   - QueueableOperation.createdAt
   - QueueableOperation.deduplicationKey
   - QueueableOperation.lastAttempt
   - QueueableOperation.lastError
   - QueueableOperation.maxRetries
  Try to either
   - provide an implementation,
   - inherit an implementation from a superclass or mixin,
   - mark the class as abstract, or
   - provide a 'noSuchMethod' implementation.
  class _MockQueueableOperation implements QueueableOperation {
        ^^^^^^^^^^^^^^^^^^^^^^^
  lib/features/core/services/operation_queue.dart:126:11: Context: 'QueueableOperation.attemptCount' is defined here.
    int get attemptCount;
            ^^^^^^^^^^^^
  lib/features/core/services/operation_queue.dart:114:17: Context: 'QueueableOperation.createdAt' is defined here.
    DateTime? get createdAt;
                  ^^^^^^^^^
  lib/features/core/services/operation_queue.dart:155:15: Context: 'QueueableOperation.deduplicationKey' is defined here.
    String? get deduplicationKey;
                ^^^^^^^^^^^^^^^^
  lib/features/core/services/operation_queue.dart:120:17: Context: 'QueueableOperation.lastAttempt' is defined here.
    DateTime? get lastAttempt;
                  ^^^^^^^^^^^
  lib/features/core/services/operation_queue.dart:133:15: Context: 'QueueableOperation.lastError' is defined here.
    String? get lastError;
                ^^^^^^^^^
  lib/features/core/services/operation_queue.dart:140:11: Context: 'QueueableOperation.maxRetries' is defined here.
    int get maxRetries;
            ^^^^^^^^^^
  lib/features/core/infrastructure/monitoring/aws_cloudwatch_monitoring.dart:75:7: Error: The non-abstract class 'AwsCloudWatchMonitoring' is missing implementations for these members:
   - MonitoringService.logDebug
   - MonitoringService.recordEvent
   - MonitoringService.recordMetric
  Try to either
   - provide an implementation,
   - inherit an implementation from a superclass or mixin,
   - mark the class as abstract, or
   - provide a 'noSuchMethod' implementation.
  class AwsCloudWatchMonitoring implements MonitoringService {
        ^^^^^^^^^^^^^^^^^^^^^^^
  lib/features/core/infrastructure/monitoring/monitoring_service.dart:23:16: Context: 'MonitoringService.logDebug' is defined here.
    Future<void> logDebug(
                 ^^^^^^^^
  lib/features/core/infrastructure/monitoring/monitoring_service.dart:42:16: Context: 'MonitoringService.recordEvent' is defined here.
    Future<void> recordEvent(
                 ^^^^^^^^^^^
  lib/features/core/infrastructure/monitoring/monitoring_service.dart:29:16: Context: 'MonitoringService.recordMetric' is defined here.
    Future<void> recordMetric(
                 ^^^^^^^^^^^^
  test/features/core/services/operation_storage_service_test.dart:30:30: Error: Late variable 'service' without initializer is definitely unassigned.
          final result = await service.savePendingOperations([]);
                               ^^^^^^^
  test/features/core/services/operation_storage_service_test.dart:45:30: Error: Late variable 'service' without initializer is definitely unassigned.
          final result = await service.savePendingOperations([]);
                               ^^^^^^^
  test/features/core/services/operation_storage_service_test.dart:57:30: Error: Late variable 'service' without initializer is definitely unassigned.
          final result = await service.saveFailedOperations([]);
                               ^^^^^^^
  test/features/core/services/operation_storage_service_test.dart:74:30: Error: Late variable 'service' without initializer is definitely unassigned.
          final result = await service.savePendingOperations(operations);
                               ^^^^^^^
  test/features/core/services/operation_storage_service_test.dart:87:30: Error: Late variable 'service' without initializer is definitely unassigned.
          final result = await service.savePendingOperations([]);
                               ^^^^^^^
  test/features/core/services/operation_storage_service_test.dart:117:30: Error: Late variable 'service' without initializer is definitely unassigned.
          final result = await service.loadOperations();
                               ^^^^^^^
  test/features/core/services/operation_storage_service_test.dart:133:30: Error: Late variable 'service' without initializer is definitely unassigned.
          final result = await service.loadOperations();
                               ^^^^^^^
  test/features/core/services/operation_storage_service_test.dart:149:30: Error: Late variable 'service' without initializer is definitely unassigned.
          final result = await service.loadOperations();
                               ^^^^^^^
  test/features/core/services/operation_storage_service_test.dart:181:30: Error: Late variable 'service' without initializer is definitely unassigned.
          final result = await service.loadOperations();
                               ^^^^^^^
  test/features/core/services/operation_storage_service_test.dart:196:30: Error: Late variable 'service' without initializer is definitely unassigned.
          final result = await service.loadOperations();
                               ^^^^^^^
  test/features/core/services/operation_storage_service_test.dart:210:30: Error: Late variable 'service' without initializer is definitely unassigned.
          final result = await service.clearAllOperations();
                               ^^^^^^^
  test/features/core/services/operation_storage_service_test.dart:224:30: Error: Late variable 'service' without initializer is definitely unassigned.
          final result = await service.clearAllOperations();
                               ^^^^^^^
  test/features/core/services/operation_storage_service_test.dart:243:29: Error: Late variable 'service' without initializer is definitely unassigned.
          final stats = await service.getStorageStats();
                              ^^^^^^^
  test/features/core/services/operation_storage_service_test.dart:260:29: Error: Late variable 'service' without initializer is definitely unassigned.
          final stats = await service.getStorageStats();
                              ^^^^^^^
  test/features/core/services/operation_storage_service_test.dart:278:19: Error: Late variable 'service' without initializer is definitely unassigned.
              await service.saveSensitiveData('test_key', 'test_value');
                    ^^^^^^^
  test/features/core/services/operation_storage_service_test.dart:291:30: Error: Late variable 'service' without initializer is definitely unassigned.
          final result = await service.loadSensitiveData('test_key');
                               ^^^^^^^
  test/features/core/services/operation_storage_service_test.dart:304:30: Error: Late variable 'service' without initializer is definitely unassigned.
          final result = await service.deleteSensitiveData('test_key');
                               ^^^^^^^
  test/features/core/services/operation_storage_service_test.dart:317:30: Error: Late variable 'service' without initializer is definitely unassigned.
          final result = await service.clearAllSensitiveData();
                               ^^^^^^^
  test/features/core/services/operation_storage_service_test.dart:331:19: Error: Late variable 'service' without initializer is definitely unassigned.
              await service.saveSensitiveData('test_key', 'test_value');
                    ^^^^^^^
  test/features/core/services/operation_storage_service_test.dart:345:24: Error: Late variable 'service' without initializer is definitely unassigned.
          final result = service.getLastSaveTime();
                         ^^^^^^^
  test/features/core/services/operation_storage_service_test.dart:358:24: Error: Late variable 'service' without initializer is definitely unassigned.
          final result = service.getLastSaveTime();
                         ^^^^^^^
  lib/features/core/services/operation_queue.dart:267:45: Error: Cannot invoke a non-'const' constructor where a const expression is expected.
  Try using a constructor or factory that is 'const'.
    final RetryStrategy retryStrategy = const ExponentialBackoffStrategy(
                                              ^^^^^^^^^^^^^^^^^^^^^^^^^^
  lib/features/core/services/operation_queue.dart:689:43: Error: The method 'loadOperations' isn't defined for the type 'AsyncValue<void>'.
   - 'AsyncValue' is from 'package:riverpod/src/common.dart' ('../.pub-cache/hosted/pub.dev/riverpod-2.6.1/lib/src/common.dart').
  Try correcting the name to the name of an existing method, or defining a method named 'loadOperations'.
        final result = await storageService.loadOperations();
                                            ^^^^^^^^^^^^^^
  lib/features/core/services/operation_queue.dart:766:51: Error: The method 'savePendingOperations' isn't defined for the type 'AsyncValue<void>'.
   - 'AsyncValue' is from 'package:riverpod/src/common.dart' ('../.pub-cache/hosted/pub.dev/riverpod-2.6.1/lib/src/common.dart').
  Try correcting the name to the name of an existing method, or defining a method named 'savePendingOperations'.
        final pendingSuccess = await storageService.savePendingOperations(
                                                    ^^^^^^^^^^^^^^^^^^^^^
  lib/features/core/services/operation_queue.dart:771:50: Error: The method 'saveFailedOperations' isn't defined for the type 'AsyncValue<void>'.
   - 'AsyncValue' is from 'package:riverpod/src/common.dart' ('../.pub-cache/hosted/pub.dev/riverpod-2.6.1/lib/src/common.dart').
  Try correcting the name to the name of an existing method, or defining a method named 'saveFailedOperations'.
        final failedSuccess = await storageService.saveFailedOperations(
                                                   ^^^^^^^^^^^^^^^^^^^^
  .

To run this test again: /opt/homebrew/Caskroom/flutter/3.32.5/flutter/bin/cache/dart-sdk/bin/dart test /Users/anthonyforan/SoloAdventurer_app/test/features/core/services/operation_storage_service_test.dart -p vm --plain-name 'loading /Users/anthonyforan/SoloAdventurer_app/test/features/core/services/operation_storage_service_test.dart'
lib/app/di/modules/core_module.dart:13:11: Error: Method not found: 'SecurityManagerImpl'.
    () => SecurityManagerImpl(
          ^^^^^^^^^^^^^^^^^^^
lib/features/auth/data/datasources/mock_auth_remote_data_source.dart:241:21: Error: The getter 'email' isn't defined for the type 'Credentials'.
 - 'Credentials' is from 'package:soloadventurer/features/auth/data/models/credentials.dart' ('lib/features/auth/data/models/credentials.dart').
Try correcting the name to the name of an existing getter, or defining a getter or field named 'email'.
    if (credentials.email != 'test@example.com' || credentials.password != 'password123') {
                    ^^^^^
lib/features/offline/data/repositories/offline_aware_repository.dart:492:19: Error: The getter 'timestamp_' isn't defined for the type 'OfflineAwareRepository<Entity, Model, CreateModel, UpdateModel>'.
 - 'OfflineAwareRepository' is from 'package:soloadventurer/features/offline/data/repositories/offline_aware_repository.dart' ('lib/features/offline/data/repositories/offline_aware_repository.dart').
Try correcting the name to the name of an existing getter, or defining a getter or field named 'timestamp_'.
    return 'temp_$timestamp_$random';
                  ^^^^^^^^^^
lib/features/offline/data/repositories/offline_aware_repository.dart:540:60: Error: Too many positional arguments: 0 allowed, but 1 found.
Try removing the extra positional arguments.
    final result = await _syncQueueService.enqueueOperation(syncOperation);
                                                           ^
lib/features/offline/data/repositories/sync_queue_repository_impl.dart:36:52: Error: The argument type 'int' can't be assigned to the parameter type 'SyncQueueItem'.
 - 'SyncQueueItem' is from 'package:soloadventurer/features/offline/infrastructure/database/database.dart' ('lib/features/offline/infrastructure/database/database.dart').
      return model.SyncOperationModel.fromDatabase(item).toDomainEntity();
                                                   ^
lib/features/offline/infrastructure/sync/background_sync_service.dart:154:11: Error: No named parameter with the name 'requiresNotRoaming'.
          requiresNotRoaming: false, // Allow sync while roaming
          ^^^^^^^^^^^^^^^^^^
../.pub-cache/hosted/pub.dev/workmanager-0.5.2/lib/src/options.dart:96:3: Context: Found this candidate, but the arguments don't match.
  Constraints({
  ^^^^^^^^^^^
lib/features/offline/infrastructure/sync/background_sync_service.dart:164:9: Error: No named parameter with the name 'backoffDelay'.
        backoffDelay: const Duration(minutes: 15), // Initial backoff delay
        ^^^^^^^^^^^^
lib/features/offline/infrastructure/sync/background_sync_service.dart:229:27: Error: The method 'cancelTaskByTag' isn't defined for the type 'Workmanager'.
 - 'Workmanager' is from 'package:workmanager/src/workmanager.dart' ('../.pub-cache/hosted/pub.dev/workmanager-0.5.2/lib/src/workmanager.dart').
Try correcting the name to the name of an existing method, or defining a method named 'cancelTaskByTag'.
      await Workmanager().cancelTaskByTag(periodicSyncTaskName);
                          ^^^^^^^^^^^^^^^
lib/features/offline/infrastructure/sync/conflict_resolver_impl.dart:385:33: Error: The getter 'tripDao' isn't defined for the type 'AppDatabase'.
 - 'AppDatabase' is from 'package:soloadventurer/features/offline/infrastructure/database/database.dart' ('lib/features/offline/infrastructure/database/database.dart').
Try correcting the name to the name of an existing getter, or defining a getter or field named 'tripDao'.
      final tripDao = _database.tripDao;
                                ^^^^^^^
lib/features/offline/infrastructure/sync/conflict_resolver_impl.dart:411:33: Error: The getter 'tripDao' isn't defined for the type 'AppDatabase'.
 - 'AppDatabase' is from 'package:soloadventurer/features/offline/infrastructure/database/database.dart' ('lib/features/offline/infrastructure/database/database.dart').
Try correcting the name to the name of an existing getter, or defining a getter or field named 'tripDao'.
      final tripDao = _database.tripDao;
                                ^^^^^^^
lib/features/offline/infrastructure/sync/conflict_resolver_impl.dart:437:36: Error: The getter 'journalDao' isn't defined for the type 'AppDatabase'.
 - 'AppDatabase' is from 'package:soloadventurer/features/offline/infrastructure/database/database.dart' ('lib/features/offline/infrastructure/database/database.dart').
Try correcting the name to the name of an existing getter, or defining a getter or field named 'journalDao'.
      final journalDao = _database.journalDao;
                                   ^^^^^^^^^^
lib/features/offline/infrastructure/sync/conflict_resolver_impl.dart:460:36: Error: The getter 'journalDao' isn't defined for the type 'AppDatabase'.
 - 'AppDatabase' is from 'package:soloadventurer/features/offline/infrastructure/database/database.dart' ('lib/features/offline/infrastructure/database/database.dart').
Try correcting the name to the name of an existing getter, or defining a getter or field named 'journalDao'.
      final journalDao = _database.journalDao;
                                   ^^^^^^^^^^
lib/features/offline/infrastructure/sync/conflict_resolver_impl.dart:485:33: Error: The getter 'userDao' isn't defined for the type 'AppDatabase'.
 - 'AppDatabase' is from 'package:soloadventurer/features/offline/infrastructure/database/database.dart' ('lib/features/offline/infrastructure/database/database.dart').
Try correcting the name to the name of an existing getter, or defining a getter or field named 'userDao'.
      final userDao = _database.userDao;
                                ^^^^^^^
lib/features/offline/infrastructure/sync/conflict_resolver_impl.dart:508:33: Error: The getter 'userDao' isn't defined for the type 'AppDatabase'.
 - 'AppDatabase' is from 'package:soloadventurer/features/offline/infrastructure/database/database.dart' ('lib/features/offline/infrastructure/database/database.dart').
Try correcting the name to the name of an existing getter, or defining a getter or field named 'userDao'.
      final userDao = _database.userDao;
                                ^^^^^^^
lib/features/offline/infrastructure/sync/download_sync.dart:254:33: Error: The getter 'tripDao' isn't defined for the type 'AppDatabase'.
 - 'AppDatabase' is from 'package:soloadventurer/features/offline/infrastructure/database/database.dart' ('lib/features/offline/infrastructure/database/database.dart').
Try correcting the name to the name of an existing getter, or defining a getter or field named 'tripDao'.
      final tripDao = _database.tripDao;
                                ^^^^^^^
lib/features/offline/infrastructure/sync/download_sync.dart:372:33: Error: The getter 'tripDao' isn't defined for the type 'AppDatabase'.
 - 'AppDatabase' is from 'package:soloadventurer/features/offline/infrastructure/database/database.dart' ('lib/features/offline/infrastructure/database/database.dart').
Try correcting the name to the name of an existing getter, or defining a getter or field named 'tripDao'.
      final tripDao = _database.tripDao;
                                ^^^^^^^
lib/features/offline/infrastructure/sync/download_sync.dart:430:40: Error: The getter 'journalDao' isn't defined for the type 'AppDatabase'.
 - 'AppDatabase' is from 'package:soloadventurer/features/offline/infrastructure/database/database.dart' ('lib/features/offline/infrastructure/database/database.dart').
Try correcting the name to the name of an existing getter, or defining a getter or field named 'journalDao'.
          final journalDao = _database.journalDao;
                                       ^^^^^^^^^^
lib/features/offline/infrastructure/sync/download_sync.dart:568:33: Error: The getter 'userDao' isn't defined for the type 'AppDatabase'.
 - 'AppDatabase' is from 'package:soloadventurer/features/offline/infrastructure/database/database.dart' ('lib/features/offline/infrastructure/database/database.dart').
Try correcting the name to the name of an existing getter, or defining a getter or field named 'userDao'.
      final userDao = _database.userDao;
                                ^^^^^^^
lib/features/offline/infrastructure/sync/download_sync.dart:677:17: Error: No named parameter with the name 'userId'.
                userId: userId,
                ^^^^^^
lib/features/offline/infrastructure/database/database.g.dart:3735:3: Context: Found this candidate, but the arguments don't match.
  SyncMetadataTableCompanion.insert({
  ^^^^^^^^^^^^^^^^^^^^^^^^^^^^^^^^^
lib/features/offline/infrastructure/sync/download_sync.dart:669:40: Error: The getter 'userId' isn't defined for the type '$SyncMetadataTableTable'.
 - '$SyncMetadataTableTable' is from 'package:soloadventurer/features/offline/infrastructure/database/database.dart' ('lib/features/offline/infrastructure/database/database.dart').
Try correcting the name to the name of an existing getter, or defining a getter or field named 'userId'.
                  ..where((tbl) => tbl.userId.equals(userId)))
                                       ^^^^^^
lib/features/offline/infrastructure/sync/download_sync.dart:687:24: Error: The method 'SyncMetadataTable' isn't defined for the type 'DownloadSync'.
 - 'DownloadSync' is from 'package:soloadventurer/features/offline/infrastructure/sync/download_sync.dart' ('lib/features/offline/infrastructure/sync/download_sync.dart').
Try correcting the name to the name of an existing method, or defining a method named 'SyncMetadataTable'.
              .replace(SyncMetadataTable(
                       ^^^^^^^^^^^^^^^^^
lib/features/offline/infrastructure/sync/download_sync.dart:688:30: Error: The getter 'id' isn't defined for the type 'SyncMetadata'.
 - 'SyncMetadata' is from 'package:soloadventurer/features/offline/infrastructure/database/database.dart' ('lib/features/offline/infrastructure/database/database.dart').
Try correcting the name to the name of an existing getter, or defining a getter or field named 'id'.
                id: metadata.id,
                             ^^
lib/features/offline/infrastructure/sync/download_sync.dart:775:7: Error: No named parameter with the name 'firstName'.
      firstName: Value(serverUser['firstName'] as String?),
      ^^^^^^^^^
lib/features/offline/infrastructure/database/database.g.dart:2407:9: Context: Found this candidate, but the arguments don't match.
  const UsersCompanion({
        ^^^^^^^^^^^^^^
lib/features/offline/infrastructure/sync/incremental_sync.dart:262:38: Error: Required named parameter 'userId' must be provided.
        return syncIncrementalChanges(
                                     ^
lib/features/offline/infrastructure/sync/incremental_sync.dart:286:40: Error: The getter 'userId' isn't defined for the type '$SyncMetadataTableTable'.
 - '$SyncMetadataTableTable' is from 'package:soloadventurer/features/offline/infrastructure/database/database.dart' ('lib/features/offline/infrastructure/database/database.dart').
Try correcting the name to the name of an existing getter, or defining a getter or field named 'userId'.
                  ..where((tbl) => tbl.userId.equals(userId)))
                                       ^^^^^^
lib/features/offline/infrastructure/sync/incremental_sync.dart:290:32: Error: The getter 'lastIncrementalSyncAt' isn't defined for the type 'SyncMetadata'.
 - 'SyncMetadata' is from 'package:soloadventurer/features/offline/infrastructure/database/database.dart' ('lib/features/offline/infrastructure/database/database.dart').
Try correcting the name to the name of an existing getter, or defining a getter or field named 'lastIncrementalSyncAt'.
            metadataList.first.lastIncrementalSyncAt == null) {
                               ^^^^^^^^^^^^^^^^^^^^^
lib/features/offline/infrastructure/sync/incremental_sync.dart:309:34: Error: The getter 'userId' isn't defined for the type '$SyncMetadataTableTable'.
 - '$SyncMetadataTableTable' is from 'package:soloadventurer/features/offline/infrastructure/database/database.dart' ('lib/features/offline/infrastructure/database/database.dart').
Try correcting the name to the name of an existing getter, or defining a getter or field named 'userId'.
            ..where((tbl) => tbl.userId.equals(userId)))
                                 ^^^^^^
lib/features/offline/infrastructure/sync/incremental_sync.dart:316:33: Error: The getter 'lastIncrementalSyncAt' isn't defined for the type 'SyncMetadata'.
 - 'SyncMetadata' is from 'package:soloadventurer/features/offline/infrastructure/database/database.dart' ('lib/features/offline/infrastructure/database/database.dart').
Try correcting the name to the name of an existing getter, or defining a getter or field named 'lastIncrementalSyncAt'.
      return metadataList.first.lastIncrementalSyncAt;
                                ^^^^^^^^^^^^^^^^^^^^^
lib/features/offline/infrastructure/sync/incremental_sync.dart:389:33: Error: The getter 'tripDao' isn't defined for the type 'AppDatabase'.
 - 'AppDatabase' is from 'package:soloadventurer/features/offline/infrastructure/database/database.dart' ('lib/features/offline/infrastructure/database/database.dart').
Try correcting the name to the name of an existing getter, or defining a getter or field named 'tripDao'.
      final tripDao = _database.tripDao;
                                ^^^^^^^
lib/features/offline/infrastructure/sync/incremental_sync.dart:553:31: Error: The getter 'tripDao' isn't defined for the type 'AppDatabase'.
 - 'AppDatabase' is from 'package:soloadventurer/features/offline/infrastructure/database/database.dart' ('lib/features/offline/infrastructure/database/database.dart').
Try correcting the name to the name of an existing getter, or defining a getter or field named 'tripDao'.
    final tripDao = _database.tripDao;
                              ^^^^^^^
lib/features/offline/infrastructure/sync/incremental_sync.dart:605:34: Error: The getter 'journalDao' isn't defined for the type 'AppDatabase'.
 - 'AppDatabase' is from 'package:soloadventurer/features/offline/infrastructure/database/database.dart' ('lib/features/offline/infrastructure/database/database.dart').
Try correcting the name to the name of an existing getter, or defining a getter or field named 'journalDao'.
    final journalDao = _database.journalDao;
                                 ^^^^^^^^^^
lib/features/offline/infrastructure/sync/incremental_sync.dart:660:31: Error: The getter 'userDao' isn't defined for the type 'AppDatabase'.
 - 'AppDatabase' is from 'package:soloadventurer/features/offline/infrastructure/database/database.dart' ('lib/features/offline/infrastructure/database/database.dart').
Try correcting the name to the name of an existing getter, or defining a getter or field named 'userDao'.
    final userDao = _database.userDao;
                              ^^^^^^^
lib/features/offline/infrastructure/sync/incremental_sync.dart:727:17: Error: No named parameter with the name 'userId'.
                userId: userId,
                ^^^^^^
lib/features/offline/infrastructure/database/database.g.dart:3723:9: Context: Found this candidate, but the arguments don't match.
  const SyncMetadataTableCompanion({
        ^^^^^^^^^^^^^^^^^^^^^^^^^^
lib/features/offline/infrastructure/sync/incremental_sync.dart:719:40: Error: The getter 'userId' isn't defined for the type '$SyncMetadataTableTable'.
 - '$SyncMetadataTableTable' is from 'package:soloadventurer/features/offline/infrastructure/database/database.dart' ('lib/features/offline/infrastructure/database/database.dart').
Try correcting the name to the name of an existing getter, or defining a getter or field named 'userId'.
                  ..where((tbl) => tbl.userId.equals(userId)))
                                       ^^^^^^
lib/features/offline/infrastructure/sync/incremental_sync.dart:739:24: Error: The method 'SyncMetadataTable' isn't defined for the type 'IncrementalSync'.
 - 'IncrementalSync' is from 'package:soloadventurer/features/offline/infrastructure/sync/incremental_sync.dart' ('lib/features/offline/infrastructure/sync/incremental_sync.dart').
Try correcting the name to the name of an existing method, or defining a method named 'SyncMetadataTable'.
              .replace(SyncMetadataTable(
                       ^^^^^^^^^^^^^^^^^
lib/features/offline/infrastructure/sync/incremental_sync.dart:740:30: Error: The getter 'id' isn't defined for the type 'SyncMetadata'.
 - 'SyncMetadata' is from 'package:soloadventurer/features/offline/infrastructure/database/database.dart' ('lib/features/offline/infrastructure/database/database.dart').
Try correcting the name to the name of an existing getter, or defining a getter or field named 'id'.
                id: metadata.id,
                             ^^
lib/features/offline/infrastructure/sync/incremental_sync.dart:746:54: Error: The getter 'lastIncrementalSyncAt' isn't defined for the type 'SyncMetadata'.
 - 'SyncMetadata' is from 'package:soloadventurer/features/offline/infrastructure/database/database.dart' ('lib/features/offline/infrastructure/database/database.dart').
Try correcting the name to the name of an existing getter, or defining a getter or field named 'lastIncrementalSyncAt'.
                    usedIncremental ? now : metadata.lastIncrementalSyncAt,
                                                     ^^^^^^^^^^^^^^^^^^^^^
lib/features/offline/infrastructure/sync/incremental_sync.dart:891:7: Error: No named parameter with the name 'firstName'.
      firstName: Value(serverUser['firstName'] as String?),
      ^^^^^^^^^
lib/features/offline/infrastructure/database/database.g.dart:2407:9: Context: Found this candidate, but the arguments don't match.
  const UsersCompanion({
        ^^^^^^^^^^^^^^
lib/features/offline/infrastructure/sync/offline_interceptor.dart:348:21: Error: The method 'call' isn't defined for the type 'Future<T>'.
 - 'Future' is from 'dart:async'.
Try correcting the name to the name of an existing method, or defining a method named 'call'.
      await executor();
                    ^
lib/features/offline/infrastructure/sync/offline_interceptor.dart:352:26: Error: The method 'call' isn't defined for the type 'Future<void>'.
 - 'Future' is from 'dart:async'.
Try correcting the name to the name of an existing method, or defining a method named 'call'.
        await localUpdate();
                         ^
lib/features/offline/infrastructure/sync/offline_interceptor.dart:382:24: Error: The method 'call' isn't defined for the type 'Future<void>'.
 - 'Future' is from 'dart:async'.
Try correcting the name to the name of an existing method, or defining a method named 'call'.
      await localUpdate();
                       ^
lib/features/offline/infrastructure/sync/mutation_interceptor.dart:263:66: Error: The argument type 'ErrorInterceptorHandler' can't be assigned to the parameter type 'RequestInterceptorHandler'.
 - 'ErrorInterceptorHandler' is from 'package:dio/src/dio_mixin.dart' ('../.pub-cache/hosted/pub.dev/dio-5.8.0+1/lib/src/dio_mixin.dart').
 - 'RequestInterceptorHandler' is from 'package:dio/src/dio_mixin.dart' ('../.pub-cache/hosted/pub.dev/dio-5.8.0+1/lib/src/dio_mixin.dart').
      await _handleOfflineMutation(metadata, err.requestOptions, handler);
                                                                 ^
00:23 +84 -12: loading /Users/anthonyforan/SoloAdventurer_app/test/features/auth/integration/auth_flow_test.dart [E]                                                                                   
  Failed to load "/Users/anthonyforan/SoloAdventurer_app/test/features/auth/integration/auth_flow_test.dart":
  Compilation failed for testPath=/Users/anthonyforan/SoloAdventurer_app/test/features/auth/integration/auth_flow_test.dart: lib/app/di/modules/core_module.dart:13:11: Error: Method not found: 'SecurityManagerImpl'.
      () => SecurityManagerImpl(
            ^^^^^^^^^^^^^^^^^^^
  lib/features/auth/data/datasources/mock_auth_remote_data_source.dart:241:21: Error: The getter 'email' isn't defined for the type 'Credentials'.
   - 'Credentials' is from 'package:soloadventurer/features/auth/data/models/credentials.dart' ('lib/features/auth/data/models/credentials.dart').
  Try correcting the name to the name of an existing getter, or defining a getter or field named 'email'.
      if (credentials.email != 'test@example.com' || credentials.password != 'password123') {
                      ^^^^^
  lib/features/offline/data/repositories/offline_aware_repository.dart:492:19: Error: The getter 'timestamp_' isn't defined for the type 'OfflineAwareRepository<Entity, Model, CreateModel, UpdateModel>'.
   - 'OfflineAwareRepository' is from 'package:soloadventurer/features/offline/data/repositories/offline_aware_repository.dart' ('lib/features/offline/data/repositories/offline_aware_repository.dart').
  Try correcting the name to the name of an existing getter, or defining a getter or field named 'timestamp_'.
      return 'temp_$timestamp_$random';
                    ^^^^^^^^^^
  lib/features/offline/data/repositories/offline_aware_repository.dart:540:60: Error: Too many positional arguments: 0 allowed, but 1 found.
  Try removing the extra positional arguments.
      final result = await _syncQueueService.enqueueOperation(syncOperation);
                                                             ^
  lib/features/offline/data/repositories/sync_queue_repository_impl.dart:36:52: Error: The argument type 'int' can't be assigned to the parameter type 'SyncQueueItem'.
   - 'SyncQueueItem' is from 'package:soloadventurer/features/offline/infrastructure/database/database.dart' ('lib/features/offline/infrastructure/database/database.dart').
        return model.SyncOperationModel.fromDatabase(item).toDomainEntity();
                                                     ^
  lib/features/offline/infrastructure/sync/background_sync_service.dart:154:11: Error: No named parameter with the name 'requiresNotRoaming'.
            requiresNotRoaming: false, // Allow sync while roaming
            ^^^^^^^^^^^^^^^^^^
  ../.pub-cache/hosted/pub.dev/workmanager-0.5.2/lib/src/options.dart:96:3: Context: Found this candidate, but the arguments don't match.
    Constraints({
    ^^^^^^^^^^^
  lib/features/offline/infrastructure/sync/background_sync_service.dart:164:9: Error: No named parameter with the name 'backoffDelay'.
          backoffDelay: const Duration(minutes: 15), // Initial backoff delay
          ^^^^^^^^^^^^
  lib/features/offline/infrastructure/sync/background_sync_service.dart:229:27: Error: The method 'cancelTaskByTag' isn't defined for the type 'Workmanager'.
   - 'Workmanager' is from 'package:workmanager/src/workmanager.dart' ('../.pub-cache/hosted/pub.dev/workmanager-0.5.2/lib/src/workmanager.dart').
  Try correcting the name to the name of an existing method, or defining a method named 'cancelTaskByTag'.
        await Workmanager().cancelTaskByTag(periodicSyncTaskName);
                            ^^^^^^^^^^^^^^^
  lib/features/offline/infrastructure/sync/conflict_resolver_impl.dart:385:33: Error: The getter 'tripDao' isn't defined for the type 'AppDatabase'.
   - 'AppDatabase' is from 'package:soloadventurer/features/offline/infrastructure/database/database.dart' ('lib/features/offline/infrastructure/database/database.dart').
  Try correcting the name to the name of an existing getter, or defining a getter or field named 'tripDao'.
        final tripDao = _database.tripDao;
                                  ^^^^^^^
  lib/features/offline/infrastructure/sync/conflict_resolver_impl.dart:411:33: Error: The getter 'tripDao' isn't defined for the type 'AppDatabase'.
   - 'AppDatabase' is from 'package:soloadventurer/features/offline/infrastructure/database/database.dart' ('lib/features/offline/infrastructure/database/database.dart').
  Try correcting the name to the name of an existing getter, or defining a getter or field named 'tripDao'.
        final tripDao = _database.tripDao;
                                  ^^^^^^^
  lib/features/offline/infrastructure/sync/conflict_resolver_impl.dart:437:36: Error: The getter 'journalDao' isn't defined for the type 'AppDatabase'.
   - 'AppDatabase' is from 'package:soloadventurer/features/offline/infrastructure/database/database.dart' ('lib/features/offline/infrastructure/database/database.dart').
  Try correcting the name to the name of an existing getter, or defining a getter or field named 'journalDao'.
        final journalDao = _database.journalDao;
                                     ^^^^^^^^^^
  lib/features/offline/infrastructure/sync/conflict_resolver_impl.dart:460:36: Error: The getter 'journalDao' isn't defined for the type 'AppDatabase'.
   - 'AppDatabase' is from 'package:soloadventurer/features/offline/infrastructure/database/database.dart' ('lib/features/offline/infrastructure/database/database.dart').
  Try correcting the name to the name of an existing getter, or defining a getter or field named 'journalDao'.
        final journalDao = _database.journalDao;
                                     ^^^^^^^^^^
  lib/features/offline/infrastructure/sync/conflict_resolver_impl.dart:485:33: Error: The getter 'userDao' isn't defined for the type 'AppDatabase'.
   - 'AppDatabase' is from 'package:soloadventurer/features/offline/infrastructure/database/database.dart' ('lib/features/offline/infrastructure/database/database.dart').
  Try correcting the name to the name of an existing getter, or defining a getter or field named 'userDao'.
        final userDao = _database.userDao;
                                  ^^^^^^^
  lib/features/offline/infrastructure/sync/conflict_resolver_impl.dart:508:33: Error: The getter 'userDao' isn't defined for the type 'AppDatabase'.
   - 'AppDatabase' is from 'package:soloadventurer/features/offline/infrastructure/database/database.dart' ('lib/features/offline/infrastructure/database/database.dart').
  Try correcting the name to the name of an existing getter, or defining a getter or field named 'userDao'.
        final userDao = _database.userDao;
                                  ^^^^^^^
  lib/features/offline/infrastructure/sync/download_sync.dart:254:33: Error: The getter 'tripDao' isn't defined for the type 'AppDatabase'.
   - 'AppDatabase' is from 'package:soloadventurer/features/offline/infrastructure/database/database.dart' ('lib/features/offline/infrastructure/database/database.dart').
  Try correcting the name to the name of an existing getter, or defining a getter or field named 'tripDao'.
        final tripDao = _database.tripDao;
                                  ^^^^^^^
  lib/features/offline/infrastructure/sync/download_sync.dart:372:33: Error: The getter 'tripDao' isn't defined for the type 'AppDatabase'.
   - 'AppDatabase' is from 'package:soloadventurer/features/offline/infrastructure/database/database.dart' ('lib/features/offline/infrastructure/database/database.dart').
  Try correcting the name to the name of an existing getter, or defining a getter or field named 'tripDao'.
        final tripDao = _database.tripDao;
                                  ^^^^^^^
  lib/features/offline/infrastructure/sync/download_sync.dart:430:40: Error: The getter 'journalDao' isn't defined for the type 'AppDatabase'.
   - 'AppDatabase' is from 'package:soloadventurer/features/offline/infrastructure/database/database.dart' ('lib/features/offline/infrastructure/database/database.dart').
  Try correcting the name to the name of an existing getter, or defining a getter or field named 'journalDao'.
            final journalDao = _database.journalDao;
                                         ^^^^^^^^^^
  lib/features/offline/infrastructure/sync/download_sync.dart:568:33: Error: The getter 'userDao' isn't defined for the type 'AppDatabase'.
   - 'AppDatabase' is from 'package:soloadventurer/features/offline/infrastructure/database/database.dart' ('lib/features/offline/infrastructure/database/database.dart').
  Try correcting the name to the name of an existing getter, or defining a getter or field named 'userDao'.
        final userDao = _database.userDao;
                                  ^^^^^^^
  lib/features/offline/infrastructure/sync/download_sync.dart:677:17: Error: No named parameter with the name 'userId'.
                  userId: userId,
                  ^^^^^^
  lib/features/offline/infrastructure/database/database.g.dart:3735:3: Context: Found this candidate, but the arguments don't match.
    SyncMetadataTableCompanion.insert({
    ^^^^^^^^^^^^^^^^^^^^^^^^^^^^^^^^^
  lib/features/offline/infrastructure/sync/download_sync.dart:669:40: Error: The getter 'userId' isn't defined for the type '$SyncMetadataTableTable'.
   - '$SyncMetadataTableTable' is from 'package:soloadventurer/features/offline/infrastructure/database/database.dart' ('lib/features/offline/infrastructure/database/database.dart').
  Try correcting the name to the name of an existing getter, or defining a getter or field named 'userId'.
                    ..where((tbl) => tbl.userId.equals(userId)))
                                         ^^^^^^
  lib/features/offline/infrastructure/sync/download_sync.dart:687:24: Error: The method 'SyncMetadataTable' isn't defined for the type 'DownloadSync'.
   - 'DownloadSync' is from 'package:soloadventurer/features/offline/infrastructure/sync/download_sync.dart' ('lib/features/offline/infrastructure/sync/download_sync.dart').
  Try correcting the name to the name of an existing method, or defining a method named 'SyncMetadataTable'.
                .replace(SyncMetadataTable(
                         ^^^^^^^^^^^^^^^^^
  lib/features/offline/infrastructure/sync/download_sync.dart:688:30: Error: The getter 'id' isn't defined for the type 'SyncMetadata'.
   - 'SyncMetadata' is from 'package:soloadventurer/features/offline/infrastructure/database/database.dart' ('lib/features/offline/infrastructure/database/database.dart').
  Try correcting the name to the name of an existing getter, or defining a getter or field named 'id'.
                  id: metadata.id,
                               ^^
  lib/features/offline/infrastructure/sync/download_sync.dart:775:7: Error: No named parameter with the name 'firstName'.
        firstName: Value(serverUser['firstName'] as String?),
        ^^^^^^^^^
  lib/features/offline/infrastructure/database/database.g.dart:2407:9: Context: Found this candidate, but the arguments don't match.
    const UsersCompanion({
          ^^^^^^^^^^^^^^
  lib/features/offline/infrastructure/sync/incremental_sync.dart:262:38: Error: Required named parameter 'userId' must be provided.
          return syncIncrementalChanges(
                                       ^
  lib/features/offline/infrastructure/sync/incremental_sync.dart:286:40: Error: The getter 'userId' isn't defined for the type '$SyncMetadataTableTable'.
   - '$SyncMetadataTableTable' is from 'package:soloadventurer/features/offline/infrastructure/database/database.dart' ('lib/features/offline/infrastructure/database/database.dart').
  Try correcting the name to the name of an existing getter, or defining a getter or field named 'userId'.
                    ..where((tbl) => tbl.userId.equals(userId)))
                                         ^^^^^^
  lib/features/offline/infrastructure/sync/incremental_sync.dart:290:32: Error: The getter 'lastIncrementalSyncAt' isn't defined for the type 'SyncMetadata'.
   - 'SyncMetadata' is from 'package:soloadventurer/features/offline/infrastructure/database/database.dart' ('lib/features/offline/infrastructure/database/database.dart').
  Try correcting the name to the name of an existing getter, or defining a getter or field named 'lastIncrementalSyncAt'.
              metadataList.first.lastIncrementalSyncAt == null) {
                                 ^^^^^^^^^^^^^^^^^^^^^
  lib/features/offline/infrastructure/sync/incremental_sync.dart:309:34: Error: The getter 'userId' isn't defined for the type '$SyncMetadataTableTable'.
   - '$SyncMetadataTableTable' is from 'package:soloadventurer/features/offline/infrastructure/database/database.dart' ('lib/features/offline/infrastructure/database/database.dart').
  Try correcting the name to the name of an existing getter, or defining a getter or field named 'userId'.
              ..where((tbl) => tbl.userId.equals(userId)))
                                   ^^^^^^
  lib/features/offline/infrastructure/sync/incremental_sync.dart:316:33: Error: The getter 'lastIncrementalSyncAt' isn't defined for the type 'SyncMetadata'.
   - 'SyncMetadata' is from 'package:soloadventurer/features/offline/infrastructure/database/database.dart' ('lib/features/offline/infrastructure/database/database.dart').
  Try correcting the name to the name of an existing getter, or defining a getter or field named 'lastIncrementalSyncAt'.
        return metadataList.first.lastIncrementalSyncAt;
                                  ^^^^^^^^^^^^^^^^^^^^^
  lib/features/offline/infrastructure/sync/incremental_sync.dart:389:33: Error: The getter 'tripDao' isn't defined for the type 'AppDatabase'.
   - 'AppDatabase' is from 'package:soloadventurer/features/offline/infrastructure/database/database.dart' ('lib/features/offline/infrastructure/database/database.dart').
  Try correcting the name to the name of an existing getter, or defining a getter or field named 'tripDao'.
        final tripDao = _database.tripDao;
                                  ^^^^^^^
  lib/features/offline/infrastructure/sync/incremental_sync.dart:553:31: Error: The getter 'tripDao' isn't defined for the type 'AppDatabase'.
   - 'AppDatabase' is from 'package:soloadventurer/features/offline/infrastructure/database/database.dart' ('lib/features/offline/infrastructure/database/database.dart').
  Try correcting the name to the name of an existing getter, or defining a getter or field named 'tripDao'.
      final tripDao = _database.tripDao;
                                ^^^^^^^
  lib/features/offline/infrastructure/sync/incremental_sync.dart:605:34: Error: The getter 'journalDao' isn't defined for the type 'AppDatabase'.
   - 'AppDatabase' is from 'package:soloadventurer/features/offline/infrastructure/database/database.dart' ('lib/features/offline/infrastructure/database/database.dart').
  Try correcting the name to the name of an existing getter, or defining a getter or field named 'journalDao'.
      final journalDao = _database.journalDao;
                                   ^^^^^^^^^^
  lib/features/offline/infrastructure/sync/incremental_sync.dart:660:31: Error: The getter 'userDao' isn't defined for the type 'AppDatabase'.
   - 'AppDatabase' is from 'package:soloadventurer/features/offline/infrastructure/database/database.dart' ('lib/features/offline/infrastructure/database/database.dart').
  Try correcting the name to the name of an existing getter, or defining a getter or field named 'userDao'.
      final userDao = _database.userDao;
                                ^^^^^^^
  lib/features/offline/infrastructure/sync/incremental_sync.dart:727:17: Error: No named parameter with the name 'userId'.
                  userId: userId,
                  ^^^^^^
  lib/features/offline/infrastructure/database/database.g.dart:3723:9: Context: Found this candidate, but the arguments don't match.
    const SyncMetadataTableCompanion({
          ^^^^^^^^^^^^^^^^^^^^^^^^^^
  lib/features/offline/infrastructure/sync/incremental_sync.dart:719:40: Error: The getter 'userId' isn't defined for the type '$SyncMetadataTableTable'.
   - '$SyncMetadataTableTable' is from 'package:soloadventurer/features/offline/infrastructure/database/database.dart' ('lib/features/offline/infrastructure/database/database.dart').
  Try correcting the name to the name of an existing getter, or defining a getter or field named 'userId'.
                    ..where((tbl) => tbl.userId.equals(userId)))
                                         ^^^^^^
  lib/features/offline/infrastructure/sync/incremental_sync.dart:739:24: Error: The method 'SyncMetadataTable' isn't defined for the type 'IncrementalSync'.
   - 'IncrementalSync' is from 'package:soloadventurer/features/offline/infrastructure/sync/incremental_sync.dart' ('lib/features/offline/infrastructure/sync/incremental_sync.dart').
  Try correcting the name to the name of an existing method, or defining a method named 'SyncMetadataTable'.
                .replace(SyncMetadataTable(
                         ^^^^^^^^^^^^^^^^^
  lib/features/offline/infrastructure/sync/incremental_sync.dart:740:30: Error: The getter 'id' isn't defined for the type 'SyncMetadata'.
   - 'SyncMetadata' is from 'package:soloadventurer/features/offline/infrastructure/database/database.dart' ('lib/features/offline/infrastructure/database/database.dart').
  Try correcting the name to the name of an existing getter, or defining a getter or field named 'id'.
                  id: metadata.id,
                               ^^
  lib/features/offline/infrastructure/sync/incremental_sync.dart:746:54: Error: The getter 'lastIncrementalSyncAt' isn't defined for the type 'SyncMetadata'.
   - 'SyncMetadata' is from 'package:soloadventurer/features/offline/infrastructure/database/database.dart' ('lib/features/offline/infrastructure/database/database.dart').
  Try correcting the name to the name of an existing getter, or defining a getter or field named 'lastIncrementalSyncAt'.
                      usedIncremental ? now : metadata.lastIncrementalSyncAt,
                                                       ^^^^^^^^^^^^^^^^^^^^^
  lib/features/offline/infrastructure/sync/incremental_sync.dart:891:7: Error: No named parameter with the name 'firstName'.
        firstName: Value(serverUser['firstName'] as String?),
        ^^^^^^^^^
  lib/features/offline/infrastructure/database/database.g.dart:2407:9: Context: Found this candidate, but the arguments don't match.
    const UsersCompanion({
          ^^^^^^^^^^^^^^
  lib/features/offline/infrastructure/sync/offline_interceptor.dart:348:21: Error: The method 'call' isn't defined for the type 'Future<T>'.
   - 'Future' is from 'dart:async'.
  Try correcting the name to the name of an existing method, or defining a method named 'call'.
        await executor();
                      ^
  lib/features/offline/infrastructure/sync/offline_interceptor.dart:352:26: Error: The method 'call' isn't defined for the type 'Future<void>'.
   - 'Future' is from 'dart:async'.
  Try correcting the name to the name of an existing method, or defining a method named 'call'.
          await localUpdate();
                           ^
  lib/features/offline/infrastructure/sync/offline_interceptor.dart:382:24: Error: The method 'call' isn't defined for the type 'Future<void>'.
   - 'Future' is from 'dart:async'.
  Try correcting the name to the name of an existing method, or defining a method named 'call'.
        await localUpdate();
                         ^
  lib/features/offline/infrastructure/sync/mutation_interceptor.dart:263:66: Error: The argument type 'ErrorInterceptorHandler' can't be assigned to the parameter type 'RequestInterceptorHandler'.
   - 'ErrorInterceptorHandler' is from 'package:dio/src/dio_mixin.dart' ('../.pub-cache/hosted/pub.dev/dio-5.8.0+1/lib/src/dio_mixin.dart').
   - 'RequestInterceptorHandler' is from 'package:dio/src/dio_mixin.dart' ('../.pub-cache/hosted/pub.dev/dio-5.8.0+1/lib/src/dio_mixin.dart').
        await _handleOfflineMutation(metadata, err.requestOptions, handler);
                                                                   ^
  .

To run this test again: /opt/homebrew/Caskroom/flutter/3.32.5/flutter/bin/cache/dart-sdk/bin/dart test /Users/anthonyforan/SoloAdventurer_app/test/features/auth/integration/auth_flow_test.dart -p vm --plain-name 'loading /Users/anthonyforan/SoloAdventurer_app/test/features/auth/integration/auth_flow_test.dart'
lib/features/core/infrastructure/monitoring/aws_cloudwatch_monitoring.dart:75:7: Error: The non-abstract class 'AwsCloudWatchMonitoring' is missing implementations for these members:
 - MonitoringService.logDebug
 - MonitoringService.recordEvent
 - MonitoringService.recordMetric
Try to either
 - provide an implementation,
 - inherit an implementation from a superclass or mixin,
 - mark the class as abstract, or
 - provide a 'noSuchMethod' implementation.
class AwsCloudWatchMonitoring implements MonitoringService {
      ^^^^^^^^^^^^^^^^^^^^^^^
lib/features/core/infrastructure/monitoring/monitoring_service.dart:23:16: Context: 'MonitoringService.logDebug' is defined here.
  Future<void> logDebug(
               ^^^^^^^^
lib/features/core/infrastructure/monitoring/monitoring_service.dart:42:16: Context: 'MonitoringService.recordEvent' is defined here.
  Future<void> recordEvent(
               ^^^^^^^^^^^
lib/features/core/infrastructure/monitoring/monitoring_service.dart:29:16: Context: 'MonitoringService.recordMetric' is defined here.
  Future<void> recordMetric(
               ^^^^^^^^^^^^
00:25 +84 -13: loading /Users/anthonyforan/SoloAdventurer_app/test/features/auth/performance/token_performance_test.dart [E]                                                                           
  Failed to load "/Users/anthonyforan/SoloAdventurer_app/test/features/auth/performance/token_performance_test.dart":
  Compilation failed for testPath=/Users/anthonyforan/SoloAdventurer_app/test/features/auth/performance/token_performance_test.dart: lib/features/core/infrastructure/monitoring/aws_cloudwatch_monitoring.dart:75:7: Error: The non-abstract class 'AwsCloudWatchMonitoring' is missing implementations for these members:
   - MonitoringService.logDebug
   - MonitoringService.recordEvent
   - MonitoringService.recordMetric
  Try to either
   - provide an implementation,
   - inherit an implementation from a superclass or mixin,
   - mark the class as abstract, or
   - provide a 'noSuchMethod' implementation.
  class AwsCloudWatchMonitoring implements MonitoringService {
        ^^^^^^^^^^^^^^^^^^^^^^^
  lib/features/core/infrastructure/monitoring/monitoring_service.dart:23:16: Context: 'MonitoringService.logDebug' is defined here.
    Future<void> logDebug(
                 ^^^^^^^^
  lib/features/core/infrastructure/monitoring/monitoring_service.dart:42:16: Context: 'MonitoringService.recordEvent' is defined here.
    Future<void> recordEvent(
                 ^^^^^^^^^^^
  lib/features/core/infrastructure/monitoring/monitoring_service.dart:29:16: Context: 'MonitoringService.recordMetric' is defined here.
    Future<void> recordMetric(
                 ^^^^^^^^^^^^
  .

To run this test again: /opt/homebrew/Caskroom/flutter/3.32.5/flutter/bin/cache/dart-sdk/bin/dart test /Users/anthonyforan/SoloAdventurer_app/test/features/auth/performance/token_performance_test.dart -p vm --plain-name 'loading /Users/anthonyforan/SoloAdventurer_app/test/features/auth/performance/token_performance_test.dart'
lib/features/core/infrastructure/monitoring/aws_cloudwatch_monitoring.dart:75:7: Error: The non-abstract class 'AwsCloudWatchMonitoring' is missing implementations for these members:
 - MonitoringService.logDebug
 - MonitoringService.recordEvent
 - MonitoringService.recordMetric
Try to either
 - provide an implementation,
 - inherit an implementation from a superclass or mixin,
 - mark the class as abstract, or
 - provide a 'noSuchMethod' implementation.
class AwsCloudWatchMonitoring implements MonitoringService {
      ^^^^^^^^^^^^^^^^^^^^^^^
lib/features/core/infrastructure/monitoring/monitoring_service.dart:23:16: Context: 'MonitoringService.logDebug' is defined here.
  Future<void> logDebug(
               ^^^^^^^^
lib/features/core/infrastructure/monitoring/monitoring_service.dart:42:16: Context: 'MonitoringService.recordEvent' is defined here.
  Future<void> recordEvent(
               ^^^^^^^^^^^
lib/features/core/infrastructure/monitoring/monitoring_service.dart:29:16: Context: 'MonitoringService.recordMetric' is defined here.
  Future<void> recordMetric(
               ^^^^^^^^^^^^
00:27 +84 -14: loading /Users/anthonyforan/SoloAdventurer_app/test/features/auth/infrastructure/security/suspicious_activity_detector_test.dart [E]                                                    
  Failed to load "/Users/anthonyforan/SoloAdventurer_app/test/features/auth/infrastructure/security/suspicious_activity_detector_test.dart":
  Compilation failed for testPath=/Users/anthonyforan/SoloAdventurer_app/test/features/auth/infrastructure/security/suspicious_activity_detector_test.dart: lib/features/core/infrastructure/monitoring/aws_cloudwatch_monitoring.dart:75:7: Error: The non-abstract class 'AwsCloudWatchMonitoring' is missing implementations for these members:
   - MonitoringService.logDebug
   - MonitoringService.recordEvent
   - MonitoringService.recordMetric
  Try to either
   - provide an implementation,
   - inherit an implementation from a superclass or mixin,
   - mark the class as abstract, or
   - provide a 'noSuchMethod' implementation.
  class AwsCloudWatchMonitoring implements MonitoringService {
        ^^^^^^^^^^^^^^^^^^^^^^^
  lib/features/core/infrastructure/monitoring/monitoring_service.dart:23:16: Context: 'MonitoringService.logDebug' is defined here.
    Future<void> logDebug(
                 ^^^^^^^^
  lib/features/core/infrastructure/monitoring/monitoring_service.dart:42:16: Context: 'MonitoringService.recordEvent' is defined here.
    Future<void> recordEvent(
                 ^^^^^^^^^^^
  lib/features/core/infrastructure/monitoring/monitoring_service.dart:29:16: Context: 'MonitoringService.recordMetric' is defined here.
    Future<void> recordMetric(
                 ^^^^^^^^^^^^
  .

To run this test again: /opt/homebrew/Caskroom/flutter/3.32.5/flutter/bin/cache/dart-sdk/bin/dart test /Users/anthonyforan/SoloAdventurer_app/test/features/auth/infrastructure/security/suspicious_activity_detector_test.dart -p vm --plain-name 'loading /Users/anthonyforan/SoloAdventurer_app/test/features/auth/infrastructure/security/suspicious_activity_detector_test.dart'
lib/features/core/infrastructure/monitoring/aws_cloudwatch_monitoring.dart:75:7: Error: The non-abstract class 'AwsCloudWatchMonitoring' is missing implementations for these members:
 - MonitoringService.logDebug
 - MonitoringService.recordEvent
 - MonitoringService.recordMetric
Try to either
 - provide an implementation,
 - inherit an implementation from a superclass or mixin,
 - mark the class as abstract, or
 - provide a 'noSuchMethod' implementation.
class AwsCloudWatchMonitoring implements MonitoringService {
      ^^^^^^^^^^^^^^^^^^^^^^^
lib/features/core/infrastructure/monitoring/monitoring_service.dart:23:16: Context: 'MonitoringService.logDebug' is defined here.
  Future<void> logDebug(
               ^^^^^^^^
lib/features/core/infrastructure/monitoring/monitoring_service.dart:42:16: Context: 'MonitoringService.recordEvent' is defined here.
  Future<void> recordEvent(
               ^^^^^^^^^^^
lib/features/core/infrastructure/monitoring/monitoring_service.dart:29:16: Context: 'MonitoringService.recordMetric' is defined here.
  Future<void> recordMetric(
               ^^^^^^^^^^^^
00:28 +84 -15: loading /Users/anthonyforan/SoloAdventurer_app/test/features/auth/infrastructure/logging/token_audit_logger_test.dart [E]                                                               
  Failed to load "/Users/anthonyforan/SoloAdventurer_app/test/features/auth/infrastructure/logging/token_audit_logger_test.dart":
  Compilation failed for testPath=/Users/anthonyforan/SoloAdventurer_app/test/features/auth/infrastructure/logging/token_audit_logger_test.dart: lib/features/core/infrastructure/monitoring/aws_cloudwatch_monitoring.dart:75:7: Error: The non-abstract class 'AwsCloudWatchMonitoring' is missing implementations for these members:
   - MonitoringService.logDebug
   - MonitoringService.recordEvent
   - MonitoringService.recordMetric
  Try to either
   - provide an implementation,
   - inherit an implementation from a superclass or mixin,
   - mark the class as abstract, or
   - provide a 'noSuchMethod' implementation.
  class AwsCloudWatchMonitoring implements MonitoringService {
        ^^^^^^^^^^^^^^^^^^^^^^^
  lib/features/core/infrastructure/monitoring/monitoring_service.dart:23:16: Context: 'MonitoringService.logDebug' is defined here.
    Future<void> logDebug(
                 ^^^^^^^^
  lib/features/core/infrastructure/monitoring/monitoring_service.dart:42:16: Context: 'MonitoringService.recordEvent' is defined here.
    Future<void> recordEvent(
                 ^^^^^^^^^^^
  lib/features/core/infrastructure/monitoring/monitoring_service.dart:29:16: Context: 'MonitoringService.recordMetric' is defined here.
    Future<void> recordMetric(
                 ^^^^^^^^^^^^
  .

To run this test again: /opt/homebrew/Caskroom/flutter/3.32.5/flutter/bin/cache/dart-sdk/bin/dart test /Users/anthonyforan/SoloAdventurer_app/test/features/auth/infrastructure/logging/token_audit_logger_test.dart -p vm --plain-name 'loading /Users/anthonyforan/SoloAdventurer_app/test/features/auth/infrastructure/logging/token_audit_logger_test.dart'
lib/features/offline/infrastructure/database/dao/itinerary_dao.dart:26:10: Error: Type 'LocalItinerary' not found.
  Future<LocalItinerary> insertItinerary(ItinerariesCompanion itinerary) async {
         ^^^^^^^^^^^^^^
lib/features/offline/infrastructure/database/dao/itinerary_dao.dart:26:42: Error: Type 'ItinerariesCompanion' not found.
  Future<LocalItinerary> insertItinerary(ItinerariesCompanion itinerary) async {
                                         ^^^^^^^^^^^^^^^^^^^^
lib/features/offline/infrastructure/database/dao/itinerary_dao.dart:34:31: Error: Type 'LocalItinerary' not found.
  Future<int> updateItinerary(LocalItinerary itinerary) async {
                              ^^^^^^^^^^^^^^
lib/features/offline/infrastructure/database/dao/itinerary_dao.dart:64:10: Error: Type 'LocalItinerary' not found.
  Future<LocalItinerary?> getItineraryById(String id) {
         ^^^^^^^^^^^^^^
lib/features/offline/infrastructure/database/dao/itinerary_dao.dart:75:15: Error: Type 'LocalItinerary' not found.
  Future<List<LocalItinerary>> getItinerariesByUserId(String userId) {
              ^^^^^^^^^^^^^^
lib/features/offline/infrastructure/database/dao/itinerary_dao.dart:88:15: Error: Type 'LocalItinerary' not found.
  Future<List<LocalItinerary>> getAllItineraries() {
              ^^^^^^^^^^^^^^
lib/features/offline/infrastructure/database/dao/itinerary_dao.dart:98:15: Error: Type 'LocalItinerary' not found.
  Future<List<LocalItinerary>> getStarterItineraries() {
              ^^^^^^^^^^^^^^
lib/features/offline/infrastructure/database/dao/itinerary_dao.dart:109:15: Error: Type 'LocalItinerary' not found.
  Future<List<LocalItinerary>> getItinerariesNeedingSync() {
              ^^^^^^^^^^^^^^
lib/features/offline/infrastructure/database/dao/itinerary_dao.dart:126:10: Error: Type 'LocalItineraryItem' not found.
  Future<LocalItineraryItem> insertItineraryItem(
         ^^^^^^^^^^^^^^^^^^
lib/features/offline/infrastructure/database/dao/itinerary_dao.dart:127:7: Error: Type 'ItineraryItemsCompanion' not found.
      ItineraryItemsCompanion item) async {
      ^^^^^^^^^^^^^^^^^^^^^^^
lib/features/offline/infrastructure/database/dao/itinerary_dao.dart:135:41: Error: Type 'ItineraryItemsCompanion' not found.
  Future<int> insertItineraryItems(List<ItineraryItemsCompanion> items) async {
                                        ^^^^^^^^^^^^^^^^^^^^^^^
lib/features/offline/infrastructure/database/dao/itinerary_dao.dart:150:35: Error: Type 'LocalItineraryItem' not found.
  Future<int> updateItineraryItem(LocalItineraryItem item) async {
                                  ^^^^^^^^^^^^^^^^^^
lib/features/offline/infrastructure/database/dao/itinerary_dao.dart:185:10: Error: Type 'LocalItineraryItem' not found.
  Future<LocalItineraryItem?> getItineraryItemById(String id) {
         ^^^^^^^^^^^^^^^^^^
lib/features/offline/infrastructure/database/dao/itinerary_dao.dart:196:15: Error: Type 'LocalItineraryItem' not found.
  Future<List<LocalItineraryItem>> getItemsByItineraryId(String itineraryId) {
              ^^^^^^^^^^^^^^^^^^
lib/features/offline/infrastructure/database/dao/itinerary_dao.dart:212:15: Error: Type 'LocalItineraryItem' not found.
  Future<List<LocalItineraryItem>> getItemsByDay(
              ^^^^^^^^^^^^^^^^^^
lib/features/offline/infrastructure/database/dao/itinerary_dao.dart:228:24: Error: Type 'LocalItineraryItem' not found.
  Future<Map<int, List<LocalItineraryItem>>> getItemsGroupedByDay(
                       ^^^^^^^^^^^^^^^^^^
lib/features/offline/infrastructure/database/dao/itinerary_dao.dart:259:10: Error: Type 'LocalItineraryItem' not found.
  Future<LocalItineraryItem?> toggleItemCompletion(String itemId) async {
         ^^^^^^^^^^^^^^^^^^
lib/features/offline/infrastructure/database/dao/itinerary_dao.dart:271:15: Error: Type 'LocalItineraryItem' not found.
  Future<List<LocalItineraryItem>> getUncompletedItems(String itineraryId) {
              ^^^^^^^^^^^^^^^^^^
lib/features/offline/infrastructure/database/dao/itinerary_dao.dart:287:15: Error: Type 'LocalItineraryItem' not found.
  Future<List<LocalItineraryItem>> getCompletedItems(String itineraryId) {
              ^^^^^^^^^^^^^^^^^^
lib/features/offline/infrastructure/database/dao/itinerary_dao.dart:302:15: Error: Type 'LocalItineraryItem' not found.
  Future<List<LocalItineraryItem>> getItemsNeedingSync() {
              ^^^^^^^^^^^^^^^^^^
lib/app/providers/auth_service_providers.dart:32:41: Error: Type 'Ref' not found.
AuthLocalDataSource authLocalDataSource(Ref ref) {
                                        ^^^
lib/app/providers/auth_service_providers.dart:43:43: Error: Type 'Ref' not found.
AuthRemoteDataSource authRemoteDataSource(Ref ref) {
                                          ^^^
lib/app/providers/auth_service_providers.dart:60:47: Error: Type 'Ref' not found.
AuthRemoteDataSource mockAuthRemoteDataSource(Ref ref) {
                                              ^^^
lib/app/providers/auth_service_providers.dart:73:31: Error: Type 'Ref' not found.
AuthRepository authRepository(Ref ref) {
                              ^^^
lib/app/providers/auth_service_providers.dart:90:38: Error: Type 'Ref' not found.
GetCurrentUser getCurrentUserUseCase(Ref ref) {
                                     ^^^
lib/app/providers/auth_service_providers.dart:97:30: Error: Type 'Ref' not found.
IsSignedIn isSignedInUseCase(Ref ref) {
                             ^^^
lib/app/providers/auth_service_providers.dart:104:27: Error: Type 'Ref' not found.
LoginUseCase loginUseCase(Ref ref) {
                          ^^^
lib/app/providers/auth_service_providers.dart:111:22: Error: Type 'Ref' not found.
SignUp signUpUseCase(Ref ref) {
                     ^^^
lib/app/providers/auth_service_providers.dart:118:24: Error: Type 'Ref' not found.
SignOut signOutUseCase(Ref ref) {
                       ^^^
lib/app/providers/auth_service_providers.dart:125:32: Error: Type 'Ref' not found.
VerifyEmail verifyEmailUseCase(Ref ref) {
                               ^^^
lib/app/providers/auth_service_providers.dart:132:63: Error: Type 'Ref' not found.
resend.ResendVerificationEmail resendVerificationEmailUseCase(Ref ref) {
                                                              ^^^
lib/app/providers/auth_service_providers.dart:139:38: Error: Type 'Ref' not found.
ForgotPassword forgotPasswordUseCase(Ref ref) {
                                     ^^^
lib/app/providers/auth_service_providers.dart:146:50: Error: Type 'Ref' not found.
ConfirmPasswordReset confirmPasswordResetUseCase(Ref ref) {
                                                 ^^^
lib/app/providers/offline_service_providers.dart:9:1: Error: 'ConnectivityService' is imported from both 'package:soloadventurer/core/services/connectivity_service.dart' and 'package:soloadventurer/features/offline/domain/services/connectivity_service.dart'.
import 'package:soloadventurer/features/offline/domain/services/offline_services.dart';
^^^^^^^^^^^^^^^^^^^
lib/features/core/infrastructure/monitoring/aws_cloudwatch_monitoring.dart:75:7: Error: The non-abstract class 'AwsCloudWatchMonitoring' is missing implementations for these members:
 - MonitoringService.logDebug
 - MonitoringService.recordEvent
 - MonitoringService.recordMetric
Try to either
 - provide an implementation,
 - inherit an implementation from a superclass or mixin,
 - mark the class as abstract, or
 - provide a 'noSuchMethod' implementation.
class AwsCloudWatchMonitoring implements MonitoringService {
      ^^^^^^^^^^^^^^^^^^^^^^^
lib/features/core/infrastructure/monitoring/monitoring_service.dart:23:16: Context: 'MonitoringService.logDebug' is defined here.
  Future<void> logDebug(
               ^^^^^^^^
lib/features/core/infrastructure/monitoring/monitoring_service.dart:42:16: Context: 'MonitoringService.recordEvent' is defined here.
  Future<void> recordEvent(
               ^^^^^^^^^^^
lib/features/core/infrastructure/monitoring/monitoring_service.dart:29:16: Context: 'MonitoringService.recordMetric' is defined here.
  Future<void> recordMetric(
               ^^^^^^^^^^^^
lib/core/providers/api_providers.dart:21:25: Error: Too many positional arguments: 0 allowed, but 1 found.
Try removing the extra positional arguments.
  return AuthInterceptor(authRepository);
                        ^
lib/core/api/interceptors/auth_interceptor.dart:7:7: Context: The class 'AuthInterceptor' has a constructor that takes no arguments.
class AuthInterceptor extends Interceptor {
      ^
lib/features/offline/infrastructure/database/dao/itinerary_dao.dart:26:42: Error: 'ItinerariesCompanion' isn't a type.
  Future<LocalItinerary> insertItinerary(ItinerariesCompanion itinerary) async {
                                         ^^^^^^^^^^^^^^^^^^^^
lib/features/offline/infrastructure/database/dao/itinerary_dao.dart:27:20: Error: The getter 'itineraries' isn't defined for the type 'AppDatabase'.
 - 'AppDatabase' is from 'package:soloadventurer/features/offline/infrastructure/database/database.dart' ('lib/features/offline/infrastructure/database/database.dart').
Try correcting the name to the name of an existing getter, or defining a getter or field named 'itineraries'.
    return into(db.itineraries).insert(itinerary);
                   ^^^^^^^^^^^
lib/features/offline/infrastructure/database/dao/itinerary_dao.dart:34:31: Error: 'LocalItinerary' isn't a type.
  Future<int> updateItinerary(LocalItinerary itinerary) async {
                              ^^^^^^^^^^^^^^
lib/features/offline/infrastructure/database/dao/itinerary_dao.dart:35:21: Error: The getter 'itineraries' isn't defined for the type 'AppDatabase'.
 - 'AppDatabase' is from 'package:soloadventurer/features/offline/infrastructure/database/database.dart' ('lib/features/offline/infrastructure/database/database.dart').
Try correcting the name to the name of an existing getter, or defining a getter or field named 'itineraries'.
    return await db.itineraries.update.replace(itinerary);
                    ^^^^^^^^^^^
lib/features/offline/infrastructure/database/dao/itinerary_dao.dart:48:22: Error: The getter 'itineraries' isn't defined for the type 'AppDatabase'.
 - 'AppDatabase' is from 'package:soloadventurer/features/offline/infrastructure/database/database.dart' ('lib/features/offline/infrastructure/database/database.dart').
Try correcting the name to the name of an existing getter, or defining a getter or field named 'itineraries'.
    return await (db.itineraries.delete..where((i) => i.id.equals(id))).go();
                     ^^^^^^^^^^^
lib/features/offline/infrastructure/database/dao/itinerary_dao.dart:57:22: Error: Not a constant expression.
        .write(const ItinerariesCompanion(isDeleted: Value(true)));
                     ^^^^^^^^^^^^^^^^^^^^
lib/features/offline/infrastructure/database/dao/itinerary_dao.dart:56:22: Error: The getter 'itineraries' isn't defined for the type 'AppDatabase'.
 - 'AppDatabase' is from 'package:soloadventurer/features/offline/infrastructure/database/database.dart' ('lib/features/offline/infrastructure/database/database.dart').
Try correcting the name to the name of an existing getter, or defining a getter or field named 'itineraries'.
    return await (db.itineraries.update..where((i) => i.id.equals(id)))
                     ^^^^^^^^^^^
lib/features/offline/infrastructure/database/dao/itinerary_dao.dart:65:23: Error: The getter 'itineraries' isn't defined for the type 'AppDatabase'.
 - 'AppDatabase' is from 'package:soloadventurer/features/offline/infrastructure/database/database.dart' ('lib/features/offline/infrastructure/database/database.dart').
Try correcting the name to the name of an existing getter, or defining a getter or field named 'itineraries'.
    return (select(db.itineraries)..where((i) => i.id.equals(id)))
                      ^^^^^^^^^^^
lib/features/offline/infrastructure/database/dao/itinerary_dao.dart:65:52: Error: The getter 'id' isn't defined for the type 'HasResultSet'.
 - 'HasResultSet' is from 'package:drift/src/dsl/dsl.dart' ('../.pub-cache/hosted/pub.dev/drift-2.28.2/lib/src/dsl/dsl.dart').
Try correcting the name to the name of an existing getter, or defining a getter or field named 'id'.
    return (select(db.itineraries)..where((i) => i.id.equals(id)))
                                                   ^^
lib/features/offline/infrastructure/database/dao/itinerary_dao.dart:76:23: Error: The getter 'itineraries' isn't defined for the type 'AppDatabase'.
 - 'AppDatabase' is from 'package:soloadventurer/features/offline/infrastructure/database/database.dart' ('lib/features/offline/infrastructure/database/database.dart').
Try correcting the name to the name of an existing getter, or defining a getter or field named 'itineraries'.
    return (select(db.itineraries)
                      ^^^^^^^^^^^
lib/features/offline/infrastructure/database/dao/itinerary_dao.dart:77:28: Error: The getter 'userId' isn't defined for the type 'HasResultSet'.
 - 'HasResultSet' is from 'package:drift/src/dsl/dsl.dart' ('../.pub-cache/hosted/pub.dev/drift-2.28.2/lib/src/dsl/dsl.dart').
Try correcting the name to the name of an existing getter, or defining a getter or field named 'userId'.
          ..where((i) => i.userId.equals(userId))
                           ^^^^^^
lib/features/offline/infrastructure/database/dao/itinerary_dao.dart:78:28: Error: The getter 'isDeleted' isn't defined for the type 'HasResultSet'.
 - 'HasResultSet' is from 'package:drift/src/dsl/dsl.dart' ('../.pub-cache/hosted/pub.dev/drift-2.28.2/lib/src/dsl/dsl.dart').
Try correcting the name to the name of an existing getter, or defining a getter or field named 'isDeleted'.
          ..where((i) => i.isDeleted.equals(false))
                           ^^^^^^^^^
lib/features/offline/infrastructure/database/dao/itinerary_dao.dart:79:49: Error: The getter 'createdAt' isn't defined for the type 'HasResultSet'.
 - 'HasResultSet' is from 'package:drift/src/dsl/dsl.dart' ('../.pub-cache/hosted/pub.dev/drift-2.28.2/lib/src/dsl/dsl.dart').
Try correcting the name to the name of an existing getter, or defining a getter or field named 'createdAt'.
          ..orderBy([(i) => OrderingTerm.desc(i.createdAt)]))
                                                ^^^^^^^^^
lib/features/offline/infrastructure/database/dao/itinerary_dao.dart:89:23: Error: The getter 'itineraries' isn't defined for the type 'AppDatabase'.
 - 'AppDatabase' is from 'package:soloadventurer/features/offline/infrastructure/database/database.dart' ('lib/features/offline/infrastructure/database/database.dart').
Try correcting the name to the name of an existing getter, or defining a getter or field named 'itineraries'.
    return (select(db.itineraries)
                      ^^^^^^^^^^^
lib/features/offline/infrastructure/database/dao/itinerary_dao.dart:90:28: Error: The getter 'isDeleted' isn't defined for the type 'HasResultSet'.
 - 'HasResultSet' is from 'package:drift/src/dsl/dsl.dart' ('../.pub-cache/hosted/pub.dev/drift-2.28.2/lib/src/dsl/dsl.dart').
Try correcting the name to the name of an existing getter, or defining a getter or field named 'isDeleted'.
          ..where((i) => i.isDeleted.equals(false))
                           ^^^^^^^^^
lib/features/offline/infrastructure/database/dao/itinerary_dao.dart:91:49: Error: The getter 'createdAt' isn't defined for the type 'HasResultSet'.
 - 'HasResultSet' is from 'package:drift/src/dsl/dsl.dart' ('../.pub-cache/hosted/pub.dev/drift-2.28.2/lib/src/dsl/dsl.dart').
Try correcting the name to the name of an existing getter, or defining a getter or field named 'createdAt'.
          ..orderBy([(i) => OrderingTerm.desc(i.createdAt)]))
                                                ^^^^^^^^^
lib/features/offline/infrastructure/database/dao/itinerary_dao.dart:99:23: Error: The getter 'itineraries' isn't defined for the type 'AppDatabase'.
 - 'AppDatabase' is from 'package:soloadventurer/features/offline/infrastructure/database/database.dart' ('lib/features/offline/infrastructure/database/database.dart').
Try correcting the name to the name of an existing getter, or defining a getter or field named 'itineraries'.
    return (select(db.itineraries)
                      ^^^^^^^^^^^
lib/features/offline/infrastructure/database/dao/itinerary_dao.dart:100:28: Error: The getter 'isStarter' isn't defined for the type 'HasResultSet'.
 - 'HasResultSet' is from 'package:drift/src/dsl/dsl.dart' ('../.pub-cache/hosted/pub.dev/drift-2.28.2/lib/src/dsl/dsl.dart').
Try correcting the name to the name of an existing getter, or defining a getter or field named 'isStarter'.
          ..where((i) => i.isStarter.equals(true))
                           ^^^^^^^^^
lib/features/offline/infrastructure/database/dao/itinerary_dao.dart:101:28: Error: The getter 'isDeleted' isn't defined for the type 'HasResultSet'.
 - 'HasResultSet' is from 'package:drift/src/dsl/dsl.dart' ('../.pub-cache/hosted/pub.dev/drift-2.28.2/lib/src/dsl/dsl.dart').
Try correcting the name to the name of an existing getter, or defining a getter or field named 'isDeleted'.
          ..where((i) => i.isDeleted.equals(false))
                           ^^^^^^^^^
lib/features/offline/infrastructure/database/dao/itinerary_dao.dart:102:49: Error: The getter 'createdAt' isn't defined for the type 'HasResultSet'.
 - 'HasResultSet' is from 'package:drift/src/dsl/dsl.dart' ('../.pub-cache/hosted/pub.dev/drift-2.28.2/lib/src/dsl/dsl.dart').
Try correcting the name to the name of an existing getter, or defining a getter or field named 'createdAt'.
          ..orderBy([(i) => OrderingTerm.desc(i.createdAt)]))
                                                ^^^^^^^^^
lib/features/offline/infrastructure/database/dao/itinerary_dao.dart:110:23: Error: The getter 'itineraries' isn't defined for the type 'AppDatabase'.
 - 'AppDatabase' is from 'package:soloadventurer/features/offline/infrastructure/database/database.dart' ('lib/features/offline/infrastructure/database/database.dart').
Try correcting the name to the name of an existing getter, or defining a getter or field named 'itineraries'.
    return (select(db.itineraries)
                      ^^^^^^^^^^^
lib/features/offline/infrastructure/database/dao/itinerary_dao.dart:112:17: Error: The getter 'isSynced' isn't defined for the type 'HasResultSet'.
 - 'HasResultSet' is from 'package:drift/src/dsl/dsl.dart' ('../.pub-cache/hosted/pub.dev/drift-2.28.2/lib/src/dsl/dsl.dart').
Try correcting the name to the name of an existing getter, or defining a getter or field named 'isSynced'.
              i.isSynced.equals(false) | i.hasPendingChanges.equals(true))
                ^^^^^^^^
lib/features/offline/infrastructure/database/dao/itinerary_dao.dart:112:44: Error: The getter 'hasPendingChanges' isn't defined for the type 'HasResultSet'.
 - 'HasResultSet' is from 'package:drift/src/dsl/dsl.dart' ('../.pub-cache/hosted/pub.dev/drift-2.28.2/lib/src/dsl/dsl.dart').
Try correcting the name to the name of an existing getter, or defining a getter or field named 'hasPendingChanges'.
              i.isSynced.equals(false) | i.hasPendingChanges.equals(true))
                                           ^^^^^^^^^^^^^^^^^
lib/features/offline/infrastructure/database/dao/itinerary_dao.dart:113:28: Error: The getter 'isDeleted' isn't defined for the type 'HasResultSet'.
 - 'HasResultSet' is from 'package:drift/src/dsl/dsl.dart' ('../.pub-cache/hosted/pub.dev/drift-2.28.2/lib/src/dsl/dsl.dart').
Try correcting the name to the name of an existing getter, or defining a getter or field named 'isDeleted'.
          ..where((i) => i.isDeleted.equals(false))
                           ^^^^^^^^^
lib/features/offline/infrastructure/database/dao/itinerary_dao.dart:114:48: Error: The getter 'updatedAt' isn't defined for the type 'HasResultSet'.
 - 'HasResultSet' is from 'package:drift/src/dsl/dsl.dart' ('../.pub-cache/hosted/pub.dev/drift-2.28.2/lib/src/dsl/dsl.dart').
Try correcting the name to the name of an existing getter, or defining a getter or field named 'updatedAt'.
          ..orderBy([(i) => OrderingTerm.asc(i.updatedAt)]))
                                               ^^^^^^^^^
lib/features/offline/infrastructure/database/dao/itinerary_dao.dart:127:7: Error: 'ItineraryItemsCompanion' isn't a type.
      ItineraryItemsCompanion item) async {
      ^^^^^^^^^^^^^^^^^^^^^^^
lib/features/offline/infrastructure/database/dao/itinerary_dao.dart:128:20: Error: The getter 'itineraryItems' isn't defined for the type 'AppDatabase'.
 - 'AppDatabase' is from 'package:soloadventurer/features/offline/infrastructure/database/database.dart' ('lib/features/offline/infrastructure/database/database.dart').
Try correcting the name to the name of an existing getter, or defining a getter or field named 'itineraryItems'.
    return into(db.itineraryItems).insert(item);
                   ^^^^^^^^^^^^^^
lib/features/offline/infrastructure/database/dao/itinerary_dao.dart:135:41: Error: 'ItineraryItemsCompanion' isn't a type.
  Future<int> insertItineraryItems(List<ItineraryItemsCompanion> items) async {
                                        ^^^^^^^^^^^^^^^^^^^^^^^
lib/features/offline/infrastructure/database/dao/itinerary_dao.dart:139:17: Error: The getter 'itineraryItems' isn't defined for the type 'AppDatabase'.
 - 'AppDatabase' is from 'package:soloadventurer/features/offline/infrastructure/database/database.dart' ('lib/features/offline/infrastructure/database/database.dart').
Try correcting the name to the name of an existing getter, or defining a getter or field named 'itineraryItems'.
        into(db.itineraryItems).insert(item);
                ^^^^^^^^^^^^^^
lib/features/offline/infrastructure/database/dao/itinerary_dao.dart:150:35: Error: 'LocalItineraryItem' isn't a type.
  Future<int> updateItineraryItem(LocalItineraryItem item) async {
                                  ^^^^^^^^^^^^^^^^^^
lib/features/offline/infrastructure/database/dao/itinerary_dao.dart:151:21: Error: The getter 'itineraryItems' isn't defined for the type 'AppDatabase'.
 - 'AppDatabase' is from 'package:soloadventurer/features/offline/infrastructure/database/database.dart' ('lib/features/offline/infrastructure/database/database.dart').
Try correcting the name to the name of an existing getter, or defining a getter or field named 'itineraryItems'.
    return await db.itineraryItems.update.replace(item);
                    ^^^^^^^^^^^^^^
lib/features/offline/infrastructure/database/dao/itinerary_dao.dart:159:22: Error: The getter 'itineraryItems' isn't defined for the type 'AppDatabase'.
 - 'AppDatabase' is from 'package:soloadventurer/features/offline/infrastructure/database/database.dart' ('lib/features/offline/infrastructure/database/database.dart').
Try correcting the name to the name of an existing getter, or defining a getter or field named 'itineraryItems'.
    return await (db.itineraryItems.delete..where((i) => i.id.equals(id))).go();
                     ^^^^^^^^^^^^^^
lib/features/offline/infrastructure/database/dao/itinerary_dao.dart:167:22: Error: The getter 'itineraryItems' isn't defined for the type 'AppDatabase'.
 - 'AppDatabase' is from 'package:soloadventurer/features/offline/infrastructure/database/database.dart' ('lib/features/offline/infrastructure/database/database.dart').
Try correcting the name to the name of an existing getter, or defining a getter or field named 'itineraryItems'.
    return await (db.itineraryItems.delete
                     ^^^^^^^^^^^^^^
lib/features/offline/infrastructure/database/dao/itinerary_dao.dart:178:22: Error: Not a constant expression.
        .write(const ItineraryItemsCompanion(isDeleted: Value(true)));
                     ^^^^^^^^^^^^^^^^^^^^^^^
lib/features/offline/infrastructure/database/dao/itinerary_dao.dart:177:22: Error: The getter 'itineraryItems' isn't defined for the type 'AppDatabase'.
 - 'AppDatabase' is from 'package:soloadventurer/features/offline/infrastructure/database/database.dart' ('lib/features/offline/infrastructure/database/database.dart').
Try correcting the name to the name of an existing getter, or defining a getter or field named 'itineraryItems'.
    return await (db.itineraryItems.update..where((i) => i.id.equals(id)))
                     ^^^^^^^^^^^^^^
lib/features/offline/infrastructure/database/dao/itinerary_dao.dart:186:23: Error: The getter 'itineraryItems' isn't defined for the type 'AppDatabase'.
 - 'AppDatabase' is from 'package:soloadventurer/features/offline/infrastructure/database/database.dart' ('lib/features/offline/infrastructure/database/database.dart').
Try correcting the name to the name of an existing getter, or defining a getter or field named 'itineraryItems'.
    return (select(db.itineraryItems)..where((i) => i.id.equals(id)))
                      ^^^^^^^^^^^^^^
lib/features/offline/infrastructure/database/dao/itinerary_dao.dart:186:55: Error: The getter 'id' isn't defined for the type 'HasResultSet'.
 - 'HasResultSet' is from 'package:drift/src/dsl/dsl.dart' ('../.pub-cache/hosted/pub.dev/drift-2.28.2/lib/src/dsl/dsl.dart').
Try correcting the name to the name of an existing getter, or defining a getter or field named 'id'.
    return (select(db.itineraryItems)..where((i) => i.id.equals(id)))
                                                      ^^
lib/features/offline/infrastructure/database/dao/itinerary_dao.dart:197:23: Error: The getter 'itineraryItems' isn't defined for the type 'AppDatabase'.
 - 'AppDatabase' is from 'package:soloadventurer/features/offline/infrastructure/database/database.dart' ('lib/features/offline/infrastructure/database/database.dart').
Try correcting the name to the name of an existing getter, or defining a getter or field named 'itineraryItems'.
    return (select(db.itineraryItems)
                      ^^^^^^^^^^^^^^
lib/features/offline/infrastructure/database/dao/itinerary_dao.dart:198:28: Error: The getter 'itineraryId' isn't defined for the type 'HasResultSet'.
 - 'HasResultSet' is from 'package:drift/src/dsl/dsl.dart' ('../.pub-cache/hosted/pub.dev/drift-2.28.2/lib/src/dsl/dsl.dart').
Try correcting the name to the name of an existing getter, or defining a getter or field named 'itineraryId'.
          ..where((i) => i.itineraryId.equals(itineraryId))
                           ^^^^^^^^^^^
lib/features/offline/infrastructure/database/dao/itinerary_dao.dart:199:28: Error: The getter 'isDeleted' isn't defined for the type 'HasResultSet'.
 - 'HasResultSet' is from 'package:drift/src/dsl/dsl.dart' ('../.pub-cache/hosted/pub.dev/drift-2.28.2/lib/src/dsl/dsl.dart').
Try correcting the name to the name of an existing getter, or defining a getter or field named 'isDeleted'.
          ..where((i) => i.isDeleted.equals(false))
                           ^^^^^^^^^
lib/features/offline/infrastructure/database/dao/itinerary_dao.dart:201:39: Error: The getter 'dayNumber' isn't defined for the type 'HasResultSet'.
 - 'HasResultSet' is from 'package:drift/src/dsl/dsl.dart' ('../.pub-cache/hosted/pub.dev/drift-2.28.2/lib/src/dsl/dsl.dart').
Try correcting the name to the name of an existing getter, or defining a getter or field named 'dayNumber'.
            (i) => OrderingTerm.asc(i.dayNumber),
                                      ^^^^^^^^^
lib/features/offline/infrastructure/database/dao/itinerary_dao.dart:202:39: Error: The getter 'sortOrder' isn't defined for the type 'HasResultSet'.
 - 'HasResultSet' is from 'package:drift/src/dsl/dsl.dart' ('../.pub-cache/hosted/pub.dev/drift-2.28.2/lib/src/dsl/dsl.dart').
Try correcting the name to the name of an existing getter, or defining a getter or field named 'sortOrder'.
            (i) => OrderingTerm.asc(i.sortOrder)
                                      ^^^^^^^^^
lib/features/offline/infrastructure/database/dao/itinerary_dao.dart:216:23: Error: The getter 'itineraryItems' isn't defined for the type 'AppDatabase'.
 - 'AppDatabase' is from 'package:soloadventurer/features/offline/infrastructure/database/database.dart' ('lib/features/offline/infrastructure/database/database.dart').
Try correcting the name to the name of an existing getter, or defining a getter or field named 'itineraryItems'.
    return (select(db.itineraryItems)
                      ^^^^^^^^^^^^^^
lib/features/offline/infrastructure/database/dao/itinerary_dao.dart:217:28: Error: The getter 'itineraryId' isn't defined for the type 'HasResultSet'.
 - 'HasResultSet' is from 'package:drift/src/dsl/dsl.dart' ('../.pub-cache/hosted/pub.dev/drift-2.28.2/lib/src/dsl/dsl.dart').
Try correcting the name to the name of an existing getter, or defining a getter or field named 'itineraryId'.
          ..where((i) => i.itineraryId.equals(itineraryId))
                           ^^^^^^^^^^^
lib/features/offline/infrastructure/database/dao/itinerary_dao.dart:218:28: Error: The getter 'dayNumber' isn't defined for the type 'HasResultSet'.
 - 'HasResultSet' is from 'package:drift/src/dsl/dsl.dart' ('../.pub-cache/hosted/pub.dev/drift-2.28.2/lib/src/dsl/dsl.dart').
Try correcting the name to the name of an existing getter, or defining a getter or field named 'dayNumber'.
          ..where((i) => i.dayNumber.equals(dayNumber))
                           ^^^^^^^^^
lib/features/offline/infrastructure/database/dao/itinerary_dao.dart:219:28: Error: The getter 'isDeleted' isn't defined for the type 'HasResultSet'.
 - 'HasResultSet' is from 'package:drift/src/dsl/dsl.dart' ('../.pub-cache/hosted/pub.dev/drift-2.28.2/lib/src/dsl/dsl.dart').
Try correcting the name to the name of an existing getter, or defining a getter or field named 'isDeleted'.
          ..where((i) => i.isDeleted.equals(false))
                           ^^^^^^^^^
lib/features/offline/infrastructure/database/dao/itinerary_dao.dart:220:48: Error: The getter 'sortOrder' isn't defined for the type 'HasResultSet'.
 - 'HasResultSet' is from 'package:drift/src/dsl/dsl.dart' ('../.pub-cache/hosted/pub.dev/drift-2.28.2/lib/src/dsl/dsl.dart').
Try correcting the name to the name of an existing getter, or defining a getter or field named 'sortOrder'.
          ..orderBy([(i) => OrderingTerm.asc(i.sortOrder)]))
                                               ^^^^^^^^^
lib/features/offline/infrastructure/database/dao/itinerary_dao.dart:232:25: Error: 'LocalItineraryItem' isn't a type.
    final Map<int, List<LocalItineraryItem>> grouped = {};
                        ^^^^^^^^^^^^^^^^^^
lib/features/offline/infrastructure/database/dao/itinerary_dao.dart:248:22: Error: The getter 'itineraryItems' isn't defined for the type 'AppDatabase'.
 - 'AppDatabase' is from 'package:soloadventurer/features/offline/infrastructure/database/database.dart' ('lib/features/offline/infrastructure/database/database.dart').
Try correcting the name to the name of an existing getter, or defining a getter or field named 'itineraryItems'.
    return await (db.itineraryItems.update..where((i) => i.id.equals(itemId)))
                     ^^^^^^^^^^^^^^
lib/features/offline/infrastructure/database/dao/itinerary_dao.dart:249:16: Error: The method 'ItineraryItemsCompanion' isn't defined for the type 'ItineraryDao'.
 - 'ItineraryDao' is from 'package:soloadventurer/features/offline/infrastructure/database/dao/itinerary_dao.dart' ('lib/features/offline/infrastructure/database/dao/itinerary_dao.dart').
Try correcting the name to the name of an existing method, or defining a method named 'ItineraryItemsCompanion'.
        .write(ItineraryItemsCompanion(
               ^^^^^^^^^^^^^^^^^^^^^^^
lib/features/offline/infrastructure/database/dao/itinerary_dao.dart:272:23: Error: The getter 'itineraryItems' isn't defined for the type 'AppDatabase'.
 - 'AppDatabase' is from 'package:soloadventurer/features/offline/infrastructure/database/database.dart' ('lib/features/offline/infrastructure/database/database.dart').
Try correcting the name to the name of an existing getter, or defining a getter or field named 'itineraryItems'.
    return (select(db.itineraryItems)
                      ^^^^^^^^^^^^^^
lib/features/offline/infrastructure/database/dao/itinerary_dao.dart:273:28: Error: The getter 'itineraryId' isn't defined for the type 'HasResultSet'.
 - 'HasResultSet' is from 'package:drift/src/dsl/dsl.dart' ('../.pub-cache/hosted/pub.dev/drift-2.28.2/lib/src/dsl/dsl.dart').
Try correcting the name to the name of an existing getter, or defining a getter or field named 'itineraryId'.
          ..where((i) => i.itineraryId.equals(itineraryId))
                           ^^^^^^^^^^^
lib/features/offline/infrastructure/database/dao/itinerary_dao.dart:274:28: Error: The getter 'isCompleted' isn't defined for the type 'HasResultSet'.
 - 'HasResultSet' is from 'package:drift/src/dsl/dsl.dart' ('../.pub-cache/hosted/pub.dev/drift-2.28.2/lib/src/dsl/dsl.dart').
Try correcting the name to the name of an existing getter, or defining a getter or field named 'isCompleted'.
          ..where((i) => i.isCompleted.equals(false))
                           ^^^^^^^^^^^
lib/features/offline/infrastructure/database/dao/itinerary_dao.dart:275:28: Error: The getter 'isDeleted' isn't defined for the type 'HasResultSet'.
 - 'HasResultSet' is from 'package:drift/src/dsl/dsl.dart' ('../.pub-cache/hosted/pub.dev/drift-2.28.2/lib/src/dsl/dsl.dart').
Try correcting the name to the name of an existing getter, or defining a getter or field named 'isDeleted'.
          ..where((i) => i.isDeleted.equals(false))
                           ^^^^^^^^^
lib/features/offline/infrastructure/database/dao/itinerary_dao.dart:277:39: Error: The getter 'dayNumber' isn't defined for the type 'HasResultSet'.
 - 'HasResultSet' is from 'package:drift/src/dsl/dsl.dart' ('../.pub-cache/hosted/pub.dev/drift-2.28.2/lib/src/dsl/dsl.dart').
Try correcting the name to the name of an existing getter, or defining a getter or field named 'dayNumber'.
            (i) => OrderingTerm.asc(i.dayNumber),
                                      ^^^^^^^^^
lib/features/offline/infrastructure/database/dao/itinerary_dao.dart:278:39: Error: The getter 'sortOrder' isn't defined for the type 'HasResultSet'.
 - 'HasResultSet' is from 'package:drift/src/dsl/dsl.dart' ('../.pub-cache/hosted/pub.dev/drift-2.28.2/lib/src/dsl/dsl.dart').
Try correcting the name to the name of an existing getter, or defining a getter or field named 'sortOrder'.
            (i) => OrderingTerm.asc(i.sortOrder)
                                      ^^^^^^^^^
lib/features/offline/infrastructure/database/dao/itinerary_dao.dart:288:23: Error: The getter 'itineraryItems' isn't defined for the type 'AppDatabase'.
 - 'AppDatabase' is from 'package:soloadventurer/features/offline/infrastructure/database/database.dart' ('lib/features/offline/infrastructure/database/database.dart').
Try correcting the name to the name of an existing getter, or defining a getter or field named 'itineraryItems'.
    return (select(db.itineraryItems)
                      ^^^^^^^^^^^^^^
lib/features/offline/infrastructure/database/dao/itinerary_dao.dart:289:28: Error: The getter 'itineraryId' isn't defined for the type 'HasResultSet'.
 - 'HasResultSet' is from 'package:drift/src/dsl/dsl.dart' ('../.pub-cache/hosted/pub.dev/drift-2.28.2/lib/src/dsl/dsl.dart').
Try correcting the name to the name of an existing getter, or defining a getter or field named 'itineraryId'.
          ..where((i) => i.itineraryId.equals(itineraryId))
                           ^^^^^^^^^^^
lib/features/offline/infrastructure/database/dao/itinerary_dao.dart:290:28: Error: The getter 'isCompleted' isn't defined for the type 'HasResultSet'.
 - 'HasResultSet' is from 'package:drift/src/dsl/dsl.dart' ('../.pub-cache/hosted/pub.dev/drift-2.28.2/lib/src/dsl/dsl.dart').
Try correcting the name to the name of an existing getter, or defining a getter or field named 'isCompleted'.
          ..where((i) => i.isCompleted.equals(true))
                           ^^^^^^^^^^^
lib/features/offline/infrastructure/database/dao/itinerary_dao.dart:291:28: Error: The getter 'isDeleted' isn't defined for the type 'HasResultSet'.
 - 'HasResultSet' is from 'package:drift/src/dsl/dsl.dart' ('../.pub-cache/hosted/pub.dev/drift-2.28.2/lib/src/dsl/dsl.dart').
Try correcting the name to the name of an existing getter, or defining a getter or field named 'isDeleted'.
          ..where((i) => i.isDeleted.equals(false))
                           ^^^^^^^^^
lib/features/offline/infrastructure/database/dao/itinerary_dao.dart:293:40: Error: The getter 'dayNumber' isn't defined for the type 'HasResultSet'.
 - 'HasResultSet' is from 'package:drift/src/dsl/dsl.dart' ('../.pub-cache/hosted/pub.dev/drift-2.28.2/lib/src/dsl/dsl.dart').
Try correcting the name to the name of an existing getter, or defining a getter or field named 'dayNumber'.
            (i) => OrderingTerm.desc(i.dayNumber),
                                       ^^^^^^^^^
lib/features/offline/infrastructure/database/dao/itinerary_dao.dart:294:40: Error: The getter 'sortOrder' isn't defined for the type 'HasResultSet'.
 - 'HasResultSet' is from 'package:drift/src/dsl/dsl.dart' ('../.pub-cache/hosted/pub.dev/drift-2.28.2/lib/src/dsl/dsl.dart').
Try correcting the name to the name of an existing getter, or defining a getter or field named 'sortOrder'.
            (i) => OrderingTerm.desc(i.sortOrder)
                                       ^^^^^^^^^
lib/features/offline/infrastructure/database/dao/itinerary_dao.dart:303:23: Error: The getter 'itineraryItems' isn't defined for the type 'AppDatabase'.
 - 'AppDatabase' is from 'package:soloadventurer/features/offline/infrastructure/database/database.dart' ('lib/features/offline/infrastructure/database/database.dart').
Try correcting the name to the name of an existing getter, or defining a getter or field named 'itineraryItems'.
    return (select(db.itineraryItems)
                      ^^^^^^^^^^^^^^
lib/features/offline/infrastructure/database/dao/itinerary_dao.dart:305:17: Error: The getter 'isSynced' isn't defined for the type 'HasResultSet'.
 - 'HasResultSet' is from 'package:drift/src/dsl/dsl.dart' ('../.pub-cache/hosted/pub.dev/drift-2.28.2/lib/src/dsl/dsl.dart').
Try correcting the name to the name of an existing getter, or defining a getter or field named 'isSynced'.
              i.isSynced.equals(false) | i.hasPendingChanges.equals(true))
                ^^^^^^^^
lib/features/offline/infrastructure/database/dao/itinerary_dao.dart:305:44: Error: The getter 'hasPendingChanges' isn't defined for the type 'HasResultSet'.
 - 'HasResultSet' is from 'package:drift/src/dsl/dsl.dart' ('../.pub-cache/hosted/pub.dev/drift-2.28.2/lib/src/dsl/dsl.dart').
Try correcting the name to the name of an existing getter, or defining a getter or field named 'hasPendingChanges'.
              i.isSynced.equals(false) | i.hasPendingChanges.equals(true))
                                           ^^^^^^^^^^^^^^^^^
lib/features/offline/infrastructure/database/dao/itinerary_dao.dart:306:28: Error: The getter 'isDeleted' isn't defined for the type 'HasResultSet'.
 - 'HasResultSet' is from 'package:drift/src/dsl/dsl.dart' ('../.pub-cache/hosted/pub.dev/drift-2.28.2/lib/src/dsl/dsl.dart').
Try correcting the name to the name of an existing getter, or defining a getter or field named 'isDeleted'.
          ..where((i) => i.isDeleted.equals(false))
                           ^^^^^^^^^
lib/features/offline/infrastructure/database/dao/itinerary_dao.dart:307:48: Error: The getter 'updatedAt' isn't defined for the type 'HasResultSet'.
 - 'HasResultSet' is from 'package:drift/src/dsl/dsl.dart' ('../.pub-cache/hosted/pub.dev/drift-2.28.2/lib/src/dsl/dsl.dart').
Try correcting the name to the name of an existing getter, or defining a getter or field named 'updatedAt'.
          ..orderBy([(i) => OrderingTerm.asc(i.updatedAt)]))
                                               ^^^^^^^^^
lib/features/offline/infrastructure/database/dao/itinerary_dao.dart:321:16: Error: The getter 'itineraries' isn't defined for the type 'AppDatabase'.
 - 'AppDatabase' is from 'package:soloadventurer/features/offline/infrastructure/database/database.dart' ('lib/features/offline/infrastructure/database/database.dart').
Try correcting the name to the name of an existing getter, or defining a getter or field named 'itineraries'.
    return (db.itineraries.update..where((i) => i.id.equals(id))).write(
               ^^^^^^^^^^^
lib/features/offline/infrastructure/database/dao/itinerary_dao.dart:322:7: Error: The method 'ItinerariesCompanion' isn't defined for the type 'ItineraryDao'.
 - 'ItineraryDao' is from 'package:soloadventurer/features/offline/infrastructure/database/dao/itinerary_dao.dart' ('lib/features/offline/infrastructure/database/dao/itinerary_dao.dart').
Try correcting the name to the name of an existing method, or defining a method named 'ItinerariesCompanion'.
      ItinerariesCompanion(
      ^^^^^^^^^^^^^^^^^^^^
lib/features/offline/infrastructure/database/dao/itinerary_dao.dart:336:16: Error: The getter 'itineraryItems' isn't defined for the type 'AppDatabase'.
 - 'AppDatabase' is from 'package:soloadventurer/features/offline/infrastructure/database/database.dart' ('lib/features/offline/infrastructure/database/database.dart').
Try correcting the name to the name of an existing getter, or defining a getter or field named 'itineraryItems'.
    return (db.itineraryItems.update..where((i) => i.id.equals(id))).write(
               ^^^^^^^^^^^^^^
lib/features/offline/infrastructure/database/dao/itinerary_dao.dart:337:7: Error: The method 'ItineraryItemsCompanion' isn't defined for the type 'ItineraryDao'.
 - 'ItineraryDao' is from 'package:soloadventurer/features/offline/infrastructure/database/dao/itinerary_dao.dart' ('lib/features/offline/infrastructure/database/dao/itinerary_dao.dart').
Try correcting the name to the name of an existing method, or defining a method named 'ItineraryItemsCompanion'.
      ItineraryItemsCompanion(
      ^^^^^^^^^^^^^^^^^^^^^^^
lib/features/offline/infrastructure/database/dao/itinerary_dao.dart:351:52: Error: The getter 'isCompleted' isn't defined for the type 'Object?'.
 - 'Object' is from 'dart:core'.
Try correcting the name to the name of an existing getter, or defining a getter or field named 'isCompleted'.
    final completedItems = allItems.where((i) => i.isCompleted).toList();
                                                   ^^^^^^^^^^^
lib/features/offline/infrastructure/database/dao/itinerary_dao.dart:357:16: Error: The getter 'itineraries' isn't defined for the type 'AppDatabase'.
 - 'AppDatabase' is from 'package:soloadventurer/features/offline/infrastructure/database/database.dart' ('lib/features/offline/infrastructure/database/database.dart').
Try correcting the name to the name of an existing getter, or defining a getter or field named 'itineraries'.
    return (db.itineraries.update..where((i) => i.id.equals(itineraryId)))
               ^^^^^^^^^^^
lib/features/offline/infrastructure/database/dao/itinerary_dao.dart:359:7: Error: The method 'ItinerariesCompanion' isn't defined for the type 'ItineraryDao'.
 - 'ItineraryDao' is from 'package:soloadventurer/features/offline/infrastructure/database/dao/itinerary_dao.dart' ('lib/features/offline/infrastructure/database/dao/itinerary_dao.dart').
Try correcting the name to the name of an existing method, or defining a method named 'ItinerariesCompanion'.
      ItinerariesCompanion(
      ^^^^^^^^^^^^^^^^^^^^
lib/features/offline/infrastructure/sync/background_sync_service.dart:154:11: Error: No named parameter with the name 'requiresNotRoaming'.
          requiresNotRoaming: false, // Allow sync while roaming
          ^^^^^^^^^^^^^^^^^^
../.pub-cache/hosted/pub.dev/workmanager-0.5.2/lib/src/options.dart:96:3: Context: Found this candidate, but the arguments don't match.
  Constraints({
  ^^^^^^^^^^^
lib/features/offline/infrastructure/sync/background_sync_service.dart:164:9: Error: No named parameter with the name 'backoffDelay'.
        backoffDelay: const Duration(minutes: 15), // Initial backoff delay
        ^^^^^^^^^^^^
lib/features/offline/infrastructure/sync/background_sync_service.dart:229:27: Error: The method 'cancelTaskByTag' isn't defined for the type 'Workmanager'.
 - 'Workmanager' is from 'package:workmanager/src/workmanager.dart' ('../.pub-cache/hosted/pub.dev/workmanager-0.5.2/lib/src/workmanager.dart').
Try correcting the name to the name of an existing method, or defining a method named 'cancelTaskByTag'.
      await Workmanager().cancelTaskByTag(periodicSyncTaskName);
                          ^^^^^^^^^^^^^^^
lib/features/offline/infrastructure/sync/conflict_resolver_impl.dart:385:33: Error: The getter 'tripDao' isn't defined for the type 'AppDatabase'.
 - 'AppDatabase' is from 'package:soloadventurer/features/offline/infrastructure/database/database.dart' ('lib/features/offline/infrastructure/database/database.dart').
Try correcting the name to the name of an existing getter, or defining a getter or field named 'tripDao'.
      final tripDao = _database.tripDao;
                                ^^^^^^^
lib/features/offline/infrastructure/sync/conflict_resolver_impl.dart:411:33: Error: The getter 'tripDao' isn't defined for the type 'AppDatabase'.
 - 'AppDatabase' is from 'package:soloadventurer/features/offline/infrastructure/database/database.dart' ('lib/features/offline/infrastructure/database/database.dart').
Try correcting the name to the name of an existing getter, or defining a getter or field named 'tripDao'.
      final tripDao = _database.tripDao;
                                ^^^^^^^
lib/features/offline/infrastructure/sync/conflict_resolver_impl.dart:437:36: Error: The getter 'journalDao' isn't defined for the type 'AppDatabase'.
 - 'AppDatabase' is from 'package:soloadventurer/features/offline/infrastructure/database/database.dart' ('lib/features/offline/infrastructure/database/database.dart').
Try correcting the name to the name of an existing getter, or defining a getter or field named 'journalDao'.
      final journalDao = _database.journalDao;
                                   ^^^^^^^^^^
lib/features/offline/infrastructure/sync/conflict_resolver_impl.dart:460:36: Error: The getter 'journalDao' isn't defined for the type 'AppDatabase'.
 - 'AppDatabase' is from 'package:soloadventurer/features/offline/infrastructure/database/database.dart' ('lib/features/offline/infrastructure/database/database.dart').
Try correcting the name to the name of an existing getter, or defining a getter or field named 'journalDao'.
      final journalDao = _database.journalDao;
                                   ^^^^^^^^^^
lib/features/offline/infrastructure/sync/conflict_resolver_impl.dart:485:33: Error: The getter 'userDao' isn't defined for the type 'AppDatabase'.
 - 'AppDatabase' is from 'package:soloadventurer/features/offline/infrastructure/database/database.dart' ('lib/features/offline/infrastructure/database/database.dart').
Try correcting the name to the name of an existing getter, or defining a getter or field named 'userDao'.
      final userDao = _database.userDao;
                                ^^^^^^^
lib/features/offline/infrastructure/sync/conflict_resolver_impl.dart:508:33: Error: The getter 'userDao' isn't defined for the type 'AppDatabase'.
 - 'AppDatabase' is from 'package:soloadventurer/features/offline/infrastructure/database/database.dart' ('lib/features/offline/infrastructure/database/database.dart').
Try correcting the name to the name of an existing getter, or defining a getter or field named 'userDao'.
      final userDao = _database.userDao;
                                ^^^^^^^
lib/features/offline/infrastructure/sync/download_sync.dart:254:33: Error: The getter 'tripDao' isn't defined for the type 'AppDatabase'.
 - 'AppDatabase' is from 'package:soloadventurer/features/offline/infrastructure/database/database.dart' ('lib/features/offline/infrastructure/database/database.dart').
Try correcting the name to the name of an existing getter, or defining a getter or field named 'tripDao'.
      final tripDao = _database.tripDao;
                                ^^^^^^^
lib/features/offline/infrastructure/sync/download_sync.dart:372:33: Error: The getter 'tripDao' isn't defined for the type 'AppDatabase'.
 - 'AppDatabase' is from 'package:soloadventurer/features/offline/infrastructure/database/database.dart' ('lib/features/offline/infrastructure/database/database.dart').
Try correcting the name to the name of an existing getter, or defining a getter or field named 'tripDao'.
      final tripDao = _database.tripDao;
                                ^^^^^^^
lib/features/offline/infrastructure/sync/download_sync.dart:430:40: Error: The getter 'journalDao' isn't defined for the type 'AppDatabase'.
 - 'AppDatabase' is from 'package:soloadventurer/features/offline/infrastructure/database/database.dart' ('lib/features/offline/infrastructure/database/database.dart').
Try correcting the name to the name of an existing getter, or defining a getter or field named 'journalDao'.
          final journalDao = _database.journalDao;
                                       ^^^^^^^^^^
lib/features/offline/infrastructure/sync/download_sync.dart:568:33: Error: The getter 'userDao' isn't defined for the type 'AppDatabase'.
 - 'AppDatabase' is from 'package:soloadventurer/features/offline/infrastructure/database/database.dart' ('lib/features/offline/infrastructure/database/database.dart').
Try correcting the name to the name of an existing getter, or defining a getter or field named 'userDao'.
      final userDao = _database.userDao;
                                ^^^^^^^
lib/features/offline/infrastructure/sync/download_sync.dart:677:17: Error: No named parameter with the name 'userId'.
                userId: userId,
                ^^^^^^
lib/features/offline/infrastructure/database/database.g.dart:3735:3: Context: Found this candidate, but the arguments don't match.
  SyncMetadataTableCompanion.insert({
  ^^^^^^^^^^^^^^^^^^^^^^^^^^^^^^^^^
lib/features/offline/infrastructure/sync/download_sync.dart:669:40: Error: The getter 'userId' isn't defined for the type '$SyncMetadataTableTable'.
 - '$SyncMetadataTableTable' is from 'package:soloadventurer/features/offline/infrastructure/database/database.dart' ('lib/features/offline/infrastructure/database/database.dart').
Try correcting the name to the name of an existing getter, or defining a getter or field named 'userId'.
                  ..where((tbl) => tbl.userId.equals(userId)))
                                       ^^^^^^
lib/features/offline/infrastructure/sync/download_sync.dart:687:24: Error: The method 'SyncMetadataTable' isn't defined for the type 'DownloadSync'.
 - 'DownloadSync' is from 'package:soloadventurer/features/offline/infrastructure/sync/download_sync.dart' ('lib/features/offline/infrastructure/sync/download_sync.dart').
Try correcting the name to the name of an existing method, or defining a method named 'SyncMetadataTable'.
              .replace(SyncMetadataTable(
                       ^^^^^^^^^^^^^^^^^
lib/features/offline/infrastructure/sync/download_sync.dart:688:30: Error: The getter 'id' isn't defined for the type 'SyncMetadata'.
 - 'SyncMetadata' is from 'package:soloadventurer/features/offline/infrastructure/database/database.dart' ('lib/features/offline/infrastructure/database/database.dart').
Try correcting the name to the name of an existing getter, or defining a getter or field named 'id'.
                id: metadata.id,
                             ^^
lib/features/offline/infrastructure/sync/download_sync.dart:775:7: Error: No named parameter with the name 'firstName'.
      firstName: Value(serverUser['firstName'] as String?),
      ^^^^^^^^^
lib/features/offline/infrastructure/database/database.g.dart:2407:9: Context: Found this candidate, but the arguments don't match.
  const UsersCompanion({
        ^^^^^^^^^^^^^^
lib/features/offline/infrastructure/sync/incremental_sync.dart:262:38: Error: Required named parameter 'userId' must be provided.
        return syncIncrementalChanges(
                                     ^
lib/features/offline/infrastructure/sync/incremental_sync.dart:286:40: Error: The getter 'userId' isn't defined for the type '$SyncMetadataTableTable'.
 - '$SyncMetadataTableTable' is from 'package:soloadventurer/features/offline/infrastructure/database/database.dart' ('lib/features/offline/infrastructure/database/database.dart').
Try correcting the name to the name of an existing getter, or defining a getter or field named 'userId'.
                  ..where((tbl) => tbl.userId.equals(userId)))
                                       ^^^^^^
lib/features/offline/infrastructure/sync/incremental_sync.dart:290:32: Error: The getter 'lastIncrementalSyncAt' isn't defined for the type 'SyncMetadata'.
 - 'SyncMetadata' is from 'package:soloadventurer/features/offline/infrastructure/database/database.dart' ('lib/features/offline/infrastructure/database/database.dart').
Try correcting the name to the name of an existing getter, or defining a getter or field named 'lastIncrementalSyncAt'.
            metadataList.first.lastIncrementalSyncAt == null) {
                               ^^^^^^^^^^^^^^^^^^^^^
lib/features/offline/infrastructure/sync/incremental_sync.dart:309:34: Error: The getter 'userId' isn't defined for the type '$SyncMetadataTableTable'.
 - '$SyncMetadataTableTable' is from 'package:soloadventurer/features/offline/infrastructure/database/database.dart' ('lib/features/offline/infrastructure/database/database.dart').
Try correcting the name to the name of an existing getter, or defining a getter or field named 'userId'.
            ..where((tbl) => tbl.userId.equals(userId)))
                                 ^^^^^^
lib/features/offline/infrastructure/sync/incremental_sync.dart:316:33: Error: The getter 'lastIncrementalSyncAt' isn't defined for the type 'SyncMetadata'.
 - 'SyncMetadata' is from 'package:soloadventurer/features/offline/infrastructure/database/database.dart' ('lib/features/offline/infrastructure/database/database.dart').
Try correcting the name to the name of an existing getter, or defining a getter or field named 'lastIncrementalSyncAt'.
      return metadataList.first.lastIncrementalSyncAt;
                                ^^^^^^^^^^^^^^^^^^^^^
lib/features/offline/infrastructure/sync/incremental_sync.dart:389:33: Error: The getter 'tripDao' isn't defined for the type 'AppDatabase'.
 - 'AppDatabase' is from 'package:soloadventurer/features/offline/infrastructure/database/database.dart' ('lib/features/offline/infrastructure/database/database.dart').
Try correcting the name to the name of an existing getter, or defining a getter or field named 'tripDao'.
      final tripDao = _database.tripDao;
                                ^^^^^^^
lib/features/offline/infrastructure/sync/incremental_sync.dart:553:31: Error: The getter 'tripDao' isn't defined for the type 'AppDatabase'.
 - 'AppDatabase' is from 'package:soloadventurer/features/offline/infrastructure/database/database.dart' ('lib/features/offline/infrastructure/database/database.dart').
Try correcting the name to the name of an existing getter, or defining a getter or field named 'tripDao'.
    final tripDao = _database.tripDao;
                              ^^^^^^^
lib/features/offline/infrastructure/sync/incremental_sync.dart:605:34: Error: The getter 'journalDao' isn't defined for the type 'AppDatabase'.
 - 'AppDatabase' is from 'package:soloadventurer/features/offline/infrastructure/database/database.dart' ('lib/features/offline/infrastructure/database/database.dart').
Try correcting the name to the name of an existing getter, or defining a getter or field named 'journalDao'.
    final journalDao = _database.journalDao;
                                 ^^^^^^^^^^
lib/features/offline/infrastructure/sync/incremental_sync.dart:660:31: Error: The getter 'userDao' isn't defined for the type 'AppDatabase'.
 - 'AppDatabase' is from 'package:soloadventurer/features/offline/infrastructure/database/database.dart' ('lib/features/offline/infrastructure/database/database.dart').
Try correcting the name to the name of an existing getter, or defining a getter or field named 'userDao'.
    final userDao = _database.userDao;
                              ^^^^^^^
lib/features/offline/infrastructure/sync/incremental_sync.dart:727:17: Error: No named parameter with the name 'userId'.
                userId: userId,
                ^^^^^^
lib/features/offline/infrastructure/database/database.g.dart:3723:9: Context: Found this candidate, but the arguments don't match.
  const SyncMetadataTableCompanion({
        ^^^^^^^^^^^^^^^^^^^^^^^^^^
lib/features/offline/infrastructure/sync/incremental_sync.dart:719:40: Error: The getter 'userId' isn't defined for the type '$SyncMetadataTableTable'.
 - '$SyncMetadataTableTable' is from 'package:soloadventurer/features/offline/infrastructure/database/database.dart' ('lib/features/offline/infrastructure/database/database.dart').
Try correcting the name to the name of an existing getter, or defining a getter or field named 'userId'.
                  ..where((tbl) => tbl.userId.equals(userId)))
                                       ^^^^^^
lib/features/offline/infrastructure/sync/incremental_sync.dart:739:24: Error: The method 'SyncMetadataTable' isn't defined for the type 'IncrementalSync'.
 - 'IncrementalSync' is from 'package:soloadventurer/features/offline/infrastructure/sync/incremental_sync.dart' ('lib/features/offline/infrastructure/sync/incremental_sync.dart').
Try correcting the name to the name of an existing method, or defining a method named 'SyncMetadataTable'.
              .replace(SyncMetadataTable(
                       ^^^^^^^^^^^^^^^^^
lib/features/offline/infrastructure/sync/incremental_sync.dart:740:30: Error: The getter 'id' isn't defined for the type 'SyncMetadata'.
 - 'SyncMetadata' is from 'package:soloadventurer/features/offline/infrastructure/database/database.dart' ('lib/features/offline/infrastructure/database/database.dart').
Try correcting the name to the name of an existing getter, or defining a getter or field named 'id'.
                id: metadata.id,
                             ^^
lib/features/offline/infrastructure/sync/incremental_sync.dart:746:54: Error: The getter 'lastIncrementalSyncAt' isn't defined for the type 'SyncMetadata'.
 - 'SyncMetadata' is from 'package:soloadventurer/features/offline/infrastructure/database/database.dart' ('lib/features/offline/infrastructure/database/database.dart').
Try correcting the name to the name of an existing getter, or defining a getter or field named 'lastIncrementalSyncAt'.
                    usedIncremental ? now : metadata.lastIncrementalSyncAt,
                                                     ^^^^^^^^^^^^^^^^^^^^^
lib/features/offline/infrastructure/sync/incremental_sync.dart:891:7: Error: No named parameter with the name 'firstName'.
      firstName: Value(serverUser['firstName'] as String?),
      ^^^^^^^^^
lib/features/offline/infrastructure/database/database.g.dart:2407:9: Context: Found this candidate, but the arguments don't match.
  const UsersCompanion({
        ^^^^^^^^^^^^^^
lib/features/offline/infrastructure/sync/offline_interceptor.dart:348:21: Error: The method 'call' isn't defined for the type 'Future<T>'.
 - 'Future' is from 'dart:async'.
Try correcting the name to the name of an existing method, or defining a method named 'call'.
      await executor();
                    ^
lib/features/offline/infrastructure/sync/offline_interceptor.dart:352:26: Error: The method 'call' isn't defined for the type 'Future<void>'.
 - 'Future' is from 'dart:async'.
Try correcting the name to the name of an existing method, or defining a method named 'call'.
        await localUpdate();
                         ^
lib/features/offline/infrastructure/sync/offline_interceptor.dart:382:24: Error: The method 'call' isn't defined for the type 'Future<void>'.
 - 'Future' is from 'dart:async'.
Try correcting the name to the name of an existing method, or defining a method named 'call'.
      await localUpdate();
                       ^
lib/features/offline/data/repositories/offline_aware_repository.dart:492:19: Error: The getter 'timestamp_' isn't defined for the type 'OfflineAwareRepository<Entity, Model, CreateModel, UpdateModel>'.
 - 'OfflineAwareRepository' is from 'package:soloadventurer/features/offline/data/repositories/offline_aware_repository.dart' ('lib/features/offline/data/repositories/offline_aware_repository.dart').
Try correcting the name to the name of an existing getter, or defining a getter or field named 'timestamp_'.
    return 'temp_$timestamp_$random';
                  ^^^^^^^^^^
lib/features/offline/data/repositories/offline_aware_repository.dart:540:60: Error: Too many positional arguments: 0 allowed, but 1 found.
Try removing the extra positional arguments.
    final result = await _syncQueueService.enqueueOperation(syncOperation);
                                                           ^
lib/features/offline/data/repositories/sync_queue_repository_impl.dart:36:52: Error: The argument type 'int' can't be assigned to the parameter type 'SyncQueueItem'.
 - 'SyncQueueItem' is from 'package:soloadventurer/features/offline/infrastructure/database/database.dart' ('lib/features/offline/infrastructure/database/database.dart').
      return model.SyncOperationModel.fromDatabase(item).toDomainEntity();
                                                   ^
lib/app/providers/auth_service_providers.dart:32:41: Error: 'Ref' isn't a type.
AuthLocalDataSource authLocalDataSource(Ref ref) {
                                        ^^^
lib/app/providers/auth_service_providers.dart:43:43: Error: 'Ref' isn't a type.
AuthRemoteDataSource authRemoteDataSource(Ref ref) {
                                          ^^^
lib/app/providers/auth_service_providers.dart:60:47: Error: 'Ref' isn't a type.
AuthRemoteDataSource mockAuthRemoteDataSource(Ref ref) {
                                              ^^^
lib/app/providers/auth_service_providers.dart:73:31: Error: 'Ref' isn't a type.
AuthRepository authRepository(Ref ref) {
                              ^^^
lib/app/providers/auth_service_providers.dart:90:38: Error: 'Ref' isn't a type.
GetCurrentUser getCurrentUserUseCase(Ref ref) {
                                     ^^^
lib/app/providers/auth_service_providers.dart:97:30: Error: 'Ref' isn't a type.
IsSignedIn isSignedInUseCase(Ref ref) {
                             ^^^
lib/app/providers/auth_service_providers.dart:104:27: Error: 'Ref' isn't a type.
LoginUseCase loginUseCase(Ref ref) {
                          ^^^
lib/app/providers/auth_service_providers.dart:111:22: Error: 'Ref' isn't a type.
SignUp signUpUseCase(Ref ref) {
                     ^^^
lib/app/providers/auth_service_providers.dart:118:24: Error: 'Ref' isn't a type.
SignOut signOutUseCase(Ref ref) {
                       ^^^
lib/app/providers/auth_service_providers.dart:125:32: Error: 'Ref' isn't a type.
VerifyEmail verifyEmailUseCase(Ref ref) {
                               ^^^
lib/app/providers/auth_service_providers.dart:132:63: Error: 'Ref' isn't a type.
resend.ResendVerificationEmail resendVerificationEmailUseCase(Ref ref) {
                                                              ^^^
lib/app/providers/auth_service_providers.dart:139:38: Error: 'Ref' isn't a type.
ForgotPassword forgotPasswordUseCase(Ref ref) {
                                     ^^^
lib/app/providers/auth_service_providers.dart:146:50: Error: 'Ref' isn't a type.
ConfirmPasswordReset confirmPasswordResetUseCase(Ref ref) {
                                                 ^^^
lib/features/auth/data/datasources/mock_auth_remote_data_source.dart:241:21: Error: The getter 'email' isn't defined for the type 'Credentials'.
 - 'Credentials' is from 'package:soloadventurer/features/auth/data/models/credentials.dart' ('lib/features/auth/data/models/credentials.dart').
Try correcting the name to the name of an existing getter, or defining a getter or field named 'email'.
    if (credentials.email != 'test@example.com' || credentials.password != 'password123') {
                    ^^^^^
lib/app/di/modules/core_module.dart:13:11: Error: Method not found: 'SecurityManagerImpl'.
    () => SecurityManagerImpl(
          ^^^^^^^^^^^^^^^^^^^
lib/features/offline/infrastructure/sync/mutation_interceptor.dart:263:66: Error: The argument type 'ErrorInterceptorHandler' can't be assigned to the parameter type 'RequestInterceptorHandler'.
 - 'ErrorInterceptorHandler' is from 'package:dio/src/dio_mixin.dart' ('../.pub-cache/hosted/pub.dev/dio-5.8.0+1/lib/src/dio_mixin.dart').
 - 'RequestInterceptorHandler' is from 'package:dio/src/dio_mixin.dart' ('../.pub-cache/hosted/pub.dev/dio-5.8.0+1/lib/src/dio_mixin.dart').
      await _handleOfflineMutation(metadata, err.requestOptions, handler);
                                                                 ^
00:31 +84 -16: loading /Users/anthonyforan/SoloAdventurer_app/test/features/auth/infrastructure/services/token_manager_test.dart [E]                                                                   
  Failed to load "/Users/anthonyforan/SoloAdventurer_app/test/features/auth/infrastructure/services/token_manager_test.dart":
  Compilation failed for testPath=/Users/anthonyforan/SoloAdventurer_app/test/features/auth/infrastructure/services/token_manager_test.dart: lib/features/offline/infrastructure/database/dao/itinerary_dao.dart:26:10: Error: Type 'LocalItinerary' not found.
    Future<LocalItinerary> insertItinerary(ItinerariesCompanion itinerary) async {
           ^^^^^^^^^^^^^^
  lib/features/offline/infrastructure/database/dao/itinerary_dao.dart:26:42: Error: Type 'ItinerariesCompanion' not found.
    Future<LocalItinerary> insertItinerary(ItinerariesCompanion itinerary) async {
                                           ^^^^^^^^^^^^^^^^^^^^
  lib/features/offline/infrastructure/database/dao/itinerary_dao.dart:34:31: Error: Type 'LocalItinerary' not found.
    Future<int> updateItinerary(LocalItinerary itinerary) async {
                                ^^^^^^^^^^^^^^
  lib/features/offline/infrastructure/database/dao/itinerary_dao.dart:64:10: Error: Type 'LocalItinerary' not found.
    Future<LocalItinerary?> getItineraryById(String id) {
           ^^^^^^^^^^^^^^
  lib/features/offline/infrastructure/database/dao/itinerary_dao.dart:75:15: Error: Type 'LocalItinerary' not found.
    Future<List<LocalItinerary>> getItinerariesByUserId(String userId) {
                ^^^^^^^^^^^^^^
  lib/features/offline/infrastructure/database/dao/itinerary_dao.dart:88:15: Error: Type 'LocalItinerary' not found.
    Future<List<LocalItinerary>> getAllItineraries() {
                ^^^^^^^^^^^^^^
  lib/features/offline/infrastructure/database/dao/itinerary_dao.dart:98:15: Error: Type 'LocalItinerary' not found.
    Future<List<LocalItinerary>> getStarterItineraries() {
                ^^^^^^^^^^^^^^
  lib/features/offline/infrastructure/database/dao/itinerary_dao.dart:109:15: Error: Type 'LocalItinerary' not found.
    Future<List<LocalItinerary>> getItinerariesNeedingSync() {
                ^^^^^^^^^^^^^^
  lib/features/offline/infrastructure/database/dao/itinerary_dao.dart:126:10: Error: Type 'LocalItineraryItem' not found.
    Future<LocalItineraryItem> insertItineraryItem(
           ^^^^^^^^^^^^^^^^^^
  lib/features/offline/infrastructure/database/dao/itinerary_dao.dart:127:7: Error: Type 'ItineraryItemsCompanion' not found.
        ItineraryItemsCompanion item) async {
        ^^^^^^^^^^^^^^^^^^^^^^^
  lib/features/offline/infrastructure/database/dao/itinerary_dao.dart:135:41: Error: Type 'ItineraryItemsCompanion' not found.
    Future<int> insertItineraryItems(List<ItineraryItemsCompanion> items) async {
                                          ^^^^^^^^^^^^^^^^^^^^^^^
  lib/features/offline/infrastructure/database/dao/itinerary_dao.dart:150:35: Error: Type 'LocalItineraryItem' not found.
    Future<int> updateItineraryItem(LocalItineraryItem item) async {
                                    ^^^^^^^^^^^^^^^^^^
  lib/features/offline/infrastructure/database/dao/itinerary_dao.dart:185:10: Error: Type 'LocalItineraryItem' not found.
    Future<LocalItineraryItem?> getItineraryItemById(String id) {
           ^^^^^^^^^^^^^^^^^^
  lib/features/offline/infrastructure/database/dao/itinerary_dao.dart:196:15: Error: Type 'LocalItineraryItem' not found.
    Future<List<LocalItineraryItem>> getItemsByItineraryId(String itineraryId) {
                ^^^^^^^^^^^^^^^^^^
  lib/features/offline/infrastructure/database/dao/itinerary_dao.dart:212:15: Error: Type 'LocalItineraryItem' not found.
    Future<List<LocalItineraryItem>> getItemsByDay(
                ^^^^^^^^^^^^^^^^^^
  lib/features/offline/infrastructure/database/dao/itinerary_dao.dart:228:24: Error: Type 'LocalItineraryItem' not found.
    Future<Map<int, List<LocalItineraryItem>>> getItemsGroupedByDay(
                         ^^^^^^^^^^^^^^^^^^
  lib/features/offline/infrastructure/database/dao/itinerary_dao.dart:259:10: Error: Type 'LocalItineraryItem' not found.
    Future<LocalItineraryItem?> toggleItemCompletion(String itemId) async {
           ^^^^^^^^^^^^^^^^^^
  lib/features/offline/infrastructure/database/dao/itinerary_dao.dart:271:15: Error: Type 'LocalItineraryItem' not found.
    Future<List<LocalItineraryItem>> getUncompletedItems(String itineraryId) {
                ^^^^^^^^^^^^^^^^^^
  lib/features/offline/infrastructure/database/dao/itinerary_dao.dart:287:15: Error: Type 'LocalItineraryItem' not found.
    Future<List<LocalItineraryItem>> getCompletedItems(String itineraryId) {
                ^^^^^^^^^^^^^^^^^^
  lib/features/offline/infrastructure/database/dao/itinerary_dao.dart:302:15: Error: Type 'LocalItineraryItem' not found.
    Future<List<LocalItineraryItem>> getItemsNeedingSync() {
                ^^^^^^^^^^^^^^^^^^
  lib/app/providers/auth_service_providers.dart:32:41: Error: Type 'Ref' not found.
  AuthLocalDataSource authLocalDataSource(Ref ref) {
                                          ^^^
  lib/app/providers/auth_service_providers.dart:43:43: Error: Type 'Ref' not found.
  AuthRemoteDataSource authRemoteDataSource(Ref ref) {
                                            ^^^
  lib/app/providers/auth_service_providers.dart:60:47: Error: Type 'Ref' not found.
  AuthRemoteDataSource mockAuthRemoteDataSource(Ref ref) {
                                                ^^^
  lib/app/providers/auth_service_providers.dart:73:31: Error: Type 'Ref' not found.
  AuthRepository authRepository(Ref ref) {
                                ^^^
  lib/app/providers/auth_service_providers.dart:90:38: Error: Type 'Ref' not found.
  GetCurrentUser getCurrentUserUseCase(Ref ref) {
                                       ^^^
  lib/app/providers/auth_service_providers.dart:97:30: Error: Type 'Ref' not found.
  IsSignedIn isSignedInUseCase(Ref ref) {
                               ^^^
  lib/app/providers/auth_service_providers.dart:104:27: Error: Type 'Ref' not found.
  LoginUseCase loginUseCase(Ref ref) {
                            ^^^
  lib/app/providers/auth_service_providers.dart:111:22: Error: Type 'Ref' not found.
  SignUp signUpUseCase(Ref ref) {
                       ^^^
  lib/app/providers/auth_service_providers.dart:118:24: Error: Type 'Ref' not found.
  SignOut signOutUseCase(Ref ref) {
                         ^^^
  lib/app/providers/auth_service_providers.dart:125:32: Error: Type 'Ref' not found.
  VerifyEmail verifyEmailUseCase(Ref ref) {
                                 ^^^
  lib/app/providers/auth_service_providers.dart:132:63: Error: Type 'Ref' not found.
  resend.ResendVerificationEmail resendVerificationEmailUseCase(Ref ref) {
                                                                ^^^
  lib/app/providers/auth_service_providers.dart:139:38: Error: Type 'Ref' not found.
  ForgotPassword forgotPasswordUseCase(Ref ref) {
                                       ^^^
  lib/app/providers/auth_service_providers.dart:146:50: Error: Type 'Ref' not found.
  ConfirmPasswordReset confirmPasswordResetUseCase(Ref ref) {
                                                   ^^^
  lib/app/providers/offline_service_providers.dart:9:1: Error: 'ConnectivityService' is imported from both 'package:soloadventurer/core/services/connectivity_service.dart' and 'package:soloadventurer/features/offline/domain/services/connectivity_service.dart'.
  import 'package:soloadventurer/features/offline/domain/services/offline_services.dart';
  ^^^^^^^^^^^^^^^^^^^
  lib/features/core/infrastructure/monitoring/aws_cloudwatch_monitoring.dart:75:7: Error: The non-abstract class 'AwsCloudWatchMonitoring' is missing implementations for these members:
   - MonitoringService.logDebug
   - MonitoringService.recordEvent
   - MonitoringService.recordMetric
  Try to either
   - provide an implementation,
   - inherit an implementation from a superclass or mixin,
   - mark the class as abstract, or
   - provide a 'noSuchMethod' implementation.
  class AwsCloudWatchMonitoring implements MonitoringService {
        ^^^^^^^^^^^^^^^^^^^^^^^
  lib/features/core/infrastructure/monitoring/monitoring_service.dart:23:16: Context: 'MonitoringService.logDebug' is defined here.
    Future<void> logDebug(
                 ^^^^^^^^
  lib/features/core/infrastructure/monitoring/monitoring_service.dart:42:16: Context: 'MonitoringService.recordEvent' is defined here.
    Future<void> recordEvent(
                 ^^^^^^^^^^^
  lib/features/core/infrastructure/monitoring/monitoring_service.dart:29:16: Context: 'MonitoringService.recordMetric' is defined here.
    Future<void> recordMetric(
                 ^^^^^^^^^^^^
  lib/core/providers/api_providers.dart:21:25: Error: Too many positional arguments: 0 allowed, but 1 found.
  Try removing the extra positional arguments.
    return AuthInterceptor(authRepository);
                          ^
  lib/core/api/interceptors/auth_interceptor.dart:7:7: Context: The class 'AuthInterceptor' has a constructor that takes no arguments.
  class AuthInterceptor extends Interceptor {
        ^
  lib/features/offline/infrastructure/database/dao/itinerary_dao.dart:26:42: Error: 'ItinerariesCompanion' isn't a type.
    Future<LocalItinerary> insertItinerary(ItinerariesCompanion itinerary) async {
                                           ^^^^^^^^^^^^^^^^^^^^
  lib/features/offline/infrastructure/database/dao/itinerary_dao.dart:27:20: Error: The getter 'itineraries' isn't defined for the type 'AppDatabase'.
   - 'AppDatabase' is from 'package:soloadventurer/features/offline/infrastructure/database/database.dart' ('lib/features/offline/infrastructure/database/database.dart').
  Try correcting the name to the name of an existing getter, or defining a getter or field named 'itineraries'.
      return into(db.itineraries).insert(itinerary);
                     ^^^^^^^^^^^
  lib/features/offline/infrastructure/database/dao/itinerary_dao.dart:34:31: Error: 'LocalItinerary' isn't a type.
    Future<int> updateItinerary(LocalItinerary itinerary) async {
                                ^^^^^^^^^^^^^^
  lib/features/offline/infrastructure/database/dao/itinerary_dao.dart:35:21: Error: The getter 'itineraries' isn't defined for the type 'AppDatabase'.
   - 'AppDatabase' is from 'package:soloadventurer/features/offline/infrastructure/database/database.dart' ('lib/features/offline/infrastructure/database/database.dart').
  Try correcting the name to the name of an existing getter, or defining a getter or field named 'itineraries'.
      return await db.itineraries.update.replace(itinerary);
                      ^^^^^^^^^^^
  lib/features/offline/infrastructure/database/dao/itinerary_dao.dart:48:22: Error: The getter 'itineraries' isn't defined for the type 'AppDatabase'.
   - 'AppDatabase' is from 'package:soloadventurer/features/offline/infrastructure/database/database.dart' ('lib/features/offline/infrastructure/database/database.dart').
  Try correcting the name to the name of an existing getter, or defining a getter or field named 'itineraries'.
      return await (db.itineraries.delete..where((i) => i.id.equals(id))).go();
                       ^^^^^^^^^^^
  lib/features/offline/infrastructure/database/dao/itinerary_dao.dart:57:22: Error: Not a constant expression.
          .write(const ItinerariesCompanion(isDeleted: Value(true)));
                       ^^^^^^^^^^^^^^^^^^^^
  lib/features/offline/infrastructure/database/dao/itinerary_dao.dart:56:22: Error: The getter 'itineraries' isn't defined for the type 'AppDatabase'.
   - 'AppDatabase' is from 'package:soloadventurer/features/offline/infrastructure/database/database.dart' ('lib/features/offline/infrastructure/database/database.dart').
  Try correcting the name to the name of an existing getter, or defining a getter or field named 'itineraries'.
      return await (db.itineraries.update..where((i) => i.id.equals(id)))
                       ^^^^^^^^^^^
  lib/features/offline/infrastructure/database/dao/itinerary_dao.dart:65:23: Error: The getter 'itineraries' isn't defined for the type 'AppDatabase'.
   - 'AppDatabase' is from 'package:soloadventurer/features/offline/infrastructure/database/database.dart' ('lib/features/offline/infrastructure/database/database.dart').
  Try correcting the name to the name of an existing getter, or defining a getter or field named 'itineraries'.
      return (select(db.itineraries)..where((i) => i.id.equals(id)))
                        ^^^^^^^^^^^
  lib/features/offline/infrastructure/database/dao/itinerary_dao.dart:65:52: Error: The getter 'id' isn't defined for the type 'HasResultSet'.
   - 'HasResultSet' is from 'package:drift/src/dsl/dsl.dart' ('../.pub-cache/hosted/pub.dev/drift-2.28.2/lib/src/dsl/dsl.dart').
  Try correcting the name to the name of an existing getter, or defining a getter or field named 'id'.
      return (select(db.itineraries)..where((i) => i.id.equals(id)))
                                                     ^^
  lib/features/offline/infrastructure/database/dao/itinerary_dao.dart:76:23: Error: The getter 'itineraries' isn't defined for the type 'AppDatabase'.
   - 'AppDatabase' is from 'package:soloadventurer/features/offline/infrastructure/database/database.dart' ('lib/features/offline/infrastructure/database/database.dart').
  Try correcting the name to the name of an existing getter, or defining a getter or field named 'itineraries'.
      return (select(db.itineraries)
                        ^^^^^^^^^^^
  lib/features/offline/infrastructure/database/dao/itinerary_dao.dart:77:28: Error: The getter 'userId' isn't defined for the type 'HasResultSet'.
   - 'HasResultSet' is from 'package:drift/src/dsl/dsl.dart' ('../.pub-cache/hosted/pub.dev/drift-2.28.2/lib/src/dsl/dsl.dart').
  Try correcting the name to the name of an existing getter, or defining a getter or field named 'userId'.
            ..where((i) => i.userId.equals(userId))
                             ^^^^^^
  lib/features/offline/infrastructure/database/dao/itinerary_dao.dart:78:28: Error: The getter 'isDeleted' isn't defined for the type 'HasResultSet'.
   - 'HasResultSet' is from 'package:drift/src/dsl/dsl.dart' ('../.pub-cache/hosted/pub.dev/drift-2.28.2/lib/src/dsl/dsl.dart').
  Try correcting the name to the name of an existing getter, or defining a getter or field named 'isDeleted'.
            ..where((i) => i.isDeleted.equals(false))
                             ^^^^^^^^^
  lib/features/offline/infrastructure/database/dao/itinerary_dao.dart:79:49: Error: The getter 'createdAt' isn't defined for the type 'HasResultSet'.
   - 'HasResultSet' is from 'package:drift/src/dsl/dsl.dart' ('../.pub-cache/hosted/pub.dev/drift-2.28.2/lib/src/dsl/dsl.dart').
  Try correcting the name to the name of an existing getter, or defining a getter or field named 'createdAt'.
            ..orderBy([(i) => OrderingTerm.desc(i.createdAt)]))
                                                  ^^^^^^^^^
  lib/features/offline/infrastructure/database/dao/itinerary_dao.dart:89:23: Error: The getter 'itineraries' isn't defined for the type 'AppDatabase'.
   - 'AppDatabase' is from 'package:soloadventurer/features/offline/infrastructure/database/database.dart' ('lib/features/offline/infrastructure/database/database.dart').
  Try correcting the name to the name of an existing getter, or defining a getter or field named 'itineraries'.
      return (select(db.itineraries)
                        ^^^^^^^^^^^
  lib/features/offline/infrastructure/database/dao/itinerary_dao.dart:90:28: Error: The getter 'isDeleted' isn't defined for the type 'HasResultSet'.
   - 'HasResultSet' is from 'package:drift/src/dsl/dsl.dart' ('../.pub-cache/hosted/pub.dev/drift-2.28.2/lib/src/dsl/dsl.dart').
  Try correcting the name to the name of an existing getter, or defining a getter or field named 'isDeleted'.
            ..where((i) => i.isDeleted.equals(false))
                             ^^^^^^^^^
  lib/features/offline/infrastructure/database/dao/itinerary_dao.dart:91:49: Error: The getter 'createdAt' isn't defined for the type 'HasResultSet'.
   - 'HasResultSet' is from 'package:drift/src/dsl/dsl.dart' ('../.pub-cache/hosted/pub.dev/drift-2.28.2/lib/src/dsl/dsl.dart').
  Try correcting the name to the name of an existing getter, or defining a getter or field named 'createdAt'.
            ..orderBy([(i) => OrderingTerm.desc(i.createdAt)]))
                                                  ^^^^^^^^^
  lib/features/offline/infrastructure/database/dao/itinerary_dao.dart:99:23: Error: The getter 'itineraries' isn't defined for the type 'AppDatabase'.
   - 'AppDatabase' is from 'package:soloadventurer/features/offline/infrastructure/database/database.dart' ('lib/features/offline/infrastructure/database/database.dart').
  Try correcting the name to the name of an existing getter, or defining a getter or field named 'itineraries'.
      return (select(db.itineraries)
                        ^^^^^^^^^^^
  lib/features/offline/infrastructure/database/dao/itinerary_dao.dart:100:28: Error: The getter 'isStarter' isn't defined for the type 'HasResultSet'.
   - 'HasResultSet' is from 'package:drift/src/dsl/dsl.dart' ('../.pub-cache/hosted/pub.dev/drift-2.28.2/lib/src/dsl/dsl.dart').
  Try correcting the name to the name of an existing getter, or defining a getter or field named 'isStarter'.
            ..where((i) => i.isStarter.equals(true))
                             ^^^^^^^^^
  lib/features/offline/infrastructure/database/dao/itinerary_dao.dart:101:28: Error: The getter 'isDeleted' isn't defined for the type 'HasResultSet'.
   - 'HasResultSet' is from 'package:drift/src/dsl/dsl.dart' ('../.pub-cache/hosted/pub.dev/drift-2.28.2/lib/src/dsl/dsl.dart').
  Try correcting the name to the name of an existing getter, or defining a getter or field named 'isDeleted'.
            ..where((i) => i.isDeleted.equals(false))
                             ^^^^^^^^^
  lib/features/offline/infrastructure/database/dao/itinerary_dao.dart:102:49: Error: The getter 'createdAt' isn't defined for the type 'HasResultSet'.
   - 'HasResultSet' is from 'package:drift/src/dsl/dsl.dart' ('../.pub-cache/hosted/pub.dev/drift-2.28.2/lib/src/dsl/dsl.dart').
  Try correcting the name to the name of an existing getter, or defining a getter or field named 'createdAt'.
            ..orderBy([(i) => OrderingTerm.desc(i.createdAt)]))
                                                  ^^^^^^^^^
  lib/features/offline/infrastructure/database/dao/itinerary_dao.dart:110:23: Error: The getter 'itineraries' isn't defined for the type 'AppDatabase'.
   - 'AppDatabase' is from 'package:soloadventurer/features/offline/infrastructure/database/database.dart' ('lib/features/offline/infrastructure/database/database.dart').
  Try correcting the name to the name of an existing getter, or defining a getter or field named 'itineraries'.
      return (select(db.itineraries)
                        ^^^^^^^^^^^
  lib/features/offline/infrastructure/database/dao/itinerary_dao.dart:112:17: Error: The getter 'isSynced' isn't defined for the type 'HasResultSet'.
   - 'HasResultSet' is from 'package:drift/src/dsl/dsl.dart' ('../.pub-cache/hosted/pub.dev/drift-2.28.2/lib/src/dsl/dsl.dart').
  Try correcting the name to the name of an existing getter, or defining a getter or field named 'isSynced'.
                i.isSynced.equals(false) | i.hasPendingChanges.equals(true))
                  ^^^^^^^^
  lib/features/offline/infrastructure/database/dao/itinerary_dao.dart:112:44: Error: The getter 'hasPendingChanges' isn't defined for the type 'HasResultSet'.
   - 'HasResultSet' is from 'package:drift/src/dsl/dsl.dart' ('../.pub-cache/hosted/pub.dev/drift-2.28.2/lib/src/dsl/dsl.dart').
  Try correcting the name to the name of an existing getter, or defining a getter or field named 'hasPendingChanges'.
                i.isSynced.equals(false) | i.hasPendingChanges.equals(true))
                                             ^^^^^^^^^^^^^^^^^
  lib/features/offline/infrastructure/database/dao/itinerary_dao.dart:113:28: Error: The getter 'isDeleted' isn't defined for the type 'HasResultSet'.
   - 'HasResultSet' is from 'package:drift/src/dsl/dsl.dart' ('../.pub-cache/hosted/pub.dev/drift-2.28.2/lib/src/dsl/dsl.dart').
  Try correcting the name to the name of an existing getter, or defining a getter or field named 'isDeleted'.
            ..where((i) => i.isDeleted.equals(false))
                             ^^^^^^^^^
  lib/features/offline/infrastructure/database/dao/itinerary_dao.dart:114:48: Error: The getter 'updatedAt' isn't defined for the type 'HasResultSet'.
   - 'HasResultSet' is from 'package:drift/src/dsl/dsl.dart' ('../.pub-cache/hosted/pub.dev/drift-2.28.2/lib/src/dsl/dsl.dart').
  Try correcting the name to the name of an existing getter, or defining a getter or field named 'updatedAt'.
            ..orderBy([(i) => OrderingTerm.asc(i.updatedAt)]))
                                                 ^^^^^^^^^
  lib/features/offline/infrastructure/database/dao/itinerary_dao.dart:127:7: Error: 'ItineraryItemsCompanion' isn't a type.
        ItineraryItemsCompanion item) async {
        ^^^^^^^^^^^^^^^^^^^^^^^
  lib/features/offline/infrastructure/database/dao/itinerary_dao.dart:128:20: Error: The getter 'itineraryItems' isn't defined for the type 'AppDatabase'.
   - 'AppDatabase' is from 'package:soloadventurer/features/offline/infrastructure/database/database.dart' ('lib/features/offline/infrastructure/database/database.dart').
  Try correcting the name to the name of an existing getter, or defining a getter or field named 'itineraryItems'.
      return into(db.itineraryItems).insert(item);
                     ^^^^^^^^^^^^^^
  lib/features/offline/infrastructure/database/dao/itinerary_dao.dart:135:41: Error: 'ItineraryItemsCompanion' isn't a type.
    Future<int> insertItineraryItems(List<ItineraryItemsCompanion> items) async {
                                          ^^^^^^^^^^^^^^^^^^^^^^^
  lib/features/offline/infrastructure/database/dao/itinerary_dao.dart:139:17: Error: The getter 'itineraryItems' isn't defined for the type 'AppDatabase'.
   - 'AppDatabase' is from 'package:soloadventurer/features/offline/infrastructure/database/database.dart' ('lib/features/offline/infrastructure/database/database.dart').
  Try correcting the name to the name of an existing getter, or defining a getter or field named 'itineraryItems'.
          into(db.itineraryItems).insert(item);
                  ^^^^^^^^^^^^^^
  lib/features/offline/infrastructure/database/dao/itinerary_dao.dart:150:35: Error: 'LocalItineraryItem' isn't a type.
    Future<int> updateItineraryItem(LocalItineraryItem item) async {
                                    ^^^^^^^^^^^^^^^^^^
  lib/features/offline/infrastructure/database/dao/itinerary_dao.dart:151:21: Error: The getter 'itineraryItems' isn't defined for the type 'AppDatabase'.
   - 'AppDatabase' is from 'package:soloadventurer/features/offline/infrastructure/database/database.dart' ('lib/features/offline/infrastructure/database/database.dart').
  Try correcting the name to the name of an existing getter, or defining a getter or field named 'itineraryItems'.
      return await db.itineraryItems.update.replace(item);
                      ^^^^^^^^^^^^^^
  lib/features/offline/infrastructure/database/dao/itinerary_dao.dart:159:22: Error: The getter 'itineraryItems' isn't defined for the type 'AppDatabase'.
   - 'AppDatabase' is from 'package:soloadventurer/features/offline/infrastructure/database/database.dart' ('lib/features/offline/infrastructure/database/database.dart').
  Try correcting the name to the name of an existing getter, or defining a getter or field named 'itineraryItems'.
      return await (db.itineraryItems.delete..where((i) => i.id.equals(id))).go();
                       ^^^^^^^^^^^^^^
  lib/features/offline/infrastructure/database/dao/itinerary_dao.dart:167:22: Error: The getter 'itineraryItems' isn't defined for the type 'AppDatabase'.
   - 'AppDatabase' is from 'package:soloadventurer/features/offline/infrastructure/database/database.dart' ('lib/features/offline/infrastructure/database/database.dart').
  Try correcting the name to the name of an existing getter, or defining a getter or field named 'itineraryItems'.
      return await (db.itineraryItems.delete
                       ^^^^^^^^^^^^^^
  lib/features/offline/infrastructure/database/dao/itinerary_dao.dart:178:22: Error: Not a constant expression.
          .write(const ItineraryItemsCompanion(isDeleted: Value(true)));
                       ^^^^^^^^^^^^^^^^^^^^^^^
  lib/features/offline/infrastructure/database/dao/itinerary_dao.dart:177:22: Error: The getter 'itineraryItems' isn't defined for the type 'AppDatabase'.
   - 'AppDatabase' is from 'package:soloadventurer/features/offline/infrastructure/database/database.dart' ('lib/features/offline/infrastructure/database/database.dart').
  Try correcting the name to the name of an existing getter, or defining a getter or field named 'itineraryItems'.
      return await (db.itineraryItems.update..where((i) => i.id.equals(id)))
                       ^^^^^^^^^^^^^^
  lib/features/offline/infrastructure/database/dao/itinerary_dao.dart:186:23: Error: The getter 'itineraryItems' isn't defined for the type 'AppDatabase'.
   - 'AppDatabase' is from 'package:soloadventurer/features/offline/infrastructure/database/database.dart' ('lib/features/offline/infrastructure/database/database.dart').
  Try correcting the name to the name of an existing getter, or defining a getter or field named 'itineraryItems'.
      return (select(db.itineraryItems)..where((i) => i.id.equals(id)))
                        ^^^^^^^^^^^^^^
  lib/features/offline/infrastructure/database/dao/itinerary_dao.dart:186:55: Error: The getter 'id' isn't defined for the type 'HasResultSet'.
   - 'HasResultSet' is from 'package:drift/src/dsl/dsl.dart' ('../.pub-cache/hosted/pub.dev/drift-2.28.2/lib/src/dsl/dsl.dart').
  Try correcting the name to the name of an existing getter, or defining a getter or field named 'id'.
      return (select(db.itineraryItems)..where((i) => i.id.equals(id)))
                                                        ^^
  lib/features/offline/infrastructure/database/dao/itinerary_dao.dart:197:23: Error: The getter 'itineraryItems' isn't defined for the type 'AppDatabase'.
   - 'AppDatabase' is from 'package:soloadventurer/features/offline/infrastructure/database/database.dart' ('lib/features/offline/infrastructure/database/database.dart').
  Try correcting the name to the name of an existing getter, or defining a getter or field named 'itineraryItems'.
      return (select(db.itineraryItems)
                        ^^^^^^^^^^^^^^
  lib/features/offline/infrastructure/database/dao/itinerary_dao.dart:198:28: Error: The getter 'itineraryId' isn't defined for the type 'HasResultSet'.
   - 'HasResultSet' is from 'package:drift/src/dsl/dsl.dart' ('../.pub-cache/hosted/pub.dev/drift-2.28.2/lib/src/dsl/dsl.dart').
  Try correcting the name to the name of an existing getter, or defining a getter or field named 'itineraryId'.
            ..where((i) => i.itineraryId.equals(itineraryId))
                             ^^^^^^^^^^^
  lib/features/offline/infrastructure/database/dao/itinerary_dao.dart:199:28: Error: The getter 'isDeleted' isn't defined for the type 'HasResultSet'.
   - 'HasResultSet' is from 'package:drift/src/dsl/dsl.dart' ('../.pub-cache/hosted/pub.dev/drift-2.28.2/lib/src/dsl/dsl.dart').
  Try correcting the name to the name of an existing getter, or defining a getter or field named 'isDeleted'.
            ..where((i) => i.isDeleted.equals(false))
                             ^^^^^^^^^
  lib/features/offline/infrastructure/database/dao/itinerary_dao.dart:201:39: Error: The getter 'dayNumber' isn't defined for the type 'HasResultSet'.
   - 'HasResultSet' is from 'package:drift/src/dsl/dsl.dart' ('../.pub-cache/hosted/pub.dev/drift-2.28.2/lib/src/dsl/dsl.dart').
  Try correcting the name to the name of an existing getter, or defining a getter or field named 'dayNumber'.
              (i) => OrderingTerm.asc(i.dayNumber),
                                        ^^^^^^^^^
  lib/features/offline/infrastructure/database/dao/itinerary_dao.dart:202:39: Error: The getter 'sortOrder' isn't defined for the type 'HasResultSet'.
   - 'HasResultSet' is from 'package:drift/src/dsl/dsl.dart' ('../.pub-cache/hosted/pub.dev/drift-2.28.2/lib/src/dsl/dsl.dart').
  Try correcting the name to the name of an existing getter, or defining a getter or field named 'sortOrder'.
              (i) => OrderingTerm.asc(i.sortOrder)
                                        ^^^^^^^^^
  lib/features/offline/infrastructure/database/dao/itinerary_dao.dart:216:23: Error: The getter 'itineraryItems' isn't defined for the type 'AppDatabase'.
   - 'AppDatabase' is from 'package:soloadventurer/features/offline/infrastructure/database/database.dart' ('lib/features/offline/infrastructure/database/database.dart').
  Try correcting the name to the name of an existing getter, or defining a getter or field named 'itineraryItems'.
      return (select(db.itineraryItems)
                        ^^^^^^^^^^^^^^
  lib/features/offline/infrastructure/database/dao/itinerary_dao.dart:217:28: Error: The getter 'itineraryId' isn't defined for the type 'HasResultSet'.
   - 'HasResultSet' is from 'package:drift/src/dsl/dsl.dart' ('../.pub-cache/hosted/pub.dev/drift-2.28.2/lib/src/dsl/dsl.dart').
  Try correcting the name to the name of an existing getter, or defining a getter or field named 'itineraryId'.
            ..where((i) => i.itineraryId.equals(itineraryId))
                             ^^^^^^^^^^^
  lib/features/offline/infrastructure/database/dao/itinerary_dao.dart:218:28: Error: The getter 'dayNumber' isn't defined for the type 'HasResultSet'.
   - 'HasResultSet' is from 'package:drift/src/dsl/dsl.dart' ('../.pub-cache/hosted/pub.dev/drift-2.28.2/lib/src/dsl/dsl.dart').
  Try correcting the name to the name of an existing getter, or defining a getter or field named 'dayNumber'.
            ..where((i) => i.dayNumber.equals(dayNumber))
                             ^^^^^^^^^
  lib/features/offline/infrastructure/database/dao/itinerary_dao.dart:219:28: Error: The getter 'isDeleted' isn't defined for the type 'HasResultSet'.
   - 'HasResultSet' is from 'package:drift/src/dsl/dsl.dart' ('../.pub-cache/hosted/pub.dev/drift-2.28.2/lib/src/dsl/dsl.dart').
  Try correcting the name to the name of an existing getter, or defining a getter or field named 'isDeleted'.
            ..where((i) => i.isDeleted.equals(false))
                             ^^^^^^^^^
  lib/features/offline/infrastructure/database/dao/itinerary_dao.dart:220:48: Error: The getter 'sortOrder' isn't defined for the type 'HasResultSet'.
   - 'HasResultSet' is from 'package:drift/src/dsl/dsl.dart' ('../.pub-cache/hosted/pub.dev/drift-2.28.2/lib/src/dsl/dsl.dart').
  Try correcting the name to the name of an existing getter, or defining a getter or field named 'sortOrder'.
            ..orderBy([(i) => OrderingTerm.asc(i.sortOrder)]))
                                                 ^^^^^^^^^
  lib/features/offline/infrastructure/database/dao/itinerary_dao.dart:232:25: Error: 'LocalItineraryItem' isn't a type.
      final Map<int, List<LocalItineraryItem>> grouped = {};
                          ^^^^^^^^^^^^^^^^^^
  lib/features/offline/infrastructure/database/dao/itinerary_dao.dart:248:22: Error: The getter 'itineraryItems' isn't defined for the type 'AppDatabase'.
   - 'AppDatabase' is from 'package:soloadventurer/features/offline/infrastructure/database/database.dart' ('lib/features/offline/infrastructure/database/database.dart').
  Try correcting the name to the name of an existing getter, or defining a getter or field named 'itineraryItems'.
      return await (db.itineraryItems.update..where((i) => i.id.equals(itemId)))
                       ^^^^^^^^^^^^^^
  lib/features/offline/infrastructure/database/dao/itinerary_dao.dart:249:16: Error: The method 'ItineraryItemsCompanion' isn't defined for the type 'ItineraryDao'.
   - 'ItineraryDao' is from 'package:soloadventurer/features/offline/infrastructure/database/dao/itinerary_dao.dart' ('lib/features/offline/infrastructure/database/dao/itinerary_dao.dart').
  Try correcting the name to the name of an existing method, or defining a method named 'ItineraryItemsCompanion'.
          .write(ItineraryItemsCompanion(
                 ^^^^^^^^^^^^^^^^^^^^^^^
  lib/features/offline/infrastructure/database/dao/itinerary_dao.dart:272:23: Error: The getter 'itineraryItems' isn't defined for the type 'AppDatabase'.
   - 'AppDatabase' is from 'package:soloadventurer/features/offline/infrastructure/database/database.dart' ('lib/features/offline/infrastructure/database/database.dart').
  Try correcting the name to the name of an existing getter, or defining a getter or field named 'itineraryItems'.
      return (select(db.itineraryItems)
                        ^^^^^^^^^^^^^^
  lib/features/offline/infrastructure/database/dao/itinerary_dao.dart:273:28: Error: The getter 'itineraryId' isn't defined for the type 'HasResultSet'.
   - 'HasResultSet' is from 'package:drift/src/dsl/dsl.dart' ('../.pub-cache/hosted/pub.dev/drift-2.28.2/lib/src/dsl/dsl.dart').
  Try correcting the name to the name of an existing getter, or defining a getter or field named 'itineraryId'.
            ..where((i) => i.itineraryId.equals(itineraryId))
                             ^^^^^^^^^^^
  lib/features/offline/infrastructure/database/dao/itinerary_dao.dart:274:28: Error: The getter 'isCompleted' isn't defined for the type 'HasResultSet'.
   - 'HasResultSet' is from 'package:drift/src/dsl/dsl.dart' ('../.pub-cache/hosted/pub.dev/drift-2.28.2/lib/src/dsl/dsl.dart').
  Try correcting the name to the name of an existing getter, or defining a getter or field named 'isCompleted'.
            ..where((i) => i.isCompleted.equals(false))
                             ^^^^^^^^^^^
  lib/features/offline/infrastructure/database/dao/itinerary_dao.dart:275:28: Error: The getter 'isDeleted' isn't defined for the type 'HasResultSet'.
   - 'HasResultSet' is from 'package:drift/src/dsl/dsl.dart' ('../.pub-cache/hosted/pub.dev/drift-2.28.2/lib/src/dsl/dsl.dart').
  Try correcting the name to the name of an existing getter, or defining a getter or field named 'isDeleted'.
            ..where((i) => i.isDeleted.equals(false))
                             ^^^^^^^^^
  lib/features/offline/infrastructure/database/dao/itinerary_dao.dart:277:39: Error: The getter 'dayNumber' isn't defined for the type 'HasResultSet'.
   - 'HasResultSet' is from 'package:drift/src/dsl/dsl.dart' ('../.pub-cache/hosted/pub.dev/drift-2.28.2/lib/src/dsl/dsl.dart').
  Try correcting the name to the name of an existing getter, or defining a getter or field named 'dayNumber'.
              (i) => OrderingTerm.asc(i.dayNumber),
                                        ^^^^^^^^^
  lib/features/offline/infrastructure/database/dao/itinerary_dao.dart:278:39: Error: The getter 'sortOrder' isn't defined for the type 'HasResultSet'.
   - 'HasResultSet' is from 'package:drift/src/dsl/dsl.dart' ('../.pub-cache/hosted/pub.dev/drift-2.28.2/lib/src/dsl/dsl.dart').
  Try correcting the name to the name of an existing getter, or defining a getter or field named 'sortOrder'.
              (i) => OrderingTerm.asc(i.sortOrder)
                                        ^^^^^^^^^
  lib/features/offline/infrastructure/database/dao/itinerary_dao.dart:288:23: Error: The getter 'itineraryItems' isn't defined for the type 'AppDatabase'.
   - 'AppDatabase' is from 'package:soloadventurer/features/offline/infrastructure/database/database.dart' ('lib/features/offline/infrastructure/database/database.dart').
  Try correcting the name to the name of an existing getter, or defining a getter or field named 'itineraryItems'.
      return (select(db.itineraryItems)
                        ^^^^^^^^^^^^^^
  lib/features/offline/infrastructure/database/dao/itinerary_dao.dart:289:28: Error: The getter 'itineraryId' isn't defined for the type 'HasResultSet'.
   - 'HasResultSet' is from 'package:drift/src/dsl/dsl.dart' ('../.pub-cache/hosted/pub.dev/drift-2.28.2/lib/src/dsl/dsl.dart').
  Try correcting the name to the name of an existing getter, or defining a getter or field named 'itineraryId'.
            ..where((i) => i.itineraryId.equals(itineraryId))
                             ^^^^^^^^^^^
  lib/features/offline/infrastructure/database/dao/itinerary_dao.dart:290:28: Error: The getter 'isCompleted' isn't defined for the type 'HasResultSet'.
   - 'HasResultSet' is from 'package:drift/src/dsl/dsl.dart' ('../.pub-cache/hosted/pub.dev/drift-2.28.2/lib/src/dsl/dsl.dart').
  Try correcting the name to the name of an existing getter, or defining a getter or field named 'isCompleted'.
            ..where((i) => i.isCompleted.equals(true))
                             ^^^^^^^^^^^
  lib/features/offline/infrastructure/database/dao/itinerary_dao.dart:291:28: Error: The getter 'isDeleted' isn't defined for the type 'HasResultSet'.
   - 'HasResultSet' is from 'package:drift/src/dsl/dsl.dart' ('../.pub-cache/hosted/pub.dev/drift-2.28.2/lib/src/dsl/dsl.dart').
  Try correcting the name to the name of an existing getter, or defining a getter or field named 'isDeleted'.
            ..where((i) => i.isDeleted.equals(false))
                             ^^^^^^^^^
  lib/features/offline/infrastructure/database/dao/itinerary_dao.dart:293:40: Error: The getter 'dayNumber' isn't defined for the type 'HasResultSet'.
   - 'HasResultSet' is from 'package:drift/src/dsl/dsl.dart' ('../.pub-cache/hosted/pub.dev/drift-2.28.2/lib/src/dsl/dsl.dart').
  Try correcting the name to the name of an existing getter, or defining a getter or field named 'dayNumber'.
              (i) => OrderingTerm.desc(i.dayNumber),
                                         ^^^^^^^^^
  lib/features/offline/infrastructure/database/dao/itinerary_dao.dart:294:40: Error: The getter 'sortOrder' isn't defined for the type 'HasResultSet'.
   - 'HasResultSet' is from 'package:drift/src/dsl/dsl.dart' ('../.pub-cache/hosted/pub.dev/drift-2.28.2/lib/src/dsl/dsl.dart').
  Try correcting the name to the name of an existing getter, or defining a getter or field named 'sortOrder'.
              (i) => OrderingTerm.desc(i.sortOrder)
                                         ^^^^^^^^^
  lib/features/offline/infrastructure/database/dao/itinerary_dao.dart:303:23: Error: The getter 'itineraryItems' isn't defined for the type 'AppDatabase'.
   - 'AppDatabase' is from 'package:soloadventurer/features/offline/infrastructure/database/database.dart' ('lib/features/offline/infrastructure/database/database.dart').
  Try correcting the name to the name of an existing getter, or defining a getter or field named 'itineraryItems'.
      return (select(db.itineraryItems)
                        ^^^^^^^^^^^^^^
  lib/features/offline/infrastructure/database/dao/itinerary_dao.dart:305:17: Error: The getter 'isSynced' isn't defined for the type 'HasResultSet'.
   - 'HasResultSet' is from 'package:drift/src/dsl/dsl.dart' ('../.pub-cache/hosted/pub.dev/drift-2.28.2/lib/src/dsl/dsl.dart').
  Try correcting the name to the name of an existing getter, or defining a getter or field named 'isSynced'.
                i.isSynced.equals(false) | i.hasPendingChanges.equals(true))
                  ^^^^^^^^
  lib/features/offline/infrastructure/database/dao/itinerary_dao.dart:305:44: Error: The getter 'hasPendingChanges' isn't defined for the type 'HasResultSet'.
   - 'HasResultSet' is from 'package:drift/src/dsl/dsl.dart' ('../.pub-cache/hosted/pub.dev/drift-2.28.2/lib/src/dsl/dsl.dart').
  Try correcting the name to the name of an existing getter, or defining a getter or field named 'hasPendingChanges'.
                i.isSynced.equals(false) | i.hasPendingChanges.equals(true))
                                             ^^^^^^^^^^^^^^^^^
  lib/features/offline/infrastructure/database/dao/itinerary_dao.dart:306:28: Error: The getter 'isDeleted' isn't defined for the type 'HasResultSet'.
   - 'HasResultSet' is from 'package:drift/src/dsl/dsl.dart' ('../.pub-cache/hosted/pub.dev/drift-2.28.2/lib/src/dsl/dsl.dart').
  Try correcting the name to the name of an existing getter, or defining a getter or field named 'isDeleted'.
            ..where((i) => i.isDeleted.equals(false))
                             ^^^^^^^^^
  lib/features/offline/infrastructure/database/dao/itinerary_dao.dart:307:48: Error: The getter 'updatedAt' isn't defined for the type 'HasResultSet'.
   - 'HasResultSet' is from 'package:drift/src/dsl/dsl.dart' ('../.pub-cache/hosted/pub.dev/drift-2.28.2/lib/src/dsl/dsl.dart').
  Try correcting the name to the name of an existing getter, or defining a getter or field named 'updatedAt'.
            ..orderBy([(i) => OrderingTerm.asc(i.updatedAt)]))
                                                 ^^^^^^^^^
  lib/features/offline/infrastructure/database/dao/itinerary_dao.dart:321:16: Error: The getter 'itineraries' isn't defined for the type 'AppDatabase'.
   - 'AppDatabase' is from 'package:soloadventurer/features/offline/infrastructure/database/database.dart' ('lib/features/offline/infrastructure/database/database.dart').
  Try correcting the name to the name of an existing getter, or defining a getter or field named 'itineraries'.
      return (db.itineraries.update..where((i) => i.id.equals(id))).write(
                 ^^^^^^^^^^^
  lib/features/offline/infrastructure/database/dao/itinerary_dao.dart:322:7: Error: The method 'ItinerariesCompanion' isn't defined for the type 'ItineraryDao'.
   - 'ItineraryDao' is from 'package:soloadventurer/features/offline/infrastructure/database/dao/itinerary_dao.dart' ('lib/features/offline/infrastructure/database/dao/itinerary_dao.dart').
  Try correcting the name to the name of an existing method, or defining a method named 'ItinerariesCompanion'.
        ItinerariesCompanion(
        ^^^^^^^^^^^^^^^^^^^^
  lib/features/offline/infrastructure/database/dao/itinerary_dao.dart:336:16: Error: The getter 'itineraryItems' isn't defined for the type 'AppDatabase'.
   - 'AppDatabase' is from 'package:soloadventurer/features/offline/infrastructure/database/database.dart' ('lib/features/offline/infrastructure/database/database.dart').
  Try correcting the name to the name of an existing getter, or defining a getter or field named 'itineraryItems'.
      return (db.itineraryItems.update..where((i) => i.id.equals(id))).write(
                 ^^^^^^^^^^^^^^
  lib/features/offline/infrastructure/database/dao/itinerary_dao.dart:337:7: Error: The method 'ItineraryItemsCompanion' isn't defined for the type 'ItineraryDao'.
   - 'ItineraryDao' is from 'package:soloadventurer/features/offline/infrastructure/database/dao/itinerary_dao.dart' ('lib/features/offline/infrastructure/database/dao/itinerary_dao.dart').
  Try correcting the name to the name of an existing method, or defining a method named 'ItineraryItemsCompanion'.
        ItineraryItemsCompanion(
        ^^^^^^^^^^^^^^^^^^^^^^^
  lib/features/offline/infrastructure/database/dao/itinerary_dao.dart:351:52: Error: The getter 'isCompleted' isn't defined for the type 'Object?'.
   - 'Object' is from 'dart:core'.
  Try correcting the name to the name of an existing getter, or defining a getter or field named 'isCompleted'.
      final completedItems = allItems.where((i) => i.isCompleted).toList();
                                                     ^^^^^^^^^^^
  lib/features/offline/infrastructure/database/dao/itinerary_dao.dart:357:16: Error: The getter 'itineraries' isn't defined for the type 'AppDatabase'.
   - 'AppDatabase' is from 'package:soloadventurer/features/offline/infrastructure/database/database.dart' ('lib/features/offline/infrastructure/database/database.dart').
  Try correcting the name to the name of an existing getter, or defining a getter or field named 'itineraries'.
      return (db.itineraries.update..where((i) => i.id.equals(itineraryId)))
                 ^^^^^^^^^^^
  lib/features/offline/infrastructure/database/dao/itinerary_dao.dart:359:7: Error: The method 'ItinerariesCompanion' isn't defined for the type 'ItineraryDao'.
   - 'ItineraryDao' is from 'package:soloadventurer/features/offline/infrastructure/database/dao/itinerary_dao.dart' ('lib/features/offline/infrastructure/database/dao/itinerary_dao.dart').
  Try correcting the name to the name of an existing method, or defining a method named 'ItinerariesCompanion'.
        ItinerariesCompanion(
        ^^^^^^^^^^^^^^^^^^^^
  lib/features/offline/infrastructure/sync/background_sync_service.dart:154:11: Error: No named parameter with the name 'requiresNotRoaming'.
            requiresNotRoaming: false, // Allow sync while roaming
            ^^^^^^^^^^^^^^^^^^
  ../.pub-cache/hosted/pub.dev/workmanager-0.5.2/lib/src/options.dart:96:3: Context: Found this candidate, but the arguments don't match.
    Constraints({
    ^^^^^^^^^^^
  lib/features/offline/infrastructure/sync/background_sync_service.dart:164:9: Error: No named parameter with the name 'backoffDelay'.
          backoffDelay: const Duration(minutes: 15), // Initial backoff delay
          ^^^^^^^^^^^^
  lib/features/offline/infrastructure/sync/background_sync_service.dart:229:27: Error: The method 'cancelTaskByTag' isn't defined for the type 'Workmanager'.
   - 'Workmanager' is from 'package:workmanager/src/workmanager.dart' ('../.pub-cache/hosted/pub.dev/workmanager-0.5.2/lib/src/workmanager.dart').
  Try correcting the name to the name of an existing method, or defining a method named 'cancelTaskByTag'.
        await Workmanager().cancelTaskByTag(periodicSyncTaskName);
                            ^^^^^^^^^^^^^^^
  lib/features/offline/infrastructure/sync/conflict_resolver_impl.dart:385:33: Error: The getter 'tripDao' isn't defined for the type 'AppDatabase'.
   - 'AppDatabase' is from 'package:soloadventurer/features/offline/infrastructure/database/database.dart' ('lib/features/offline/infrastructure/database/database.dart').
  Try correcting the name to the name of an existing getter, or defining a getter or field named 'tripDao'.
        final tripDao = _database.tripDao;
                                  ^^^^^^^
  lib/features/offline/infrastructure/sync/conflict_resolver_impl.dart:411:33: Error: The getter 'tripDao' isn't defined for the type 'AppDatabase'.
   - 'AppDatabase' is from 'package:soloadventurer/features/offline/infrastructure/database/database.dart' ('lib/features/offline/infrastructure/database/database.dart').
  Try correcting the name to the name of an existing getter, or defining a getter or field named 'tripDao'.
        final tripDao = _database.tripDao;
                                  ^^^^^^^
  lib/features/offline/infrastructure/sync/conflict_resolver_impl.dart:437:36: Error: The getter 'journalDao' isn't defined for the type 'AppDatabase'.
   - 'AppDatabase' is from 'package:soloadventurer/features/offline/infrastructure/database/database.dart' ('lib/features/offline/infrastructure/database/database.dart').
  Try correcting the name to the name of an existing getter, or defining a getter or field named 'journalDao'.
        final journalDao = _database.journalDao;
                                     ^^^^^^^^^^
  lib/features/offline/infrastructure/sync/conflict_resolver_impl.dart:460:36: Error: The getter 'journalDao' isn't defined for the type 'AppDatabase'.
   - 'AppDatabase' is from 'package:soloadventurer/features/offline/infrastructure/database/database.dart' ('lib/features/offline/infrastructure/database/database.dart').
  Try correcting the name to the name of an existing getter, or defining a getter or field named 'journalDao'.
        final journalDao = _database.journalDao;
                                     ^^^^^^^^^^
  lib/features/offline/infrastructure/sync/conflict_resolver_impl.dart:485:33: Error: The getter 'userDao' isn't defined for the type 'AppDatabase'.
   - 'AppDatabase' is from 'package:soloadventurer/features/offline/infrastructure/database/database.dart' ('lib/features/offline/infrastructure/database/database.dart').
  Try correcting the name to the name of an existing getter, or defining a getter or field named 'userDao'.
        final userDao = _database.userDao;
                                  ^^^^^^^
  lib/features/offline/infrastructure/sync/conflict_resolver_impl.dart:508:33: Error: The getter 'userDao' isn't defined for the type 'AppDatabase'.
   - 'AppDatabase' is from 'package:soloadventurer/features/offline/infrastructure/database/database.dart' ('lib/features/offline/infrastructure/database/database.dart').
  Try correcting the name to the name of an existing getter, or defining a getter or field named 'userDao'.
        final userDao = _database.userDao;
                                  ^^^^^^^
  lib/features/offline/infrastructure/sync/download_sync.dart:254:33: Error: The getter 'tripDao' isn't defined for the type 'AppDatabase'.
   - 'AppDatabase' is from 'package:soloadventurer/features/offline/infrastructure/database/database.dart' ('lib/features/offline/infrastructure/database/database.dart').
  Try correcting the name to the name of an existing getter, or defining a getter or field named 'tripDao'.
        final tripDao = _database.tripDao;
                                  ^^^^^^^
  lib/features/offline/infrastructure/sync/download_sync.dart:372:33: Error: The getter 'tripDao' isn't defined for the type 'AppDatabase'.
   - 'AppDatabase' is from 'package:soloadventurer/features/offline/infrastructure/database/database.dart' ('lib/features/offline/infrastructure/database/database.dart').
  Try correcting the name to the name of an existing getter, or defining a getter or field named 'tripDao'.
        final tripDao = _database.tripDao;
                                  ^^^^^^^
  lib/features/offline/infrastructure/sync/download_sync.dart:430:40: Error: The getter 'journalDao' isn't defined for the type 'AppDatabase'.
   - 'AppDatabase' is from 'package:soloadventurer/features/offline/infrastructure/database/database.dart' ('lib/features/offline/infrastructure/database/database.dart').
  Try correcting the name to the name of an existing getter, or defining a getter or field named 'journalDao'.
            final journalDao = _database.journalDao;
                                         ^^^^^^^^^^
  lib/features/offline/infrastructure/sync/download_sync.dart:568:33: Error: The getter 'userDao' isn't defined for the type 'AppDatabase'.
   - 'AppDatabase' is from 'package:soloadventurer/features/offline/infrastructure/database/database.dart' ('lib/features/offline/infrastructure/database/database.dart').
  Try correcting the name to the name of an existing getter, or defining a getter or field named 'userDao'.
        final userDao = _database.userDao;
                                  ^^^^^^^
  lib/features/offline/infrastructure/sync/download_sync.dart:677:17: Error: No named parameter with the name 'userId'.
                  userId: userId,
                  ^^^^^^
  lib/features/offline/infrastructure/database/database.g.dart:3735:3: Context: Found this candidate, but the arguments don't match.
    SyncMetadataTableCompanion.insert({
    ^^^^^^^^^^^^^^^^^^^^^^^^^^^^^^^^^
  lib/features/offline/infrastructure/sync/download_sync.dart:669:40: Error: The getter 'userId' isn't defined for the type '$SyncMetadataTableTable'.
   - '$SyncMetadataTableTable' is from 'package:soloadventurer/features/offline/infrastructure/database/database.dart' ('lib/features/offline/infrastructure/database/database.dart').
  Try correcting the name to the name of an existing getter, or defining a getter or field named 'userId'.
                    ..where((tbl) => tbl.userId.equals(userId)))
                                         ^^^^^^
  lib/features/offline/infrastructure/sync/download_sync.dart:687:24: Error: The method 'SyncMetadataTable' isn't defined for the type 'DownloadSync'.
   - 'DownloadSync' is from 'package:soloadventurer/features/offline/infrastructure/sync/download_sync.dart' ('lib/features/offline/infrastructure/sync/download_sync.dart').
  Try correcting the name to the name of an existing method, or defining a method named 'SyncMetadataTable'.
                .replace(SyncMetadataTable(
                         ^^^^^^^^^^^^^^^^^
  lib/features/offline/infrastructure/sync/download_sync.dart:688:30: Error: The getter 'id' isn't defined for the type 'SyncMetadata'.
   - 'SyncMetadata' is from 'package:soloadventurer/features/offline/infrastructure/database/database.dart' ('lib/features/offline/infrastructure/database/database.dart').
  Try correcting the name to the name of an existing getter, or defining a getter or field named 'id'.
                  id: metadata.id,
                               ^^
  lib/features/offline/infrastructure/sync/download_sync.dart:775:7: Error: No named parameter with the name 'firstName'.
        firstName: Value(serverUser['firstName'] as String?),
        ^^^^^^^^^
  lib/features/offline/infrastructure/database/database.g.dart:2407:9: Context: Found this candidate, but the arguments don't match.
    const UsersCompanion({
          ^^^^^^^^^^^^^^
  lib/features/offline/infrastructure/sync/incremental_sync.dart:262:38: Error: Required named parameter 'userId' must be provided.
          return syncIncrementalChanges(
                                       ^
  lib/features/offline/infrastructure/sync/incremental_sync.dart:286:40: Error: The getter 'userId' isn't defined for the type '$SyncMetadataTableTable'.
   - '$SyncMetadataTableTable' is from 'package:soloadventurer/features/offline/infrastructure/database/database.dart' ('lib/features/offline/infrastructure/database/database.dart').
  Try correcting the name to the name of an existing getter, or defining a getter or field named 'userId'.
                    ..where((tbl) => tbl.userId.equals(userId)))
                                         ^^^^^^
  lib/features/offline/infrastructure/sync/incremental_sync.dart:290:32: Error: The getter 'lastIncrementalSyncAt' isn't defined for the type 'SyncMetadata'.
   - 'SyncMetadata' is from 'package:soloadventurer/features/offline/infrastructure/database/database.dart' ('lib/features/offline/infrastructure/database/database.dart').
  Try correcting the name to the name of an existing getter, or defining a getter or field named 'lastIncrementalSyncAt'.
              metadataList.first.lastIncrementalSyncAt == null) {
                                 ^^^^^^^^^^^^^^^^^^^^^
  lib/features/offline/infrastructure/sync/incremental_sync.dart:309:34: Error: The getter 'userId' isn't defined for the type '$SyncMetadataTableTable'.
   - '$SyncMetadataTableTable' is from 'package:soloadventurer/features/offline/infrastructure/database/database.dart' ('lib/features/offline/infrastructure/database/database.dart').
  Try correcting the name to the name of an existing getter, or defining a getter or field named 'userId'.
              ..where((tbl) => tbl.userId.equals(userId)))
                                   ^^^^^^
  lib/features/offline/infrastructure/sync/incremental_sync.dart:316:33: Error: The getter 'lastIncrementalSyncAt' isn't defined for the type 'SyncMetadata'.
   - 'SyncMetadata' is from 'package:soloadventurer/features/offline/infrastructure/database/database.dart' ('lib/features/offline/infrastructure/database/database.dart').
  Try correcting the name to the name of an existing getter, or defining a getter or field named 'lastIncrementalSyncAt'.
        return metadataList.first.lastIncrementalSyncAt;
                                  ^^^^^^^^^^^^^^^^^^^^^
  lib/features/offline/infrastructure/sync/incremental_sync.dart:389:33: Error: The getter 'tripDao' isn't defined for the type 'AppDatabase'.
   - 'AppDatabase' is from 'package:soloadventurer/features/offline/infrastructure/database/database.dart' ('lib/features/offline/infrastructure/database/database.dart').
  Try correcting the name to the name of an existing getter, or defining a getter or field named 'tripDao'.
        final tripDao = _database.tripDao;
                                  ^^^^^^^
  lib/features/offline/infrastructure/sync/incremental_sync.dart:553:31: Error: The getter 'tripDao' isn't defined for the type 'AppDatabase'.
   - 'AppDatabase' is from 'package:soloadventurer/features/offline/infrastructure/database/database.dart' ('lib/features/offline/infrastructure/database/database.dart').
  Try correcting the name to the name of an existing getter, or defining a getter or field named 'tripDao'.
      final tripDao = _database.tripDao;
                                ^^^^^^^
  lib/features/offline/infrastructure/sync/incremental_sync.dart:605:34: Error: The getter 'journalDao' isn't defined for the type 'AppDatabase'.
   - 'AppDatabase' is from 'package:soloadventurer/features/offline/infrastructure/database/database.dart' ('lib/features/offline/infrastructure/database/database.dart').
  Try correcting the name to the name of an existing getter, or defining a getter or field named 'journalDao'.
      final journalDao = _database.journalDao;
                                   ^^^^^^^^^^
  lib/features/offline/infrastructure/sync/incremental_sync.dart:660:31: Error: The getter 'userDao' isn't defined for the type 'AppDatabase'.
   - 'AppDatabase' is from 'package:soloadventurer/features/offline/infrastructure/database/database.dart' ('lib/features/offline/infrastructure/database/database.dart').
  Try correcting the name to the name of an existing getter, or defining a getter or field named 'userDao'.
      final userDao = _database.userDao;
                                ^^^^^^^
  lib/features/offline/infrastructure/sync/incremental_sync.dart:727:17: Error: No named parameter with the name 'userId'.
                  userId: userId,
                  ^^^^^^
  lib/features/offline/infrastructure/database/database.g.dart:3723:9: Context: Found this candidate, but the arguments don't match.
    const SyncMetadataTableCompanion({
          ^^^^^^^^^^^^^^^^^^^^^^^^^^
  lib/features/offline/infrastructure/sync/incremental_sync.dart:719:40: Error: The getter 'userId' isn't defined for the type '$SyncMetadataTableTable'.
   - '$SyncMetadataTableTable' is from 'package:soloadventurer/features/offline/infrastructure/database/database.dart' ('lib/features/offline/infrastructure/database/database.dart').
  Try correcting the name to the name of an existing getter, or defining a getter or field named 'userId'.
                    ..where((tbl) => tbl.userId.equals(userId)))
                                         ^^^^^^
  lib/features/offline/infrastructure/sync/incremental_sync.dart:739:24: Error: The method 'SyncMetadataTable' isn't defined for the type 'IncrementalSync'.
   - 'IncrementalSync' is from 'package:soloadventurer/features/offline/infrastructure/sync/incremental_sync.dart' ('lib/features/offline/infrastructure/sync/incremental_sync.dart').
  Try correcting the name to the name of an existing method, or defining a method named 'SyncMetadataTable'.
                .replace(SyncMetadataTable(
                         ^^^^^^^^^^^^^^^^^
  lib/features/offline/infrastructure/sync/incremental_sync.dart:740:30: Error: The getter 'id' isn't defined for the type 'SyncMetadata'.
   - 'SyncMetadata' is from 'package:soloadventurer/features/offline/infrastructure/database/database.dart' ('lib/features/offline/infrastructure/database/database.dart').
  Try correcting the name to the name of an existing getter, or defining a getter or field named 'id'.
                  id: metadata.id,
                               ^^
  lib/features/offline/infrastructure/sync/incremental_sync.dart:746:54: Error: The getter 'lastIncrementalSyncAt' isn't defined for the type 'SyncMetadata'.
   - 'SyncMetadata' is from 'package:soloadventurer/features/offline/infrastructure/database/database.dart' ('lib/features/offline/infrastructure/database/database.dart').
  Try correcting the name to the name of an existing getter, or defining a getter or field named 'lastIncrementalSyncAt'.
                      usedIncremental ? now : metadata.lastIncrementalSyncAt,
                                                       ^^^^^^^^^^^^^^^^^^^^^
  lib/features/offline/infrastructure/sync/incremental_sync.dart:891:7: Error: No named parameter with the name 'firstName'.
        firstName: Value(serverUser['firstName'] as String?),
        ^^^^^^^^^
  lib/features/offline/infrastructure/database/database.g.dart:2407:9: Context: Found this candidate, but the arguments don't match.
    const UsersCompanion({
          ^^^^^^^^^^^^^^
  lib/features/offline/infrastructure/sync/offline_interceptor.dart:348:21: Error: The method 'call' isn't defined for the type 'Future<T>'.
   - 'Future' is from 'dart:async'.
  Try correcting the name to the name of an existing method, or defining a method named 'call'.
        await executor();
                      ^
  lib/features/offline/infrastructure/sync/offline_interceptor.dart:352:26: Error: The method 'call' isn't defined for the type 'Future<void>'.
   - 'Future' is from 'dart:async'.
  Try correcting the name to the name of an existing method, or defining a method named 'call'.
          await localUpdate();
                           ^
  lib/features/offline/infrastructure/sync/offline_interceptor.dart:382:24: Error: The method 'call' isn't defined for the type 'Future<void>'.
   - 'Future' is from 'dart:async'.
  Try correcting the name to the name of an existing method, or defining a method named 'call'.
        await localUpdate();
                         ^
  lib/features/offline/data/repositories/offline_aware_repository.dart:492:19: Error: The getter 'timestamp_' isn't defined for the type 'OfflineAwareRepository<Entity, Model, CreateModel, UpdateModel>'.
   - 'OfflineAwareRepository' is from 'package:soloadventurer/features/offline/data/repositories/offline_aware_repository.dart' ('lib/features/offline/data/repositories/offline_aware_repository.dart').
  Try correcting the name to the name of an existing getter, or defining a getter or field named 'timestamp_'.
      return 'temp_$timestamp_$random';
                    ^^^^^^^^^^
  lib/features/offline/data/repositories/offline_aware_repository.dart:540:60: Error: Too many positional arguments: 0 allowed, but 1 found.
  Try removing the extra positional arguments.
      final result = await _syncQueueService.enqueueOperation(syncOperation);
                                                             ^
  lib/features/offline/data/repositories/sync_queue_repository_impl.dart:36:52: Error: The argument type 'int' can't be assigned to the parameter type 'SyncQueueItem'.
   - 'SyncQueueItem' is from 'package:soloadventurer/features/offline/infrastructure/database/database.dart' ('lib/features/offline/infrastructure/database/database.dart').
        return model.SyncOperationModel.fromDatabase(item).toDomainEntity();
                                                     ^
  lib/app/providers/auth_service_providers.dart:32:41: Error: 'Ref' isn't a type.
  AuthLocalDataSource authLocalDataSource(Ref ref) {
                                          ^^^
  lib/app/providers/auth_service_providers.dart:43:43: Error: 'Ref' isn't a type.
  AuthRemoteDataSource authRemoteDataSource(Ref ref) {
                                            ^^^
  lib/app/providers/auth_service_providers.dart:60:47: Error: 'Ref' isn't a type.
  AuthRemoteDataSource mockAuthRemoteDataSource(Ref ref) {
                                                ^^^
  lib/app/providers/auth_service_providers.dart:73:31: Error: 'Ref' isn't a type.
  AuthRepository authRepository(Ref ref) {
                                ^^^
  lib/app/providers/auth_service_providers.dart:90:38: Error: 'Ref' isn't a type.
  GetCurrentUser getCurrentUserUseCase(Ref ref) {
                                       ^^^
  lib/app/providers/auth_service_providers.dart:97:30: Error: 'Ref' isn't a type.
  IsSignedIn isSignedInUseCase(Ref ref) {
                               ^^^
  lib/app/providers/auth_service_providers.dart:104:27: Error: 'Ref' isn't a type.
  LoginUseCase loginUseCase(Ref ref) {
                            ^^^
  lib/app/providers/auth_service_providers.dart:111:22: Error: 'Ref' isn't a type.
  SignUp signUpUseCase(Ref ref) {
                       ^^^
  lib/app/providers/auth_service_providers.dart:118:24: Error: 'Ref' isn't a type.
  SignOut signOutUseCase(Ref ref) {
                         ^^^
  lib/app/providers/auth_service_providers.dart:125:32: Error: 'Ref' isn't a type.
  VerifyEmail verifyEmailUseCase(Ref ref) {
                                 ^^^
  lib/app/providers/auth_service_providers.dart:132:63: Error: 'Ref' isn't a type.
  resend.ResendVerificationEmail resendVerificationEmailUseCase(Ref ref) {
                                                                ^^^
  lib/app/providers/auth_service_providers.dart:139:38: Error: 'Ref' isn't a type.
  ForgotPassword forgotPasswordUseCase(Ref ref) {
                                       ^^^
  lib/app/providers/auth_service_providers.dart:146:50: Error: 'Ref' isn't a type.
  ConfirmPasswordReset confirmPasswordResetUseCase(Ref ref) {
                                                   ^^^
  lib/features/auth/data/datasources/mock_auth_remote_data_source.dart:241:21: Error: The getter 'email' isn't defined for the type 'Credentials'.
   - 'Credentials' is from 'package:soloadventurer/features/auth/data/models/credentials.dart' ('lib/features/auth/data/models/credentials.dart').
  Try correcting the name to the name of an existing getter, or defining a getter or field named 'email'.
      if (credentials.email != 'test@example.com' || credentials.password != 'password123') {
                      ^^^^^
  lib/app/di/modules/core_module.dart:13:11: Error: Method not found: 'SecurityManagerImpl'.
      () => SecurityManagerImpl(
            ^^^^^^^^^^^^^^^^^^^
  lib/features/offline/infrastructure/sync/mutation_interceptor.dart:263:66: Error: The argument type 'ErrorInterceptorHandler' can't be assigned to the parameter type 'RequestInterceptorHandler'.
   - 'ErrorInterceptorHandler' is from 'package:dio/src/dio_mixin.dart' ('../.pub-cache/hosted/pub.dev/dio-5.8.0+1/lib/src/dio_mixin.dart').
   - 'RequestInterceptorHandler' is from 'package:dio/src/dio_mixin.dart' ('../.pub-cache/hosted/pub.dev/dio-5.8.0+1/lib/src/dio_mixin.dart').
        await _handleOfflineMutation(metadata, err.requestOptions, handler);
                                                                   ^
  .

To run this test again: /opt/homebrew/Caskroom/flutter/3.32.5/flutter/bin/cache/dart-sdk/bin/dart test /Users/anthonyforan/SoloAdventurer_app/test/features/auth/infrastructure/services/token_manager_test.dart -p vm --plain-name 'loading /Users/anthonyforan/SoloAdventurer_app/test/features/auth/infrastructure/services/token_manager_test.dart'
00:34 +84 -16: loading /Users/anthonyforan/SoloAdventurer_app/test/features/auth/data/models/auth_response_model_test.dart                                                                             00:34 +84 -16: /Users/anthonyforan/SoloAdventurer_app/test/features/auth/data/models/auth_response_model_test.dart: ... fromJson should return a valid model when JSON contains all fields             00:34 +85 -16: /Users/anthonyforan/SoloAdventurer_app/test/features/auth/data/repositories/auth_repository_impl_test.dart: ... signInWithEmailAndPassword should return User when login is successful  00:34 +86 -17: /Users/anthonyforan/SoloAdventurer_app/test/features/auth/data/models/auth_response_model_test.dart: AuthResponseModel fromJson should throw FormatException when dates are invalid     00:34 +86 -17: /Users/anthonyforan/SoloAdventurer_app/test/features/auth/data/models/auth_response_model_test.dart: AuthResponseModel fromJson should throw TypeError when required fields are missing 00:34 +87 -17: /Users/anthonyforan/SoloAdventurer_app/test/features/auth/data/models/auth_response_model_test.dart: AuthResponseModel fromJson should throw TypeError when required fields are missing 00:34 +87 -17: /Users/anthonyforan/SoloAdventurer_app/test/features/auth/data/models/auth_response_model_test.dart: AuthResponseModel toJson should return JSON map containing proper data             00:34 +88 -17: /Users/anthonyforan/SoloAdventurer_app/test/features/auth/data/models/auth_response_model_test.dart: AuthResponseModel toJson should return JSON map containing proper data             00:34 +88 -17: /Users/anthonyforan/SoloAdventurer_app/test/features/auth/data/repositories/auth_repository_impl_test.dart: AuthRepositoryImpl signInWithEmailAndPassword should return User when login is successful [E]
  Bad state: No method stub was called from within `when()`. Was a real method called, or perhaps an extension method?
  package:mocktail/src/mocktail.dart 262:7                                    When._completeWhen
  package:mocktail/src/mocktail.dart 257:12                                   When.thenAnswer
  test/features/auth/data/repositories/auth_repository_impl_test.dart 122:14  main.<fn>.<fn>.<fn>
  

To run this test again: /opt/homebrew/Caskroom/flutter/3.32.5/flutter/bin/cache/dart-sdk/bin/dart test /Users/anthonyforan/SoloAdventurer_app/test/features/auth/data/repositories/auth_repository_impl_test.dart -p vm --plain-name 'AuthRepositoryImpl signInWithEmailAndPassword should return User when login is successful'
00:34 +88 -17: /Users/anthonyforan/SoloAdventurer_app/test/features/auth/data/repositories/auth_repository_impl_test.dart: AuthRepositoryImpl signInWithEmailAndPassword should throw when login fails 00:34 +88 -18: /Users/anthonyforan/SoloAdventurer_app/test/features/auth/data/repositories/auth_repository_impl_test.dart: AuthRepositoryImpl signInWithEmailAndPassword should throw when login fails [E]
  Bad state: No method stub was called from within `when()`. Was a real method called, or perhaps an extension method?
  package:mocktail/src/mocktail.dart 262:7                                    When._completeWhen
  package:mocktail/src/mocktail.dart 257:12                                   When.thenAnswer
  test/features/auth/data/repositories/auth_repository_impl_test.dart 150:14  main.<fn>.<fn>.<fn>
  

To run this test again: /opt/homebrew/Caskroom/flutter/3.32.5/flutter/bin/cache/dart-sdk/bin/dart test /Users/anthonyforan/SoloAdventurer_app/test/features/auth/data/repositories/auth_repository_impl_test.dart -p vm --plain-name 'AuthRepositoryImpl signInWithEmailAndPassword should throw when login fails'
00:34 +88 -18: /Users/anthonyforan/SoloAdventurer_app/test/features/auth/data/repositories/auth_repository_impl_test.dart: AuthRepositoryImpl getCurrentUser should return cached user when available  00:34 +88 -19: /Users/anthonyforan/SoloAdventurer_app/test/features/auth/data/repositories/auth_repository_impl_test.dart: AuthRepositoryImpl getCurrentUser should return cached user when available [E]
  Bad state: No method stub was called from within `when()`. Was a real method called, or perhaps an extension method?
  package:mocktail/src/mocktail.dart 262:7                                    When._completeWhen
  package:mocktail/src/mocktail.dart 257:12                                   When.thenAnswer
  test/features/auth/data/repositories/auth_repository_impl_test.dart 171:14  main.<fn>.<fn>.<fn>
  

To run this test again: /opt/homebrew/Caskroom/flutter/3.32.5/flutter/bin/cache/dart-sdk/bin/dart test /Users/anthonyforan/SoloAdventurer_app/test/features/auth/data/repositories/auth_repository_impl_test.dart -p vm --plain-name 'AuthRepositoryImpl getCurrentUser should return cached user when available'
00:34 +88 -19: /Users/anthonyforan/SoloAdventurer_app/test/features/auth/data/repositories/auth_repository_impl_test.dart: ... getCurrentUser should fetch from remote when cache is empty             00:34 +88 -20: /Users/anthonyforan/SoloAdventurer_app/test/features/auth/data/repositories/auth_repository_impl_test.dart: AuthRepositoryImpl getCurrentUser should fetch from remote when cache is empty [E]
  Bad state: No method stub was called from within `when()`. Was a real method called, or perhaps an extension method?
  package:mocktail/src/mocktail.dart 262:7                                    When._completeWhen
  package:mocktail/src/mocktail.dart 257:12                                   When.thenAnswer
  test/features/auth/data/repositories/auth_repository_impl_test.dart 184:14  main.<fn>.<fn>.<fn>
  

To run this test again: /opt/homebrew/Caskroom/flutter/3.32.5/flutter/bin/cache/dart-sdk/bin/dart test /Users/anthonyforan/SoloAdventurer_app/test/features/auth/data/repositories/auth_repository_impl_test.dart -p vm --plain-name 'AuthRepositoryImpl getCurrentUser should fetch from remote when cache is empty'
00:34 +88 -20: /Users/anthonyforan/SoloAdventurer_app/test/features/auth/data/repositories/auth_repository_impl_test.dart: ... signOut should clear local data when signout is successful              00:34 +88 -21: /Users/anthonyforan/SoloAdventurer_app/test/features/auth/data/repositories/auth_repository_impl_test.dart: AuthRepositoryImpl signOut should clear local data when signout is successful [E]
  Bad state: No method stub was called from within `when()`. Was a real method called, or perhaps an extension method?
  package:mocktail/src/mocktail.dart 262:7                                    When._completeWhen
  package:mocktail/src/mocktail.dart 257:12                                   When.thenAnswer
  test/features/auth/data/repositories/auth_repository_impl_test.dart 206:54  main.<fn>.<fn>.<fn>
  

To run this test again: /opt/homebrew/Caskroom/flutter/3.32.5/flutter/bin/cache/dart-sdk/bin/dart test /Users/anthonyforan/SoloAdventurer_app/test/features/auth/data/repositories/auth_repository_impl_test.dart -p vm --plain-name 'AuthRepositoryImpl signOut should clear local data when signout is successful'
00:34 +88 -21: /Users/anthonyforan/SoloAdventurer_app/test/features/auth/data/repositories/auth_repository_impl_test.dart: AuthRepositoryImpl signOut should throw when signout fails                  00:34 +89 -21: /Users/anthonyforan/SoloAdventurer_app/test/features/auth/data/repositories/auth_repository_impl_test.dart: AuthRepositoryImpl signOut should throw when signout fails                  00:34 +89 -21: /Users/anthonyforan/SoloAdventurer_app/test/features/auth/data/repositories/auth_repository_impl_test.dart: AuthRepositoryImpl isAuthenticated should return true when session is valid 00:34 +89 -22: /Users/anthonyforan/SoloAdventurer_app/test/features/auth/data/repositories/auth_repository_impl_test.dart: AuthRepositoryImpl isAuthenticated should return true when session is valid [E]
  Bad state: No method stub was called from within `when()`. Was a real method called, or perhaps an extension method?
  package:mocktail/src/mocktail.dart 262:7                                    When._completeWhen
  package:mocktail/src/mocktail.dart 257:12                                   When.thenAnswer
  test/features/auth/data/repositories/auth_repository_impl_test.dart 234:14  main.<fn>.<fn>.<fn>
  

To run this test again: /opt/homebrew/Caskroom/flutter/3.32.5/flutter/bin/cache/dart-sdk/bin/dart test /Users/anthonyforan/SoloAdventurer_app/test/features/auth/data/repositories/auth_repository_impl_test.dart -p vm --plain-name 'AuthRepositoryImpl isAuthenticated should return true when session is valid'
00:34 +89 -22: /Users/anthonyforan/SoloAdventurer_app/test/features/auth/data/repositories/auth_repository_impl_test.dart: ... isAuthenticated should return false when session is invalid             00:34 +89 -23: /Users/anthonyforan/SoloAdventurer_app/test/features/auth/data/repositories/auth_repository_impl_test.dart: AuthRepositoryImpl isAuthenticated should return false when session is invalid [E]
  Bad state: No method stub was called from within `when()`. Was a real method called, or perhaps an extension method?
  package:mocktail/src/mocktail.dart 262:7                                    When._completeWhen
  package:mocktail/src/mocktail.dart 257:12                                   When.thenAnswer
  test/features/auth/data/repositories/auth_repository_impl_test.dart 246:14  main.<fn>.<fn>.<fn>
  

To run this test again: /opt/homebrew/Caskroom/flutter/3.32.5/flutter/bin/cache/dart-sdk/bin/dart test /Users/anthonyforan/SoloAdventurer_app/test/features/auth/data/repositories/auth_repository_impl_test.dart -p vm --plain-name 'AuthRepositoryImpl isAuthenticated should return false when session is invalid'
00:34 +89 -23: /Users/anthonyforan/SoloAdventurer_app/test/features/auth/data/repositories/auth_repository_impl_test.dart: AuthRepositoryImpl isAuthenticated should refresh token when expired        00:34 +89 -24: /Users/anthonyforan/SoloAdventurer_app/test/features/auth/data/repositories/auth_repository_impl_test.dart: AuthRepositoryImpl isAuthenticated should refresh token when expired [E]    
  Bad state: No method stub was called from within `when()`. Was a real method called, or perhaps an extension method?
  package:mocktail/src/mocktail.dart 262:7                                    When._completeWhen
  package:mocktail/src/mocktail.dart 257:12                                   When.thenAnswer
  test/features/auth/data/repositories/auth_repository_impl_test.dart 258:14  main.<fn>.<fn>.<fn>
  

To run this test again: /opt/homebrew/Caskroom/flutter/3.32.5/flutter/bin/cache/dart-sdk/bin/dart test /Users/anthonyforan/SoloAdventurer_app/test/features/auth/data/repositories/auth_repository_impl_test.dart -p vm --plain-name 'AuthRepositoryImpl isAuthenticated should refresh token when expired'
00:34 +89 -24: /Users/anthonyforan/SoloAdventurer_app/test/features/auth/data/repositories/auth_repository_impl_test.dart: ... refreshToken should return true when token refresh is successful        00:34 +89 -25: /Users/anthonyforan/SoloAdventurer_app/test/features/auth/data/repositories/auth_repository_impl_test.dart: AuthRepositoryImpl refreshToken should return true when token refresh is successful [E]
  Bad state: No method stub was called from within `when()`. Was a real method called, or perhaps an extension method?
  package:mocktail/src/mocktail.dart 262:7                                    When._completeWhen
  package:mocktail/src/mocktail.dart 257:12                                   When.thenAnswer
  test/features/auth/data/repositories/auth_repository_impl_test.dart 288:14  main.<fn>.<fn>.<fn>
  

To run this test again: /opt/homebrew/Caskroom/flutter/3.32.5/flutter/bin/cache/dart-sdk/bin/dart test /Users/anthonyforan/SoloAdventurer_app/test/features/auth/data/repositories/auth_repository_impl_test.dart -p vm --plain-name 'AuthRepositoryImpl refreshToken should return true when token refresh is successful'
00:34 +89 -25: /Users/anthonyforan/SoloAdventurer_app/test/features/auth/data/repositories/auth_repository_impl_test.dart: AuthRepositoryImpl refreshToken should return false when token refresh fails00:34 +89 -26: /Users/anthonyforan/SoloAdventurer_app/test/features/auth/data/repositories/auth_repository_impl_test.dart: AuthRepositoryImpl refreshToken should return false when token refresh fails [E]
  Bad state: No method stub was called from within `when()`. Was a real method called, or perhaps an extension method?
  package:mocktail/src/mocktail.dart 262:7                                    When._completeWhen
  package:mocktail/src/mocktail.dart 247:12                                   When.thenThrow
  test/features/auth/data/repositories/auth_repository_impl_test.dart 313:14  main.<fn>.<fn>.<fn>
  

To run this test again: /opt/homebrew/Caskroom/flutter/3.32.5/flutter/bin/cache/dart-sdk/bin/dart test /Users/anthonyforan/SoloAdventurer_app/test/features/auth/data/repositories/auth_repository_impl_test.dart -p vm --plain-name 'AuthRepositoryImpl refreshToken should return false when token refresh fails'
00:34 +89 -26: /Users/anthonyforan/SoloAdventurer_app/test/features/auth/data/repositories/auth_repository_impl_test.dart: AuthRepositoryImpl getAccessToken should return token when session is valid 00:34 +89 -27: /Users/anthonyforan/SoloAdventurer_app/test/features/auth/data/repositories/auth_repository_impl_test.dart: AuthRepositoryImpl getAccessToken should return token when session is valid [E]
  Bad state: No method stub was called from within `when()`. Was a real method called, or perhaps an extension method?
  package:mocktail/src/mocktail.dart 262:7                                    When._completeWhen
  package:mocktail/src/mocktail.dart 257:12                                   When.thenAnswer
  test/features/auth/data/repositories/auth_repository_impl_test.dart 330:14  main.<fn>.<fn>.<fn>
  

To run this test again: /opt/homebrew/Caskroom/flutter/3.32.5/flutter/bin/cache/dart-sdk/bin/dart test /Users/anthonyforan/SoloAdventurer_app/test/features/auth/data/repositories/auth_repository_impl_test.dart -p vm --plain-name 'AuthRepositoryImpl getAccessToken should return token when session is valid'
00:34 +89 -27: /Users/anthonyforan/SoloAdventurer_app/test/features/auth/data/repositories/auth_repository_impl_test.dart: AuthRepositoryImpl getAccessToken should return null when session is invalid00:34 +89 -28: /Users/anthonyforan/SoloAdventurer_app/test/features/auth/data/repositories/auth_repository_impl_test.dart: AuthRepositoryImpl getAccessToken should return null when session is invalid [E]
  Bad state: No method stub was called from within `when()`. Was a real method called, or perhaps an extension method?
  package:mocktail/src/mocktail.dart 262:7                                    When._completeWhen
  package:mocktail/src/mocktail.dart 257:12                                   When.thenAnswer
  test/features/auth/data/repositories/auth_repository_impl_test.dart 358:14  main.<fn>.<fn>.<fn>
  

To run this test again: /opt/homebrew/Caskroom/flutter/3.32.5/flutter/bin/cache/dart-sdk/bin/dart test /Users/anthonyforan/SoloAdventurer_app/test/features/auth/data/repositories/auth_repository_impl_test.dart -p vm --plain-name 'AuthRepositoryImpl getAccessToken should return null when session is invalid'
00:34 +89 -28: loading /Users/anthonyforan/SoloAdventurer_app/test/features/auth/data/models/user_model_test.dart                                                                                      00:34 +89 -28: /Users/anthonyforan/SoloAdventurer_app/test/features/auth/data/models/user_model_test.dart: UserModel should be a subclass of User entity                                               00:34 +90 -28: /Users/anthonyforan/SoloAdventurer_app/test/features/auth/data/models/user_model_test.dart: UserModel should be a subclass of User entity                                               00:34 +90 -28: /Users/anthonyforan/SoloAdventurer_app/test/features/auth/data/models/user_model_test.dart: UserModel fromJson should return a valid model when JSON contains all fields                00:34 +91 -28: /Users/anthonyforan/SoloAdventurer_app/test/features/auth/data/models/user_model_test.dart: UserModel fromJson should return a valid model when JSON contains all fields                00:34 +91 -28: /Users/anthonyforan/SoloAdventurer_app/test/features/auth/data/models/user_model_test.dart: UserModel fromJson should return a valid model when lastLoginAt is null                     00:34 +92 -28: /Users/anthonyforan/SoloAdventurer_app/test/features/auth/data/models/user_model_test.dart: UserModel fromJson should return a valid model when lastLoginAt is null                     00:34 +92 -28: /Users/anthonyforan/SoloAdventurer_app/test/features/auth/data/models/user_model_test.dart: UserModel fromJson should throw FormatException when dates are invalid                      00:34 +93 -28: /Users/anthonyforan/SoloAdventurer_app/test/features/auth/data/models/user_model_test.dart: UserModel fromJson should throw FormatException when dates are invalid                      00:34 +93 -28: /Users/anthonyforan/SoloAdventurer_app/test/features/auth/data/models/user_model_test.dart: UserModel toJson should return JSON map containing proper data                              00:34 +94 -28: /Users/anthonyforan/SoloAdventurer_app/test/features/auth/data/models/user_model_test.dart: UserModel toJson should return JSON map containing proper data                              00:34 +94 -28: /Users/anthonyforan/SoloAdventurer_app/test/features/auth/data/models/user_model_test.dart: UserModel toJson should return JSON map with null lastLoginAt when not set                  00:34 +95 -28: /Users/anthonyforan/SoloAdventurer_app/test/features/auth/data/models/user_model_test.dart: UserModel toJson should return JSON map with null lastLoginAt when not set                  00:34 +95 -28: /Users/anthonyforan/SoloAdventurer_app/test/features/auth/data/models/user_model_test.dart: UserModel fromEntity should return a valid model from User entity                           00:34 +96 -28: /Users/anthonyforan/SoloAdventurer_app/test/features/auth/data/models/user_model_test.dart: UserModel fromEntity should return a valid model from User entity                           00:34 +96 -28: /Users/anthonyforan/SoloAdventurer_app/test/features/auth/data/models/user_model_test.dart: UserModel fromEntity should handle null lastLoginAt from entity                             00:34 +97 -28: /Users/anthonyforan/SoloAdventurer_app/test/features/auth/data/models/user_model_test.dart: UserModel fromEntity should handle null lastLoginAt from entity                             lib/features/auth/data/sources/auth_remote_data_source.dart:91:41: Error: Expected 0 type arguments.
      final response = await _apiClient.post<Map<String, dynamic>>(
                                        ^
lib/features/auth/data/sources/auth_remote_data_source.dart:112:41: Error: Expected 0 type arguments.
      final response = await _apiClient.post<Map<String, dynamic>>(
                                        ^
lib/features/auth/data/sources/auth_remote_data_source.dart:133:24: Error: Expected 0 type arguments.
      await _apiClient.post<Map<String, dynamic>>(
                       ^
lib/features/auth/data/sources/auth_remote_data_source.dart:150:24: Error: Expected 0 type arguments.
      await _apiClient.post<Map<String, dynamic>>(
                       ^
lib/features/auth/data/sources/auth_remote_data_source.dart:166:41: Error: Expected 0 type arguments.
      final response = await _apiClient.post<Map<String, dynamic>>(
                                        ^
lib/features/auth/data/sources/auth_remote_data_source.dart:184:24: Error: Expected 0 type arguments.
      await _apiClient.post<Map<String, dynamic>>(
                       ^
lib/features/auth/data/sources/auth_remote_data_source.dart:202:24: Error: Expected 0 type arguments.
      await _apiClient.post<Map<String, dynamic>>(
                       ^
lib/features/auth/data/sources/auth_remote_data_source.dart:218:41: Error: Expected 0 type arguments.
      final response = await _apiClient.get<Map<String, dynamic>>(
                                        ^
lib/features/auth/data/sources/auth_remote_data_source.dart:243:41: Error: Expected 0 type arguments.
      final response = await _apiClient.put<Map<String, dynamic>>(
                                        ^
lib/features/auth/data/sources/auth_remote_data_source.dart:265:24: Error: Expected 0 type arguments.
      await _apiClient.post<Map<String, dynamic>>(
                       ^
lib/app/di/modules/core_module.dart:13:11: Error: Method not found: 'SecurityManagerImpl'.
    () => SecurityManagerImpl(
          ^^^^^^^^^^^^^^^^^^^
lib/features/auth/data/datasources/mock_auth_remote_data_source.dart:241:21: Error: The getter 'email' isn't defined for the type 'Credentials'.
 - 'Credentials' is from 'package:soloadventurer/features/auth/data/models/credentials.dart' ('lib/features/auth/data/models/credentials.dart').
Try correcting the name to the name of an existing getter, or defining a getter or field named 'email'.
    if (credentials.email != 'test@example.com' || credentials.password != 'password123') {
                    ^^^^^
00:34 +97 -28: loading /Users/anthonyforan/SoloAdventurer_app/test/features/auth/data/sources/auth_local_data_source_test.dart                                                                         00:34 +97 -28: /Users/anthonyforan/SoloAdventurer_app/test/features/auth/data/sources/auth_local_data_source_test.dart: AuthLocalDataSource getUser should return User when storage has user data      lib/features/offline/data/repositories/offline_aware_repository.dart:492:19: Error: The getter 'timestamp_' isn't defined for the type 'OfflineAwareRepository<Entity, Model, CreateModel, UpdateModel>'.
 - 'OfflineAwareRepository' is from 'package:soloadventurer/features/offline/data/repositories/offline_aware_repository.dart' ('lib/features/offline/data/repositories/offline_aware_repository.dart').
Try correcting the name to the name of an existing getter, or defining a getter or field named 'timestamp_'.
    return 'temp_$timestamp_$random';
                  ^^^^^^^^^^
lib/features/offline/data/repositories/offline_aware_repository.dart:540:60: Error: Too many positional arguments: 0 allowed, but 1 found.
Try removing the extra positional arguments.
    final result = await _syncQueueService.enqueueOperation(syncOperation);
                                                           ^
lib/features/offline/data/repositories/sync_queue_repository_impl.dart:36:52: Error: The argument type 'int' can't be assigned to the parameter type 'SyncQueueItem'.
 - 'SyncQueueItem' is from 'package:soloadventurer/features/offline/infrastructure/database/database.dart' ('lib/features/offline/infrastructure/database/database.dart').
      return model.SyncOperationModel.fromDatabase(item).toDomainEntity();
                                                   ^
lib/features/offline/infrastructure/sync/background_sync_service.dart:154:11: Error: No named parameter with the name 'requiresNotRoaming'.
          requiresNotRoaming: false, // Allow sync while roaming
          ^^^^^^^^^^^^^^^^^^
../.pub-cache/hosted/pub.dev/workmanager-0.5.2/lib/src/options.dart:96:3: Context: Found this candidate, but the arguments don't match.
  Constraints({
  ^^^^^^^^^^^
lib/features/offline/infrastructure/sync/background_sync_service.dart:164:9: Error: No named parameter with the name 'backoffDelay'.
        backoffDelay: const Duration(minutes: 15), // Initial backoff delay
        ^^^^^^^^^^^^
lib/features/offline/infrastructure/sync/background_sync_service.dart:229:27: Error: The method 'cancelTaskByTag' isn't defined for the type 'Workmanager'.
 - 'Workmanager' is from 'package:workmanager/src/workmanager.dart' ('../.pub-cache/hosted/pub.dev/workmanager-0.5.2/lib/src/workmanager.dart').
Try correcting the name to the name of an existing method, or defining a method named 'cancelTaskByTag'.
      await Workmanager().cancelTaskByTag(periodicSyncTaskName);
                          ^^^^^^^^^^^^^^^
lib/features/offline/infrastructure/sync/conflict_resolver_impl.dart:385:33: Error: The getter 'tripDao' isn't defined for the type 'AppDatabase'.
 - 'AppDatabase' is from 'package:soloadventurer/features/offline/infrastructure/database/database.dart' ('lib/features/offline/infrastructure/database/database.dart').
Try correcting the name to the name of an existing getter, or defining a getter or field named 'tripDao'.
      final tripDao = _database.tripDao;
                                ^^^^^^^
lib/features/offline/infrastructure/sync/conflict_resolver_impl.dart:411:33: Error: The getter 'tripDao' isn't defined for the type 'AppDatabase'.
 - 'AppDatabase' is from 'package:soloadventurer/features/offline/infrastructure/database/database.dart' ('lib/features/offline/infrastructure/database/database.dart').
Try correcting the name to the name of an existing getter, or defining a getter or field named 'tripDao'.
      final tripDao = _database.tripDao;
                                ^^^^^^^
lib/features/offline/infrastructure/sync/conflict_resolver_impl.dart:437:36: Error: The getter 'journalDao' isn't defined for the type 'AppDatabase'.
 - 'AppDatabase' is from 'package:soloadventurer/features/offline/infrastructure/database/database.dart' ('lib/features/offline/infrastructure/database/database.dart').
Try correcting the name to the name of an existing getter, or defining a getter or field named 'journalDao'.
      final journalDao = _database.journalDao;
                                   ^^^^^^^^^^
lib/features/offline/infrastructure/sync/conflict_resolver_impl.dart:460:36: Error: The getter 'journalDao' isn't defined for the type 'AppDatabase'.
 - 'AppDatabase' is from 'package:soloadventurer/features/offline/infrastructure/database/database.dart' ('lib/features/offline/infrastructure/database/database.dart').
Try correcting the name to the name of an existing getter, or defining a getter or field named 'journalDao'.
      final journalDao = _database.journalDao;
                                   ^^^^^^^^^^
lib/features/offline/infrastructure/sync/conflict_resolver_impl.dart:485:33: Error: The getter 'userDao' isn't defined for the type 'AppDatabase'.
 - 'AppDatabase' is from 'package:soloadventurer/features/offline/infrastructure/database/database.dart' ('lib/features/offline/infrastructure/database/database.dart').
Try correcting the name to the name of an existing getter, or defining a getter or field named 'userDao'.
      final userDao = _database.userDao;
                                ^^^^^^^
lib/features/offline/infrastructure/sync/conflict_resolver_impl.dart:508:33: Error: The getter 'userDao' isn't defined for the type 'AppDatabase'.
 - 'AppDatabase' is from 'package:soloadventurer/features/offline/infrastructure/database/database.dart' ('lib/features/offline/infrastructure/database/database.dart').
Try correcting the name to the name of an existing getter, or defining a getter or field named 'userDao'.
      final userDao = _database.userDao;
                                ^^^^^^^
lib/features/offline/infrastructure/sync/download_sync.dart:254:33: Error: The getter 'tripDao' isn't defined for the type 'AppDatabase'.
 - 'AppDatabase' is from 'package:soloadventurer/features/offline/infrastructure/database/database.dart' ('lib/features/offline/infrastructure/database/database.dart').
Try correcting the name to the name of an existing getter, or defining a getter or field named 'tripDao'.
      final tripDao = _database.tripDao;
                                ^^^^^^^
lib/features/offline/infrastructure/sync/download_sync.dart:372:33: Error: The getter 'tripDao' isn't defined for the type 'AppDatabase'.
 - 'AppDatabase' is from 'package:soloadventurer/features/offline/infrastructure/database/database.dart' ('lib/features/offline/infrastructure/database/database.dart').
Try correcting the name to the name of an existing getter, or defining a getter or field named 'tripDao'.
      final tripDao = _database.tripDao;
                                ^^^^^^^
lib/features/offline/infrastructure/sync/download_sync.dart:430:40: Error: The getter 'journalDao' isn't defined for the type 'AppDatabase'.
 - 'AppDatabase' is from 'package:soloadventurer/features/offline/infrastructure/database/database.dart' ('lib/features/offline/infrastructure/database/database.dart').
Try correcting the name to the name of an existing getter, or defining a getter or field named 'journalDao'.
          final journalDao = _database.journalDao;
                                       ^^^^^^^^^^
lib/features/offline/infrastructure/sync/download_sync.dart:568:33: Error: The getter 'userDao' isn't defined for the type 'AppDatabase'.
 - 'AppDatabase' is from 'package:soloadventurer/features/offline/infrastructure/database/database.dart' ('lib/features/offline/infrastructure/database/database.dart').
Try correcting the name to the name of an existing getter, or defining a getter or field named 'userDao'.
      final userDao = _database.userDao;
                                ^^^^^^^
lib/features/offline/infrastructure/sync/download_sync.dart:677:17: Error: No named parameter with the name 'userId'.
                userId: userId,
                ^^^^^^
lib/features/offline/infrastructure/database/database.g.dart:3735:3: Context: Found this candidate, but the arguments don't match.
  SyncMetadataTableCompanion.insert({
  ^^^^^^^^^^^^^^^^^^^^^^^^^^^^^^^^^
lib/features/offline/infrastructure/sync/download_sync.dart:669:40: Error: The getter 'userId' isn't defined for the type '$SyncMetadataTableTable'.
 - '$SyncMetadataTableTable' is from 'package:soloadventurer/features/offline/infrastructure/database/database.dart' ('lib/features/offline/infrastructure/database/database.dart').
Try correcting the name to the name of an existing getter, or defining a getter or field named 'userId'.
                  ..where((tbl) => tbl.userId.equals(userId)))
                                       ^^^^^^
lib/features/offline/infrastructure/sync/download_sync.dart:687:24: Error: The method 'SyncMetadataTable' isn't defined for the type 'DownloadSync'.
 - 'DownloadSync' is from 'package:soloadventurer/features/offline/infrastructure/sync/download_sync.dart' ('lib/features/offline/infrastructure/sync/download_sync.dart').
Try correcting the name to the name of an existing method, or defining a method named 'SyncMetadataTable'.
              .replace(SyncMetadataTable(
                       ^^^^^^^^^^^^^^^^^
lib/features/offline/infrastructure/sync/download_sync.dart:688:30: Error: The getter 'id' isn't defined for the type 'SyncMetadata'.
 - 'SyncMetadata' is from 'package:soloadventurer/features/offline/infrastructure/database/database.dart' ('lib/features/offline/infrastructure/database/database.dart').
Try correcting the name to the name of an existing getter, or defining a getter or field named 'id'.
                id: metadata.id,
                             ^^
lib/features/offline/infrastructure/sync/download_sync.dart:775:7: Error: No named parameter with the name 'firstName'.
      firstName: Value(serverUser['firstName'] as String?),
      ^^^^^^^^^
lib/features/offline/infrastructure/database/database.g.dart:2407:9: Context: Found this candidate, but the arguments don't match.
  const UsersCompanion({
        ^^^^^^^^^^^^^^
lib/features/offline/infrastructure/sync/incremental_sync.dart:262:38: Error: Required named parameter 'userId' must be provided.
        return syncIncrementalChanges(
                                     ^
lib/features/offline/infrastructure/sync/incremental_sync.dart:286:40: Error: The getter 'userId' isn't defined for the type '$SyncMetadataTableTable'.
 - '$SyncMetadataTableTable' is from 'package:soloadventurer/features/offline/infrastructure/database/database.dart' ('lib/features/offline/infrastructure/database/database.dart').
Try correcting the name to the name of an existing getter, or defining a getter or field named 'userId'.
                  ..where((tbl) => tbl.userId.equals(userId)))
                                       ^^^^^^
lib/features/offline/infrastructure/sync/incremental_sync.dart:290:32: Error: The getter 'lastIncrementalSyncAt' isn't defined for the type 'SyncMetadata'.
 - 'SyncMetadata' is from 'package:soloadventurer/features/offline/infrastructure/database/database.dart' ('lib/features/offline/infrastructure/database/database.dart').
Try correcting the name to the name of an existing getter, or defining a getter or field named 'lastIncrementalSyncAt'.
            metadataList.first.lastIncrementalSyncAt == null) {
                               ^^^^^^^^^^^^^^^^^^^^^
lib/features/offline/infrastructure/sync/incremental_sync.dart:309:34: Error: The getter 'userId' isn't defined for the type '$SyncMetadataTableTable'.
 - '$SyncMetadataTableTable' is from 'package:soloadventurer/features/offline/infrastructure/database/database.dart' ('lib/features/offline/infrastructure/database/database.dart').
Try correcting the name to the name of an existing getter, or defining a getter or field named 'userId'.
            ..where((tbl) => tbl.userId.equals(userId)))
                                 ^^^^^^
lib/features/offline/infrastructure/sync/incremental_sync.dart:316:33: Error: The getter 'lastIncrementalSyncAt' isn't defined for the type 'SyncMetadata'.
 - 'SyncMetadata' is from 'package:soloadventurer/features/offline/infrastructure/database/database.dart' ('lib/features/offline/infrastructure/database/database.dart').
Try correcting the name to the name of an existing getter, or defining a getter or field named 'lastIncrementalSyncAt'.
      return metadataList.first.lastIncrementalSyncAt;
                                ^^^^^^^^^^^^^^^^^^^^^
lib/features/offline/infrastructure/sync/incremental_sync.dart:389:33: Error: The getter 'tripDao' isn't defined for the type 'AppDatabase'.
 - 'AppDatabase' is from 'package:soloadventurer/features/offline/infrastructure/database/database.dart' ('lib/features/offline/infrastructure/database/database.dart').
Try correcting the name to the name of an existing getter, or defining a getter or field named 'tripDao'.
      final tripDao = _database.tripDao;
                                ^^^^^^^
lib/features/offline/infrastructure/sync/incremental_sync.dart:553:31: Error: The getter 'tripDao' isn't defined for the type 'AppDatabase'.
 - 'AppDatabase' is from 'package:soloadventurer/features/offline/infrastructure/database/database.dart' ('lib/features/offline/infrastructure/database/database.dart').
Try correcting the name to the name of an existing getter, or defining a getter or field named 'tripDao'.
    final tripDao = _database.tripDao;
                              ^^^^^^^
lib/features/offline/infrastructure/sync/incremental_sync.dart:605:34: Error: The getter 'journalDao' isn't defined for the type 'AppDatabase'.
 - 'AppDatabase' is from 'package:soloadventurer/features/offline/infrastructure/database/database.dart' ('lib/features/offline/infrastructure/database/database.dart').
Try correcting the name to the name of an existing getter, or defining a getter or field named 'journalDao'.
    final journalDao = _database.journalDao;
                                 ^^^^^^^^^^
lib/features/offline/infrastructure/sync/incremental_sync.dart:660:31: Error: The getter 'userDao' isn't defined for the type 'AppDatabase'.
 - 'AppDatabase' is from 'package:soloadventurer/features/offline/infrastructure/database/database.dart' ('lib/features/offline/infrastructure/database/database.dart').
Try correcting the name to the name of an existing getter, or defining a getter or field named 'userDao'.
    final userDao = _database.userDao;
                              ^^^^^^^
lib/features/offline/infrastructure/sync/incremental_sync.dart:727:17: Error: No named parameter with the name 'userId'.
                userId: userId,
                ^^^^^^
lib/features/offline/infrastructure/database/database.g.dart:3723:9: Context: Found this candidate, but the arguments don't match.
  const SyncMetadataTableCompanion({
        ^^^^^^^^^^^^^^^^^^^^^^^^^^
lib/features/offline/infrastructure/sync/incremental_sync.dart:719:40: Error: The getter 'userId' isn't defined for the type '$SyncMetadataTableTable'.
 - '$SyncMetadataTableTable' is from 'package:soloadventurer/features/offline/infrastructure/database/database.dart' ('lib/features/offline/infrastructure/database/database.dart').
Try correcting the name to the name of an existing getter, or defining a getter or field named 'userId'.
                  ..where((tbl) => tbl.userId.equals(userId)))
                                       ^^^^^^
lib/features/offline/infrastructure/sync/incremental_sync.dart:739:24: Error: The method 'SyncMetadataTable' isn't defined for the type 'IncrementalSync'.
 - 'IncrementalSync' is from 'package:soloadventurer/features/offline/infrastructure/sync/incremental_sync.dart' ('lib/features/offline/infrastructure/sync/incremental_sync.dart').
Try correcting the name to the name of an existing method, or defining a method named 'SyncMetadataTable'.
              .replace(SyncMetadataTable(
                       ^^^^^^^^^^^^^^^^^
lib/features/offline/infrastructure/sync/incremental_sync.dart:740:30: Error: The getter 'id' isn't defined for the type 'SyncMetadata'.
 - 'SyncMetadata' is from 'package:soloadventurer/features/offline/infrastructure/database/database.dart' ('lib/features/offline/infrastructure/database/database.dart').
Try correcting the name to the name of an existing getter, or defining a getter or field named 'id'.
                id: metadata.id,
                             ^^
lib/features/offline/infrastructure/sync/incremental_sync.dart:746:54: Error: The getter 'lastIncrementalSyncAt' isn't defined for the type 'SyncMetadata'.
 - 'SyncMetadata' is from 'package:soloadventurer/features/offline/infrastructure/database/database.dart' ('lib/features/offline/infrastructure/database/database.dart').
Try correcting the name to the name of an existing getter, or defining a getter or field named 'lastIncrementalSyncAt'.
                    usedIncremental ? now : metadata.lastIncrementalSyncAt,
                                                     ^^^^^^^^^^^^^^^^^^^^^
lib/features/offline/infrastructure/sync/incremental_sync.dart:891:7: Error: No named parameter with the name 'firstName'.
      firstName: Value(serverUser['firstName'] as String?),
      ^^^^^^^^^
lib/features/offline/infrastructure/database/database.g.dart:2407:9: Context: Found this candidate, but the arguments don't match.
  const UsersCompanion({
        ^^^^^^^^^^^^^^
lib/features/offline/infrastructure/sync/offline_interceptor.dart:348:21: Error: The method 'call' isn't defined for the type 'Future<T>'.
 - 'Future' is from 'dart:async'.
Try correcting the name to the name of an existing method, or defining a method named 'call'.
      await executor();
                    ^
lib/features/offline/infrastructure/sync/offline_interceptor.dart:352:26: Error: The method 'call' isn't defined for the type 'Future<void>'.
 - 'Future' is from 'dart:async'.
Try correcting the name to the name of an existing method, or defining a method named 'call'.
        await localUpdate();
                         ^
lib/features/offline/infrastructure/sync/offline_interceptor.dart:382:24: Error: The method 'call' isn't defined for the type 'Future<void>'.
 - 'Future' is from 'dart:async'.
Try correcting the name to the name of an existing method, or defining a method named 'call'.
      await localUpdate();
                       ^
lib/features/offline/infrastructure/sync/mutation_interceptor.dart:263:66: Error: The argument type 'ErrorInterceptorHandler' can't be assigned to the parameter type 'RequestInterceptorHandler'.
 - 'ErrorInterceptorHandler' is from 'package:dio/src/dio_mixin.dart' ('../.pub-cache/hosted/pub.dev/dio-5.8.0+1/lib/src/dio_mixin.dart').
 - 'RequestInterceptorHandler' is from 'package:dio/src/dio_mixin.dart' ('../.pub-cache/hosted/pub.dev/dio-5.8.0+1/lib/src/dio_mixin.dart').
      await _handleOfflineMutation(metadata, err.requestOptions, handler);
                                                                 ^
00:34 +97 -29: /Users/anthonyforan/SoloAdventurer_app/test/features/auth/data/sources/auth_local_data_source_test.dart: AuthLocalDataSource getUser should return User when storage has user data [E]  
  type 'Null' is not a subtype of type 'Future<void>'
  test/features/auth/data/sources/auth_local_data_source_test.dart 9:7                 MockFlutterSecureStorage.delete
  package:soloadventurer/features/auth/data/sources/auth_local_data_source.dart 90:26  AuthLocalDataSourceImpl.clearUser
  package:soloadventurer/features/auth/data/sources/auth_local_data_source.dart 67:13  AuthLocalDataSourceImpl.getUser
  

To run this test again: /opt/homebrew/Caskroom/flutter/3.32.5/flutter/bin/cache/dart-sdk/bin/dart test /Users/anthonyforan/SoloAdventurer_app/test/features/auth/data/sources/auth_local_data_source_test.dart -p vm --plain-name 'AuthLocalDataSource getUser should return User when storage has user data'
00:34 +97 -29: /Users/anthonyforan/SoloAdventurer_app/test/features/auth/data/sources/auth_local_data_source_test.dart: AuthLocalDataSource getUser should return null when storage has no user data   00:34 +98 -29: /Users/anthonyforan/SoloAdventurer_app/test/features/auth/data/sources/auth_local_data_source_test.dart: AuthLocalDataSource getUser should return null when storage has no user data   00:34 +98 -29: /Users/anthonyforan/SoloAdventurer_app/test/features/auth/data/sources/auth_local_data_source_test.dart: ... getUser should return null and clear data when stored JSON is invalid      00:34 +99 -29: /Users/anthonyforan/SoloAdventurer_app/test/features/auth/data/sources/auth_local_data_source_test.dart: ... getUser should return null and clear data when stored JSON is invalid      00:34 +99 -29: /Users/anthonyforan/SoloAdventurer_app/test/features/auth/data/sources/auth_local_data_source_test.dart: AuthLocalDataSource saveUser should store user data in secure storage          00:34 +99 -30: /Users/anthonyforan/SoloAdventurer_app/test/features/auth/data/sources/auth_local_data_source_test.dart: AuthLocalDataSource saveUser should store user data in secure storage [E]      
  No matching calls. All calls: MockFlutterSecureStorage.write({key: user, value: {"id":"test-id","email":"test@example.com","username":"testuser","created_at":"2024-03-14T00:00:00.000","last_login_at":"2024-03-15T00:00:00.000"}, iOptions: null, aOptions: null, lOptions: null, webOptions: null, mOptions: null, wOptions: null})
  (If you called `verify(...).called(0);`, please instead use `verifyNever(...);`.)
  package:matcher                                                         fail
  package:mocktail/src/mocktail.dart 728:7                                _VerifyCall._checkWith
  package:mocktail/src/mocktail.dart 519:18                               _makeVerify.<fn>
  test/features/auth/data/sources/auth_local_data_source_test.dart 99:15  main.<fn>.<fn>.<fn>
  

To run this test again: /opt/homebrew/Caskroom/flutter/3.32.5/flutter/bin/cache/dart-sdk/bin/dart test /Users/anthonyforan/SoloAdventurer_app/test/features/auth/data/sources/auth_local_data_source_test.dart -p vm --plain-name 'AuthLocalDataSource saveUser should store user data in secure storage'
00:34 +99 -30: /Users/anthonyforan/SoloAdventurer_app/test/features/auth/data/sources/auth_local_data_source_test.dart: AuthLocalDataSource clearUser should remove user data from secure storage      00:34 +100 -30: /Users/anthonyforan/SoloAdventurer_app/test/features/auth/data/sources/auth_local_data_source_test.dart: AuthLocalDataSource clearUser should remove user data from secure storage     00:34 +100 -30: /Users/anthonyforan/SoloAdventurer_app/test/features/auth/data/sources/auth_local_data_source_test.dart: ... getAccessToken should return token when storage has access token          00:34 +101 -30: /Users/anthonyforan/SoloAdventurer_app/test/features/auth/data/sources/auth_local_data_source_test.dart: ... getAccessToken should return token when storage has access token          00:34 +101 -30: /Users/anthonyforan/SoloAdventurer_app/test/features/auth/data/sources/auth_local_data_source_test.dart: ... getAccessToken should return null when storage has no access token        00:34 +102 -30: /Users/anthonyforan/SoloAdventurer_app/test/features/auth/data/sources/auth_local_data_source_test.dart: ... getAccessToken should return null when storage has no access token        00:34 +102 -30: /Users/anthonyforan/SoloAdventurer_app/test/features/auth/data/sources/auth_local_data_source_test.dart: ... saveAccessToken should store access token in secure storage               00:34 +103 -30: /Users/anthonyforan/SoloAdventurer_app/test/features/auth/data/sources/auth_local_data_source_test.dart: ... saveAccessToken should store access token in secure storage               00:34 +103 -30: /Users/anthonyforan/SoloAdventurer_app/test/features/auth/data/sources/auth_local_data_source_test.dart: ... getRefreshToken should return token when storage has refresh token        00:34 +104 -30: /Users/anthonyforan/SoloAdventurer_app/test/features/auth/data/sources/auth_local_data_source_test.dart: ... getRefreshToken should return token when storage has refresh token        00:34 +104 -30: /Users/anthonyforan/SoloAdventurer_app/test/features/auth/data/sources/auth_local_data_source_test.dart: ... getRefreshToken should return null when storage has no refresh token      00:34 +105 -30: /Users/anthonyforan/SoloAdventurer_app/test/features/auth/data/sources/auth_local_data_source_test.dart: ... getRefreshToken should return null when storage has no refresh token      00:34 +105 -30: /Users/anthonyforan/SoloAdventurer_app/test/features/auth/data/sources/auth_local_data_source_test.dart: ... saveRefreshToken should store refresh token in secure storage             00:34 +106 -30: /Users/anthonyforan/SoloAdventurer_app/test/features/auth/data/sources/auth_local_data_source_test.dart: ... saveRefreshToken should store refresh token in secure storage             00:34 +106 -30: /Users/anthonyforan/SoloAdventurer_app/test/features/auth/data/sources/auth_local_data_source_test.dart: ... clearAuthData should remove all auth data from secure storage             00:34 +107 -30: /Users/anthonyforan/SoloAdventurer_app/test/features/auth/data/sources/auth_local_data_source_test.dart: ... clearAuthData should remove all auth data from secure storage             00:35 +107 -30: /Users/anthonyforan/SoloAdventurer_app/test/features/auth/data/sources/auth_local_data_source_test.dart: ... clearAuthData should remove all auth data from secure storage             00:35 +107 -31: loading /Users/anthonyforan/SoloAdventurer_app/test/features/auth/data/sources/auth_remote_data_source_test.dart [E]                                                                   
  Failed to load "/Users/anthonyforan/SoloAdventurer_app/test/features/auth/data/sources/auth_remote_data_source_test.dart":
  Compilation failed for testPath=/Users/anthonyforan/SoloAdventurer_app/test/features/auth/data/sources/auth_remote_data_source_test.dart: lib/features/auth/data/sources/auth_remote_data_source.dart:91:41: Error: Expected 0 type arguments.
        final response = await _apiClient.post<Map<String, dynamic>>(
                                          ^
  lib/features/auth/data/sources/auth_remote_data_source.dart:112:41: Error: Expected 0 type arguments.
        final response = await _apiClient.post<Map<String, dynamic>>(
                                          ^
  lib/features/auth/data/sources/auth_remote_data_source.dart:133:24: Error: Expected 0 type arguments.
        await _apiClient.post<Map<String, dynamic>>(
                         ^
  lib/features/auth/data/sources/auth_remote_data_source.dart:150:24: Error: Expected 0 type arguments.
        await _apiClient.post<Map<String, dynamic>>(
                         ^
  lib/features/auth/data/sources/auth_remote_data_source.dart:166:41: Error: Expected 0 type arguments.
        final response = await _apiClient.post<Map<String, dynamic>>(
                                          ^
  lib/features/auth/data/sources/auth_remote_data_source.dart:184:24: Error: Expected 0 type arguments.
        await _apiClient.post<Map<String, dynamic>>(
                         ^
  lib/features/auth/data/sources/auth_remote_data_source.dart:202:24: Error: Expected 0 type arguments.
        await _apiClient.post<Map<String, dynamic>>(
                         ^
  lib/features/auth/data/sources/auth_remote_data_source.dart:218:41: Error: Expected 0 type arguments.
        final response = await _apiClient.get<Map<String, dynamic>>(
                                          ^
  lib/features/auth/data/sources/auth_remote_data_source.dart:243:41: Error: Expected 0 type arguments.
        final response = await _apiClient.put<Map<String, dynamic>>(
                                          ^
  lib/features/auth/data/sources/auth_remote_data_source.dart:265:24: Error: Expected 0 type arguments.
        await _apiClient.post<Map<String, dynamic>>(
                         ^
  lib/app/di/modules/core_module.dart:13:11: Error: Method not found: 'SecurityManagerImpl'.
      () => SecurityManagerImpl(
            ^^^^^^^^^^^^^^^^^^^
  lib/features/auth/data/datasources/mock_auth_remote_data_source.dart:241:21: Error: The getter 'email' isn't defined for the type 'Credentials'.
   - 'Credentials' is from 'package:soloadventurer/features/auth/data/models/credentials.dart' ('lib/features/auth/data/models/credentials.dart').
  Try correcting the name to the name of an existing getter, or defining a getter or field named 'email'.
      if (credentials.email != 'test@example.com' || credentials.password != 'password123') {
                      ^^^^^
  lib/features/offline/data/repositories/offline_aware_repository.dart:492:19: Error: The getter 'timestamp_' isn't defined for the type 'OfflineAwareRepository<Entity, Model, CreateModel, UpdateModel>'.
   - 'OfflineAwareRepository' is from 'package:soloadventurer/features/offline/data/repositories/offline_aware_repository.dart' ('lib/features/offline/data/repositories/offline_aware_repository.dart').
  Try correcting the name to the name of an existing getter, or defining a getter or field named 'timestamp_'.
      return 'temp_$timestamp_$random';
                    ^^^^^^^^^^
  lib/features/offline/data/repositories/offline_aware_repository.dart:540:60: Error: Too many positional arguments: 0 allowed, but 1 found.
  Try removing the extra positional arguments.
      final result = await _syncQueueService.enqueueOperation(syncOperation);
                                                             ^
  lib/features/offline/data/repositories/sync_queue_repository_impl.dart:36:52: Error: The argument type 'int' can't be assigned to the parameter type 'SyncQueueItem'.
   - 'SyncQueueItem' is from 'package:soloadventurer/features/offline/infrastructure/database/database.dart' ('lib/features/offline/infrastructure/database/database.dart').
        return model.SyncOperationModel.fromDatabase(item).toDomainEntity();
                                                     ^
  lib/features/offline/infrastructure/sync/background_sync_service.dart:154:11: Error: No named parameter with the name 'requiresNotRoaming'.
            requiresNotRoaming: false, // Allow sync while roaming
            ^^^^^^^^^^^^^^^^^^
  ../.pub-cache/hosted/pub.dev/workmanager-0.5.2/lib/src/options.dart:96:3: Context: Found this candidate, but the arguments don't match.
    Constraints({
    ^^^^^^^^^^^
  lib/features/offline/infrastructure/sync/background_sync_service.dart:164:9: Error: No named parameter with the name 'backoffDelay'.
          backoffDelay: const Duration(minutes: 15), // Initial backoff delay
          ^^^^^^^^^^^^
  lib/features/offline/infrastructure/sync/background_sync_service.dart:229:27: Error: The method 'cancelTaskByTag' isn't defined for the type 'Workmanager'.
   - 'Workmanager' is from 'package:workmanager/src/workmanager.dart' ('../.pub-cache/hosted/pub.dev/workmanager-0.5.2/lib/src/workmanager.dart').
  Try correcting the name to the name of an existing method, or defining a method named 'cancelTaskByTag'.
        await Workmanager().cancelTaskByTag(periodicSyncTaskName);
                            ^^^^^^^^^^^^^^^
  lib/features/offline/infrastructure/sync/conflict_resolver_impl.dart:385:33: Error: The getter 'tripDao' isn't defined for the type 'AppDatabase'.
   - 'AppDatabase' is from 'package:soloadventurer/features/offline/infrastructure/database/database.dart' ('lib/features/offline/infrastructure/database/database.dart').
  Try correcting the name to the name of an existing getter, or defining a getter or field named 'tripDao'.
        final tripDao = _database.tripDao;
                                  ^^^^^^^
  lib/features/offline/infrastructure/sync/conflict_resolver_impl.dart:411:33: Error: The getter 'tripDao' isn't defined for the type 'AppDatabase'.
   - 'AppDatabase' is from 'package:soloadventurer/features/offline/infrastructure/database/database.dart' ('lib/features/offline/infrastructure/database/database.dart').
  Try correcting the name to the name of an existing getter, or defining a getter or field named 'tripDao'.
        final tripDao = _database.tripDao;
                                  ^^^^^^^
  lib/features/offline/infrastructure/sync/conflict_resolver_impl.dart:437:36: Error: The getter 'journalDao' isn't defined for the type 'AppDatabase'.
   - 'AppDatabase' is from 'package:soloadventurer/features/offline/infrastructure/database/database.dart' ('lib/features/offline/infrastructure/database/database.dart').
  Try correcting the name to the name of an existing getter, or defining a getter or field named 'journalDao'.
        final journalDao = _database.journalDao;
                                     ^^^^^^^^^^
  lib/features/offline/infrastructure/sync/conflict_resolver_impl.dart:460:36: Error: The getter 'journalDao' isn't defined for the type 'AppDatabase'.
   - 'AppDatabase' is from 'package:soloadventurer/features/offline/infrastructure/database/database.dart' ('lib/features/offline/infrastructure/database/database.dart').
  Try correcting the name to the name of an existing getter, or defining a getter or field named 'journalDao'.
        final journalDao = _database.journalDao;
                                     ^^^^^^^^^^
  lib/features/offline/infrastructure/sync/conflict_resolver_impl.dart:485:33: Error: The getter 'userDao' isn't defined for the type 'AppDatabase'.
   - 'AppDatabase' is from 'package:soloadventurer/features/offline/infrastructure/database/database.dart' ('lib/features/offline/infrastructure/database/database.dart').
  Try correcting the name to the name of an existing getter, or defining a getter or field named 'userDao'.
        final userDao = _database.userDao;
                                  ^^^^^^^
  lib/features/offline/infrastructure/sync/conflict_resolver_impl.dart:508:33: Error: The getter 'userDao' isn't defined for the type 'AppDatabase'.
   - 'AppDatabase' is from 'package:soloadventurer/features/offline/infrastructure/database/database.dart' ('lib/features/offline/infrastructure/database/database.dart').
  Try correcting the name to the name of an existing getter, or defining a getter or field named 'userDao'.
        final userDao = _database.userDao;
                                  ^^^^^^^
  lib/features/offline/infrastructure/sync/download_sync.dart:254:33: Error: The getter 'tripDao' isn't defined for the type 'AppDatabase'.
   - 'AppDatabase' is from 'package:soloadventurer/features/offline/infrastructure/database/database.dart' ('lib/features/offline/infrastructure/database/database.dart').
  Try correcting the name to the name of an existing getter, or defining a getter or field named 'tripDao'.
        final tripDao = _database.tripDao;
                                  ^^^^^^^
  lib/features/offline/infrastructure/sync/download_sync.dart:372:33: Error: The getter 'tripDao' isn't defined for the type 'AppDatabase'.
   - 'AppDatabase' is from 'package:soloadventurer/features/offline/infrastructure/database/database.dart' ('lib/features/offline/infrastructure/database/database.dart').
  Try correcting the name to the name of an existing getter, or defining a getter or field named 'tripDao'.
        final tripDao = _database.tripDao;
                                  ^^^^^^^
  lib/features/offline/infrastructure/sync/download_sync.dart:430:40: Error: The getter 'journalDao' isn't defined for the type 'AppDatabase'.
   - 'AppDatabase' is from 'package:soloadventurer/features/offline/infrastructure/database/database.dart' ('lib/features/offline/infrastructure/database/database.dart').
  Try correcting the name to the name of an existing getter, or defining a getter or field named 'journalDao'.
            final journalDao = _database.journalDao;
                                         ^^^^^^^^^^
  lib/features/offline/infrastructure/sync/download_sync.dart:568:33: Error: The getter 'userDao' isn't defined for the type 'AppDatabase'.
   - 'AppDatabase' is from 'package:soloadventurer/features/offline/infrastructure/database/database.dart' ('lib/features/offline/infrastructure/database/database.dart').
  Try correcting the name to the name of an existing getter, or defining a getter or field named 'userDao'.
        final userDao = _database.userDao;
                                  ^^^^^^^
  lib/features/offline/infrastructure/sync/download_sync.dart:677:17: Error: No named parameter with the name 'userId'.
                  userId: userId,
                  ^^^^^^
  lib/features/offline/infrastructure/database/database.g.dart:3735:3: Context: Found this candidate, but the arguments don't match.
    SyncMetadataTableCompanion.insert({
    ^^^^^^^^^^^^^^^^^^^^^^^^^^^^^^^^^
  lib/features/offline/infrastructure/sync/download_sync.dart:669:40: Error: The getter 'userId' isn't defined for the type '$SyncMetadataTableTable'.
   - '$SyncMetadataTableTable' is from 'package:soloadventurer/features/offline/infrastructure/database/database.dart' ('lib/features/offline/infrastructure/database/database.dart').
  Try correcting the name to the name of an existing getter, or defining a getter or field named 'userId'.
                    ..where((tbl) => tbl.userId.equals(userId)))
                                         ^^^^^^
  lib/features/offline/infrastructure/sync/download_sync.dart:687:24: Error: The method 'SyncMetadataTable' isn't defined for the type 'DownloadSync'.
   - 'DownloadSync' is from 'package:soloadventurer/features/offline/infrastructure/sync/download_sync.dart' ('lib/features/offline/infrastructure/sync/download_sync.dart').
  Try correcting the name to the name of an existing method, or defining a method named 'SyncMetadataTable'.
                .replace(SyncMetadataTable(
                         ^^^^^^^^^^^^^^^^^
  lib/features/offline/infrastructure/sync/download_sync.dart:688:30: Error: The getter 'id' isn't defined for the type 'SyncMetadata'.
   - 'SyncMetadata' is from 'package:soloadventurer/features/offline/infrastructure/database/database.dart' ('lib/features/offline/infrastructure/database/database.dart').
  Try correcting the name to the name of an existing getter, or defining a getter or field named 'id'.
                  id: metadata.id,
                               ^^
  lib/features/offline/infrastructure/sync/download_sync.dart:775:7: Error: No named parameter with the name 'firstName'.
        firstName: Value(serverUser['firstName'] as String?),
        ^^^^^^^^^
  lib/features/offline/infrastructure/database/database.g.dart:2407:9: Context: Found this candidate, but the arguments don't match.
    const UsersCompanion({
          ^^^^^^^^^^^^^^
  lib/features/offline/infrastructure/sync/incremental_sync.dart:262:38: Error: Required named parameter 'userId' must be provided.
          return syncIncrementalChanges(
                                       ^
  lib/features/offline/infrastructure/sync/incremental_sync.dart:286:40: Error: The getter 'userId' isn't defined for the type '$SyncMetadataTableTable'.
   - '$SyncMetadataTableTable' is from 'package:soloadventurer/features/offline/infrastructure/database/database.dart' ('lib/features/offline/infrastructure/database/database.dart').
  Try correcting the name to the name of an existing getter, or defining a getter or field named 'userId'.
                    ..where((tbl) => tbl.userId.equals(userId)))
                                         ^^^^^^
  lib/features/offline/infrastructure/sync/incremental_sync.dart:290:32: Error: The getter 'lastIncrementalSyncAt' isn't defined for the type 'SyncMetadata'.
   - 'SyncMetadata' is from 'package:soloadventurer/features/offline/infrastructure/database/database.dart' ('lib/features/offline/infrastructure/database/database.dart').
  Try correcting the name to the name of an existing getter, or defining a getter or field named 'lastIncrementalSyncAt'.
              metadataList.first.lastIncrementalSyncAt == null) {
                                 ^^^^^^^^^^^^^^^^^^^^^
  lib/features/offline/infrastructure/sync/incremental_sync.dart:309:34: Error: The getter 'userId' isn't defined for the type '$SyncMetadataTableTable'.
   - '$SyncMetadataTableTable' is from 'package:soloadventurer/features/offline/infrastructure/database/database.dart' ('lib/features/offline/infrastructure/database/database.dart').
  Try correcting the name to the name of an existing getter, or defining a getter or field named 'userId'.
              ..where((tbl) => tbl.userId.equals(userId)))
                                   ^^^^^^
  lib/features/offline/infrastructure/sync/incremental_sync.dart:316:33: Error: The getter 'lastIncrementalSyncAt' isn't defined for the type 'SyncMetadata'.
   - 'SyncMetadata' is from 'package:soloadventurer/features/offline/infrastructure/database/database.dart' ('lib/features/offline/infrastructure/database/database.dart').
  Try correcting the name to the name of an existing getter, or defining a getter or field named 'lastIncrementalSyncAt'.
        return metadataList.first.lastIncrementalSyncAt;
                                  ^^^^^^^^^^^^^^^^^^^^^
  lib/features/offline/infrastructure/sync/incremental_sync.dart:389:33: Error: The getter 'tripDao' isn't defined for the type 'AppDatabase'.
   - 'AppDatabase' is from 'package:soloadventurer/features/offline/infrastructure/database/database.dart' ('lib/features/offline/infrastructure/database/database.dart').
  Try correcting the name to the name of an existing getter, or defining a getter or field named 'tripDao'.
        final tripDao = _database.tripDao;
                                  ^^^^^^^
  lib/features/offline/infrastructure/sync/incremental_sync.dart:553:31: Error: The getter 'tripDao' isn't defined for the type 'AppDatabase'.
   - 'AppDatabase' is from 'package:soloadventurer/features/offline/infrastructure/database/database.dart' ('lib/features/offline/infrastructure/database/database.dart').
  Try correcting the name to the name of an existing getter, or defining a getter or field named 'tripDao'.
      final tripDao = _database.tripDao;
                                ^^^^^^^
  lib/features/offline/infrastructure/sync/incremental_sync.dart:605:34: Error: The getter 'journalDao' isn't defined for the type 'AppDatabase'.
   - 'AppDatabase' is from 'package:soloadventurer/features/offline/infrastructure/database/database.dart' ('lib/features/offline/infrastructure/database/database.dart').
  Try correcting the name to the name of an existing getter, or defining a getter or field named 'journalDao'.
      final journalDao = _database.journalDao;
                                   ^^^^^^^^^^
  lib/features/offline/infrastructure/sync/incremental_sync.dart:660:31: Error: The getter 'userDao' isn't defined for the type 'AppDatabase'.
   - 'AppDatabase' is from 'package:soloadventurer/features/offline/infrastructure/database/database.dart' ('lib/features/offline/infrastructure/database/database.dart').
  Try correcting the name to the name of an existing getter, or defining a getter or field named 'userDao'.
      final userDao = _database.userDao;
                                ^^^^^^^
  lib/features/offline/infrastructure/sync/incremental_sync.dart:727:17: Error: No named parameter with the name 'userId'.
                  userId: userId,
                  ^^^^^^
  lib/features/offline/infrastructure/database/database.g.dart:3723:9: Context: Found this candidate, but the arguments don't match.
    const SyncMetadataTableCompanion({
          ^^^^^^^^^^^^^^^^^^^^^^^^^^
  lib/features/offline/infrastructure/sync/incremental_sync.dart:719:40: Error: The getter 'userId' isn't defined for the type '$SyncMetadataTableTable'.
   - '$SyncMetadataTableTable' is from 'package:soloadventurer/features/offline/infrastructure/database/database.dart' ('lib/features/offline/infrastructure/database/database.dart').
  Try correcting the name to the name of an existing getter, or defining a getter or field named 'userId'.
                    ..where((tbl) => tbl.userId.equals(userId)))
                                         ^^^^^^
  lib/features/offline/infrastructure/sync/incremental_sync.dart:739:24: Error: The method 'SyncMetadataTable' isn't defined for the type 'IncrementalSync'.
   - 'IncrementalSync' is from 'package:soloadventurer/features/offline/infrastructure/sync/incremental_sync.dart' ('lib/features/offline/infrastructure/sync/incremental_sync.dart').
  Try correcting the name to the name of an existing method, or defining a method named 'SyncMetadataTable'.
                .replace(SyncMetadataTable(
                         ^^^^^^^^^^^^^^^^^
  lib/features/offline/infrastructure/sync/incremental_sync.dart:740:30: Error: The getter 'id' isn't defined for the type 'SyncMetadata'.
   - 'SyncMetadata' is from 'package:soloadventurer/features/offline/infrastructure/database/database.dart' ('lib/features/offline/infrastructure/database/database.dart').
  Try correcting the name to the name of an existing getter, or defining a getter or field named 'id'.
                  id: metadata.id,
                               ^^
  lib/features/offline/infrastructure/sync/incremental_sync.dart:746:54: Error: The getter 'lastIncrementalSyncAt' isn't defined for the type 'SyncMetadata'.
   - 'SyncMetadata' is from 'package:soloadventurer/features/offline/infrastructure/database/database.dart' ('lib/features/offline/infrastructure/database/database.dart').
  Try correcting the name to the name of an existing getter, or defining a getter or field named 'lastIncrementalSyncAt'.
                      usedIncremental ? now : metadata.lastIncrementalSyncAt,
                                                       ^^^^^^^^^^^^^^^^^^^^^
  lib/features/offline/infrastructure/sync/incremental_sync.dart:891:7: Error: No named parameter with the name 'firstName'.
        firstName: Value(serverUser['firstName'] as String?),
        ^^^^^^^^^
  lib/features/offline/infrastructure/database/database.g.dart:2407:9: Context: Found this candidate, but the arguments don't match.
    const UsersCompanion({
          ^^^^^^^^^^^^^^
  lib/features/offline/infrastructure/sync/offline_interceptor.dart:348:21: Error: The method 'call' isn't defined for the type 'Future<T>'.
   - 'Future' is from 'dart:async'.
  Try correcting the name to the name of an existing method, or defining a method named 'call'.
        await executor();
                      ^
  lib/features/offline/infrastructure/sync/offline_interceptor.dart:352:26: Error: The method 'call' isn't defined for the type 'Future<void>'.
   - 'Future' is from 'dart:async'.
  Try correcting the name to the name of an existing method, or defining a method named 'call'.
          await localUpdate();
                           ^
  lib/features/offline/infrastructure/sync/offline_interceptor.dart:382:24: Error: The method 'call' isn't defined for the type 'Future<void>'.
   - 'Future' is from 'dart:async'.
  Try correcting the name to the name of an existing method, or defining a method named 'call'.
        await localUpdate();
                         ^
  lib/features/offline/infrastructure/sync/mutation_interceptor.dart:263:66: Error: The argument type 'ErrorInterceptorHandler' can't be assigned to the parameter type 'RequestInterceptorHandler'.
   - 'ErrorInterceptorHandler' is from 'package:dio/src/dio_mixin.dart' ('../.pub-cache/hosted/pub.dev/dio-5.8.0+1/lib/src/dio_mixin.dart').
   - 'RequestInterceptorHandler' is from 'package:dio/src/dio_mixin.dart' ('../.pub-cache/hosted/pub.dev/dio-5.8.0+1/lib/src/dio_mixin.dart').
        await _handleOfflineMutation(metadata, err.requestOptions, handler);
                                                                   ^
  .

To run this test again: /opt/homebrew/Caskroom/flutter/3.32.5/flutter/bin/cache/dart-sdk/bin/dart test /Users/anthonyforan/SoloAdventurer_app/test/features/auth/data/sources/auth_remote_data_source_test.dart -p vm --plain-name 'loading /Users/anthonyforan/SoloAdventurer_app/test/features/auth/data/sources/auth_remote_data_source_test.dart'
lib/app/di/modules/core_module.dart:13:11: Error: Method not found: 'SecurityManagerImpl'.
    () => SecurityManagerImpl(
          ^^^^^^^^^^^^^^^^^^^
lib/features/auth/data/datasources/mock_auth_remote_data_source.dart:241:21: Error: The getter 'email' isn't defined for the type 'Credentials'.
 - 'Credentials' is from 'package:soloadventurer/features/auth/data/models/credentials.dart' ('lib/features/auth/data/models/credentials.dart').
Try correcting the name to the name of an existing getter, or defining a getter or field named 'email'.
    if (credentials.email != 'test@example.com' || credentials.password != 'password123') {
                    ^^^^^
lib/features/offline/data/repositories/offline_aware_repository.dart:492:19: Error: The getter 'timestamp_' isn't defined for the type 'OfflineAwareRepository<Entity, Model, CreateModel, UpdateModel>'.
 - 'OfflineAwareRepository' is from 'package:soloadventurer/features/offline/data/repositories/offline_aware_repository.dart' ('lib/features/offline/data/repositories/offline_aware_repository.dart').
Try correcting the name to the name of an existing getter, or defining a getter or field named 'timestamp_'.
    return 'temp_$timestamp_$random';
                  ^^^^^^^^^^
lib/features/offline/data/repositories/offline_aware_repository.dart:540:60: Error: Too many positional arguments: 0 allowed, but 1 found.
Try removing the extra positional arguments.
    final result = await _syncQueueService.enqueueOperation(syncOperation);
                                                           ^
lib/features/offline/data/repositories/sync_queue_repository_impl.dart:36:52: Error: The argument type 'int' can't be assigned to the parameter type 'SyncQueueItem'.
 - 'SyncQueueItem' is from 'package:soloadventurer/features/offline/infrastructure/database/database.dart' ('lib/features/offline/infrastructure/database/database.dart').
      return model.SyncOperationModel.fromDatabase(item).toDomainEntity();
                                                   ^
lib/features/offline/infrastructure/sync/background_sync_service.dart:154:11: Error: No named parameter with the name 'requiresNotRoaming'.
          requiresNotRoaming: false, // Allow sync while roaming
          ^^^^^^^^^^^^^^^^^^
../.pub-cache/hosted/pub.dev/workmanager-0.5.2/lib/src/options.dart:96:3: Context: Found this candidate, but the arguments don't match.
  Constraints({
  ^^^^^^^^^^^
lib/features/offline/infrastructure/sync/background_sync_service.dart:164:9: Error: No named parameter with the name 'backoffDelay'.
        backoffDelay: const Duration(minutes: 15), // Initial backoff delay
        ^^^^^^^^^^^^
lib/features/offline/infrastructure/sync/background_sync_service.dart:229:27: Error: The method 'cancelTaskByTag' isn't defined for the type 'Workmanager'.
 - 'Workmanager' is from 'package:workmanager/src/workmanager.dart' ('../.pub-cache/hosted/pub.dev/workmanager-0.5.2/lib/src/workmanager.dart').
Try correcting the name to the name of an existing method, or defining a method named 'cancelTaskByTag'.
      await Workmanager().cancelTaskByTag(periodicSyncTaskName);
                          ^^^^^^^^^^^^^^^
lib/features/offline/infrastructure/sync/conflict_resolver_impl.dart:385:33: Error: The getter 'tripDao' isn't defined for the type 'AppDatabase'.
 - 'AppDatabase' is from 'package:soloadventurer/features/offline/infrastructure/database/database.dart' ('lib/features/offline/infrastructure/database/database.dart').
Try correcting the name to the name of an existing getter, or defining a getter or field named 'tripDao'.
      final tripDao = _database.tripDao;
                                ^^^^^^^
lib/features/offline/infrastructure/sync/conflict_resolver_impl.dart:411:33: Error: The getter 'tripDao' isn't defined for the type 'AppDatabase'.
 - 'AppDatabase' is from 'package:soloadventurer/features/offline/infrastructure/database/database.dart' ('lib/features/offline/infrastructure/database/database.dart').
Try correcting the name to the name of an existing getter, or defining a getter or field named 'tripDao'.
      final tripDao = _database.tripDao;
                                ^^^^^^^
lib/features/offline/infrastructure/sync/conflict_resolver_impl.dart:437:36: Error: The getter 'journalDao' isn't defined for the type 'AppDatabase'.
 - 'AppDatabase' is from 'package:soloadventurer/features/offline/infrastructure/database/database.dart' ('lib/features/offline/infrastructure/database/database.dart').
Try correcting the name to the name of an existing getter, or defining a getter or field named 'journalDao'.
      final journalDao = _database.journalDao;
                                   ^^^^^^^^^^
lib/features/offline/infrastructure/sync/conflict_resolver_impl.dart:460:36: Error: The getter 'journalDao' isn't defined for the type 'AppDatabase'.
 - 'AppDatabase' is from 'package:soloadventurer/features/offline/infrastructure/database/database.dart' ('lib/features/offline/infrastructure/database/database.dart').
Try correcting the name to the name of an existing getter, or defining a getter or field named 'journalDao'.
      final journalDao = _database.journalDao;
                                   ^^^^^^^^^^
lib/features/offline/infrastructure/sync/conflict_resolver_impl.dart:485:33: Error: The getter 'userDao' isn't defined for the type 'AppDatabase'.
 - 'AppDatabase' is from 'package:soloadventurer/features/offline/infrastructure/database/database.dart' ('lib/features/offline/infrastructure/database/database.dart').
Try correcting the name to the name of an existing getter, or defining a getter or field named 'userDao'.
      final userDao = _database.userDao;
                                ^^^^^^^
lib/features/offline/infrastructure/sync/conflict_resolver_impl.dart:508:33: Error: The getter 'userDao' isn't defined for the type 'AppDatabase'.
 - 'AppDatabase' is from 'package:soloadventurer/features/offline/infrastructure/database/database.dart' ('lib/features/offline/infrastructure/database/database.dart').
Try correcting the name to the name of an existing getter, or defining a getter or field named 'userDao'.
      final userDao = _database.userDao;
                                ^^^^^^^
lib/features/offline/infrastructure/sync/download_sync.dart:254:33: Error: The getter 'tripDao' isn't defined for the type 'AppDatabase'.
 - 'AppDatabase' is from 'package:soloadventurer/features/offline/infrastructure/database/database.dart' ('lib/features/offline/infrastructure/database/database.dart').
Try correcting the name to the name of an existing getter, or defining a getter or field named 'tripDao'.
      final tripDao = _database.tripDao;
                                ^^^^^^^
lib/features/offline/infrastructure/sync/download_sync.dart:372:33: Error: The getter 'tripDao' isn't defined for the type 'AppDatabase'.
 - 'AppDatabase' is from 'package:soloadventurer/features/offline/infrastructure/database/database.dart' ('lib/features/offline/infrastructure/database/database.dart').
Try correcting the name to the name of an existing getter, or defining a getter or field named 'tripDao'.
      final tripDao = _database.tripDao;
                                ^^^^^^^
lib/features/offline/infrastructure/sync/download_sync.dart:430:40: Error: The getter 'journalDao' isn't defined for the type 'AppDatabase'.
 - 'AppDatabase' is from 'package:soloadventurer/features/offline/infrastructure/database/database.dart' ('lib/features/offline/infrastructure/database/database.dart').
Try correcting the name to the name of an existing getter, or defining a getter or field named 'journalDao'.
          final journalDao = _database.journalDao;
                                       ^^^^^^^^^^
lib/features/offline/infrastructure/sync/download_sync.dart:568:33: Error: The getter 'userDao' isn't defined for the type 'AppDatabase'.
 - 'AppDatabase' is from 'package:soloadventurer/features/offline/infrastructure/database/database.dart' ('lib/features/offline/infrastructure/database/database.dart').
Try correcting the name to the name of an existing getter, or defining a getter or field named 'userDao'.
      final userDao = _database.userDao;
                                ^^^^^^^
lib/features/offline/infrastructure/sync/download_sync.dart:677:17: Error: No named parameter with the name 'userId'.
                userId: userId,
                ^^^^^^
lib/features/offline/infrastructure/database/database.g.dart:3735:3: Context: Found this candidate, but the arguments don't match.
  SyncMetadataTableCompanion.insert({
  ^^^^^^^^^^^^^^^^^^^^^^^^^^^^^^^^^
lib/features/offline/infrastructure/sync/download_sync.dart:669:40: Error: The getter 'userId' isn't defined for the type '$SyncMetadataTableTable'.
 - '$SyncMetadataTableTable' is from 'package:soloadventurer/features/offline/infrastructure/database/database.dart' ('lib/features/offline/infrastructure/database/database.dart').
Try correcting the name to the name of an existing getter, or defining a getter or field named 'userId'.
                  ..where((tbl) => tbl.userId.equals(userId)))
                                       ^^^^^^
lib/features/offline/infrastructure/sync/download_sync.dart:687:24: Error: The method 'SyncMetadataTable' isn't defined for the type 'DownloadSync'.
 - 'DownloadSync' is from 'package:soloadventurer/features/offline/infrastructure/sync/download_sync.dart' ('lib/features/offline/infrastructure/sync/download_sync.dart').
Try correcting the name to the name of an existing method, or defining a method named 'SyncMetadataTable'.
              .replace(SyncMetadataTable(
                       ^^^^^^^^^^^^^^^^^
lib/features/offline/infrastructure/sync/download_sync.dart:688:30: Error: The getter 'id' isn't defined for the type 'SyncMetadata'.
 - 'SyncMetadata' is from 'package:soloadventurer/features/offline/infrastructure/database/database.dart' ('lib/features/offline/infrastructure/database/database.dart').
Try correcting the name to the name of an existing getter, or defining a getter or field named 'id'.
                id: metadata.id,
                             ^^
lib/features/offline/infrastructure/sync/download_sync.dart:775:7: Error: No named parameter with the name 'firstName'.
      firstName: Value(serverUser['firstName'] as String?),
      ^^^^^^^^^
lib/features/offline/infrastructure/database/database.g.dart:2407:9: Context: Found this candidate, but the arguments don't match.
  const UsersCompanion({
        ^^^^^^^^^^^^^^
lib/features/offline/infrastructure/sync/incremental_sync.dart:262:38: Error: Required named parameter 'userId' must be provided.
        return syncIncrementalChanges(
                                     ^
lib/features/offline/infrastructure/sync/incremental_sync.dart:286:40: Error: The getter 'userId' isn't defined for the type '$SyncMetadataTableTable'.
 - '$SyncMetadataTableTable' is from 'package:soloadventurer/features/offline/infrastructure/database/database.dart' ('lib/features/offline/infrastructure/database/database.dart').
Try correcting the name to the name of an existing getter, or defining a getter or field named 'userId'.
                  ..where((tbl) => tbl.userId.equals(userId)))
                                       ^^^^^^
lib/features/offline/infrastructure/sync/incremental_sync.dart:290:32: Error: The getter 'lastIncrementalSyncAt' isn't defined for the type 'SyncMetadata'.
 - 'SyncMetadata' is from 'package:soloadventurer/features/offline/infrastructure/database/database.dart' ('lib/features/offline/infrastructure/database/database.dart').
Try correcting the name to the name of an existing getter, or defining a getter or field named 'lastIncrementalSyncAt'.
            metadataList.first.lastIncrementalSyncAt == null) {
                               ^^^^^^^^^^^^^^^^^^^^^
lib/features/offline/infrastructure/sync/incremental_sync.dart:309:34: Error: The getter 'userId' isn't defined for the type '$SyncMetadataTableTable'.
 - '$SyncMetadataTableTable' is from 'package:soloadventurer/features/offline/infrastructure/database/database.dart' ('lib/features/offline/infrastructure/database/database.dart').
Try correcting the name to the name of an existing getter, or defining a getter or field named 'userId'.
            ..where((tbl) => tbl.userId.equals(userId)))
                                 ^^^^^^
lib/features/offline/infrastructure/sync/incremental_sync.dart:316:33: Error: The getter 'lastIncrementalSyncAt' isn't defined for the type 'SyncMetadata'.
 - 'SyncMetadata' is from 'package:soloadventurer/features/offline/infrastructure/database/database.dart' ('lib/features/offline/infrastructure/database/database.dart').
Try correcting the name to the name of an existing getter, or defining a getter or field named 'lastIncrementalSyncAt'.
      return metadataList.first.lastIncrementalSyncAt;
                                ^^^^^^^^^^^^^^^^^^^^^
lib/features/offline/infrastructure/sync/incremental_sync.dart:389:33: Error: The getter 'tripDao' isn't defined for the type 'AppDatabase'.
 - 'AppDatabase' is from 'package:soloadventurer/features/offline/infrastructure/database/database.dart' ('lib/features/offline/infrastructure/database/database.dart').
Try correcting the name to the name of an existing getter, or defining a getter or field named 'tripDao'.
      final tripDao = _database.tripDao;
                                ^^^^^^^
lib/features/offline/infrastructure/sync/incremental_sync.dart:553:31: Error: The getter 'tripDao' isn't defined for the type 'AppDatabase'.
 - 'AppDatabase' is from 'package:soloadventurer/features/offline/infrastructure/database/database.dart' ('lib/features/offline/infrastructure/database/database.dart').
Try correcting the name to the name of an existing getter, or defining a getter or field named 'tripDao'.
    final tripDao = _database.tripDao;
                              ^^^^^^^
lib/features/offline/infrastructure/sync/incremental_sync.dart:605:34: Error: The getter 'journalDao' isn't defined for the type 'AppDatabase'.
 - 'AppDatabase' is from 'package:soloadventurer/features/offline/infrastructure/database/database.dart' ('lib/features/offline/infrastructure/database/database.dart').
Try correcting the name to the name of an existing getter, or defining a getter or field named 'journalDao'.
    final journalDao = _database.journalDao;
                                 ^^^^^^^^^^
lib/features/offline/infrastructure/sync/incremental_sync.dart:660:31: Error: The getter 'userDao' isn't defined for the type 'AppDatabase'.
 - 'AppDatabase' is from 'package:soloadventurer/features/offline/infrastructure/database/database.dart' ('lib/features/offline/infrastructure/database/database.dart').
Try correcting the name to the name of an existing getter, or defining a getter or field named 'userDao'.
    final userDao = _database.userDao;
                              ^^^^^^^
lib/features/offline/infrastructure/sync/incremental_sync.dart:727:17: Error: No named parameter with the name 'userId'.
                userId: userId,
                ^^^^^^
lib/features/offline/infrastructure/database/database.g.dart:3723:9: Context: Found this candidate, but the arguments don't match.
  const SyncMetadataTableCompanion({
        ^^^^^^^^^^^^^^^^^^^^^^^^^^
lib/features/offline/infrastructure/sync/incremental_sync.dart:719:40: Error: The getter 'userId' isn't defined for the type '$SyncMetadataTableTable'.
 - '$SyncMetadataTableTable' is from 'package:soloadventurer/features/offline/infrastructure/database/database.dart' ('lib/features/offline/infrastructure/database/database.dart').
Try correcting the name to the name of an existing getter, or defining a getter or field named 'userId'.
                  ..where((tbl) => tbl.userId.equals(userId)))
                                       ^^^^^^
lib/features/offline/infrastructure/sync/incremental_sync.dart:739:24: Error: The method 'SyncMetadataTable' isn't defined for the type 'IncrementalSync'.
 - 'IncrementalSync' is from 'package:soloadventurer/features/offline/infrastructure/sync/incremental_sync.dart' ('lib/features/offline/infrastructure/sync/incremental_sync.dart').
Try correcting the name to the name of an existing method, or defining a method named 'SyncMetadataTable'.
              .replace(SyncMetadataTable(
                       ^^^^^^^^^^^^^^^^^
lib/features/offline/infrastructure/sync/incremental_sync.dart:740:30: Error: The getter 'id' isn't defined for the type 'SyncMetadata'.
 - 'SyncMetadata' is from 'package:soloadventurer/features/offline/infrastructure/database/database.dart' ('lib/features/offline/infrastructure/database/database.dart').
Try correcting the name to the name of an existing getter, or defining a getter or field named 'id'.
                id: metadata.id,
                             ^^
lib/features/offline/infrastructure/sync/incremental_sync.dart:746:54: Error: The getter 'lastIncrementalSyncAt' isn't defined for the type 'SyncMetadata'.
 - 'SyncMetadata' is from 'package:soloadventurer/features/offline/infrastructure/database/database.dart' ('lib/features/offline/infrastructure/database/database.dart').
Try correcting the name to the name of an existing getter, or defining a getter or field named 'lastIncrementalSyncAt'.
                    usedIncremental ? now : metadata.lastIncrementalSyncAt,
                                                     ^^^^^^^^^^^^^^^^^^^^^
lib/features/offline/infrastructure/sync/incremental_sync.dart:891:7: Error: No named parameter with the name 'firstName'.
      firstName: Value(serverUser['firstName'] as String?),
      ^^^^^^^^^
lib/features/offline/infrastructure/database/database.g.dart:2407:9: Context: Found this candidate, but the arguments don't match.
  const UsersCompanion({
        ^^^^^^^^^^^^^^
lib/features/offline/infrastructure/sync/offline_interceptor.dart:348:21: Error: The method 'call' isn't defined for the type 'Future<T>'.
 - 'Future' is from 'dart:async'.
Try correcting the name to the name of an existing method, or defining a method named 'call'.
      await executor();
                    ^
lib/features/offline/infrastructure/sync/offline_interceptor.dart:352:26: Error: The method 'call' isn't defined for the type 'Future<void>'.
 - 'Future' is from 'dart:async'.
Try correcting the name to the name of an existing method, or defining a method named 'call'.
        await localUpdate();
                         ^
lib/features/offline/infrastructure/sync/offline_interceptor.dart:382:24: Error: The method 'call' isn't defined for the type 'Future<void>'.
 - 'Future' is from 'dart:async'.
Try correcting the name to the name of an existing method, or defining a method named 'call'.
      await localUpdate();
                       ^
lib/features/offline/infrastructure/sync/mutation_interceptor.dart:263:66: Error: The argument type 'ErrorInterceptorHandler' can't be assigned to the parameter type 'RequestInterceptorHandler'.
 - 'ErrorInterceptorHandler' is from 'package:dio/src/dio_mixin.dart' ('../.pub-cache/hosted/pub.dev/dio-5.8.0+1/lib/src/dio_mixin.dart').
 - 'RequestInterceptorHandler' is from 'package:dio/src/dio_mixin.dart' ('../.pub-cache/hosted/pub.dev/dio-5.8.0+1/lib/src/dio_mixin.dart').
      await _handleOfflineMutation(metadata, err.requestOptions, handler);
                                                                 ^
00:36 +107 -32: loading /Users/anthonyforan/SoloAdventurer_app/test/features/auth/domain/repositories/auth_repository_test.dart [E]                                                                    
  Failed to load "/Users/anthonyforan/SoloAdventurer_app/test/features/auth/domain/repositories/auth_repository_test.dart":
  Compilation failed for testPath=/Users/anthonyforan/SoloAdventurer_app/test/features/auth/domain/repositories/auth_repository_test.dart: lib/app/di/modules/core_module.dart:13:11: Error: Method not found: 'SecurityManagerImpl'.
      () => SecurityManagerImpl(
            ^^^^^^^^^^^^^^^^^^^
  lib/features/auth/data/datasources/mock_auth_remote_data_source.dart:241:21: Error: The getter 'email' isn't defined for the type 'Credentials'.
   - 'Credentials' is from 'package:soloadventurer/features/auth/data/models/credentials.dart' ('lib/features/auth/data/models/credentials.dart').
  Try correcting the name to the name of an existing getter, or defining a getter or field named 'email'.
      if (credentials.email != 'test@example.com' || credentials.password != 'password123') {
                      ^^^^^
  lib/features/offline/data/repositories/offline_aware_repository.dart:492:19: Error: The getter 'timestamp_' isn't defined for the type 'OfflineAwareRepository<Entity, Model, CreateModel, UpdateModel>'.
   - 'OfflineAwareRepository' is from 'package:soloadventurer/features/offline/data/repositories/offline_aware_repository.dart' ('lib/features/offline/data/repositories/offline_aware_repository.dart').
  Try correcting the name to the name of an existing getter, or defining a getter or field named 'timestamp_'.
      return 'temp_$timestamp_$random';
                    ^^^^^^^^^^
  lib/features/offline/data/repositories/offline_aware_repository.dart:540:60: Error: Too many positional arguments: 0 allowed, but 1 found.
  Try removing the extra positional arguments.
      final result = await _syncQueueService.enqueueOperation(syncOperation);
                                                             ^
  lib/features/offline/data/repositories/sync_queue_repository_impl.dart:36:52: Error: The argument type 'int' can't be assigned to the parameter type 'SyncQueueItem'.
   - 'SyncQueueItem' is from 'package:soloadventurer/features/offline/infrastructure/database/database.dart' ('lib/features/offline/infrastructure/database/database.dart').
        return model.SyncOperationModel.fromDatabase(item).toDomainEntity();
                                                     ^
  lib/features/offline/infrastructure/sync/background_sync_service.dart:154:11: Error: No named parameter with the name 'requiresNotRoaming'.
            requiresNotRoaming: false, // Allow sync while roaming
            ^^^^^^^^^^^^^^^^^^
  ../.pub-cache/hosted/pub.dev/workmanager-0.5.2/lib/src/options.dart:96:3: Context: Found this candidate, but the arguments don't match.
    Constraints({
    ^^^^^^^^^^^
  lib/features/offline/infrastructure/sync/background_sync_service.dart:164:9: Error: No named parameter with the name 'backoffDelay'.
          backoffDelay: const Duration(minutes: 15), // Initial backoff delay
          ^^^^^^^^^^^^
  lib/features/offline/infrastructure/sync/background_sync_service.dart:229:27: Error: The method 'cancelTaskByTag' isn't defined for the type 'Workmanager'.
   - 'Workmanager' is from 'package:workmanager/src/workmanager.dart' ('../.pub-cache/hosted/pub.dev/workmanager-0.5.2/lib/src/workmanager.dart').
  Try correcting the name to the name of an existing method, or defining a method named 'cancelTaskByTag'.
        await Workmanager().cancelTaskByTag(periodicSyncTaskName);
                            ^^^^^^^^^^^^^^^
  lib/features/offline/infrastructure/sync/conflict_resolver_impl.dart:385:33: Error: The getter 'tripDao' isn't defined for the type 'AppDatabase'.
   - 'AppDatabase' is from 'package:soloadventurer/features/offline/infrastructure/database/database.dart' ('lib/features/offline/infrastructure/database/database.dart').
  Try correcting the name to the name of an existing getter, or defining a getter or field named 'tripDao'.
        final tripDao = _database.tripDao;
                                  ^^^^^^^
  lib/features/offline/infrastructure/sync/conflict_resolver_impl.dart:411:33: Error: The getter 'tripDao' isn't defined for the type 'AppDatabase'.
   - 'AppDatabase' is from 'package:soloadventurer/features/offline/infrastructure/database/database.dart' ('lib/features/offline/infrastructure/database/database.dart').
  Try correcting the name to the name of an existing getter, or defining a getter or field named 'tripDao'.
        final tripDao = _database.tripDao;
                                  ^^^^^^^
  lib/features/offline/infrastructure/sync/conflict_resolver_impl.dart:437:36: Error: The getter 'journalDao' isn't defined for the type 'AppDatabase'.
   - 'AppDatabase' is from 'package:soloadventurer/features/offline/infrastructure/database/database.dart' ('lib/features/offline/infrastructure/database/database.dart').
  Try correcting the name to the name of an existing getter, or defining a getter or field named 'journalDao'.
        final journalDao = _database.journalDao;
                                     ^^^^^^^^^^
  lib/features/offline/infrastructure/sync/conflict_resolver_impl.dart:460:36: Error: The getter 'journalDao' isn't defined for the type 'AppDatabase'.
   - 'AppDatabase' is from 'package:soloadventurer/features/offline/infrastructure/database/database.dart' ('lib/features/offline/infrastructure/database/database.dart').
  Try correcting the name to the name of an existing getter, or defining a getter or field named 'journalDao'.
        final journalDao = _database.journalDao;
                                     ^^^^^^^^^^
  lib/features/offline/infrastructure/sync/conflict_resolver_impl.dart:485:33: Error: The getter 'userDao' isn't defined for the type 'AppDatabase'.
   - 'AppDatabase' is from 'package:soloadventurer/features/offline/infrastructure/database/database.dart' ('lib/features/offline/infrastructure/database/database.dart').
  Try correcting the name to the name of an existing getter, or defining a getter or field named 'userDao'.
        final userDao = _database.userDao;
                                  ^^^^^^^
  lib/features/offline/infrastructure/sync/conflict_resolver_impl.dart:508:33: Error: The getter 'userDao' isn't defined for the type 'AppDatabase'.
   - 'AppDatabase' is from 'package:soloadventurer/features/offline/infrastructure/database/database.dart' ('lib/features/offline/infrastructure/database/database.dart').
  Try correcting the name to the name of an existing getter, or defining a getter or field named 'userDao'.
        final userDao = _database.userDao;
                                  ^^^^^^^
  lib/features/offline/infrastructure/sync/download_sync.dart:254:33: Error: The getter 'tripDao' isn't defined for the type 'AppDatabase'.
   - 'AppDatabase' is from 'package:soloadventurer/features/offline/infrastructure/database/database.dart' ('lib/features/offline/infrastructure/database/database.dart').
  Try correcting the name to the name of an existing getter, or defining a getter or field named 'tripDao'.
        final tripDao = _database.tripDao;
                                  ^^^^^^^
  lib/features/offline/infrastructure/sync/download_sync.dart:372:33: Error: The getter 'tripDao' isn't defined for the type 'AppDatabase'.
   - 'AppDatabase' is from 'package:soloadventurer/features/offline/infrastructure/database/database.dart' ('lib/features/offline/infrastructure/database/database.dart').
  Try correcting the name to the name of an existing getter, or defining a getter or field named 'tripDao'.
        final tripDao = _database.tripDao;
                                  ^^^^^^^
  lib/features/offline/infrastructure/sync/download_sync.dart:430:40: Error: The getter 'journalDao' isn't defined for the type 'AppDatabase'.
   - 'AppDatabase' is from 'package:soloadventurer/features/offline/infrastructure/database/database.dart' ('lib/features/offline/infrastructure/database/database.dart').
  Try correcting the name to the name of an existing getter, or defining a getter or field named 'journalDao'.
            final journalDao = _database.journalDao;
                                         ^^^^^^^^^^
  lib/features/offline/infrastructure/sync/download_sync.dart:568:33: Error: The getter 'userDao' isn't defined for the type 'AppDatabase'.
   - 'AppDatabase' is from 'package:soloadventurer/features/offline/infrastructure/database/database.dart' ('lib/features/offline/infrastructure/database/database.dart').
  Try correcting the name to the name of an existing getter, or defining a getter or field named 'userDao'.
        final userDao = _database.userDao;
                                  ^^^^^^^
  lib/features/offline/infrastructure/sync/download_sync.dart:677:17: Error: No named parameter with the name 'userId'.
                  userId: userId,
                  ^^^^^^
  lib/features/offline/infrastructure/database/database.g.dart:3735:3: Context: Found this candidate, but the arguments don't match.
    SyncMetadataTableCompanion.insert({
    ^^^^^^^^^^^^^^^^^^^^^^^^^^^^^^^^^
  lib/features/offline/infrastructure/sync/download_sync.dart:669:40: Error: The getter 'userId' isn't defined for the type '$SyncMetadataTableTable'.
   - '$SyncMetadataTableTable' is from 'package:soloadventurer/features/offline/infrastructure/database/database.dart' ('lib/features/offline/infrastructure/database/database.dart').
  Try correcting the name to the name of an existing getter, or defining a getter or field named 'userId'.
                    ..where((tbl) => tbl.userId.equals(userId)))
                                         ^^^^^^
  lib/features/offline/infrastructure/sync/download_sync.dart:687:24: Error: The method 'SyncMetadataTable' isn't defined for the type 'DownloadSync'.
   - 'DownloadSync' is from 'package:soloadventurer/features/offline/infrastructure/sync/download_sync.dart' ('lib/features/offline/infrastructure/sync/download_sync.dart').
  Try correcting the name to the name of an existing method, or defining a method named 'SyncMetadataTable'.
                .replace(SyncMetadataTable(
                         ^^^^^^^^^^^^^^^^^
  lib/features/offline/infrastructure/sync/download_sync.dart:688:30: Error: The getter 'id' isn't defined for the type 'SyncMetadata'.
   - 'SyncMetadata' is from 'package:soloadventurer/features/offline/infrastructure/database/database.dart' ('lib/features/offline/infrastructure/database/database.dart').
  Try correcting the name to the name of an existing getter, or defining a getter or field named 'id'.
                  id: metadata.id,
                               ^^
  lib/features/offline/infrastructure/sync/download_sync.dart:775:7: Error: No named parameter with the name 'firstName'.
        firstName: Value(serverUser['firstName'] as String?),
        ^^^^^^^^^
  lib/features/offline/infrastructure/database/database.g.dart:2407:9: Context: Found this candidate, but the arguments don't match.
    const UsersCompanion({
          ^^^^^^^^^^^^^^
  lib/features/offline/infrastructure/sync/incremental_sync.dart:262:38: Error: Required named parameter 'userId' must be provided.
          return syncIncrementalChanges(
                                       ^
  lib/features/offline/infrastructure/sync/incremental_sync.dart:286:40: Error: The getter 'userId' isn't defined for the type '$SyncMetadataTableTable'.
   - '$SyncMetadataTableTable' is from 'package:soloadventurer/features/offline/infrastructure/database/database.dart' ('lib/features/offline/infrastructure/database/database.dart').
  Try correcting the name to the name of an existing getter, or defining a getter or field named 'userId'.
                    ..where((tbl) => tbl.userId.equals(userId)))
                                         ^^^^^^
  lib/features/offline/infrastructure/sync/incremental_sync.dart:290:32: Error: The getter 'lastIncrementalSyncAt' isn't defined for the type 'SyncMetadata'.
   - 'SyncMetadata' is from 'package:soloadventurer/features/offline/infrastructure/database/database.dart' ('lib/features/offline/infrastructure/database/database.dart').
  Try correcting the name to the name of an existing getter, or defining a getter or field named 'lastIncrementalSyncAt'.
              metadataList.first.lastIncrementalSyncAt == null) {
                                 ^^^^^^^^^^^^^^^^^^^^^
  lib/features/offline/infrastructure/sync/incremental_sync.dart:309:34: Error: The getter 'userId' isn't defined for the type '$SyncMetadataTableTable'.
   - '$SyncMetadataTableTable' is from 'package:soloadventurer/features/offline/infrastructure/database/database.dart' ('lib/features/offline/infrastructure/database/database.dart').
  Try correcting the name to the name of an existing getter, or defining a getter or field named 'userId'.
              ..where((tbl) => tbl.userId.equals(userId)))
                                   ^^^^^^
  lib/features/offline/infrastructure/sync/incremental_sync.dart:316:33: Error: The getter 'lastIncrementalSyncAt' isn't defined for the type 'SyncMetadata'.
   - 'SyncMetadata' is from 'package:soloadventurer/features/offline/infrastructure/database/database.dart' ('lib/features/offline/infrastructure/database/database.dart').
  Try correcting the name to the name of an existing getter, or defining a getter or field named 'lastIncrementalSyncAt'.
        return metadataList.first.lastIncrementalSyncAt;
                                  ^^^^^^^^^^^^^^^^^^^^^
  lib/features/offline/infrastructure/sync/incremental_sync.dart:389:33: Error: The getter 'tripDao' isn't defined for the type 'AppDatabase'.
   - 'AppDatabase' is from 'package:soloadventurer/features/offline/infrastructure/database/database.dart' ('lib/features/offline/infrastructure/database/database.dart').
  Try correcting the name to the name of an existing getter, or defining a getter or field named 'tripDao'.
        final tripDao = _database.tripDao;
                                  ^^^^^^^
  lib/features/offline/infrastructure/sync/incremental_sync.dart:553:31: Error: The getter 'tripDao' isn't defined for the type 'AppDatabase'.
   - 'AppDatabase' is from 'package:soloadventurer/features/offline/infrastructure/database/database.dart' ('lib/features/offline/infrastructure/database/database.dart').
  Try correcting the name to the name of an existing getter, or defining a getter or field named 'tripDao'.
      final tripDao = _database.tripDao;
                                ^^^^^^^
  lib/features/offline/infrastructure/sync/incremental_sync.dart:605:34: Error: The getter 'journalDao' isn't defined for the type 'AppDatabase'.
   - 'AppDatabase' is from 'package:soloadventurer/features/offline/infrastructure/database/database.dart' ('lib/features/offline/infrastructure/database/database.dart').
  Try correcting the name to the name of an existing getter, or defining a getter or field named 'journalDao'.
      final journalDao = _database.journalDao;
                                   ^^^^^^^^^^
  lib/features/offline/infrastructure/sync/incremental_sync.dart:660:31: Error: The getter 'userDao' isn't defined for the type 'AppDatabase'.
   - 'AppDatabase' is from 'package:soloadventurer/features/offline/infrastructure/database/database.dart' ('lib/features/offline/infrastructure/database/database.dart').
  Try correcting the name to the name of an existing getter, or defining a getter or field named 'userDao'.
      final userDao = _database.userDao;
                                ^^^^^^^
  lib/features/offline/infrastructure/sync/incremental_sync.dart:727:17: Error: No named parameter with the name 'userId'.
                  userId: userId,
                  ^^^^^^
  lib/features/offline/infrastructure/database/database.g.dart:3723:9: Context: Found this candidate, but the arguments don't match.
    const SyncMetadataTableCompanion({
          ^^^^^^^^^^^^^^^^^^^^^^^^^^
  lib/features/offline/infrastructure/sync/incremental_sync.dart:719:40: Error: The getter 'userId' isn't defined for the type '$SyncMetadataTableTable'.
   - '$SyncMetadataTableTable' is from 'package:soloadventurer/features/offline/infrastructure/database/database.dart' ('lib/features/offline/infrastructure/database/database.dart').
  Try correcting the name to the name of an existing getter, or defining a getter or field named 'userId'.
                    ..where((tbl) => tbl.userId.equals(userId)))
                                         ^^^^^^
  lib/features/offline/infrastructure/sync/incremental_sync.dart:739:24: Error: The method 'SyncMetadataTable' isn't defined for the type 'IncrementalSync'.
   - 'IncrementalSync' is from 'package:soloadventurer/features/offline/infrastructure/sync/incremental_sync.dart' ('lib/features/offline/infrastructure/sync/incremental_sync.dart').
  Try correcting the name to the name of an existing method, or defining a method named 'SyncMetadataTable'.
                .replace(SyncMetadataTable(
                         ^^^^^^^^^^^^^^^^^
  lib/features/offline/infrastructure/sync/incremental_sync.dart:740:30: Error: The getter 'id' isn't defined for the type 'SyncMetadata'.
   - 'SyncMetadata' is from 'package:soloadventurer/features/offline/infrastructure/database/database.dart' ('lib/features/offline/infrastructure/database/database.dart').
  Try correcting the name to the name of an existing getter, or defining a getter or field named 'id'.
                  id: metadata.id,
                               ^^
  lib/features/offline/infrastructure/sync/incremental_sync.dart:746:54: Error: The getter 'lastIncrementalSyncAt' isn't defined for the type 'SyncMetadata'.
   - 'SyncMetadata' is from 'package:soloadventurer/features/offline/infrastructure/database/database.dart' ('lib/features/offline/infrastructure/database/database.dart').
  Try correcting the name to the name of an existing getter, or defining a getter or field named 'lastIncrementalSyncAt'.
                      usedIncremental ? now : metadata.lastIncrementalSyncAt,
                                                       ^^^^^^^^^^^^^^^^^^^^^
  lib/features/offline/infrastructure/sync/incremental_sync.dart:891:7: Error: No named parameter with the name 'firstName'.
        firstName: Value(serverUser['firstName'] as String?),
        ^^^^^^^^^
  lib/features/offline/infrastructure/database/database.g.dart:2407:9: Context: Found this candidate, but the arguments don't match.
    const UsersCompanion({
          ^^^^^^^^^^^^^^
  lib/features/offline/infrastructure/sync/offline_interceptor.dart:348:21: Error: The method 'call' isn't defined for the type 'Future<T>'.
   - 'Future' is from 'dart:async'.
  Try correcting the name to the name of an existing method, or defining a method named 'call'.
        await executor();
                      ^
  lib/features/offline/infrastructure/sync/offline_interceptor.dart:352:26: Error: The method 'call' isn't defined for the type 'Future<void>'.
   - 'Future' is from 'dart:async'.
  Try correcting the name to the name of an existing method, or defining a method named 'call'.
          await localUpdate();
                           ^
  lib/features/offline/infrastructure/sync/offline_interceptor.dart:382:24: Error: The method 'call' isn't defined for the type 'Future<void>'.
   - 'Future' is from 'dart:async'.
  Try correcting the name to the name of an existing method, or defining a method named 'call'.
        await localUpdate();
                         ^
  lib/features/offline/infrastructure/sync/mutation_interceptor.dart:263:66: Error: The argument type 'ErrorInterceptorHandler' can't be assigned to the parameter type 'RequestInterceptorHandler'.
   - 'ErrorInterceptorHandler' is from 'package:dio/src/dio_mixin.dart' ('../.pub-cache/hosted/pub.dev/dio-5.8.0+1/lib/src/dio_mixin.dart').
   - 'RequestInterceptorHandler' is from 'package:dio/src/dio_mixin.dart' ('../.pub-cache/hosted/pub.dev/dio-5.8.0+1/lib/src/dio_mixin.dart').
        await _handleOfflineMutation(metadata, err.requestOptions, handler);
                                                                   ^
  .

To run this test again: /opt/homebrew/Caskroom/flutter/3.32.5/flutter/bin/cache/dart-sdk/bin/dart test /Users/anthonyforan/SoloAdventurer_app/test/features/auth/domain/repositories/auth_repository_test.dart -p vm --plain-name 'loading /Users/anthonyforan/SoloAdventurer_app/test/features/auth/domain/repositories/auth_repository_test.dart'
lib/app/di/modules/core_module.dart:13:11: Error: Method not found: 'SecurityManagerImpl'.
    () => SecurityManagerImpl(
          ^^^^^^^^^^^^^^^^^^^
lib/features/auth/data/datasources/mock_auth_remote_data_source.dart:241:21: Error: The getter 'email' isn't defined for the type 'Credentials'.
 - 'Credentials' is from 'package:soloadventurer/features/auth/data/models/credentials.dart' ('lib/features/auth/data/models/credentials.dart').
Try correcting the name to the name of an existing getter, or defining a getter or field named 'email'.
    if (credentials.email != 'test@example.com' || credentials.password != 'password123') {
                    ^^^^^
lib/features/offline/data/repositories/offline_aware_repository.dart:492:19: Error: The getter 'timestamp_' isn't defined for the type 'OfflineAwareRepository<Entity, Model, CreateModel, UpdateModel>'.
 - 'OfflineAwareRepository' is from 'package:soloadventurer/features/offline/data/repositories/offline_aware_repository.dart' ('lib/features/offline/data/repositories/offline_aware_repository.dart').
Try correcting the name to the name of an existing getter, or defining a getter or field named 'timestamp_'.
    return 'temp_$timestamp_$random';
                  ^^^^^^^^^^
lib/features/offline/data/repositories/offline_aware_repository.dart:540:60: Error: Too many positional arguments: 0 allowed, but 1 found.
Try removing the extra positional arguments.
    final result = await _syncQueueService.enqueueOperation(syncOperation);
                                                           ^
lib/features/offline/data/repositories/sync_queue_repository_impl.dart:36:52: Error: The argument type 'int' can't be assigned to the parameter type 'SyncQueueItem'.
 - 'SyncQueueItem' is from 'package:soloadventurer/features/offline/infrastructure/database/database.dart' ('lib/features/offline/infrastructure/database/database.dart').
      return model.SyncOperationModel.fromDatabase(item).toDomainEntity();
                                                   ^
lib/features/offline/infrastructure/sync/background_sync_service.dart:154:11: Error: No named parameter with the name 'requiresNotRoaming'.
          requiresNotRoaming: false, // Allow sync while roaming
          ^^^^^^^^^^^^^^^^^^
../.pub-cache/hosted/pub.dev/workmanager-0.5.2/lib/src/options.dart:96:3: Context: Found this candidate, but the arguments don't match.
  Constraints({
  ^^^^^^^^^^^
lib/features/offline/infrastructure/sync/background_sync_service.dart:164:9: Error: No named parameter with the name 'backoffDelay'.
        backoffDelay: const Duration(minutes: 15), // Initial backoff delay
        ^^^^^^^^^^^^
lib/features/offline/infrastructure/sync/background_sync_service.dart:229:27: Error: The method 'cancelTaskByTag' isn't defined for the type 'Workmanager'.
 - 'Workmanager' is from 'package:workmanager/src/workmanager.dart' ('../.pub-cache/hosted/pub.dev/workmanager-0.5.2/lib/src/workmanager.dart').
Try correcting the name to the name of an existing method, or defining a method named 'cancelTaskByTag'.
      await Workmanager().cancelTaskByTag(periodicSyncTaskName);
                          ^^^^^^^^^^^^^^^
lib/features/offline/infrastructure/sync/conflict_resolver_impl.dart:385:33: Error: The getter 'tripDao' isn't defined for the type 'AppDatabase'.
 - 'AppDatabase' is from 'package:soloadventurer/features/offline/infrastructure/database/database.dart' ('lib/features/offline/infrastructure/database/database.dart').
Try correcting the name to the name of an existing getter, or defining a getter or field named 'tripDao'.
      final tripDao = _database.tripDao;
                                ^^^^^^^
lib/features/offline/infrastructure/sync/conflict_resolver_impl.dart:411:33: Error: The getter 'tripDao' isn't defined for the type 'AppDatabase'.
 - 'AppDatabase' is from 'package:soloadventurer/features/offline/infrastructure/database/database.dart' ('lib/features/offline/infrastructure/database/database.dart').
Try correcting the name to the name of an existing getter, or defining a getter or field named 'tripDao'.
      final tripDao = _database.tripDao;
                                ^^^^^^^
lib/features/offline/infrastructure/sync/conflict_resolver_impl.dart:437:36: Error: The getter 'journalDao' isn't defined for the type 'AppDatabase'.
 - 'AppDatabase' is from 'package:soloadventurer/features/offline/infrastructure/database/database.dart' ('lib/features/offline/infrastructure/database/database.dart').
Try correcting the name to the name of an existing getter, or defining a getter or field named 'journalDao'.
      final journalDao = _database.journalDao;
                                   ^^^^^^^^^^
lib/features/offline/infrastructure/sync/conflict_resolver_impl.dart:460:36: Error: The getter 'journalDao' isn't defined for the type 'AppDatabase'.
 - 'AppDatabase' is from 'package:soloadventurer/features/offline/infrastructure/database/database.dart' ('lib/features/offline/infrastructure/database/database.dart').
Try correcting the name to the name of an existing getter, or defining a getter or field named 'journalDao'.
      final journalDao = _database.journalDao;
                                   ^^^^^^^^^^
lib/features/offline/infrastructure/sync/conflict_resolver_impl.dart:485:33: Error: The getter 'userDao' isn't defined for the type 'AppDatabase'.
 - 'AppDatabase' is from 'package:soloadventurer/features/offline/infrastructure/database/database.dart' ('lib/features/offline/infrastructure/database/database.dart').
Try correcting the name to the name of an existing getter, or defining a getter or field named 'userDao'.
      final userDao = _database.userDao;
                                ^^^^^^^
lib/features/offline/infrastructure/sync/conflict_resolver_impl.dart:508:33: Error: The getter 'userDao' isn't defined for the type 'AppDatabase'.
 - 'AppDatabase' is from 'package:soloadventurer/features/offline/infrastructure/database/database.dart' ('lib/features/offline/infrastructure/database/database.dart').
Try correcting the name to the name of an existing getter, or defining a getter or field named 'userDao'.
      final userDao = _database.userDao;
                                ^^^^^^^
lib/features/offline/infrastructure/sync/download_sync.dart:254:33: Error: The getter 'tripDao' isn't defined for the type 'AppDatabase'.
 - 'AppDatabase' is from 'package:soloadventurer/features/offline/infrastructure/database/database.dart' ('lib/features/offline/infrastructure/database/database.dart').
Try correcting the name to the name of an existing getter, or defining a getter or field named 'tripDao'.
      final tripDao = _database.tripDao;
                                ^^^^^^^
lib/features/offline/infrastructure/sync/download_sync.dart:372:33: Error: The getter 'tripDao' isn't defined for the type 'AppDatabase'.
 - 'AppDatabase' is from 'package:soloadventurer/features/offline/infrastructure/database/database.dart' ('lib/features/offline/infrastructure/database/database.dart').
Try correcting the name to the name of an existing getter, or defining a getter or field named 'tripDao'.
      final tripDao = _database.tripDao;
                                ^^^^^^^
lib/features/offline/infrastructure/sync/download_sync.dart:430:40: Error: The getter 'journalDao' isn't defined for the type 'AppDatabase'.
 - 'AppDatabase' is from 'package:soloadventurer/features/offline/infrastructure/database/database.dart' ('lib/features/offline/infrastructure/database/database.dart').
Try correcting the name to the name of an existing getter, or defining a getter or field named 'journalDao'.
          final journalDao = _database.journalDao;
                                       ^^^^^^^^^^
lib/features/offline/infrastructure/sync/download_sync.dart:568:33: Error: The getter 'userDao' isn't defined for the type 'AppDatabase'.
 - 'AppDatabase' is from 'package:soloadventurer/features/offline/infrastructure/database/database.dart' ('lib/features/offline/infrastructure/database/database.dart').
Try correcting the name to the name of an existing getter, or defining a getter or field named 'userDao'.
      final userDao = _database.userDao;
                                ^^^^^^^
lib/features/offline/infrastructure/sync/download_sync.dart:677:17: Error: No named parameter with the name 'userId'.
                userId: userId,
                ^^^^^^
lib/features/offline/infrastructure/database/database.g.dart:3735:3: Context: Found this candidate, but the arguments don't match.
  SyncMetadataTableCompanion.insert({
  ^^^^^^^^^^^^^^^^^^^^^^^^^^^^^^^^^
lib/features/offline/infrastructure/sync/download_sync.dart:669:40: Error: The getter 'userId' isn't defined for the type '$SyncMetadataTableTable'.
 - '$SyncMetadataTableTable' is from 'package:soloadventurer/features/offline/infrastructure/database/database.dart' ('lib/features/offline/infrastructure/database/database.dart').
Try correcting the name to the name of an existing getter, or defining a getter or field named 'userId'.
                  ..where((tbl) => tbl.userId.equals(userId)))
                                       ^^^^^^
lib/features/offline/infrastructure/sync/download_sync.dart:687:24: Error: The method 'SyncMetadataTable' isn't defined for the type 'DownloadSync'.
 - 'DownloadSync' is from 'package:soloadventurer/features/offline/infrastructure/sync/download_sync.dart' ('lib/features/offline/infrastructure/sync/download_sync.dart').
Try correcting the name to the name of an existing method, or defining a method named 'SyncMetadataTable'.
              .replace(SyncMetadataTable(
                       ^^^^^^^^^^^^^^^^^
lib/features/offline/infrastructure/sync/download_sync.dart:688:30: Error: The getter 'id' isn't defined for the type 'SyncMetadata'.
 - 'SyncMetadata' is from 'package:soloadventurer/features/offline/infrastructure/database/database.dart' ('lib/features/offline/infrastructure/database/database.dart').
Try correcting the name to the name of an existing getter, or defining a getter or field named 'id'.
                id: metadata.id,
                             ^^
lib/features/offline/infrastructure/sync/download_sync.dart:775:7: Error: No named parameter with the name 'firstName'.
      firstName: Value(serverUser['firstName'] as String?),
      ^^^^^^^^^
lib/features/offline/infrastructure/database/database.g.dart:2407:9: Context: Found this candidate, but the arguments don't match.
  const UsersCompanion({
        ^^^^^^^^^^^^^^
lib/features/offline/infrastructure/sync/incremental_sync.dart:262:38: Error: Required named parameter 'userId' must be provided.
        return syncIncrementalChanges(
                                     ^
lib/features/offline/infrastructure/sync/incremental_sync.dart:286:40: Error: The getter 'userId' isn't defined for the type '$SyncMetadataTableTable'.
 - '$SyncMetadataTableTable' is from 'package:soloadventurer/features/offline/infrastructure/database/database.dart' ('lib/features/offline/infrastructure/database/database.dart').
Try correcting the name to the name of an existing getter, or defining a getter or field named 'userId'.
                  ..where((tbl) => tbl.userId.equals(userId)))
                                       ^^^^^^
lib/features/offline/infrastructure/sync/incremental_sync.dart:290:32: Error: The getter 'lastIncrementalSyncAt' isn't defined for the type 'SyncMetadata'.
 - 'SyncMetadata' is from 'package:soloadventurer/features/offline/infrastructure/database/database.dart' ('lib/features/offline/infrastructure/database/database.dart').
Try correcting the name to the name of an existing getter, or defining a getter or field named 'lastIncrementalSyncAt'.
            metadataList.first.lastIncrementalSyncAt == null) {
                               ^^^^^^^^^^^^^^^^^^^^^
lib/features/offline/infrastructure/sync/incremental_sync.dart:309:34: Error: The getter 'userId' isn't defined for the type '$SyncMetadataTableTable'.
 - '$SyncMetadataTableTable' is from 'package:soloadventurer/features/offline/infrastructure/database/database.dart' ('lib/features/offline/infrastructure/database/database.dart').
Try correcting the name to the name of an existing getter, or defining a getter or field named 'userId'.
            ..where((tbl) => tbl.userId.equals(userId)))
                                 ^^^^^^
lib/features/offline/infrastructure/sync/incremental_sync.dart:316:33: Error: The getter 'lastIncrementalSyncAt' isn't defined for the type 'SyncMetadata'.
 - 'SyncMetadata' is from 'package:soloadventurer/features/offline/infrastructure/database/database.dart' ('lib/features/offline/infrastructure/database/database.dart').
Try correcting the name to the name of an existing getter, or defining a getter or field named 'lastIncrementalSyncAt'.
      return metadataList.first.lastIncrementalSyncAt;
                                ^^^^^^^^^^^^^^^^^^^^^
lib/features/offline/infrastructure/sync/incremental_sync.dart:389:33: Error: The getter 'tripDao' isn't defined for the type 'AppDatabase'.
 - 'AppDatabase' is from 'package:soloadventurer/features/offline/infrastructure/database/database.dart' ('lib/features/offline/infrastructure/database/database.dart').
Try correcting the name to the name of an existing getter, or defining a getter or field named 'tripDao'.
      final tripDao = _database.tripDao;
                                ^^^^^^^
lib/features/offline/infrastructure/sync/incremental_sync.dart:553:31: Error: The getter 'tripDao' isn't defined for the type 'AppDatabase'.
 - 'AppDatabase' is from 'package:soloadventurer/features/offline/infrastructure/database/database.dart' ('lib/features/offline/infrastructure/database/database.dart').
Try correcting the name to the name of an existing getter, or defining a getter or field named 'tripDao'.
    final tripDao = _database.tripDao;
                              ^^^^^^^
lib/features/offline/infrastructure/sync/incremental_sync.dart:605:34: Error: The getter 'journalDao' isn't defined for the type 'AppDatabase'.
 - 'AppDatabase' is from 'package:soloadventurer/features/offline/infrastructure/database/database.dart' ('lib/features/offline/infrastructure/database/database.dart').
Try correcting the name to the name of an existing getter, or defining a getter or field named 'journalDao'.
    final journalDao = _database.journalDao;
                                 ^^^^^^^^^^
lib/features/offline/infrastructure/sync/incremental_sync.dart:660:31: Error: The getter 'userDao' isn't defined for the type 'AppDatabase'.
 - 'AppDatabase' is from 'package:soloadventurer/features/offline/infrastructure/database/database.dart' ('lib/features/offline/infrastructure/database/database.dart').
Try correcting the name to the name of an existing getter, or defining a getter or field named 'userDao'.
    final userDao = _database.userDao;
                              ^^^^^^^
lib/features/offline/infrastructure/sync/incremental_sync.dart:727:17: Error: No named parameter with the name 'userId'.
                userId: userId,
                ^^^^^^
lib/features/offline/infrastructure/database/database.g.dart:3723:9: Context: Found this candidate, but the arguments don't match.
  const SyncMetadataTableCompanion({
        ^^^^^^^^^^^^^^^^^^^^^^^^^^
lib/features/offline/infrastructure/sync/incremental_sync.dart:719:40: Error: The getter 'userId' isn't defined for the type '$SyncMetadataTableTable'.
 - '$SyncMetadataTableTable' is from 'package:soloadventurer/features/offline/infrastructure/database/database.dart' ('lib/features/offline/infrastructure/database/database.dart').
Try correcting the name to the name of an existing getter, or defining a getter or field named 'userId'.
                  ..where((tbl) => tbl.userId.equals(userId)))
                                       ^^^^^^
lib/features/offline/infrastructure/sync/incremental_sync.dart:739:24: Error: The method 'SyncMetadataTable' isn't defined for the type 'IncrementalSync'.
 - 'IncrementalSync' is from 'package:soloadventurer/features/offline/infrastructure/sync/incremental_sync.dart' ('lib/features/offline/infrastructure/sync/incremental_sync.dart').
Try correcting the name to the name of an existing method, or defining a method named 'SyncMetadataTable'.
              .replace(SyncMetadataTable(
                       ^^^^^^^^^^^^^^^^^
lib/features/offline/infrastructure/sync/incremental_sync.dart:740:30: Error: The getter 'id' isn't defined for the type 'SyncMetadata'.
 - 'SyncMetadata' is from 'package:soloadventurer/features/offline/infrastructure/database/database.dart' ('lib/features/offline/infrastructure/database/database.dart').
Try correcting the name to the name of an existing getter, or defining a getter or field named 'id'.
                id: metadata.id,
                             ^^
lib/features/offline/infrastructure/sync/incremental_sync.dart:746:54: Error: The getter 'lastIncrementalSyncAt' isn't defined for the type 'SyncMetadata'.
 - 'SyncMetadata' is from 'package:soloadventurer/features/offline/infrastructure/database/database.dart' ('lib/features/offline/infrastructure/database/database.dart').
Try correcting the name to the name of an existing getter, or defining a getter or field named 'lastIncrementalSyncAt'.
                    usedIncremental ? now : metadata.lastIncrementalSyncAt,
                                                     ^^^^^^^^^^^^^^^^^^^^^
lib/features/offline/infrastructure/sync/incremental_sync.dart:891:7: Error: No named parameter with the name 'firstName'.
      firstName: Value(serverUser['firstName'] as String?),
      ^^^^^^^^^
lib/features/offline/infrastructure/database/database.g.dart:2407:9: Context: Found this candidate, but the arguments don't match.
  const UsersCompanion({
        ^^^^^^^^^^^^^^
lib/features/offline/infrastructure/sync/offline_interceptor.dart:348:21: Error: The method 'call' isn't defined for the type 'Future<T>'.
 - 'Future' is from 'dart:async'.
Try correcting the name to the name of an existing method, or defining a method named 'call'.
      await executor();
                    ^
lib/features/offline/infrastructure/sync/offline_interceptor.dart:352:26: Error: The method 'call' isn't defined for the type 'Future<void>'.
 - 'Future' is from 'dart:async'.
Try correcting the name to the name of an existing method, or defining a method named 'call'.
        await localUpdate();
                         ^
lib/features/offline/infrastructure/sync/offline_interceptor.dart:382:24: Error: The method 'call' isn't defined for the type 'Future<void>'.
 - 'Future' is from 'dart:async'.
Try correcting the name to the name of an existing method, or defining a method named 'call'.
      await localUpdate();
                       ^
lib/features/offline/infrastructure/sync/mutation_interceptor.dart:263:66: Error: The argument type 'ErrorInterceptorHandler' can't be assigned to the parameter type 'RequestInterceptorHandler'.
 - 'ErrorInterceptorHandler' is from 'package:dio/src/dio_mixin.dart' ('../.pub-cache/hosted/pub.dev/dio-5.8.0+1/lib/src/dio_mixin.dart').
 - 'RequestInterceptorHandler' is from 'package:dio/src/dio_mixin.dart' ('../.pub-cache/hosted/pub.dev/dio-5.8.0+1/lib/src/dio_mixin.dart').
      await _handleOfflineMutation(metadata, err.requestOptions, handler);
                                                                 ^
00:38 +107 -33: loading /Users/anthonyforan/SoloAdventurer_app/test/features/auth/domain/usecases/get_current_user_use_case_test.dart [E]                                                              
  Failed to load "/Users/anthonyforan/SoloAdventurer_app/test/features/auth/domain/usecases/get_current_user_use_case_test.dart":
  Compilation failed for testPath=/Users/anthonyforan/SoloAdventurer_app/test/features/auth/domain/usecases/get_current_user_use_case_test.dart: lib/app/di/modules/core_module.dart:13:11: Error: Method not found: 'SecurityManagerImpl'.
      () => SecurityManagerImpl(
            ^^^^^^^^^^^^^^^^^^^
  lib/features/auth/data/datasources/mock_auth_remote_data_source.dart:241:21: Error: The getter 'email' isn't defined for the type 'Credentials'.
   - 'Credentials' is from 'package:soloadventurer/features/auth/data/models/credentials.dart' ('lib/features/auth/data/models/credentials.dart').
  Try correcting the name to the name of an existing getter, or defining a getter or field named 'email'.
      if (credentials.email != 'test@example.com' || credentials.password != 'password123') {
                      ^^^^^
  lib/features/offline/data/repositories/offline_aware_repository.dart:492:19: Error: The getter 'timestamp_' isn't defined for the type 'OfflineAwareRepository<Entity, Model, CreateModel, UpdateModel>'.
   - 'OfflineAwareRepository' is from 'package:soloadventurer/features/offline/data/repositories/offline_aware_repository.dart' ('lib/features/offline/data/repositories/offline_aware_repository.dart').
  Try correcting the name to the name of an existing getter, or defining a getter or field named 'timestamp_'.
      return 'temp_$timestamp_$random';
                    ^^^^^^^^^^
  lib/features/offline/data/repositories/offline_aware_repository.dart:540:60: Error: Too many positional arguments: 0 allowed, but 1 found.
  Try removing the extra positional arguments.
      final result = await _syncQueueService.enqueueOperation(syncOperation);
                                                             ^
  lib/features/offline/data/repositories/sync_queue_repository_impl.dart:36:52: Error: The argument type 'int' can't be assigned to the parameter type 'SyncQueueItem'.
   - 'SyncQueueItem' is from 'package:soloadventurer/features/offline/infrastructure/database/database.dart' ('lib/features/offline/infrastructure/database/database.dart').
        return model.SyncOperationModel.fromDatabase(item).toDomainEntity();
                                                     ^
  lib/features/offline/infrastructure/sync/background_sync_service.dart:154:11: Error: No named parameter with the name 'requiresNotRoaming'.
            requiresNotRoaming: false, // Allow sync while roaming
            ^^^^^^^^^^^^^^^^^^
  ../.pub-cache/hosted/pub.dev/workmanager-0.5.2/lib/src/options.dart:96:3: Context: Found this candidate, but the arguments don't match.
    Constraints({
    ^^^^^^^^^^^
  lib/features/offline/infrastructure/sync/background_sync_service.dart:164:9: Error: No named parameter with the name 'backoffDelay'.
          backoffDelay: const Duration(minutes: 15), // Initial backoff delay
          ^^^^^^^^^^^^
  lib/features/offline/infrastructure/sync/background_sync_service.dart:229:27: Error: The method 'cancelTaskByTag' isn't defined for the type 'Workmanager'.
   - 'Workmanager' is from 'package:workmanager/src/workmanager.dart' ('../.pub-cache/hosted/pub.dev/workmanager-0.5.2/lib/src/workmanager.dart').
  Try correcting the name to the name of an existing method, or defining a method named 'cancelTaskByTag'.
        await Workmanager().cancelTaskByTag(periodicSyncTaskName);
                            ^^^^^^^^^^^^^^^
  lib/features/offline/infrastructure/sync/conflict_resolver_impl.dart:385:33: Error: The getter 'tripDao' isn't defined for the type 'AppDatabase'.
   - 'AppDatabase' is from 'package:soloadventurer/features/offline/infrastructure/database/database.dart' ('lib/features/offline/infrastructure/database/database.dart').
  Try correcting the name to the name of an existing getter, or defining a getter or field named 'tripDao'.
        final tripDao = _database.tripDao;
                                  ^^^^^^^
  lib/features/offline/infrastructure/sync/conflict_resolver_impl.dart:411:33: Error: The getter 'tripDao' isn't defined for the type 'AppDatabase'.
   - 'AppDatabase' is from 'package:soloadventurer/features/offline/infrastructure/database/database.dart' ('lib/features/offline/infrastructure/database/database.dart').
  Try correcting the name to the name of an existing getter, or defining a getter or field named 'tripDao'.
        final tripDao = _database.tripDao;
                                  ^^^^^^^
  lib/features/offline/infrastructure/sync/conflict_resolver_impl.dart:437:36: Error: The getter 'journalDao' isn't defined for the type 'AppDatabase'.
   - 'AppDatabase' is from 'package:soloadventurer/features/offline/infrastructure/database/database.dart' ('lib/features/offline/infrastructure/database/database.dart').
  Try correcting the name to the name of an existing getter, or defining a getter or field named 'journalDao'.
        final journalDao = _database.journalDao;
                                     ^^^^^^^^^^
  lib/features/offline/infrastructure/sync/conflict_resolver_impl.dart:460:36: Error: The getter 'journalDao' isn't defined for the type 'AppDatabase'.
   - 'AppDatabase' is from 'package:soloadventurer/features/offline/infrastructure/database/database.dart' ('lib/features/offline/infrastructure/database/database.dart').
  Try correcting the name to the name of an existing getter, or defining a getter or field named 'journalDao'.
        final journalDao = _database.journalDao;
                                     ^^^^^^^^^^
  lib/features/offline/infrastructure/sync/conflict_resolver_impl.dart:485:33: Error: The getter 'userDao' isn't defined for the type 'AppDatabase'.
   - 'AppDatabase' is from 'package:soloadventurer/features/offline/infrastructure/database/database.dart' ('lib/features/offline/infrastructure/database/database.dart').
  Try correcting the name to the name of an existing getter, or defining a getter or field named 'userDao'.
        final userDao = _database.userDao;
                                  ^^^^^^^
  lib/features/offline/infrastructure/sync/conflict_resolver_impl.dart:508:33: Error: The getter 'userDao' isn't defined for the type 'AppDatabase'.
   - 'AppDatabase' is from 'package:soloadventurer/features/offline/infrastructure/database/database.dart' ('lib/features/offline/infrastructure/database/database.dart').
  Try correcting the name to the name of an existing getter, or defining a getter or field named 'userDao'.
        final userDao = _database.userDao;
                                  ^^^^^^^
  lib/features/offline/infrastructure/sync/download_sync.dart:254:33: Error: The getter 'tripDao' isn't defined for the type 'AppDatabase'.
   - 'AppDatabase' is from 'package:soloadventurer/features/offline/infrastructure/database/database.dart' ('lib/features/offline/infrastructure/database/database.dart').
  Try correcting the name to the name of an existing getter, or defining a getter or field named 'tripDao'.
        final tripDao = _database.tripDao;
                                  ^^^^^^^
  lib/features/offline/infrastructure/sync/download_sync.dart:372:33: Error: The getter 'tripDao' isn't defined for the type 'AppDatabase'.
   - 'AppDatabase' is from 'package:soloadventurer/features/offline/infrastructure/database/database.dart' ('lib/features/offline/infrastructure/database/database.dart').
  Try correcting the name to the name of an existing getter, or defining a getter or field named 'tripDao'.
        final tripDao = _database.tripDao;
                                  ^^^^^^^
  lib/features/offline/infrastructure/sync/download_sync.dart:430:40: Error: The getter 'journalDao' isn't defined for the type 'AppDatabase'.
   - 'AppDatabase' is from 'package:soloadventurer/features/offline/infrastructure/database/database.dart' ('lib/features/offline/infrastructure/database/database.dart').
  Try correcting the name to the name of an existing getter, or defining a getter or field named 'journalDao'.
            final journalDao = _database.journalDao;
                                         ^^^^^^^^^^
  lib/features/offline/infrastructure/sync/download_sync.dart:568:33: Error: The getter 'userDao' isn't defined for the type 'AppDatabase'.
   - 'AppDatabase' is from 'package:soloadventurer/features/offline/infrastructure/database/database.dart' ('lib/features/offline/infrastructure/database/database.dart').
  Try correcting the name to the name of an existing getter, or defining a getter or field named 'userDao'.
        final userDao = _database.userDao;
                                  ^^^^^^^
  lib/features/offline/infrastructure/sync/download_sync.dart:677:17: Error: No named parameter with the name 'userId'.
                  userId: userId,
                  ^^^^^^
  lib/features/offline/infrastructure/database/database.g.dart:3735:3: Context: Found this candidate, but the arguments don't match.
    SyncMetadataTableCompanion.insert({
    ^^^^^^^^^^^^^^^^^^^^^^^^^^^^^^^^^
  lib/features/offline/infrastructure/sync/download_sync.dart:669:40: Error: The getter 'userId' isn't defined for the type '$SyncMetadataTableTable'.
   - '$SyncMetadataTableTable' is from 'package:soloadventurer/features/offline/infrastructure/database/database.dart' ('lib/features/offline/infrastructure/database/database.dart').
  Try correcting the name to the name of an existing getter, or defining a getter or field named 'userId'.
                    ..where((tbl) => tbl.userId.equals(userId)))
                                         ^^^^^^
  lib/features/offline/infrastructure/sync/download_sync.dart:687:24: Error: The method 'SyncMetadataTable' isn't defined for the type 'DownloadSync'.
   - 'DownloadSync' is from 'package:soloadventurer/features/offline/infrastructure/sync/download_sync.dart' ('lib/features/offline/infrastructure/sync/download_sync.dart').
  Try correcting the name to the name of an existing method, or defining a method named 'SyncMetadataTable'.
                .replace(SyncMetadataTable(
                         ^^^^^^^^^^^^^^^^^
  lib/features/offline/infrastructure/sync/download_sync.dart:688:30: Error: The getter 'id' isn't defined for the type 'SyncMetadata'.
   - 'SyncMetadata' is from 'package:soloadventurer/features/offline/infrastructure/database/database.dart' ('lib/features/offline/infrastructure/database/database.dart').
  Try correcting the name to the name of an existing getter, or defining a getter or field named 'id'.
                  id: metadata.id,
                               ^^
  lib/features/offline/infrastructure/sync/download_sync.dart:775:7: Error: No named parameter with the name 'firstName'.
        firstName: Value(serverUser['firstName'] as String?),
        ^^^^^^^^^
  lib/features/offline/infrastructure/database/database.g.dart:2407:9: Context: Found this candidate, but the arguments don't match.
    const UsersCompanion({
          ^^^^^^^^^^^^^^
  lib/features/offline/infrastructure/sync/incremental_sync.dart:262:38: Error: Required named parameter 'userId' must be provided.
          return syncIncrementalChanges(
                                       ^
  lib/features/offline/infrastructure/sync/incremental_sync.dart:286:40: Error: The getter 'userId' isn't defined for the type '$SyncMetadataTableTable'.
   - '$SyncMetadataTableTable' is from 'package:soloadventurer/features/offline/infrastructure/database/database.dart' ('lib/features/offline/infrastructure/database/database.dart').
  Try correcting the name to the name of an existing getter, or defining a getter or field named 'userId'.
                    ..where((tbl) => tbl.userId.equals(userId)))
                                         ^^^^^^
  lib/features/offline/infrastructure/sync/incremental_sync.dart:290:32: Error: The getter 'lastIncrementalSyncAt' isn't defined for the type 'SyncMetadata'.
   - 'SyncMetadata' is from 'package:soloadventurer/features/offline/infrastructure/database/database.dart' ('lib/features/offline/infrastructure/database/database.dart').
  Try correcting the name to the name of an existing getter, or defining a getter or field named 'lastIncrementalSyncAt'.
              metadataList.first.lastIncrementalSyncAt == null) {
                                 ^^^^^^^^^^^^^^^^^^^^^
  lib/features/offline/infrastructure/sync/incremental_sync.dart:309:34: Error: The getter 'userId' isn't defined for the type '$SyncMetadataTableTable'.
   - '$SyncMetadataTableTable' is from 'package:soloadventurer/features/offline/infrastructure/database/database.dart' ('lib/features/offline/infrastructure/database/database.dart').
  Try correcting the name to the name of an existing getter, or defining a getter or field named 'userId'.
              ..where((tbl) => tbl.userId.equals(userId)))
                                   ^^^^^^
  lib/features/offline/infrastructure/sync/incremental_sync.dart:316:33: Error: The getter 'lastIncrementalSyncAt' isn't defined for the type 'SyncMetadata'.
   - 'SyncMetadata' is from 'package:soloadventurer/features/offline/infrastructure/database/database.dart' ('lib/features/offline/infrastructure/database/database.dart').
  Try correcting the name to the name of an existing getter, or defining a getter or field named 'lastIncrementalSyncAt'.
        return metadataList.first.lastIncrementalSyncAt;
                                  ^^^^^^^^^^^^^^^^^^^^^
  lib/features/offline/infrastructure/sync/incremental_sync.dart:389:33: Error: The getter 'tripDao' isn't defined for the type 'AppDatabase'.
   - 'AppDatabase' is from 'package:soloadventurer/features/offline/infrastructure/database/database.dart' ('lib/features/offline/infrastructure/database/database.dart').
  Try correcting the name to the name of an existing getter, or defining a getter or field named 'tripDao'.
        final tripDao = _database.tripDao;
                                  ^^^^^^^
  lib/features/offline/infrastructure/sync/incremental_sync.dart:553:31: Error: The getter 'tripDao' isn't defined for the type 'AppDatabase'.
   - 'AppDatabase' is from 'package:soloadventurer/features/offline/infrastructure/database/database.dart' ('lib/features/offline/infrastructure/database/database.dart').
  Try correcting the name to the name of an existing getter, or defining a getter or field named 'tripDao'.
      final tripDao = _database.tripDao;
                                ^^^^^^^
  lib/features/offline/infrastructure/sync/incremental_sync.dart:605:34: Error: The getter 'journalDao' isn't defined for the type 'AppDatabase'.
   - 'AppDatabase' is from 'package:soloadventurer/features/offline/infrastructure/database/database.dart' ('lib/features/offline/infrastructure/database/database.dart').
  Try correcting the name to the name of an existing getter, or defining a getter or field named 'journalDao'.
      final journalDao = _database.journalDao;
                                   ^^^^^^^^^^
  lib/features/offline/infrastructure/sync/incremental_sync.dart:660:31: Error: The getter 'userDao' isn't defined for the type 'AppDatabase'.
   - 'AppDatabase' is from 'package:soloadventurer/features/offline/infrastructure/database/database.dart' ('lib/features/offline/infrastructure/database/database.dart').
  Try correcting the name to the name of an existing getter, or defining a getter or field named 'userDao'.
      final userDao = _database.userDao;
                                ^^^^^^^
  lib/features/offline/infrastructure/sync/incremental_sync.dart:727:17: Error: No named parameter with the name 'userId'.
                  userId: userId,
                  ^^^^^^
  lib/features/offline/infrastructure/database/database.g.dart:3723:9: Context: Found this candidate, but the arguments don't match.
    const SyncMetadataTableCompanion({
          ^^^^^^^^^^^^^^^^^^^^^^^^^^
  lib/features/offline/infrastructure/sync/incremental_sync.dart:719:40: Error: The getter 'userId' isn't defined for the type '$SyncMetadataTableTable'.
   - '$SyncMetadataTableTable' is from 'package:soloadventurer/features/offline/infrastructure/database/database.dart' ('lib/features/offline/infrastructure/database/database.dart').
  Try correcting the name to the name of an existing getter, or defining a getter or field named 'userId'.
                    ..where((tbl) => tbl.userId.equals(userId)))
                                         ^^^^^^
  lib/features/offline/infrastructure/sync/incremental_sync.dart:739:24: Error: The method 'SyncMetadataTable' isn't defined for the type 'IncrementalSync'.
   - 'IncrementalSync' is from 'package:soloadventurer/features/offline/infrastructure/sync/incremental_sync.dart' ('lib/features/offline/infrastructure/sync/incremental_sync.dart').
  Try correcting the name to the name of an existing method, or defining a method named 'SyncMetadataTable'.
                .replace(SyncMetadataTable(
                         ^^^^^^^^^^^^^^^^^
  lib/features/offline/infrastructure/sync/incremental_sync.dart:740:30: Error: The getter 'id' isn't defined for the type 'SyncMetadata'.
   - 'SyncMetadata' is from 'package:soloadventurer/features/offline/infrastructure/database/database.dart' ('lib/features/offline/infrastructure/database/database.dart').
  Try correcting the name to the name of an existing getter, or defining a getter or field named 'id'.
                  id: metadata.id,
                               ^^
  lib/features/offline/infrastructure/sync/incremental_sync.dart:746:54: Error: The getter 'lastIncrementalSyncAt' isn't defined for the type 'SyncMetadata'.
   - 'SyncMetadata' is from 'package:soloadventurer/features/offline/infrastructure/database/database.dart' ('lib/features/offline/infrastructure/database/database.dart').
  Try correcting the name to the name of an existing getter, or defining a getter or field named 'lastIncrementalSyncAt'.
                      usedIncremental ? now : metadata.lastIncrementalSyncAt,
                                                       ^^^^^^^^^^^^^^^^^^^^^
  lib/features/offline/infrastructure/sync/incremental_sync.dart:891:7: Error: No named parameter with the name 'firstName'.
        firstName: Value(serverUser['firstName'] as String?),
        ^^^^^^^^^
  lib/features/offline/infrastructure/database/database.g.dart:2407:9: Context: Found this candidate, but the arguments don't match.
    const UsersCompanion({
          ^^^^^^^^^^^^^^
  lib/features/offline/infrastructure/sync/offline_interceptor.dart:348:21: Error: The method 'call' isn't defined for the type 'Future<T>'.
   - 'Future' is from 'dart:async'.
  Try correcting the name to the name of an existing method, or defining a method named 'call'.
        await executor();
                      ^
  lib/features/offline/infrastructure/sync/offline_interceptor.dart:352:26: Error: The method 'call' isn't defined for the type 'Future<void>'.
   - 'Future' is from 'dart:async'.
  Try correcting the name to the name of an existing method, or defining a method named 'call'.
          await localUpdate();
                           ^
  lib/features/offline/infrastructure/sync/offline_interceptor.dart:382:24: Error: The method 'call' isn't defined for the type 'Future<void>'.
   - 'Future' is from 'dart:async'.
  Try correcting the name to the name of an existing method, or defining a method named 'call'.
        await localUpdate();
                         ^
  lib/features/offline/infrastructure/sync/mutation_interceptor.dart:263:66: Error: The argument type 'ErrorInterceptorHandler' can't be assigned to the parameter type 'RequestInterceptorHandler'.
   - 'ErrorInterceptorHandler' is from 'package:dio/src/dio_mixin.dart' ('../.pub-cache/hosted/pub.dev/dio-5.8.0+1/lib/src/dio_mixin.dart').
   - 'RequestInterceptorHandler' is from 'package:dio/src/dio_mixin.dart' ('../.pub-cache/hosted/pub.dev/dio-5.8.0+1/lib/src/dio_mixin.dart').
        await _handleOfflineMutation(metadata, err.requestOptions, handler);
                                                                   ^
  .

To run this test again: /opt/homebrew/Caskroom/flutter/3.32.5/flutter/bin/cache/dart-sdk/bin/dart test /Users/anthonyforan/SoloAdventurer_app/test/features/auth/domain/usecases/get_current_user_use_case_test.dart -p vm --plain-name 'loading /Users/anthonyforan/SoloAdventurer_app/test/features/auth/domain/usecases/get_current_user_use_case_test.dart'
lib/app/di/modules/core_module.dart:13:11: Error: Method not found: 'SecurityManagerImpl'.
    () => SecurityManagerImpl(
          ^^^^^^^^^^^^^^^^^^^
lib/features/auth/data/datasources/mock_auth_remote_data_source.dart:241:21: Error: The getter 'email' isn't defined for the type 'Credentials'.
 - 'Credentials' is from 'package:soloadventurer/features/auth/data/models/credentials.dart' ('lib/features/auth/data/models/credentials.dart').
Try correcting the name to the name of an existing getter, or defining a getter or field named 'email'.
    if (credentials.email != 'test@example.com' || credentials.password != 'password123') {
                    ^^^^^
lib/features/offline/data/repositories/offline_aware_repository.dart:492:19: Error: The getter 'timestamp_' isn't defined for the type 'OfflineAwareRepository<Entity, Model, CreateModel, UpdateModel>'.
 - 'OfflineAwareRepository' is from 'package:soloadventurer/features/offline/data/repositories/offline_aware_repository.dart' ('lib/features/offline/data/repositories/offline_aware_repository.dart').
Try correcting the name to the name of an existing getter, or defining a getter or field named 'timestamp_'.
    return 'temp_$timestamp_$random';
                  ^^^^^^^^^^
lib/features/offline/data/repositories/offline_aware_repository.dart:540:60: Error: Too many positional arguments: 0 allowed, but 1 found.
Try removing the extra positional arguments.
    final result = await _syncQueueService.enqueueOperation(syncOperation);
                                                           ^
lib/features/offline/data/repositories/sync_queue_repository_impl.dart:36:52: Error: The argument type 'int' can't be assigned to the parameter type 'SyncQueueItem'.
 - 'SyncQueueItem' is from 'package:soloadventurer/features/offline/infrastructure/database/database.dart' ('lib/features/offline/infrastructure/database/database.dart').
      return model.SyncOperationModel.fromDatabase(item).toDomainEntity();
                                                   ^
lib/features/offline/infrastructure/sync/background_sync_service.dart:154:11: Error: No named parameter with the name 'requiresNotRoaming'.
          requiresNotRoaming: false, // Allow sync while roaming
          ^^^^^^^^^^^^^^^^^^
../.pub-cache/hosted/pub.dev/workmanager-0.5.2/lib/src/options.dart:96:3: Context: Found this candidate, but the arguments don't match.
  Constraints({
  ^^^^^^^^^^^
lib/features/offline/infrastructure/sync/background_sync_service.dart:164:9: Error: No named parameter with the name 'backoffDelay'.
        backoffDelay: const Duration(minutes: 15), // Initial backoff delay
        ^^^^^^^^^^^^
lib/features/offline/infrastructure/sync/background_sync_service.dart:229:27: Error: The method 'cancelTaskByTag' isn't defined for the type 'Workmanager'.
 - 'Workmanager' is from 'package:workmanager/src/workmanager.dart' ('../.pub-cache/hosted/pub.dev/workmanager-0.5.2/lib/src/workmanager.dart').
Try correcting the name to the name of an existing method, or defining a method named 'cancelTaskByTag'.
      await Workmanager().cancelTaskByTag(periodicSyncTaskName);
                          ^^^^^^^^^^^^^^^
lib/features/offline/infrastructure/sync/conflict_resolver_impl.dart:385:33: Error: The getter 'tripDao' isn't defined for the type 'AppDatabase'.
 - 'AppDatabase' is from 'package:soloadventurer/features/offline/infrastructure/database/database.dart' ('lib/features/offline/infrastructure/database/database.dart').
Try correcting the name to the name of an existing getter, or defining a getter or field named 'tripDao'.
      final tripDao = _database.tripDao;
                                ^^^^^^^
lib/features/offline/infrastructure/sync/conflict_resolver_impl.dart:411:33: Error: The getter 'tripDao' isn't defined for the type 'AppDatabase'.
 - 'AppDatabase' is from 'package:soloadventurer/features/offline/infrastructure/database/database.dart' ('lib/features/offline/infrastructure/database/database.dart').
Try correcting the name to the name of an existing getter, or defining a getter or field named 'tripDao'.
      final tripDao = _database.tripDao;
                                ^^^^^^^
lib/features/offline/infrastructure/sync/conflict_resolver_impl.dart:437:36: Error: The getter 'journalDao' isn't defined for the type 'AppDatabase'.
 - 'AppDatabase' is from 'package:soloadventurer/features/offline/infrastructure/database/database.dart' ('lib/features/offline/infrastructure/database/database.dart').
Try correcting the name to the name of an existing getter, or defining a getter or field named 'journalDao'.
      final journalDao = _database.journalDao;
                                   ^^^^^^^^^^
lib/features/offline/infrastructure/sync/conflict_resolver_impl.dart:460:36: Error: The getter 'journalDao' isn't defined for the type 'AppDatabase'.
 - 'AppDatabase' is from 'package:soloadventurer/features/offline/infrastructure/database/database.dart' ('lib/features/offline/infrastructure/database/database.dart').
Try correcting the name to the name of an existing getter, or defining a getter or field named 'journalDao'.
      final journalDao = _database.journalDao;
                                   ^^^^^^^^^^
lib/features/offline/infrastructure/sync/conflict_resolver_impl.dart:485:33: Error: The getter 'userDao' isn't defined for the type 'AppDatabase'.
 - 'AppDatabase' is from 'package:soloadventurer/features/offline/infrastructure/database/database.dart' ('lib/features/offline/infrastructure/database/database.dart').
Try correcting the name to the name of an existing getter, or defining a getter or field named 'userDao'.
      final userDao = _database.userDao;
                                ^^^^^^^
lib/features/offline/infrastructure/sync/conflict_resolver_impl.dart:508:33: Error: The getter 'userDao' isn't defined for the type 'AppDatabase'.
 - 'AppDatabase' is from 'package:soloadventurer/features/offline/infrastructure/database/database.dart' ('lib/features/offline/infrastructure/database/database.dart').
Try correcting the name to the name of an existing getter, or defining a getter or field named 'userDao'.
      final userDao = _database.userDao;
                                ^^^^^^^
lib/features/offline/infrastructure/sync/download_sync.dart:254:33: Error: The getter 'tripDao' isn't defined for the type 'AppDatabase'.
 - 'AppDatabase' is from 'package:soloadventurer/features/offline/infrastructure/database/database.dart' ('lib/features/offline/infrastructure/database/database.dart').
Try correcting the name to the name of an existing getter, or defining a getter or field named 'tripDao'.
      final tripDao = _database.tripDao;
                                ^^^^^^^
lib/features/offline/infrastructure/sync/download_sync.dart:372:33: Error: The getter 'tripDao' isn't defined for the type 'AppDatabase'.
 - 'AppDatabase' is from 'package:soloadventurer/features/offline/infrastructure/database/database.dart' ('lib/features/offline/infrastructure/database/database.dart').
Try correcting the name to the name of an existing getter, or defining a getter or field named 'tripDao'.
      final tripDao = _database.tripDao;
                                ^^^^^^^
lib/features/offline/infrastructure/sync/download_sync.dart:430:40: Error: The getter 'journalDao' isn't defined for the type 'AppDatabase'.
 - 'AppDatabase' is from 'package:soloadventurer/features/offline/infrastructure/database/database.dart' ('lib/features/offline/infrastructure/database/database.dart').
Try correcting the name to the name of an existing getter, or defining a getter or field named 'journalDao'.
          final journalDao = _database.journalDao;
                                       ^^^^^^^^^^
lib/features/offline/infrastructure/sync/download_sync.dart:568:33: Error: The getter 'userDao' isn't defined for the type 'AppDatabase'.
 - 'AppDatabase' is from 'package:soloadventurer/features/offline/infrastructure/database/database.dart' ('lib/features/offline/infrastructure/database/database.dart').
Try correcting the name to the name of an existing getter, or defining a getter or field named 'userDao'.
      final userDao = _database.userDao;
                                ^^^^^^^
lib/features/offline/infrastructure/sync/download_sync.dart:677:17: Error: No named parameter with the name 'userId'.
                userId: userId,
                ^^^^^^
lib/features/offline/infrastructure/database/database.g.dart:3735:3: Context: Found this candidate, but the arguments don't match.
  SyncMetadataTableCompanion.insert({
  ^^^^^^^^^^^^^^^^^^^^^^^^^^^^^^^^^
lib/features/offline/infrastructure/sync/download_sync.dart:669:40: Error: The getter 'userId' isn't defined for the type '$SyncMetadataTableTable'.
 - '$SyncMetadataTableTable' is from 'package:soloadventurer/features/offline/infrastructure/database/database.dart' ('lib/features/offline/infrastructure/database/database.dart').
Try correcting the name to the name of an existing getter, or defining a getter or field named 'userId'.
                  ..where((tbl) => tbl.userId.equals(userId)))
                                       ^^^^^^
lib/features/offline/infrastructure/sync/download_sync.dart:687:24: Error: The method 'SyncMetadataTable' isn't defined for the type 'DownloadSync'.
 - 'DownloadSync' is from 'package:soloadventurer/features/offline/infrastructure/sync/download_sync.dart' ('lib/features/offline/infrastructure/sync/download_sync.dart').
Try correcting the name to the name of an existing method, or defining a method named 'SyncMetadataTable'.
              .replace(SyncMetadataTable(
                       ^^^^^^^^^^^^^^^^^
lib/features/offline/infrastructure/sync/download_sync.dart:688:30: Error: The getter 'id' isn't defined for the type 'SyncMetadata'.
 - 'SyncMetadata' is from 'package:soloadventurer/features/offline/infrastructure/database/database.dart' ('lib/features/offline/infrastructure/database/database.dart').
Try correcting the name to the name of an existing getter, or defining a getter or field named 'id'.
                id: metadata.id,
                             ^^
lib/features/offline/infrastructure/sync/download_sync.dart:775:7: Error: No named parameter with the name 'firstName'.
      firstName: Value(serverUser['firstName'] as String?),
      ^^^^^^^^^
lib/features/offline/infrastructure/database/database.g.dart:2407:9: Context: Found this candidate, but the arguments don't match.
  const UsersCompanion({
        ^^^^^^^^^^^^^^
lib/features/offline/infrastructure/sync/incremental_sync.dart:262:38: Error: Required named parameter 'userId' must be provided.
        return syncIncrementalChanges(
                                     ^
lib/features/offline/infrastructure/sync/incremental_sync.dart:286:40: Error: The getter 'userId' isn't defined for the type '$SyncMetadataTableTable'.
 - '$SyncMetadataTableTable' is from 'package:soloadventurer/features/offline/infrastructure/database/database.dart' ('lib/features/offline/infrastructure/database/database.dart').
Try correcting the name to the name of an existing getter, or defining a getter or field named 'userId'.
                  ..where((tbl) => tbl.userId.equals(userId)))
                                       ^^^^^^
lib/features/offline/infrastructure/sync/incremental_sync.dart:290:32: Error: The getter 'lastIncrementalSyncAt' isn't defined for the type 'SyncMetadata'.
 - 'SyncMetadata' is from 'package:soloadventurer/features/offline/infrastructure/database/database.dart' ('lib/features/offline/infrastructure/database/database.dart').
Try correcting the name to the name of an existing getter, or defining a getter or field named 'lastIncrementalSyncAt'.
            metadataList.first.lastIncrementalSyncAt == null) {
                               ^^^^^^^^^^^^^^^^^^^^^
lib/features/offline/infrastructure/sync/incremental_sync.dart:309:34: Error: The getter 'userId' isn't defined for the type '$SyncMetadataTableTable'.
 - '$SyncMetadataTableTable' is from 'package:soloadventurer/features/offline/infrastructure/database/database.dart' ('lib/features/offline/infrastructure/database/database.dart').
Try correcting the name to the name of an existing getter, or defining a getter or field named 'userId'.
            ..where((tbl) => tbl.userId.equals(userId)))
                                 ^^^^^^
lib/features/offline/infrastructure/sync/incremental_sync.dart:316:33: Error: The getter 'lastIncrementalSyncAt' isn't defined for the type 'SyncMetadata'.
 - 'SyncMetadata' is from 'package:soloadventurer/features/offline/infrastructure/database/database.dart' ('lib/features/offline/infrastructure/database/database.dart').
Try correcting the name to the name of an existing getter, or defining a getter or field named 'lastIncrementalSyncAt'.
      return metadataList.first.lastIncrementalSyncAt;
                                ^^^^^^^^^^^^^^^^^^^^^
lib/features/offline/infrastructure/sync/incremental_sync.dart:389:33: Error: The getter 'tripDao' isn't defined for the type 'AppDatabase'.
 - 'AppDatabase' is from 'package:soloadventurer/features/offline/infrastructure/database/database.dart' ('lib/features/offline/infrastructure/database/database.dart').
Try correcting the name to the name of an existing getter, or defining a getter or field named 'tripDao'.
      final tripDao = _database.tripDao;
                                ^^^^^^^
lib/features/offline/infrastructure/sync/incremental_sync.dart:553:31: Error: The getter 'tripDao' isn't defined for the type 'AppDatabase'.
 - 'AppDatabase' is from 'package:soloadventurer/features/offline/infrastructure/database/database.dart' ('lib/features/offline/infrastructure/database/database.dart').
Try correcting the name to the name of an existing getter, or defining a getter or field named 'tripDao'.
    final tripDao = _database.tripDao;
                              ^^^^^^^
lib/features/offline/infrastructure/sync/incremental_sync.dart:605:34: Error: The getter 'journalDao' isn't defined for the type 'AppDatabase'.
 - 'AppDatabase' is from 'package:soloadventurer/features/offline/infrastructure/database/database.dart' ('lib/features/offline/infrastructure/database/database.dart').
Try correcting the name to the name of an existing getter, or defining a getter or field named 'journalDao'.
    final journalDao = _database.journalDao;
                                 ^^^^^^^^^^
lib/features/offline/infrastructure/sync/incremental_sync.dart:660:31: Error: The getter 'userDao' isn't defined for the type 'AppDatabase'.
 - 'AppDatabase' is from 'package:soloadventurer/features/offline/infrastructure/database/database.dart' ('lib/features/offline/infrastructure/database/database.dart').
Try correcting the name to the name of an existing getter, or defining a getter or field named 'userDao'.
    final userDao = _database.userDao;
                              ^^^^^^^
lib/features/offline/infrastructure/sync/incremental_sync.dart:727:17: Error: No named parameter with the name 'userId'.
                userId: userId,
                ^^^^^^
lib/features/offline/infrastructure/database/database.g.dart:3723:9: Context: Found this candidate, but the arguments don't match.
  const SyncMetadataTableCompanion({
        ^^^^^^^^^^^^^^^^^^^^^^^^^^
lib/features/offline/infrastructure/sync/incremental_sync.dart:719:40: Error: The getter 'userId' isn't defined for the type '$SyncMetadataTableTable'.
 - '$SyncMetadataTableTable' is from 'package:soloadventurer/features/offline/infrastructure/database/database.dart' ('lib/features/offline/infrastructure/database/database.dart').
Try correcting the name to the name of an existing getter, or defining a getter or field named 'userId'.
                  ..where((tbl) => tbl.userId.equals(userId)))
                                       ^^^^^^
lib/features/offline/infrastructure/sync/incremental_sync.dart:739:24: Error: The method 'SyncMetadataTable' isn't defined for the type 'IncrementalSync'.
 - 'IncrementalSync' is from 'package:soloadventurer/features/offline/infrastructure/sync/incremental_sync.dart' ('lib/features/offline/infrastructure/sync/incremental_sync.dart').
Try correcting the name to the name of an existing method, or defining a method named 'SyncMetadataTable'.
              .replace(SyncMetadataTable(
                       ^^^^^^^^^^^^^^^^^
lib/features/offline/infrastructure/sync/incremental_sync.dart:740:30: Error: The getter 'id' isn't defined for the type 'SyncMetadata'.
 - 'SyncMetadata' is from 'package:soloadventurer/features/offline/infrastructure/database/database.dart' ('lib/features/offline/infrastructure/database/database.dart').
Try correcting the name to the name of an existing getter, or defining a getter or field named 'id'.
                id: metadata.id,
                             ^^
lib/features/offline/infrastructure/sync/incremental_sync.dart:746:54: Error: The getter 'lastIncrementalSyncAt' isn't defined for the type 'SyncMetadata'.
 - 'SyncMetadata' is from 'package:soloadventurer/features/offline/infrastructure/database/database.dart' ('lib/features/offline/infrastructure/database/database.dart').
Try correcting the name to the name of an existing getter, or defining a getter or field named 'lastIncrementalSyncAt'.
                    usedIncremental ? now : metadata.lastIncrementalSyncAt,
                                                     ^^^^^^^^^^^^^^^^^^^^^
lib/features/offline/infrastructure/sync/incremental_sync.dart:891:7: Error: No named parameter with the name 'firstName'.
      firstName: Value(serverUser['firstName'] as String?),
      ^^^^^^^^^
lib/features/offline/infrastructure/database/database.g.dart:2407:9: Context: Found this candidate, but the arguments don't match.
  const UsersCompanion({
        ^^^^^^^^^^^^^^
lib/features/offline/infrastructure/sync/offline_interceptor.dart:348:21: Error: The method 'call' isn't defined for the type 'Future<T>'.
 - 'Future' is from 'dart:async'.
Try correcting the name to the name of an existing method, or defining a method named 'call'.
      await executor();
                    ^
lib/features/offline/infrastructure/sync/offline_interceptor.dart:352:26: Error: The method 'call' isn't defined for the type 'Future<void>'.
 - 'Future' is from 'dart:async'.
Try correcting the name to the name of an existing method, or defining a method named 'call'.
        await localUpdate();
                         ^
lib/features/offline/infrastructure/sync/offline_interceptor.dart:382:24: Error: The method 'call' isn't defined for the type 'Future<void>'.
 - 'Future' is from 'dart:async'.
Try correcting the name to the name of an existing method, or defining a method named 'call'.
      await localUpdate();
                       ^
lib/features/offline/infrastructure/sync/mutation_interceptor.dart:263:66: Error: The argument type 'ErrorInterceptorHandler' can't be assigned to the parameter type 'RequestInterceptorHandler'.
 - 'ErrorInterceptorHandler' is from 'package:dio/src/dio_mixin.dart' ('../.pub-cache/hosted/pub.dev/dio-5.8.0+1/lib/src/dio_mixin.dart').
 - 'RequestInterceptorHandler' is from 'package:dio/src/dio_mixin.dart' ('../.pub-cache/hosted/pub.dev/dio-5.8.0+1/lib/src/dio_mixin.dart').
      await _handleOfflineMutation(metadata, err.requestOptions, handler);
                                                                 ^
00:39 +107 -34: loading /Users/anthonyforan/SoloAdventurer_app/test/features/auth/domain/usecases/register_use_case_test.dart [E]                                                                      
  Failed to load "/Users/anthonyforan/SoloAdventurer_app/test/features/auth/domain/usecases/register_use_case_test.dart":
  Compilation failed for testPath=/Users/anthonyforan/SoloAdventurer_app/test/features/auth/domain/usecases/register_use_case_test.dart: lib/app/di/modules/core_module.dart:13:11: Error: Method not found: 'SecurityManagerImpl'.
      () => SecurityManagerImpl(
            ^^^^^^^^^^^^^^^^^^^
  lib/features/auth/data/datasources/mock_auth_remote_data_source.dart:241:21: Error: The getter 'email' isn't defined for the type 'Credentials'.
   - 'Credentials' is from 'package:soloadventurer/features/auth/data/models/credentials.dart' ('lib/features/auth/data/models/credentials.dart').
  Try correcting the name to the name of an existing getter, or defining a getter or field named 'email'.
      if (credentials.email != 'test@example.com' || credentials.password != 'password123') {
                      ^^^^^
  lib/features/offline/data/repositories/offline_aware_repository.dart:492:19: Error: The getter 'timestamp_' isn't defined for the type 'OfflineAwareRepository<Entity, Model, CreateModel, UpdateModel>'.
   - 'OfflineAwareRepository' is from 'package:soloadventurer/features/offline/data/repositories/offline_aware_repository.dart' ('lib/features/offline/data/repositories/offline_aware_repository.dart').
  Try correcting the name to the name of an existing getter, or defining a getter or field named 'timestamp_'.
      return 'temp_$timestamp_$random';
                    ^^^^^^^^^^
  lib/features/offline/data/repositories/offline_aware_repository.dart:540:60: Error: Too many positional arguments: 0 allowed, but 1 found.
  Try removing the extra positional arguments.
      final result = await _syncQueueService.enqueueOperation(syncOperation);
                                                             ^
  lib/features/offline/data/repositories/sync_queue_repository_impl.dart:36:52: Error: The argument type 'int' can't be assigned to the parameter type 'SyncQueueItem'.
   - 'SyncQueueItem' is from 'package:soloadventurer/features/offline/infrastructure/database/database.dart' ('lib/features/offline/infrastructure/database/database.dart').
        return model.SyncOperationModel.fromDatabase(item).toDomainEntity();
                                                     ^
  lib/features/offline/infrastructure/sync/background_sync_service.dart:154:11: Error: No named parameter with the name 'requiresNotRoaming'.
            requiresNotRoaming: false, // Allow sync while roaming
            ^^^^^^^^^^^^^^^^^^
  ../.pub-cache/hosted/pub.dev/workmanager-0.5.2/lib/src/options.dart:96:3: Context: Found this candidate, but the arguments don't match.
    Constraints({
    ^^^^^^^^^^^
  lib/features/offline/infrastructure/sync/background_sync_service.dart:164:9: Error: No named parameter with the name 'backoffDelay'.
          backoffDelay: const Duration(minutes: 15), // Initial backoff delay
          ^^^^^^^^^^^^
  lib/features/offline/infrastructure/sync/background_sync_service.dart:229:27: Error: The method 'cancelTaskByTag' isn't defined for the type 'Workmanager'.
   - 'Workmanager' is from 'package:workmanager/src/workmanager.dart' ('../.pub-cache/hosted/pub.dev/workmanager-0.5.2/lib/src/workmanager.dart').
  Try correcting the name to the name of an existing method, or defining a method named 'cancelTaskByTag'.
        await Workmanager().cancelTaskByTag(periodicSyncTaskName);
                            ^^^^^^^^^^^^^^^
  lib/features/offline/infrastructure/sync/conflict_resolver_impl.dart:385:33: Error: The getter 'tripDao' isn't defined for the type 'AppDatabase'.
   - 'AppDatabase' is from 'package:soloadventurer/features/offline/infrastructure/database/database.dart' ('lib/features/offline/infrastructure/database/database.dart').
  Try correcting the name to the name of an existing getter, or defining a getter or field named 'tripDao'.
        final tripDao = _database.tripDao;
                                  ^^^^^^^
  lib/features/offline/infrastructure/sync/conflict_resolver_impl.dart:411:33: Error: The getter 'tripDao' isn't defined for the type 'AppDatabase'.
   - 'AppDatabase' is from 'package:soloadventurer/features/offline/infrastructure/database/database.dart' ('lib/features/offline/infrastructure/database/database.dart').
  Try correcting the name to the name of an existing getter, or defining a getter or field named 'tripDao'.
        final tripDao = _database.tripDao;
                                  ^^^^^^^
  lib/features/offline/infrastructure/sync/conflict_resolver_impl.dart:437:36: Error: The getter 'journalDao' isn't defined for the type 'AppDatabase'.
   - 'AppDatabase' is from 'package:soloadventurer/features/offline/infrastructure/database/database.dart' ('lib/features/offline/infrastructure/database/database.dart').
  Try correcting the name to the name of an existing getter, or defining a getter or field named 'journalDao'.
        final journalDao = _database.journalDao;
                                     ^^^^^^^^^^
  lib/features/offline/infrastructure/sync/conflict_resolver_impl.dart:460:36: Error: The getter 'journalDao' isn't defined for the type 'AppDatabase'.
   - 'AppDatabase' is from 'package:soloadventurer/features/offline/infrastructure/database/database.dart' ('lib/features/offline/infrastructure/database/database.dart').
  Try correcting the name to the name of an existing getter, or defining a getter or field named 'journalDao'.
        final journalDao = _database.journalDao;
                                     ^^^^^^^^^^
  lib/features/offline/infrastructure/sync/conflict_resolver_impl.dart:485:33: Error: The getter 'userDao' isn't defined for the type 'AppDatabase'.
   - 'AppDatabase' is from 'package:soloadventurer/features/offline/infrastructure/database/database.dart' ('lib/features/offline/infrastructure/database/database.dart').
  Try correcting the name to the name of an existing getter, or defining a getter or field named 'userDao'.
        final userDao = _database.userDao;
                                  ^^^^^^^
  lib/features/offline/infrastructure/sync/conflict_resolver_impl.dart:508:33: Error: The getter 'userDao' isn't defined for the type 'AppDatabase'.
   - 'AppDatabase' is from 'package:soloadventurer/features/offline/infrastructure/database/database.dart' ('lib/features/offline/infrastructure/database/database.dart').
  Try correcting the name to the name of an existing getter, or defining a getter or field named 'userDao'.
        final userDao = _database.userDao;
                                  ^^^^^^^
  lib/features/offline/infrastructure/sync/download_sync.dart:254:33: Error: The getter 'tripDao' isn't defined for the type 'AppDatabase'.
   - 'AppDatabase' is from 'package:soloadventurer/features/offline/infrastructure/database/database.dart' ('lib/features/offline/infrastructure/database/database.dart').
  Try correcting the name to the name of an existing getter, or defining a getter or field named 'tripDao'.
        final tripDao = _database.tripDao;
                                  ^^^^^^^
  lib/features/offline/infrastructure/sync/download_sync.dart:372:33: Error: The getter 'tripDao' isn't defined for the type 'AppDatabase'.
   - 'AppDatabase' is from 'package:soloadventurer/features/offline/infrastructure/database/database.dart' ('lib/features/offline/infrastructure/database/database.dart').
  Try correcting the name to the name of an existing getter, or defining a getter or field named 'tripDao'.
        final tripDao = _database.tripDao;
                                  ^^^^^^^
  lib/features/offline/infrastructure/sync/download_sync.dart:430:40: Error: The getter 'journalDao' isn't defined for the type 'AppDatabase'.
   - 'AppDatabase' is from 'package:soloadventurer/features/offline/infrastructure/database/database.dart' ('lib/features/offline/infrastructure/database/database.dart').
  Try correcting the name to the name of an existing getter, or defining a getter or field named 'journalDao'.
            final journalDao = _database.journalDao;
                                         ^^^^^^^^^^
  lib/features/offline/infrastructure/sync/download_sync.dart:568:33: Error: The getter 'userDao' isn't defined for the type 'AppDatabase'.
   - 'AppDatabase' is from 'package:soloadventurer/features/offline/infrastructure/database/database.dart' ('lib/features/offline/infrastructure/database/database.dart').
  Try correcting the name to the name of an existing getter, or defining a getter or field named 'userDao'.
        final userDao = _database.userDao;
                                  ^^^^^^^
  lib/features/offline/infrastructure/sync/download_sync.dart:677:17: Error: No named parameter with the name 'userId'.
                  userId: userId,
                  ^^^^^^
  lib/features/offline/infrastructure/database/database.g.dart:3735:3: Context: Found this candidate, but the arguments don't match.
    SyncMetadataTableCompanion.insert({
    ^^^^^^^^^^^^^^^^^^^^^^^^^^^^^^^^^
  lib/features/offline/infrastructure/sync/download_sync.dart:669:40: Error: The getter 'userId' isn't defined for the type '$SyncMetadataTableTable'.
   - '$SyncMetadataTableTable' is from 'package:soloadventurer/features/offline/infrastructure/database/database.dart' ('lib/features/offline/infrastructure/database/database.dart').
  Try correcting the name to the name of an existing getter, or defining a getter or field named 'userId'.
                    ..where((tbl) => tbl.userId.equals(userId)))
                                         ^^^^^^
  lib/features/offline/infrastructure/sync/download_sync.dart:687:24: Error: The method 'SyncMetadataTable' isn't defined for the type 'DownloadSync'.
   - 'DownloadSync' is from 'package:soloadventurer/features/offline/infrastructure/sync/download_sync.dart' ('lib/features/offline/infrastructure/sync/download_sync.dart').
  Try correcting the name to the name of an existing method, or defining a method named 'SyncMetadataTable'.
                .replace(SyncMetadataTable(
                         ^^^^^^^^^^^^^^^^^
  lib/features/offline/infrastructure/sync/download_sync.dart:688:30: Error: The getter 'id' isn't defined for the type 'SyncMetadata'.
   - 'SyncMetadata' is from 'package:soloadventurer/features/offline/infrastructure/database/database.dart' ('lib/features/offline/infrastructure/database/database.dart').
  Try correcting the name to the name of an existing getter, or defining a getter or field named 'id'.
                  id: metadata.id,
                               ^^
  lib/features/offline/infrastructure/sync/download_sync.dart:775:7: Error: No named parameter with the name 'firstName'.
        firstName: Value(serverUser['firstName'] as String?),
        ^^^^^^^^^
  lib/features/offline/infrastructure/database/database.g.dart:2407:9: Context: Found this candidate, but the arguments don't match.
    const UsersCompanion({
          ^^^^^^^^^^^^^^
  lib/features/offline/infrastructure/sync/incremental_sync.dart:262:38: Error: Required named parameter 'userId' must be provided.
          return syncIncrementalChanges(
                                       ^
  lib/features/offline/infrastructure/sync/incremental_sync.dart:286:40: Error: The getter 'userId' isn't defined for the type '$SyncMetadataTableTable'.
   - '$SyncMetadataTableTable' is from 'package:soloadventurer/features/offline/infrastructure/database/database.dart' ('lib/features/offline/infrastructure/database/database.dart').
  Try correcting the name to the name of an existing getter, or defining a getter or field named 'userId'.
                    ..where((tbl) => tbl.userId.equals(userId)))
                                         ^^^^^^
  lib/features/offline/infrastructure/sync/incremental_sync.dart:290:32: Error: The getter 'lastIncrementalSyncAt' isn't defined for the type 'SyncMetadata'.
   - 'SyncMetadata' is from 'package:soloadventurer/features/offline/infrastructure/database/database.dart' ('lib/features/offline/infrastructure/database/database.dart').
  Try correcting the name to the name of an existing getter, or defining a getter or field named 'lastIncrementalSyncAt'.
              metadataList.first.lastIncrementalSyncAt == null) {
                                 ^^^^^^^^^^^^^^^^^^^^^
  lib/features/offline/infrastructure/sync/incremental_sync.dart:309:34: Error: The getter 'userId' isn't defined for the type '$SyncMetadataTableTable'.
   - '$SyncMetadataTableTable' is from 'package:soloadventurer/features/offline/infrastructure/database/database.dart' ('lib/features/offline/infrastructure/database/database.dart').
  Try correcting the name to the name of an existing getter, or defining a getter or field named 'userId'.
              ..where((tbl) => tbl.userId.equals(userId)))
                                   ^^^^^^
  lib/features/offline/infrastructure/sync/incremental_sync.dart:316:33: Error: The getter 'lastIncrementalSyncAt' isn't defined for the type 'SyncMetadata'.
   - 'SyncMetadata' is from 'package:soloadventurer/features/offline/infrastructure/database/database.dart' ('lib/features/offline/infrastructure/database/database.dart').
  Try correcting the name to the name of an existing getter, or defining a getter or field named 'lastIncrementalSyncAt'.
        return metadataList.first.lastIncrementalSyncAt;
                                  ^^^^^^^^^^^^^^^^^^^^^
  lib/features/offline/infrastructure/sync/incremental_sync.dart:389:33: Error: The getter 'tripDao' isn't defined for the type 'AppDatabase'.
   - 'AppDatabase' is from 'package:soloadventurer/features/offline/infrastructure/database/database.dart' ('lib/features/offline/infrastructure/database/database.dart').
  Try correcting the name to the name of an existing getter, or defining a getter or field named 'tripDao'.
        final tripDao = _database.tripDao;
                                  ^^^^^^^
  lib/features/offline/infrastructure/sync/incremental_sync.dart:553:31: Error: The getter 'tripDao' isn't defined for the type 'AppDatabase'.
   - 'AppDatabase' is from 'package:soloadventurer/features/offline/infrastructure/database/database.dart' ('lib/features/offline/infrastructure/database/database.dart').
  Try correcting the name to the name of an existing getter, or defining a getter or field named 'tripDao'.
      final tripDao = _database.tripDao;
                                ^^^^^^^
  lib/features/offline/infrastructure/sync/incremental_sync.dart:605:34: Error: The getter 'journalDao' isn't defined for the type 'AppDatabase'.
   - 'AppDatabase' is from 'package:soloadventurer/features/offline/infrastructure/database/database.dart' ('lib/features/offline/infrastructure/database/database.dart').
  Try correcting the name to the name of an existing getter, or defining a getter or field named 'journalDao'.
      final journalDao = _database.journalDao;
                                   ^^^^^^^^^^
  lib/features/offline/infrastructure/sync/incremental_sync.dart:660:31: Error: The getter 'userDao' isn't defined for the type 'AppDatabase'.
   - 'AppDatabase' is from 'package:soloadventurer/features/offline/infrastructure/database/database.dart' ('lib/features/offline/infrastructure/database/database.dart').
  Try correcting the name to the name of an existing getter, or defining a getter or field named 'userDao'.
      final userDao = _database.userDao;
                                ^^^^^^^
  lib/features/offline/infrastructure/sync/incremental_sync.dart:727:17: Error: No named parameter with the name 'userId'.
                  userId: userId,
                  ^^^^^^
  lib/features/offline/infrastructure/database/database.g.dart:3723:9: Context: Found this candidate, but the arguments don't match.
    const SyncMetadataTableCompanion({
          ^^^^^^^^^^^^^^^^^^^^^^^^^^
  lib/features/offline/infrastructure/sync/incremental_sync.dart:719:40: Error: The getter 'userId' isn't defined for the type '$SyncMetadataTableTable'.
   - '$SyncMetadataTableTable' is from 'package:soloadventurer/features/offline/infrastructure/database/database.dart' ('lib/features/offline/infrastructure/database/database.dart').
  Try correcting the name to the name of an existing getter, or defining a getter or field named 'userId'.
                    ..where((tbl) => tbl.userId.equals(userId)))
                                         ^^^^^^
  lib/features/offline/infrastructure/sync/incremental_sync.dart:739:24: Error: The method 'SyncMetadataTable' isn't defined for the type 'IncrementalSync'.
   - 'IncrementalSync' is from 'package:soloadventurer/features/offline/infrastructure/sync/incremental_sync.dart' ('lib/features/offline/infrastructure/sync/incremental_sync.dart').
  Try correcting the name to the name of an existing method, or defining a method named 'SyncMetadataTable'.
                .replace(SyncMetadataTable(
                         ^^^^^^^^^^^^^^^^^
  lib/features/offline/infrastructure/sync/incremental_sync.dart:740:30: Error: The getter 'id' isn't defined for the type 'SyncMetadata'.
   - 'SyncMetadata' is from 'package:soloadventurer/features/offline/infrastructure/database/database.dart' ('lib/features/offline/infrastructure/database/database.dart').
  Try correcting the name to the name of an existing getter, or defining a getter or field named 'id'.
                  id: metadata.id,
                               ^^
  lib/features/offline/infrastructure/sync/incremental_sync.dart:746:54: Error: The getter 'lastIncrementalSyncAt' isn't defined for the type 'SyncMetadata'.
   - 'SyncMetadata' is from 'package:soloadventurer/features/offline/infrastructure/database/database.dart' ('lib/features/offline/infrastructure/database/database.dart').
  Try correcting the name to the name of an existing getter, or defining a getter or field named 'lastIncrementalSyncAt'.
                      usedIncremental ? now : metadata.lastIncrementalSyncAt,
                                                       ^^^^^^^^^^^^^^^^^^^^^
  lib/features/offline/infrastructure/sync/incremental_sync.dart:891:7: Error: No named parameter with the name 'firstName'.
        firstName: Value(serverUser['firstName'] as String?),
        ^^^^^^^^^
  lib/features/offline/infrastructure/database/database.g.dart:2407:9: Context: Found this candidate, but the arguments don't match.
    const UsersCompanion({
          ^^^^^^^^^^^^^^
  lib/features/offline/infrastructure/sync/offline_interceptor.dart:348:21: Error: The method 'call' isn't defined for the type 'Future<T>'.
   - 'Future' is from 'dart:async'.
  Try correcting the name to the name of an existing method, or defining a method named 'call'.
        await executor();
                      ^
  lib/features/offline/infrastructure/sync/offline_interceptor.dart:352:26: Error: The method 'call' isn't defined for the type 'Future<void>'.
   - 'Future' is from 'dart:async'.
  Try correcting the name to the name of an existing method, or defining a method named 'call'.
          await localUpdate();
                           ^
  lib/features/offline/infrastructure/sync/offline_interceptor.dart:382:24: Error: The method 'call' isn't defined for the type 'Future<void>'.
   - 'Future' is from 'dart:async'.
  Try correcting the name to the name of an existing method, or defining a method named 'call'.
        await localUpdate();
                         ^
  lib/features/offline/infrastructure/sync/mutation_interceptor.dart:263:66: Error: The argument type 'ErrorInterceptorHandler' can't be assigned to the parameter type 'RequestInterceptorHandler'.
   - 'ErrorInterceptorHandler' is from 'package:dio/src/dio_mixin.dart' ('../.pub-cache/hosted/pub.dev/dio-5.8.0+1/lib/src/dio_mixin.dart').
   - 'RequestInterceptorHandler' is from 'package:dio/src/dio_mixin.dart' ('../.pub-cache/hosted/pub.dev/dio-5.8.0+1/lib/src/dio_mixin.dart').
        await _handleOfflineMutation(metadata, err.requestOptions, handler);
                                                                   ^
  .

To run this test again: /opt/homebrew/Caskroom/flutter/3.32.5/flutter/bin/cache/dart-sdk/bin/dart test /Users/anthonyforan/SoloAdventurer_app/test/features/auth/domain/usecases/register_use_case_test.dart -p vm --plain-name 'loading /Users/anthonyforan/SoloAdventurer_app/test/features/auth/domain/usecases/register_use_case_test.dart'
lib/app/di/modules/core_module.dart:13:11: Error: Method not found: 'SecurityManagerImpl'.
    () => SecurityManagerImpl(
          ^^^^^^^^^^^^^^^^^^^
lib/features/auth/data/datasources/mock_auth_remote_data_source.dart:241:21: Error: The getter 'email' isn't defined for the type 'Credentials'.
 - 'Credentials' is from 'package:soloadventurer/features/auth/data/models/credentials.dart' ('lib/features/auth/data/models/credentials.dart').
Try correcting the name to the name of an existing getter, or defining a getter or field named 'email'.
    if (credentials.email != 'test@example.com' || credentials.password != 'password123') {
                    ^^^^^
lib/features/offline/data/repositories/offline_aware_repository.dart:492:19: Error: The getter 'timestamp_' isn't defined for the type 'OfflineAwareRepository<Entity, Model, CreateModel, UpdateModel>'.
 - 'OfflineAwareRepository' is from 'package:soloadventurer/features/offline/data/repositories/offline_aware_repository.dart' ('lib/features/offline/data/repositories/offline_aware_repository.dart').
Try correcting the name to the name of an existing getter, or defining a getter or field named 'timestamp_'.
    return 'temp_$timestamp_$random';
                  ^^^^^^^^^^
lib/features/offline/data/repositories/sync_queue_repository_impl.dart:36:52: Error: The argument type 'int' can't be assigned to the parameter type 'SyncQueueItem'.
 - 'SyncQueueItem' is from 'package:soloadventurer/features/offline/infrastructure/database/database.dart' ('lib/features/offline/infrastructure/database/database.dart').
      return model.SyncOperationModel.fromDatabase(item).toDomainEntity();
                                                   ^
lib/features/offline/infrastructure/sync/background_sync_service.dart:154:11: Error: No named parameter with the name 'requiresNotRoaming'.
          requiresNotRoaming: false, // Allow sync while roaming
          ^^^^^^^^^^^^^^^^^^
../.pub-cache/hosted/pub.dev/workmanager-0.5.2/lib/src/options.dart:96:3: Context: Found this candidate, but the arguments don't match.
  Constraints({
  ^^^^^^^^^^^
lib/features/offline/infrastructure/sync/background_sync_service.dart:164:9: Error: No named parameter with the name 'backoffDelay'.
        backoffDelay: const Duration(minutes: 15), // Initial backoff delay
        ^^^^^^^^^^^^
lib/features/offline/infrastructure/sync/background_sync_service.dart:229:27: Error: The method 'cancelTaskByTag' isn't defined for the type 'Workmanager'.
 - 'Workmanager' is from 'package:workmanager/src/workmanager.dart' ('../.pub-cache/hosted/pub.dev/workmanager-0.5.2/lib/src/workmanager.dart').
Try correcting the name to the name of an existing method, or defining a method named 'cancelTaskByTag'.
      await Workmanager().cancelTaskByTag(periodicSyncTaskName);
                          ^^^^^^^^^^^^^^^
lib/features/offline/infrastructure/sync/conflict_resolver_impl.dart:385:33: Error: The getter 'tripDao' isn't defined for the type 'AppDatabase'.
 - 'AppDatabase' is from 'package:soloadventurer/features/offline/infrastructure/database/database.dart' ('lib/features/offline/infrastructure/database/database.dart').
Try correcting the name to the name of an existing getter, or defining a getter or field named 'tripDao'.
      final tripDao = _database.tripDao;
                                ^^^^^^^
lib/features/offline/infrastructure/sync/conflict_resolver_impl.dart:411:33: Error: The getter 'tripDao' isn't defined for the type 'AppDatabase'.
 - 'AppDatabase' is from 'package:soloadventurer/features/offline/infrastructure/database/database.dart' ('lib/features/offline/infrastructure/database/database.dart').
Try correcting the name to the name of an existing getter, or defining a getter or field named 'tripDao'.
      final tripDao = _database.tripDao;
                                ^^^^^^^
lib/features/offline/infrastructure/sync/conflict_resolver_impl.dart:437:36: Error: The getter 'journalDao' isn't defined for the type 'AppDatabase'.
 - 'AppDatabase' is from 'package:soloadventurer/features/offline/infrastructure/database/database.dart' ('lib/features/offline/infrastructure/database/database.dart').
Try correcting the name to the name of an existing getter, or defining a getter or field named 'journalDao'.
      final journalDao = _database.journalDao;
                                   ^^^^^^^^^^
lib/features/offline/infrastructure/sync/conflict_resolver_impl.dart:460:36: Error: The getter 'journalDao' isn't defined for the type 'AppDatabase'.
 - 'AppDatabase' is from 'package:soloadventurer/features/offline/infrastructure/database/database.dart' ('lib/features/offline/infrastructure/database/database.dart').
Try correcting the name to the name of an existing getter, or defining a getter or field named 'journalDao'.
      final journalDao = _database.journalDao;
                                   ^^^^^^^^^^
lib/features/offline/infrastructure/sync/conflict_resolver_impl.dart:485:33: Error: The getter 'userDao' isn't defined for the type 'AppDatabase'.
 - 'AppDatabase' is from 'package:soloadventurer/features/offline/infrastructure/database/database.dart' ('lib/features/offline/infrastructure/database/database.dart').
Try correcting the name to the name of an existing getter, or defining a getter or field named 'userDao'.
      final userDao = _database.userDao;
                                ^^^^^^^
lib/features/offline/infrastructure/sync/conflict_resolver_impl.dart:508:33: Error: The getter 'userDao' isn't defined for the type 'AppDatabase'.
 - 'AppDatabase' is from 'package:soloadventurer/features/offline/infrastructure/database/database.dart' ('lib/features/offline/infrastructure/database/database.dart').
Try correcting the name to the name of an existing getter, or defining a getter or field named 'userDao'.
      final userDao = _database.userDao;
                                ^^^^^^^
lib/features/offline/infrastructure/sync/download_sync.dart:254:33: Error: The getter 'tripDao' isn't defined for the type 'AppDatabase'.
 - 'AppDatabase' is from 'package:soloadventurer/features/offline/infrastructure/database/database.dart' ('lib/features/offline/infrastructure/database/database.dart').
Try correcting the name to the name of an existing getter, or defining a getter or field named 'tripDao'.
      final tripDao = _database.tripDao;
                                ^^^^^^^
lib/features/offline/infrastructure/sync/download_sync.dart:372:33: Error: The getter 'tripDao' isn't defined for the type 'AppDatabase'.
 - 'AppDatabase' is from 'package:soloadventurer/features/offline/infrastructure/database/database.dart' ('lib/features/offline/infrastructure/database/database.dart').
Try correcting the name to the name of an existing getter, or defining a getter or field named 'tripDao'.
      final tripDao = _database.tripDao;
                                ^^^^^^^
lib/features/offline/infrastructure/sync/download_sync.dart:430:40: Error: The getter 'journalDao' isn't defined for the type 'AppDatabase'.
 - 'AppDatabase' is from 'package:soloadventurer/features/offline/infrastructure/database/database.dart' ('lib/features/offline/infrastructure/database/database.dart').
Try correcting the name to the name of an existing getter, or defining a getter or field named 'journalDao'.
          final journalDao = _database.journalDao;
                                       ^^^^^^^^^^
lib/features/offline/infrastructure/sync/download_sync.dart:568:33: Error: The getter 'userDao' isn't defined for the type 'AppDatabase'.
 - 'AppDatabase' is from 'package:soloadventurer/features/offline/infrastructure/database/database.dart' ('lib/features/offline/infrastructure/database/database.dart').
Try correcting the name to the name of an existing getter, or defining a getter or field named 'userDao'.
      final userDao = _database.userDao;
                                ^^^^^^^
lib/features/offline/infrastructure/sync/download_sync.dart:677:17: Error: No named parameter with the name 'userId'.
                userId: userId,
                ^^^^^^
lib/features/offline/infrastructure/database/database.g.dart:3735:3: Context: Found this candidate, but the arguments don't match.
  SyncMetadataTableCompanion.insert({
  ^^^^^^^^^^^^^^^^^^^^^^^^^^^^^^^^^
lib/features/offline/infrastructure/sync/download_sync.dart:669:40: Error: The getter 'userId' isn't defined for the type '$SyncMetadataTableTable'.
 - '$SyncMetadataTableTable' is from 'package:soloadventurer/features/offline/infrastructure/database/database.dart' ('lib/features/offline/infrastructure/database/database.dart').
Try correcting the name to the name of an existing getter, or defining a getter or field named 'userId'.
                  ..where((tbl) => tbl.userId.equals(userId)))
                                       ^^^^^^
lib/features/offline/infrastructure/sync/download_sync.dart:687:24: Error: The method 'SyncMetadataTable' isn't defined for the type 'DownloadSync'.
 - 'DownloadSync' is from 'package:soloadventurer/features/offline/infrastructure/sync/download_sync.dart' ('lib/features/offline/infrastructure/sync/download_sync.dart').
Try correcting the name to the name of an existing method, or defining a method named 'SyncMetadataTable'.
              .replace(SyncMetadataTable(
                       ^^^^^^^^^^^^^^^^^
lib/features/offline/infrastructure/sync/download_sync.dart:688:30: Error: The getter 'id' isn't defined for the type 'SyncMetadata'.
 - 'SyncMetadata' is from 'package:soloadventurer/features/offline/infrastructure/database/database.dart' ('lib/features/offline/infrastructure/database/database.dart').
Try correcting the name to the name of an existing getter, or defining a getter or field named 'id'.
                id: metadata.id,
                             ^^
lib/features/offline/infrastructure/sync/download_sync.dart:775:7: Error: No named parameter with the name 'firstName'.
      firstName: Value(serverUser['firstName'] as String?),
      ^^^^^^^^^
lib/features/offline/infrastructure/database/database.g.dart:2407:9: Context: Found this candidate, but the arguments don't match.
  const UsersCompanion({
        ^^^^^^^^^^^^^^
lib/features/offline/infrastructure/sync/incremental_sync.dart:262:38: Error: Required named parameter 'userId' must be provided.
        return syncIncrementalChanges(
                                     ^
lib/features/offline/infrastructure/sync/incremental_sync.dart:286:40: Error: The getter 'userId' isn't defined for the type '$SyncMetadataTableTable'.
 - '$SyncMetadataTableTable' is from 'package:soloadventurer/features/offline/infrastructure/database/database.dart' ('lib/features/offline/infrastructure/database/database.dart').
Try correcting the name to the name of an existing getter, or defining a getter or field named 'userId'.
                  ..where((tbl) => tbl.userId.equals(userId)))
                                       ^^^^^^
lib/features/offline/infrastructure/sync/incremental_sync.dart:290:32: Error: The getter 'lastIncrementalSyncAt' isn't defined for the type 'SyncMetadata'.
 - 'SyncMetadata' is from 'package:soloadventurer/features/offline/infrastructure/database/database.dart' ('lib/features/offline/infrastructure/database/database.dart').
Try correcting the name to the name of an existing getter, or defining a getter or field named 'lastIncrementalSyncAt'.
            metadataList.first.lastIncrementalSyncAt == null) {
                               ^^^^^^^^^^^^^^^^^^^^^
lib/features/offline/infrastructure/sync/incremental_sync.dart:309:34: Error: The getter 'userId' isn't defined for the type '$SyncMetadataTableTable'.
 - '$SyncMetadataTableTable' is from 'package:soloadventurer/features/offline/infrastructure/database/database.dart' ('lib/features/offline/infrastructure/database/database.dart').
Try correcting the name to the name of an existing getter, or defining a getter or field named 'userId'.
            ..where((tbl) => tbl.userId.equals(userId)))
                                 ^^^^^^
lib/features/offline/infrastructure/sync/incremental_sync.dart:316:33: Error: The getter 'lastIncrementalSyncAt' isn't defined for the type 'SyncMetadata'.
 - 'SyncMetadata' is from 'package:soloadventurer/features/offline/infrastructure/database/database.dart' ('lib/features/offline/infrastructure/database/database.dart').
Try correcting the name to the name of an existing getter, or defining a getter or field named 'lastIncrementalSyncAt'.
      return metadataList.first.lastIncrementalSyncAt;
                                ^^^^^^^^^^^^^^^^^^^^^
lib/features/offline/infrastructure/sync/incremental_sync.dart:389:33: Error: The getter 'tripDao' isn't defined for the type 'AppDatabase'.
 - 'AppDatabase' is from 'package:soloadventurer/features/offline/infrastructure/database/database.dart' ('lib/features/offline/infrastructure/database/database.dart').
Try correcting the name to the name of an existing getter, or defining a getter or field named 'tripDao'.
      final tripDao = _database.tripDao;
                                ^^^^^^^
lib/features/offline/infrastructure/sync/incremental_sync.dart:553:31: Error: The getter 'tripDao' isn't defined for the type 'AppDatabase'.
 - 'AppDatabase' is from 'package:soloadventurer/features/offline/infrastructure/database/database.dart' ('lib/features/offline/infrastructure/database/database.dart').
Try correcting the name to the name of an existing getter, or defining a getter or field named 'tripDao'.
    final tripDao = _database.tripDao;
                              ^^^^^^^
lib/features/offline/infrastructure/sync/incremental_sync.dart:605:34: Error: The getter 'journalDao' isn't defined for the type 'AppDatabase'.
 - 'AppDatabase' is from 'package:soloadventurer/features/offline/infrastructure/database/database.dart' ('lib/features/offline/infrastructure/database/database.dart').
Try correcting the name to the name of an existing getter, or defining a getter or field named 'journalDao'.
    final journalDao = _database.journalDao;
                                 ^^^^^^^^^^
lib/features/offline/infrastructure/sync/incremental_sync.dart:660:31: Error: The getter 'userDao' isn't defined for the type 'AppDatabase'.
 - 'AppDatabase' is from 'package:soloadventurer/features/offline/infrastructure/database/database.dart' ('lib/features/offline/infrastructure/database/database.dart').
Try correcting the name to the name of an existing getter, or defining a getter or field named 'userDao'.
    final userDao = _database.userDao;
                              ^^^^^^^
lib/features/offline/infrastructure/sync/incremental_sync.dart:727:17: Error: No named parameter with the name 'userId'.
                userId: userId,
                ^^^^^^
lib/features/offline/infrastructure/database/database.g.dart:3723:9: Context: Found this candidate, but the arguments don't match.
  const SyncMetadataTableCompanion({
        ^^^^^^^^^^^^^^^^^^^^^^^^^^
lib/features/offline/infrastructure/sync/incremental_sync.dart:719:40: Error: The getter 'userId' isn't defined for the type '$SyncMetadataTableTable'.
 - '$SyncMetadataTableTable' is from 'package:soloadventurer/features/offline/infrastructure/database/database.dart' ('lib/features/offline/infrastructure/database/database.dart').
Try correcting the name to the name of an existing getter, or defining a getter or field named 'userId'.
                  ..where((tbl) => tbl.userId.equals(userId)))
                                       ^^^^^^
lib/features/offline/infrastructure/sync/incremental_sync.dart:739:24: Error: The method 'SyncMetadataTable' isn't defined for the type 'IncrementalSync'.
 - 'IncrementalSync' is from 'package:soloadventurer/features/offline/infrastructure/sync/incremental_sync.dart' ('lib/features/offline/infrastructure/sync/incremental_sync.dart').
Try correcting the name to the name of an existing method, or defining a method named 'SyncMetadataTable'.
              .replace(SyncMetadataTable(
                       ^^^^^^^^^^^^^^^^^
lib/features/offline/infrastructure/sync/incremental_sync.dart:740:30: Error: The getter 'id' isn't defined for the type 'SyncMetadata'.
 - 'SyncMetadata' is from 'package:soloadventurer/features/offline/infrastructure/database/database.dart' ('lib/features/offline/infrastructure/database/database.dart').
Try correcting the name to the name of an existing getter, or defining a getter or field named 'id'.
                id: metadata.id,
                             ^^
lib/features/offline/infrastructure/sync/incremental_sync.dart:746:54: Error: The getter 'lastIncrementalSyncAt' isn't defined for the type 'SyncMetadata'.
 - 'SyncMetadata' is from 'package:soloadventurer/features/offline/infrastructure/database/database.dart' ('lib/features/offline/infrastructure/database/database.dart').
Try correcting the name to the name of an existing getter, or defining a getter or field named 'lastIncrementalSyncAt'.
                    usedIncremental ? now : metadata.lastIncrementalSyncAt,
                                                     ^^^^^^^^^^^^^^^^^^^^^
lib/features/offline/infrastructure/sync/incremental_sync.dart:891:7: Error: No named parameter with the name 'firstName'.
      firstName: Value(serverUser['firstName'] as String?),
      ^^^^^^^^^
lib/features/offline/infrastructure/database/database.g.dart:2407:9: Context: Found this candidate, but the arguments don't match.
  const UsersCompanion({
        ^^^^^^^^^^^^^^
lib/features/offline/infrastructure/sync/offline_interceptor.dart:348:21: Error: The method 'call' isn't defined for the type 'Future<T>'.
 - 'Future' is from 'dart:async'.
Try correcting the name to the name of an existing method, or defining a method named 'call'.
      await executor();
                    ^
lib/features/offline/infrastructure/sync/offline_interceptor.dart:352:26: Error: The method 'call' isn't defined for the type 'Future<void>'.
 - 'Future' is from 'dart:async'.
Try correcting the name to the name of an existing method, or defining a method named 'call'.
        await localUpdate();
                         ^
lib/features/offline/infrastructure/sync/offline_interceptor.dart:382:24: Error: The method 'call' isn't defined for the type 'Future<void>'.
 - 'Future' is from 'dart:async'.
Try correcting the name to the name of an existing method, or defining a method named 'call'.
      await localUpdate();
                       ^
lib/features/offline/infrastructure/sync/mutation_interceptor.dart:263:66: Error: The argument type 'ErrorInterceptorHandler' can't be assigned to the parameter type 'RequestInterceptorHandler'.
 - 'ErrorInterceptorHandler' is from 'package:dio/src/dio_mixin.dart' ('../.pub-cache/hosted/pub.dev/dio-5.8.0+1/lib/src/dio_mixin.dart').
 - 'RequestInterceptorHandler' is from 'package:dio/src/dio_mixin.dart' ('../.pub-cache/hosted/pub.dev/dio-5.8.0+1/lib/src/dio_mixin.dart').
      await _handleOfflineMutation(metadata, err.requestOptions, handler);
                                                                 ^
00:40 +107 -35: loading /Users/anthonyforan/SoloAdventurer_app/test/features/auth/domain/usecases/login_use_case_test.dart [E]                                                                         
  Failed to load "/Users/anthonyforan/SoloAdventurer_app/test/features/auth/domain/usecases/login_use_case_test.dart":
  Compilation failed for testPath=/Users/anthonyforan/SoloAdventurer_app/test/features/auth/domain/usecases/login_use_case_test.dart: lib/app/di/modules/core_module.dart:13:11: Error: Method not found: 'SecurityManagerImpl'.
      () => SecurityManagerImpl(
            ^^^^^^^^^^^^^^^^^^^
  lib/features/auth/data/datasources/mock_auth_remote_data_source.dart:241:21: Error: The getter 'email' isn't defined for the type 'Credentials'.
   - 'Credentials' is from 'package:soloadventurer/features/auth/data/models/credentials.dart' ('lib/features/auth/data/models/credentials.dart').
  Try correcting the name to the name of an existing getter, or defining a getter or field named 'email'.
      if (credentials.email != 'test@example.com' || credentials.password != 'password123') {
                      ^^^^^
  lib/features/offline/data/repositories/offline_aware_repository.dart:492:19: Error: The getter 'timestamp_' isn't defined for the type 'OfflineAwareRepository<Entity, Model, CreateModel, UpdateModel>'.
   - 'OfflineAwareRepository' is from 'package:soloadventurer/features/offline/data/repositories/offline_aware_repository.dart' ('lib/features/offline/data/repositories/offline_aware_repository.dart').
  Try correcting the name to the name of an existing getter, or defining a getter or field named 'timestamp_'.
      return 'temp_$timestamp_$random';
                    ^^^^^^^^^^
  lib/features/offline/data/repositories/sync_queue_repository_impl.dart:36:52: Error: The argument type 'int' can't be assigned to the parameter type 'SyncQueueItem'.
   - 'SyncQueueItem' is from 'package:soloadventurer/features/offline/infrastructure/database/database.dart' ('lib/features/offline/infrastructure/database/database.dart').
        return model.SyncOperationModel.fromDatabase(item).toDomainEntity();
                                                     ^
  lib/features/offline/infrastructure/sync/background_sync_service.dart:154:11: Error: No named parameter with the name 'requiresNotRoaming'.
            requiresNotRoaming: false, // Allow sync while roaming
            ^^^^^^^^^^^^^^^^^^
  ../.pub-cache/hosted/pub.dev/workmanager-0.5.2/lib/src/options.dart:96:3: Context: Found this candidate, but the arguments don't match.
    Constraints({
    ^^^^^^^^^^^
  lib/features/offline/infrastructure/sync/background_sync_service.dart:164:9: Error: No named parameter with the name 'backoffDelay'.
          backoffDelay: const Duration(minutes: 15), // Initial backoff delay
          ^^^^^^^^^^^^
  lib/features/offline/infrastructure/sync/background_sync_service.dart:229:27: Error: The method 'cancelTaskByTag' isn't defined for the type 'Workmanager'.
   - 'Workmanager' is from 'package:workmanager/src/workmanager.dart' ('../.pub-cache/hosted/pub.dev/workmanager-0.5.2/lib/src/workmanager.dart').
  Try correcting the name to the name of an existing method, or defining a method named 'cancelTaskByTag'.
        await Workmanager().cancelTaskByTag(periodicSyncTaskName);
                            ^^^^^^^^^^^^^^^
  lib/features/offline/infrastructure/sync/conflict_resolver_impl.dart:385:33: Error: The getter 'tripDao' isn't defined for the type 'AppDatabase'.
   - 'AppDatabase' is from 'package:soloadventurer/features/offline/infrastructure/database/database.dart' ('lib/features/offline/infrastructure/database/database.dart').
  Try correcting the name to the name of an existing getter, or defining a getter or field named 'tripDao'.
        final tripDao = _database.tripDao;
                                  ^^^^^^^
  lib/features/offline/infrastructure/sync/conflict_resolver_impl.dart:411:33: Error: The getter 'tripDao' isn't defined for the type 'AppDatabase'.
   - 'AppDatabase' is from 'package:soloadventurer/features/offline/infrastructure/database/database.dart' ('lib/features/offline/infrastructure/database/database.dart').
  Try correcting the name to the name of an existing getter, or defining a getter or field named 'tripDao'.
        final tripDao = _database.tripDao;
                                  ^^^^^^^
  lib/features/offline/infrastructure/sync/conflict_resolver_impl.dart:437:36: Error: The getter 'journalDao' isn't defined for the type 'AppDatabase'.
   - 'AppDatabase' is from 'package:soloadventurer/features/offline/infrastructure/database/database.dart' ('lib/features/offline/infrastructure/database/database.dart').
  Try correcting the name to the name of an existing getter, or defining a getter or field named 'journalDao'.
        final journalDao = _database.journalDao;
                                     ^^^^^^^^^^
  lib/features/offline/infrastructure/sync/conflict_resolver_impl.dart:460:36: Error: The getter 'journalDao' isn't defined for the type 'AppDatabase'.
   - 'AppDatabase' is from 'package:soloadventurer/features/offline/infrastructure/database/database.dart' ('lib/features/offline/infrastructure/database/database.dart').
  Try correcting the name to the name of an existing getter, or defining a getter or field named 'journalDao'.
        final journalDao = _database.journalDao;
                                     ^^^^^^^^^^
  lib/features/offline/infrastructure/sync/conflict_resolver_impl.dart:485:33: Error: The getter 'userDao' isn't defined for the type 'AppDatabase'.
   - 'AppDatabase' is from 'package:soloadventurer/features/offline/infrastructure/database/database.dart' ('lib/features/offline/infrastructure/database/database.dart').
  Try correcting the name to the name of an existing getter, or defining a getter or field named 'userDao'.
        final userDao = _database.userDao;
                                  ^^^^^^^
  lib/features/offline/infrastructure/sync/conflict_resolver_impl.dart:508:33: Error: The getter 'userDao' isn't defined for the type 'AppDatabase'.
   - 'AppDatabase' is from 'package:soloadventurer/features/offline/infrastructure/database/database.dart' ('lib/features/offline/infrastructure/database/database.dart').
  Try correcting the name to the name of an existing getter, or defining a getter or field named 'userDao'.
        final userDao = _database.userDao;
                                  ^^^^^^^
  lib/features/offline/infrastructure/sync/download_sync.dart:254:33: Error: The getter 'tripDao' isn't defined for the type 'AppDatabase'.
   - 'AppDatabase' is from 'package:soloadventurer/features/offline/infrastructure/database/database.dart' ('lib/features/offline/infrastructure/database/database.dart').
  Try correcting the name to the name of an existing getter, or defining a getter or field named 'tripDao'.
        final tripDao = _database.tripDao;
                                  ^^^^^^^
  lib/features/offline/infrastructure/sync/download_sync.dart:372:33: Error: The getter 'tripDao' isn't defined for the type 'AppDatabase'.
   - 'AppDatabase' is from 'package:soloadventurer/features/offline/infrastructure/database/database.dart' ('lib/features/offline/infrastructure/database/database.dart').
  Try correcting the name to the name of an existing getter, or defining a getter or field named 'tripDao'.
        final tripDao = _database.tripDao;
                                  ^^^^^^^
  lib/features/offline/infrastructure/sync/download_sync.dart:430:40: Error: The getter 'journalDao' isn't defined for the type 'AppDatabase'.
   - 'AppDatabase' is from 'package:soloadventurer/features/offline/infrastructure/database/database.dart' ('lib/features/offline/infrastructure/database/database.dart').
  Try correcting the name to the name of an existing getter, or defining a getter or field named 'journalDao'.
            final journalDao = _database.journalDao;
                                         ^^^^^^^^^^
  lib/features/offline/infrastructure/sync/download_sync.dart:568:33: Error: The getter 'userDao' isn't defined for the type 'AppDatabase'.
   - 'AppDatabase' is from 'package:soloadventurer/features/offline/infrastructure/database/database.dart' ('lib/features/offline/infrastructure/database/database.dart').
  Try correcting the name to the name of an existing getter, or defining a getter or field named 'userDao'.
        final userDao = _database.userDao;
                                  ^^^^^^^
  lib/features/offline/infrastructure/sync/download_sync.dart:677:17: Error: No named parameter with the name 'userId'.
                  userId: userId,
                  ^^^^^^
  lib/features/offline/infrastructure/database/database.g.dart:3735:3: Context: Found this candidate, but the arguments don't match.
    SyncMetadataTableCompanion.insert({
    ^^^^^^^^^^^^^^^^^^^^^^^^^^^^^^^^^
  lib/features/offline/infrastructure/sync/download_sync.dart:669:40: Error: The getter 'userId' isn't defined for the type '$SyncMetadataTableTable'.
   - '$SyncMetadataTableTable' is from 'package:soloadventurer/features/offline/infrastructure/database/database.dart' ('lib/features/offline/infrastructure/database/database.dart').
  Try correcting the name to the name of an existing getter, or defining a getter or field named 'userId'.
                    ..where((tbl) => tbl.userId.equals(userId)))
                                         ^^^^^^
  lib/features/offline/infrastructure/sync/download_sync.dart:687:24: Error: The method 'SyncMetadataTable' isn't defined for the type 'DownloadSync'.
   - 'DownloadSync' is from 'package:soloadventurer/features/offline/infrastructure/sync/download_sync.dart' ('lib/features/offline/infrastructure/sync/download_sync.dart').
  Try correcting the name to the name of an existing method, or defining a method named 'SyncMetadataTable'.
                .replace(SyncMetadataTable(
                         ^^^^^^^^^^^^^^^^^
  lib/features/offline/infrastructure/sync/download_sync.dart:688:30: Error: The getter 'id' isn't defined for the type 'SyncMetadata'.
   - 'SyncMetadata' is from 'package:soloadventurer/features/offline/infrastructure/database/database.dart' ('lib/features/offline/infrastructure/database/database.dart').
  Try correcting the name to the name of an existing getter, or defining a getter or field named 'id'.
                  id: metadata.id,
                               ^^
  lib/features/offline/infrastructure/sync/download_sync.dart:775:7: Error: No named parameter with the name 'firstName'.
        firstName: Value(serverUser['firstName'] as String?),
        ^^^^^^^^^
  lib/features/offline/infrastructure/database/database.g.dart:2407:9: Context: Found this candidate, but the arguments don't match.
    const UsersCompanion({
          ^^^^^^^^^^^^^^
  lib/features/offline/infrastructure/sync/incremental_sync.dart:262:38: Error: Required named parameter 'userId' must be provided.
          return syncIncrementalChanges(
                                       ^
  lib/features/offline/infrastructure/sync/incremental_sync.dart:286:40: Error: The getter 'userId' isn't defined for the type '$SyncMetadataTableTable'.
   - '$SyncMetadataTableTable' is from 'package:soloadventurer/features/offline/infrastructure/database/database.dart' ('lib/features/offline/infrastructure/database/database.dart').
  Try correcting the name to the name of an existing getter, or defining a getter or field named 'userId'.
                    ..where((tbl) => tbl.userId.equals(userId)))
                                         ^^^^^^
  lib/features/offline/infrastructure/sync/incremental_sync.dart:290:32: Error: The getter 'lastIncrementalSyncAt' isn't defined for the type 'SyncMetadata'.
   - 'SyncMetadata' is from 'package:soloadventurer/features/offline/infrastructure/database/database.dart' ('lib/features/offline/infrastructure/database/database.dart').
  Try correcting the name to the name of an existing getter, or defining a getter or field named 'lastIncrementalSyncAt'.
              metadataList.first.lastIncrementalSyncAt == null) {
                                 ^^^^^^^^^^^^^^^^^^^^^
  lib/features/offline/infrastructure/sync/incremental_sync.dart:309:34: Error: The getter 'userId' isn't defined for the type '$SyncMetadataTableTable'.
   - '$SyncMetadataTableTable' is from 'package:soloadventurer/features/offline/infrastructure/database/database.dart' ('lib/features/offline/infrastructure/database/database.dart').
  Try correcting the name to the name of an existing getter, or defining a getter or field named 'userId'.
              ..where((tbl) => tbl.userId.equals(userId)))
                                   ^^^^^^
  lib/features/offline/infrastructure/sync/incremental_sync.dart:316:33: Error: The getter 'lastIncrementalSyncAt' isn't defined for the type 'SyncMetadata'.
   - 'SyncMetadata' is from 'package:soloadventurer/features/offline/infrastructure/database/database.dart' ('lib/features/offline/infrastructure/database/database.dart').
  Try correcting the name to the name of an existing getter, or defining a getter or field named 'lastIncrementalSyncAt'.
        return metadataList.first.lastIncrementalSyncAt;
                                  ^^^^^^^^^^^^^^^^^^^^^
  lib/features/offline/infrastructure/sync/incremental_sync.dart:389:33: Error: The getter 'tripDao' isn't defined for the type 'AppDatabase'.
   - 'AppDatabase' is from 'package:soloadventurer/features/offline/infrastructure/database/database.dart' ('lib/features/offline/infrastructure/database/database.dart').
  Try correcting the name to the name of an existing getter, or defining a getter or field named 'tripDao'.
        final tripDao = _database.tripDao;
                                  ^^^^^^^
  lib/features/offline/infrastructure/sync/incremental_sync.dart:553:31: Error: The getter 'tripDao' isn't defined for the type 'AppDatabase'.
   - 'AppDatabase' is from 'package:soloadventurer/features/offline/infrastructure/database/database.dart' ('lib/features/offline/infrastructure/database/database.dart').
  Try correcting the name to the name of an existing getter, or defining a getter or field named 'tripDao'.
      final tripDao = _database.tripDao;
                                ^^^^^^^
  lib/features/offline/infrastructure/sync/incremental_sync.dart:605:34: Error: The getter 'journalDao' isn't defined for the type 'AppDatabase'.
   - 'AppDatabase' is from 'package:soloadventurer/features/offline/infrastructure/database/database.dart' ('lib/features/offline/infrastructure/database/database.dart').
  Try correcting the name to the name of an existing getter, or defining a getter or field named 'journalDao'.
      final journalDao = _database.journalDao;
                                   ^^^^^^^^^^
  lib/features/offline/infrastructure/sync/incremental_sync.dart:660:31: Error: The getter 'userDao' isn't defined for the type 'AppDatabase'.
   - 'AppDatabase' is from 'package:soloadventurer/features/offline/infrastructure/database/database.dart' ('lib/features/offline/infrastructure/database/database.dart').
  Try correcting the name to the name of an existing getter, or defining a getter or field named 'userDao'.
      final userDao = _database.userDao;
                                ^^^^^^^
  lib/features/offline/infrastructure/sync/incremental_sync.dart:727:17: Error: No named parameter with the name 'userId'.
                  userId: userId,
                  ^^^^^^
  lib/features/offline/infrastructure/database/database.g.dart:3723:9: Context: Found this candidate, but the arguments don't match.
    const SyncMetadataTableCompanion({
          ^^^^^^^^^^^^^^^^^^^^^^^^^^
  lib/features/offline/infrastructure/sync/incremental_sync.dart:719:40: Error: The getter 'userId' isn't defined for the type '$SyncMetadataTableTable'.
   - '$SyncMetadataTableTable' is from 'package:soloadventurer/features/offline/infrastructure/database/database.dart' ('lib/features/offline/infrastructure/database/database.dart').
  Try correcting the name to the name of an existing getter, or defining a getter or field named 'userId'.
                    ..where((tbl) => tbl.userId.equals(userId)))
                                         ^^^^^^
  lib/features/offline/infrastructure/sync/incremental_sync.dart:739:24: Error: The method 'SyncMetadataTable' isn't defined for the type 'IncrementalSync'.
   - 'IncrementalSync' is from 'package:soloadventurer/features/offline/infrastructure/sync/incremental_sync.dart' ('lib/features/offline/infrastructure/sync/incremental_sync.dart').
  Try correcting the name to the name of an existing method, or defining a method named 'SyncMetadataTable'.
                .replace(SyncMetadataTable(
                         ^^^^^^^^^^^^^^^^^
  lib/features/offline/infrastructure/sync/incremental_sync.dart:740:30: Error: The getter 'id' isn't defined for the type 'SyncMetadata'.
   - 'SyncMetadata' is from 'package:soloadventurer/features/offline/infrastructure/database/database.dart' ('lib/features/offline/infrastructure/database/database.dart').
  Try correcting the name to the name of an existing getter, or defining a getter or field named 'id'.
                  id: metadata.id,
                               ^^
  lib/features/offline/infrastructure/sync/incremental_sync.dart:746:54: Error: The getter 'lastIncrementalSyncAt' isn't defined for the type 'SyncMetadata'.
   - 'SyncMetadata' is from 'package:soloadventurer/features/offline/infrastructure/database/database.dart' ('lib/features/offline/infrastructure/database/database.dart').
  Try correcting the name to the name of an existing getter, or defining a getter or field named 'lastIncrementalSyncAt'.
                      usedIncremental ? now : metadata.lastIncrementalSyncAt,
                                                       ^^^^^^^^^^^^^^^^^^^^^
  lib/features/offline/infrastructure/sync/incremental_sync.dart:891:7: Error: No named parameter with the name 'firstName'.
        firstName: Value(serverUser['firstName'] as String?),
        ^^^^^^^^^
  lib/features/offline/infrastructure/database/database.g.dart:2407:9: Context: Found this candidate, but the arguments don't match.
    const UsersCompanion({
          ^^^^^^^^^^^^^^
  lib/features/offline/infrastructure/sync/offline_interceptor.dart:348:21: Error: The method 'call' isn't defined for the type 'Future<T>'.
   - 'Future' is from 'dart:async'.
  Try correcting the name to the name of an existing method, or defining a method named 'call'.
        await executor();
                      ^
  lib/features/offline/infrastructure/sync/offline_interceptor.dart:352:26: Error: The method 'call' isn't defined for the type 'Future<void>'.
   - 'Future' is from 'dart:async'.
  Try correcting the name to the name of an existing method, or defining a method named 'call'.
          await localUpdate();
                           ^
  lib/features/offline/infrastructure/sync/offline_interceptor.dart:382:24: Error: The method 'call' isn't defined for the type 'Future<void>'.
   - 'Future' is from 'dart:async'.
  Try correcting the name to the name of an existing method, or defining a method named 'call'.
        await localUpdate();
                         ^
  lib/features/offline/infrastructure/sync/mutation_interceptor.dart:263:66: Error: The argument type 'ErrorInterceptorHandler' can't be assigned to the parameter type 'RequestInterceptorHandler'.
   - 'ErrorInterceptorHandler' is from 'package:dio/src/dio_mixin.dart' ('../.pub-cache/hosted/pub.dev/dio-5.8.0+1/lib/src/dio_mixin.dart').
   - 'RequestInterceptorHandler' is from 'package:dio/src/dio_mixin.dart' ('../.pub-cache/hosted/pub.dev/dio-5.8.0+1/lib/src/dio_mixin.dart').
        await _handleOfflineMutation(metadata, err.requestOptions, handler);
                                                                   ^
  .

To run this test again: /opt/homebrew/Caskroom/flutter/3.32.5/flutter/bin/cache/dart-sdk/bin/dart test /Users/anthonyforan/SoloAdventurer_app/test/features/auth/domain/usecases/login_use_case_test.dart -p vm --plain-name 'loading /Users/anthonyforan/SoloAdventurer_app/test/features/auth/domain/usecases/login_use_case_test.dart'
lib/app/di/modules/core_module.dart:13:11: Error: Method not found: 'SecurityManagerImpl'.
    () => SecurityManagerImpl(
          ^^^^^^^^^^^^^^^^^^^
lib/features/auth/data/datasources/mock_auth_remote_data_source.dart:241:21: Error: The getter 'email' isn't defined for the type 'Credentials'.
 - 'Credentials' is from 'package:soloadventurer/features/auth/data/models/credentials.dart' ('lib/features/auth/data/models/credentials.dart').
Try correcting the name to the name of an existing getter, or defining a getter or field named 'email'.
    if (credentials.email != 'test@example.com' || credentials.password != 'password123') {
                    ^^^^^
lib/features/offline/data/repositories/offline_aware_repository.dart:492:19: Error: The getter 'timestamp_' isn't defined for the type 'OfflineAwareRepository<Entity, Model, CreateModel, UpdateModel>'.
 - 'OfflineAwareRepository' is from 'package:soloadventurer/features/offline/data/repositories/offline_aware_repository.dart' ('lib/features/offline/data/repositories/offline_aware_repository.dart').
Try correcting the name to the name of an existing getter, or defining a getter or field named 'timestamp_'.
    return 'temp_$timestamp_$random';
                  ^^^^^^^^^^
lib/features/offline/data/repositories/sync_queue_repository_impl.dart:36:52: Error: The argument type 'int' can't be assigned to the parameter type 'SyncQueueItem'.
 - 'SyncQueueItem' is from 'package:soloadventurer/features/offline/infrastructure/database/database.dart' ('lib/features/offline/infrastructure/database/database.dart').
      return model.SyncOperationModel.fromDatabase(item).toDomainEntity();
                                                   ^
lib/features/offline/infrastructure/sync/background_sync_service.dart:154:11: Error: No named parameter with the name 'requiresNotRoaming'.
          requiresNotRoaming: false, // Allow sync while roaming
          ^^^^^^^^^^^^^^^^^^
../.pub-cache/hosted/pub.dev/workmanager-0.5.2/lib/src/options.dart:96:3: Context: Found this candidate, but the arguments don't match.
  Constraints({
  ^^^^^^^^^^^
lib/features/offline/infrastructure/sync/background_sync_service.dart:164:9: Error: No named parameter with the name 'backoffDelay'.
        backoffDelay: const Duration(minutes: 15), // Initial backoff delay
        ^^^^^^^^^^^^
lib/features/offline/infrastructure/sync/background_sync_service.dart:229:27: Error: The method 'cancelTaskByTag' isn't defined for the type 'Workmanager'.
 - 'Workmanager' is from 'package:workmanager/src/workmanager.dart' ('../.pub-cache/hosted/pub.dev/workmanager-0.5.2/lib/src/workmanager.dart').
Try correcting the name to the name of an existing method, or defining a method named 'cancelTaskByTag'.
      await Workmanager().cancelTaskByTag(periodicSyncTaskName);
                          ^^^^^^^^^^^^^^^
lib/features/offline/infrastructure/sync/conflict_resolver_impl.dart:385:33: Error: The getter 'tripDao' isn't defined for the type 'AppDatabase'.
 - 'AppDatabase' is from 'package:soloadventurer/features/offline/infrastructure/database/database.dart' ('lib/features/offline/infrastructure/database/database.dart').
Try correcting the name to the name of an existing getter, or defining a getter or field named 'tripDao'.
      final tripDao = _database.tripDao;
                                ^^^^^^^
lib/features/offline/infrastructure/sync/conflict_resolver_impl.dart:411:33: Error: The getter 'tripDao' isn't defined for the type 'AppDatabase'.
 - 'AppDatabase' is from 'package:soloadventurer/features/offline/infrastructure/database/database.dart' ('lib/features/offline/infrastructure/database/database.dart').
Try correcting the name to the name of an existing getter, or defining a getter or field named 'tripDao'.
      final tripDao = _database.tripDao;
                                ^^^^^^^
lib/features/offline/infrastructure/sync/conflict_resolver_impl.dart:437:36: Error: The getter 'journalDao' isn't defined for the type 'AppDatabase'.
 - 'AppDatabase' is from 'package:soloadventurer/features/offline/infrastructure/database/database.dart' ('lib/features/offline/infrastructure/database/database.dart').
Try correcting the name to the name of an existing getter, or defining a getter or field named 'journalDao'.
      final journalDao = _database.journalDao;
                                   ^^^^^^^^^^
lib/features/offline/infrastructure/sync/conflict_resolver_impl.dart:460:36: Error: The getter 'journalDao' isn't defined for the type 'AppDatabase'.
 - 'AppDatabase' is from 'package:soloadventurer/features/offline/infrastructure/database/database.dart' ('lib/features/offline/infrastructure/database/database.dart').
Try correcting the name to the name of an existing getter, or defining a getter or field named 'journalDao'.
      final journalDao = _database.journalDao;
                                   ^^^^^^^^^^
lib/features/offline/infrastructure/sync/conflict_resolver_impl.dart:485:33: Error: The getter 'userDao' isn't defined for the type 'AppDatabase'.
 - 'AppDatabase' is from 'package:soloadventurer/features/offline/infrastructure/database/database.dart' ('lib/features/offline/infrastructure/database/database.dart').
Try correcting the name to the name of an existing getter, or defining a getter or field named 'userDao'.
      final userDao = _database.userDao;
                                ^^^^^^^
lib/features/offline/infrastructure/sync/conflict_resolver_impl.dart:508:33: Error: The getter 'userDao' isn't defined for the type 'AppDatabase'.
 - 'AppDatabase' is from 'package:soloadventurer/features/offline/infrastructure/database/database.dart' ('lib/features/offline/infrastructure/database/database.dart').
Try correcting the name to the name of an existing getter, or defining a getter or field named 'userDao'.
      final userDao = _database.userDao;
                                ^^^^^^^
lib/features/offline/infrastructure/sync/download_sync.dart:254:33: Error: The getter 'tripDao' isn't defined for the type 'AppDatabase'.
 - 'AppDatabase' is from 'package:soloadventurer/features/offline/infrastructure/database/database.dart' ('lib/features/offline/infrastructure/database/database.dart').
Try correcting the name to the name of an existing getter, or defining a getter or field named 'tripDao'.
      final tripDao = _database.tripDao;
                                ^^^^^^^
lib/features/offline/infrastructure/sync/download_sync.dart:372:33: Error: The getter 'tripDao' isn't defined for the type 'AppDatabase'.
 - 'AppDatabase' is from 'package:soloadventurer/features/offline/infrastructure/database/database.dart' ('lib/features/offline/infrastructure/database/database.dart').
Try correcting the name to the name of an existing getter, or defining a getter or field named 'tripDao'.
      final tripDao = _database.tripDao;
                                ^^^^^^^
lib/features/offline/infrastructure/sync/download_sync.dart:430:40: Error: The getter 'journalDao' isn't defined for the type 'AppDatabase'.
 - 'AppDatabase' is from 'package:soloadventurer/features/offline/infrastructure/database/database.dart' ('lib/features/offline/infrastructure/database/database.dart').
Try correcting the name to the name of an existing getter, or defining a getter or field named 'journalDao'.
          final journalDao = _database.journalDao;
                                       ^^^^^^^^^^
lib/features/offline/infrastructure/sync/download_sync.dart:568:33: Error: The getter 'userDao' isn't defined for the type 'AppDatabase'.
 - 'AppDatabase' is from 'package:soloadventurer/features/offline/infrastructure/database/database.dart' ('lib/features/offline/infrastructure/database/database.dart').
Try correcting the name to the name of an existing getter, or defining a getter or field named 'userDao'.
      final userDao = _database.userDao;
                                ^^^^^^^
lib/features/offline/infrastructure/sync/download_sync.dart:677:17: Error: No named parameter with the name 'userId'.
                userId: userId,
                ^^^^^^
lib/features/offline/infrastructure/database/database.g.dart:3735:3: Context: Found this candidate, but the arguments don't match.
  SyncMetadataTableCompanion.insert({
  ^^^^^^^^^^^^^^^^^^^^^^^^^^^^^^^^^
lib/features/offline/infrastructure/sync/download_sync.dart:669:40: Error: The getter 'userId' isn't defined for the type '$SyncMetadataTableTable'.
 - '$SyncMetadataTableTable' is from 'package:soloadventurer/features/offline/infrastructure/database/database.dart' ('lib/features/offline/infrastructure/database/database.dart').
Try correcting the name to the name of an existing getter, or defining a getter or field named 'userId'.
                  ..where((tbl) => tbl.userId.equals(userId)))
                                       ^^^^^^
lib/features/offline/infrastructure/sync/download_sync.dart:687:24: Error: The method 'SyncMetadataTable' isn't defined for the type 'DownloadSync'.
 - 'DownloadSync' is from 'package:soloadventurer/features/offline/infrastructure/sync/download_sync.dart' ('lib/features/offline/infrastructure/sync/download_sync.dart').
Try correcting the name to the name of an existing method, or defining a method named 'SyncMetadataTable'.
              .replace(SyncMetadataTable(
                       ^^^^^^^^^^^^^^^^^
lib/features/offline/infrastructure/sync/download_sync.dart:688:30: Error: The getter 'id' isn't defined for the type 'SyncMetadata'.
 - 'SyncMetadata' is from 'package:soloadventurer/features/offline/infrastructure/database/database.dart' ('lib/features/offline/infrastructure/database/database.dart').
Try correcting the name to the name of an existing getter, or defining a getter or field named 'id'.
                id: metadata.id,
                             ^^
lib/features/offline/infrastructure/sync/download_sync.dart:775:7: Error: No named parameter with the name 'firstName'.
      firstName: Value(serverUser['firstName'] as String?),
      ^^^^^^^^^
lib/features/offline/infrastructure/database/database.g.dart:2407:9: Context: Found this candidate, but the arguments don't match.
  const UsersCompanion({
        ^^^^^^^^^^^^^^
lib/features/offline/infrastructure/sync/incremental_sync.dart:262:38: Error: Required named parameter 'userId' must be provided.
        return syncIncrementalChanges(
                                     ^
lib/features/offline/infrastructure/sync/incremental_sync.dart:286:40: Error: The getter 'userId' isn't defined for the type '$SyncMetadataTableTable'.
 - '$SyncMetadataTableTable' is from 'package:soloadventurer/features/offline/infrastructure/database/database.dart' ('lib/features/offline/infrastructure/database/database.dart').
Try correcting the name to the name of an existing getter, or defining a getter or field named 'userId'.
                  ..where((tbl) => tbl.userId.equals(userId)))
                                       ^^^^^^
lib/features/offline/infrastructure/sync/incremental_sync.dart:290:32: Error: The getter 'lastIncrementalSyncAt' isn't defined for the type 'SyncMetadata'.
 - 'SyncMetadata' is from 'package:soloadventurer/features/offline/infrastructure/database/database.dart' ('lib/features/offline/infrastructure/database/database.dart').
Try correcting the name to the name of an existing getter, or defining a getter or field named 'lastIncrementalSyncAt'.
            metadataList.first.lastIncrementalSyncAt == null) {
                               ^^^^^^^^^^^^^^^^^^^^^
lib/features/offline/infrastructure/sync/incremental_sync.dart:309:34: Error: The getter 'userId' isn't defined for the type '$SyncMetadataTableTable'.
 - '$SyncMetadataTableTable' is from 'package:soloadventurer/features/offline/infrastructure/database/database.dart' ('lib/features/offline/infrastructure/database/database.dart').
Try correcting the name to the name of an existing getter, or defining a getter or field named 'userId'.
            ..where((tbl) => tbl.userId.equals(userId)))
                                 ^^^^^^
lib/features/offline/infrastructure/sync/incremental_sync.dart:316:33: Error: The getter 'lastIncrementalSyncAt' isn't defined for the type 'SyncMetadata'.
 - 'SyncMetadata' is from 'package:soloadventurer/features/offline/infrastructure/database/database.dart' ('lib/features/offline/infrastructure/database/database.dart').
Try correcting the name to the name of an existing getter, or defining a getter or field named 'lastIncrementalSyncAt'.
      return metadataList.first.lastIncrementalSyncAt;
                                ^^^^^^^^^^^^^^^^^^^^^
lib/features/offline/infrastructure/sync/incremental_sync.dart:389:33: Error: The getter 'tripDao' isn't defined for the type 'AppDatabase'.
 - 'AppDatabase' is from 'package:soloadventurer/features/offline/infrastructure/database/database.dart' ('lib/features/offline/infrastructure/database/database.dart').
Try correcting the name to the name of an existing getter, or defining a getter or field named 'tripDao'.
      final tripDao = _database.tripDao;
                                ^^^^^^^
lib/features/offline/infrastructure/sync/incremental_sync.dart:553:31: Error: The getter 'tripDao' isn't defined for the type 'AppDatabase'.
 - 'AppDatabase' is from 'package:soloadventurer/features/offline/infrastructure/database/database.dart' ('lib/features/offline/infrastructure/database/database.dart').
Try correcting the name to the name of an existing getter, or defining a getter or field named 'tripDao'.
    final tripDao = _database.tripDao;
                              ^^^^^^^
lib/features/offline/infrastructure/sync/incremental_sync.dart:605:34: Error: The getter 'journalDao' isn't defined for the type 'AppDatabase'.
 - 'AppDatabase' is from 'package:soloadventurer/features/offline/infrastructure/database/database.dart' ('lib/features/offline/infrastructure/database/database.dart').
Try correcting the name to the name of an existing getter, or defining a getter or field named 'journalDao'.
    final journalDao = _database.journalDao;
                                 ^^^^^^^^^^
lib/features/offline/infrastructure/sync/incremental_sync.dart:660:31: Error: The getter 'userDao' isn't defined for the type 'AppDatabase'.
 - 'AppDatabase' is from 'package:soloadventurer/features/offline/infrastructure/database/database.dart' ('lib/features/offline/infrastructure/database/database.dart').
Try correcting the name to the name of an existing getter, or defining a getter or field named 'userDao'.
    final userDao = _database.userDao;
                              ^^^^^^^
lib/features/offline/infrastructure/sync/incremental_sync.dart:727:17: Error: No named parameter with the name 'userId'.
                userId: userId,
                ^^^^^^
lib/features/offline/infrastructure/database/database.g.dart:3723:9: Context: Found this candidate, but the arguments don't match.
  const SyncMetadataTableCompanion({
        ^^^^^^^^^^^^^^^^^^^^^^^^^^
lib/features/offline/infrastructure/sync/incremental_sync.dart:719:40: Error: The getter 'userId' isn't defined for the type '$SyncMetadataTableTable'.
 - '$SyncMetadataTableTable' is from 'package:soloadventurer/features/offline/infrastructure/database/database.dart' ('lib/features/offline/infrastructure/database/database.dart').
Try correcting the name to the name of an existing getter, or defining a getter or field named 'userId'.
                  ..where((tbl) => tbl.userId.equals(userId)))
                                       ^^^^^^
lib/features/offline/infrastructure/sync/incremental_sync.dart:739:24: Error: The method 'SyncMetadataTable' isn't defined for the type 'IncrementalSync'.
 - 'IncrementalSync' is from 'package:soloadventurer/features/offline/infrastructure/sync/incremental_sync.dart' ('lib/features/offline/infrastructure/sync/incremental_sync.dart').
Try correcting the name to the name of an existing method, or defining a method named 'SyncMetadataTable'.
              .replace(SyncMetadataTable(
                       ^^^^^^^^^^^^^^^^^
lib/features/offline/infrastructure/sync/incremental_sync.dart:740:30: Error: The getter 'id' isn't defined for the type 'SyncMetadata'.
 - 'SyncMetadata' is from 'package:soloadventurer/features/offline/infrastructure/database/database.dart' ('lib/features/offline/infrastructure/database/database.dart').
Try correcting the name to the name of an existing getter, or defining a getter or field named 'id'.
                id: metadata.id,
                             ^^
lib/features/offline/infrastructure/sync/incremental_sync.dart:746:54: Error: The getter 'lastIncrementalSyncAt' isn't defined for the type 'SyncMetadata'.
 - 'SyncMetadata' is from 'package:soloadventurer/features/offline/infrastructure/database/database.dart' ('lib/features/offline/infrastructure/database/database.dart').
Try correcting the name to the name of an existing getter, or defining a getter or field named 'lastIncrementalSyncAt'.
                    usedIncremental ? now : metadata.lastIncrementalSyncAt,
                                                     ^^^^^^^^^^^^^^^^^^^^^
lib/features/offline/infrastructure/sync/incremental_sync.dart:891:7: Error: No named parameter with the name 'firstName'.
      firstName: Value(serverUser['firstName'] as String?),
      ^^^^^^^^^
lib/features/offline/infrastructure/database/database.g.dart:2407:9: Context: Found this candidate, but the arguments don't match.
  const UsersCompanion({
        ^^^^^^^^^^^^^^
lib/features/offline/infrastructure/sync/offline_interceptor.dart:348:21: Error: The method 'call' isn't defined for the type 'Future<T>'.
 - 'Future' is from 'dart:async'.
Try correcting the name to the name of an existing method, or defining a method named 'call'.
      await executor();
                    ^
lib/features/offline/infrastructure/sync/offline_interceptor.dart:352:26: Error: The method 'call' isn't defined for the type 'Future<void>'.
 - 'Future' is from 'dart:async'.
Try correcting the name to the name of an existing method, or defining a method named 'call'.
        await localUpdate();
                         ^
lib/features/offline/infrastructure/sync/offline_interceptor.dart:382:24: Error: The method 'call' isn't defined for the type 'Future<void>'.
 - 'Future' is from 'dart:async'.
Try correcting the name to the name of an existing method, or defining a method named 'call'.
      await localUpdate();
                       ^
lib/features/offline/infrastructure/sync/mutation_interceptor.dart:263:66: Error: The argument type 'ErrorInterceptorHandler' can't be assigned to the parameter type 'RequestInterceptorHandler'.
 - 'ErrorInterceptorHandler' is from 'package:dio/src/dio_mixin.dart' ('../.pub-cache/hosted/pub.dev/dio-5.8.0+1/lib/src/dio_mixin.dart').
 - 'RequestInterceptorHandler' is from 'package:dio/src/dio_mixin.dart' ('../.pub-cache/hosted/pub.dev/dio-5.8.0+1/lib/src/dio_mixin.dart').
      await _handleOfflineMutation(metadata, err.requestOptions, handler);
                                                                 ^
00:42 +107 -36: loading /Users/anthonyforan/SoloAdventurer_app/test/features/auth/domain/usecases/logout_use_case_test.dart [E]                                                                        
  Failed to load "/Users/anthonyforan/SoloAdventurer_app/test/features/auth/domain/usecases/logout_use_case_test.dart":
  Compilation failed for testPath=/Users/anthonyforan/SoloAdventurer_app/test/features/auth/domain/usecases/logout_use_case_test.dart: lib/app/di/modules/core_module.dart:13:11: Error: Method not found: 'SecurityManagerImpl'.
      () => SecurityManagerImpl(
            ^^^^^^^^^^^^^^^^^^^
  lib/features/auth/data/datasources/mock_auth_remote_data_source.dart:241:21: Error: The getter 'email' isn't defined for the type 'Credentials'.
   - 'Credentials' is from 'package:soloadventurer/features/auth/data/models/credentials.dart' ('lib/features/auth/data/models/credentials.dart').
  Try correcting the name to the name of an existing getter, or defining a getter or field named 'email'.
      if (credentials.email != 'test@example.com' || credentials.password != 'password123') {
                      ^^^^^
  lib/features/offline/data/repositories/offline_aware_repository.dart:492:19: Error: The getter 'timestamp_' isn't defined for the type 'OfflineAwareRepository<Entity, Model, CreateModel, UpdateModel>'.
   - 'OfflineAwareRepository' is from 'package:soloadventurer/features/offline/data/repositories/offline_aware_repository.dart' ('lib/features/offline/data/repositories/offline_aware_repository.dart').
  Try correcting the name to the name of an existing getter, or defining a getter or field named 'timestamp_'.
      return 'temp_$timestamp_$random';
                    ^^^^^^^^^^
  lib/features/offline/data/repositories/sync_queue_repository_impl.dart:36:52: Error: The argument type 'int' can't be assigned to the parameter type 'SyncQueueItem'.
   - 'SyncQueueItem' is from 'package:soloadventurer/features/offline/infrastructure/database/database.dart' ('lib/features/offline/infrastructure/database/database.dart').
        return model.SyncOperationModel.fromDatabase(item).toDomainEntity();
                                                     ^
  lib/features/offline/infrastructure/sync/background_sync_service.dart:154:11: Error: No named parameter with the name 'requiresNotRoaming'.
            requiresNotRoaming: false, // Allow sync while roaming
            ^^^^^^^^^^^^^^^^^^
  ../.pub-cache/hosted/pub.dev/workmanager-0.5.2/lib/src/options.dart:96:3: Context: Found this candidate, but the arguments don't match.
    Constraints({
    ^^^^^^^^^^^
  lib/features/offline/infrastructure/sync/background_sync_service.dart:164:9: Error: No named parameter with the name 'backoffDelay'.
          backoffDelay: const Duration(minutes: 15), // Initial backoff delay
          ^^^^^^^^^^^^
  lib/features/offline/infrastructure/sync/background_sync_service.dart:229:27: Error: The method 'cancelTaskByTag' isn't defined for the type 'Workmanager'.
   - 'Workmanager' is from 'package:workmanager/src/workmanager.dart' ('../.pub-cache/hosted/pub.dev/workmanager-0.5.2/lib/src/workmanager.dart').
  Try correcting the name to the name of an existing method, or defining a method named 'cancelTaskByTag'.
        await Workmanager().cancelTaskByTag(periodicSyncTaskName);
                            ^^^^^^^^^^^^^^^
  lib/features/offline/infrastructure/sync/conflict_resolver_impl.dart:385:33: Error: The getter 'tripDao' isn't defined for the type 'AppDatabase'.
   - 'AppDatabase' is from 'package:soloadventurer/features/offline/infrastructure/database/database.dart' ('lib/features/offline/infrastructure/database/database.dart').
  Try correcting the name to the name of an existing getter, or defining a getter or field named 'tripDao'.
        final tripDao = _database.tripDao;
                                  ^^^^^^^
  lib/features/offline/infrastructure/sync/conflict_resolver_impl.dart:411:33: Error: The getter 'tripDao' isn't defined for the type 'AppDatabase'.
   - 'AppDatabase' is from 'package:soloadventurer/features/offline/infrastructure/database/database.dart' ('lib/features/offline/infrastructure/database/database.dart').
  Try correcting the name to the name of an existing getter, or defining a getter or field named 'tripDao'.
        final tripDao = _database.tripDao;
                                  ^^^^^^^
  lib/features/offline/infrastructure/sync/conflict_resolver_impl.dart:437:36: Error: The getter 'journalDao' isn't defined for the type 'AppDatabase'.
   - 'AppDatabase' is from 'package:soloadventurer/features/offline/infrastructure/database/database.dart' ('lib/features/offline/infrastructure/database/database.dart').
  Try correcting the name to the name of an existing getter, or defining a getter or field named 'journalDao'.
        final journalDao = _database.journalDao;
                                     ^^^^^^^^^^
  lib/features/offline/infrastructure/sync/conflict_resolver_impl.dart:460:36: Error: The getter 'journalDao' isn't defined for the type 'AppDatabase'.
   - 'AppDatabase' is from 'package:soloadventurer/features/offline/infrastructure/database/database.dart' ('lib/features/offline/infrastructure/database/database.dart').
  Try correcting the name to the name of an existing getter, or defining a getter or field named 'journalDao'.
        final journalDao = _database.journalDao;
                                     ^^^^^^^^^^
  lib/features/offline/infrastructure/sync/conflict_resolver_impl.dart:485:33: Error: The getter 'userDao' isn't defined for the type 'AppDatabase'.
   - 'AppDatabase' is from 'package:soloadventurer/features/offline/infrastructure/database/database.dart' ('lib/features/offline/infrastructure/database/database.dart').
  Try correcting the name to the name of an existing getter, or defining a getter or field named 'userDao'.
        final userDao = _database.userDao;
                                  ^^^^^^^
  lib/features/offline/infrastructure/sync/conflict_resolver_impl.dart:508:33: Error: The getter 'userDao' isn't defined for the type 'AppDatabase'.
   - 'AppDatabase' is from 'package:soloadventurer/features/offline/infrastructure/database/database.dart' ('lib/features/offline/infrastructure/database/database.dart').
  Try correcting the name to the name of an existing getter, or defining a getter or field named 'userDao'.
        final userDao = _database.userDao;
                                  ^^^^^^^
  lib/features/offline/infrastructure/sync/download_sync.dart:254:33: Error: The getter 'tripDao' isn't defined for the type 'AppDatabase'.
   - 'AppDatabase' is from 'package:soloadventurer/features/offline/infrastructure/database/database.dart' ('lib/features/offline/infrastructure/database/database.dart').
  Try correcting the name to the name of an existing getter, or defining a getter or field named 'tripDao'.
        final tripDao = _database.tripDao;
                                  ^^^^^^^
  lib/features/offline/infrastructure/sync/download_sync.dart:372:33: Error: The getter 'tripDao' isn't defined for the type 'AppDatabase'.
   - 'AppDatabase' is from 'package:soloadventurer/features/offline/infrastructure/database/database.dart' ('lib/features/offline/infrastructure/database/database.dart').
  Try correcting the name to the name of an existing getter, or defining a getter or field named 'tripDao'.
        final tripDao = _database.tripDao;
                                  ^^^^^^^
  lib/features/offline/infrastructure/sync/download_sync.dart:430:40: Error: The getter 'journalDao' isn't defined for the type 'AppDatabase'.
   - 'AppDatabase' is from 'package:soloadventurer/features/offline/infrastructure/database/database.dart' ('lib/features/offline/infrastructure/database/database.dart').
  Try correcting the name to the name of an existing getter, or defining a getter or field named 'journalDao'.
            final journalDao = _database.journalDao;
                                         ^^^^^^^^^^
  lib/features/offline/infrastructure/sync/download_sync.dart:568:33: Error: The getter 'userDao' isn't defined for the type 'AppDatabase'.
   - 'AppDatabase' is from 'package:soloadventurer/features/offline/infrastructure/database/database.dart' ('lib/features/offline/infrastructure/database/database.dart').
  Try correcting the name to the name of an existing getter, or defining a getter or field named 'userDao'.
        final userDao = _database.userDao;
                                  ^^^^^^^
  lib/features/offline/infrastructure/sync/download_sync.dart:677:17: Error: No named parameter with the name 'userId'.
                  userId: userId,
                  ^^^^^^
  lib/features/offline/infrastructure/database/database.g.dart:3735:3: Context: Found this candidate, but the arguments don't match.
    SyncMetadataTableCompanion.insert({
    ^^^^^^^^^^^^^^^^^^^^^^^^^^^^^^^^^
  lib/features/offline/infrastructure/sync/download_sync.dart:669:40: Error: The getter 'userId' isn't defined for the type '$SyncMetadataTableTable'.
   - '$SyncMetadataTableTable' is from 'package:soloadventurer/features/offline/infrastructure/database/database.dart' ('lib/features/offline/infrastructure/database/database.dart').
  Try correcting the name to the name of an existing getter, or defining a getter or field named 'userId'.
                    ..where((tbl) => tbl.userId.equals(userId)))
                                         ^^^^^^
  lib/features/offline/infrastructure/sync/download_sync.dart:687:24: Error: The method 'SyncMetadataTable' isn't defined for the type 'DownloadSync'.
   - 'DownloadSync' is from 'package:soloadventurer/features/offline/infrastructure/sync/download_sync.dart' ('lib/features/offline/infrastructure/sync/download_sync.dart').
  Try correcting the name to the name of an existing method, or defining a method named 'SyncMetadataTable'.
                .replace(SyncMetadataTable(
                         ^^^^^^^^^^^^^^^^^
  lib/features/offline/infrastructure/sync/download_sync.dart:688:30: Error: The getter 'id' isn't defined for the type 'SyncMetadata'.
   - 'SyncMetadata' is from 'package:soloadventurer/features/offline/infrastructure/database/database.dart' ('lib/features/offline/infrastructure/database/database.dart').
  Try correcting the name to the name of an existing getter, or defining a getter or field named 'id'.
                  id: metadata.id,
                               ^^
  lib/features/offline/infrastructure/sync/download_sync.dart:775:7: Error: No named parameter with the name 'firstName'.
        firstName: Value(serverUser['firstName'] as String?),
        ^^^^^^^^^
  lib/features/offline/infrastructure/database/database.g.dart:2407:9: Context: Found this candidate, but the arguments don't match.
    const UsersCompanion({
          ^^^^^^^^^^^^^^
  lib/features/offline/infrastructure/sync/incremental_sync.dart:262:38: Error: Required named parameter 'userId' must be provided.
          return syncIncrementalChanges(
                                       ^
  lib/features/offline/infrastructure/sync/incremental_sync.dart:286:40: Error: The getter 'userId' isn't defined for the type '$SyncMetadataTableTable'.
   - '$SyncMetadataTableTable' is from 'package:soloadventurer/features/offline/infrastructure/database/database.dart' ('lib/features/offline/infrastructure/database/database.dart').
  Try correcting the name to the name of an existing getter, or defining a getter or field named 'userId'.
                    ..where((tbl) => tbl.userId.equals(userId)))
                                         ^^^^^^
  lib/features/offline/infrastructure/sync/incremental_sync.dart:290:32: Error: The getter 'lastIncrementalSyncAt' isn't defined for the type 'SyncMetadata'.
   - 'SyncMetadata' is from 'package:soloadventurer/features/offline/infrastructure/database/database.dart' ('lib/features/offline/infrastructure/database/database.dart').
  Try correcting the name to the name of an existing getter, or defining a getter or field named 'lastIncrementalSyncAt'.
              metadataList.first.lastIncrementalSyncAt == null) {
                                 ^^^^^^^^^^^^^^^^^^^^^
  lib/features/offline/infrastructure/sync/incremental_sync.dart:309:34: Error: The getter 'userId' isn't defined for the type '$SyncMetadataTableTable'.
   - '$SyncMetadataTableTable' is from 'package:soloadventurer/features/offline/infrastructure/database/database.dart' ('lib/features/offline/infrastructure/database/database.dart').
  Try correcting the name to the name of an existing getter, or defining a getter or field named 'userId'.
              ..where((tbl) => tbl.userId.equals(userId)))
                                   ^^^^^^
  lib/features/offline/infrastructure/sync/incremental_sync.dart:316:33: Error: The getter 'lastIncrementalSyncAt' isn't defined for the type 'SyncMetadata'.
   - 'SyncMetadata' is from 'package:soloadventurer/features/offline/infrastructure/database/database.dart' ('lib/features/offline/infrastructure/database/database.dart').
  Try correcting the name to the name of an existing getter, or defining a getter or field named 'lastIncrementalSyncAt'.
        return metadataList.first.lastIncrementalSyncAt;
                                  ^^^^^^^^^^^^^^^^^^^^^
  lib/features/offline/infrastructure/sync/incremental_sync.dart:389:33: Error: The getter 'tripDao' isn't defined for the type 'AppDatabase'.
   - 'AppDatabase' is from 'package:soloadventurer/features/offline/infrastructure/database/database.dart' ('lib/features/offline/infrastructure/database/database.dart').
  Try correcting the name to the name of an existing getter, or defining a getter or field named 'tripDao'.
        final tripDao = _database.tripDao;
                                  ^^^^^^^
  lib/features/offline/infrastructure/sync/incremental_sync.dart:553:31: Error: The getter 'tripDao' isn't defined for the type 'AppDatabase'.
   - 'AppDatabase' is from 'package:soloadventurer/features/offline/infrastructure/database/database.dart' ('lib/features/offline/infrastructure/database/database.dart').
  Try correcting the name to the name of an existing getter, or defining a getter or field named 'tripDao'.
      final tripDao = _database.tripDao;
                                ^^^^^^^
  lib/features/offline/infrastructure/sync/incremental_sync.dart:605:34: Error: The getter 'journalDao' isn't defined for the type 'AppDatabase'.
   - 'AppDatabase' is from 'package:soloadventurer/features/offline/infrastructure/database/database.dart' ('lib/features/offline/infrastructure/database/database.dart').
  Try correcting the name to the name of an existing getter, or defining a getter or field named 'journalDao'.
      final journalDao = _database.journalDao;
                                   ^^^^^^^^^^
  lib/features/offline/infrastructure/sync/incremental_sync.dart:660:31: Error: The getter 'userDao' isn't defined for the type 'AppDatabase'.
   - 'AppDatabase' is from 'package:soloadventurer/features/offline/infrastructure/database/database.dart' ('lib/features/offline/infrastructure/database/database.dart').
  Try correcting the name to the name of an existing getter, or defining a getter or field named 'userDao'.
      final userDao = _database.userDao;
                                ^^^^^^^
  lib/features/offline/infrastructure/sync/incremental_sync.dart:727:17: Error: No named parameter with the name 'userId'.
                  userId: userId,
                  ^^^^^^
  lib/features/offline/infrastructure/database/database.g.dart:3723:9: Context: Found this candidate, but the arguments don't match.
    const SyncMetadataTableCompanion({
          ^^^^^^^^^^^^^^^^^^^^^^^^^^
  lib/features/offline/infrastructure/sync/incremental_sync.dart:719:40: Error: The getter 'userId' isn't defined for the type '$SyncMetadataTableTable'.
   - '$SyncMetadataTableTable' is from 'package:soloadventurer/features/offline/infrastructure/database/database.dart' ('lib/features/offline/infrastructure/database/database.dart').
  Try correcting the name to the name of an existing getter, or defining a getter or field named 'userId'.
                    ..where((tbl) => tbl.userId.equals(userId)))
                                         ^^^^^^
  lib/features/offline/infrastructure/sync/incremental_sync.dart:739:24: Error: The method 'SyncMetadataTable' isn't defined for the type 'IncrementalSync'.
   - 'IncrementalSync' is from 'package:soloadventurer/features/offline/infrastructure/sync/incremental_sync.dart' ('lib/features/offline/infrastructure/sync/incremental_sync.dart').
  Try correcting the name to the name of an existing method, or defining a method named 'SyncMetadataTable'.
                .replace(SyncMetadataTable(
                         ^^^^^^^^^^^^^^^^^
  lib/features/offline/infrastructure/sync/incremental_sync.dart:740:30: Error: The getter 'id' isn't defined for the type 'SyncMetadata'.
   - 'SyncMetadata' is from 'package:soloadventurer/features/offline/infrastructure/database/database.dart' ('lib/features/offline/infrastructure/database/database.dart').
  Try correcting the name to the name of an existing getter, or defining a getter or field named 'id'.
                  id: metadata.id,
                               ^^
  lib/features/offline/infrastructure/sync/incremental_sync.dart:746:54: Error: The getter 'lastIncrementalSyncAt' isn't defined for the type 'SyncMetadata'.
   - 'SyncMetadata' is from 'package:soloadventurer/features/offline/infrastructure/database/database.dart' ('lib/features/offline/infrastructure/database/database.dart').
  Try correcting the name to the name of an existing getter, or defining a getter or field named 'lastIncrementalSyncAt'.
                      usedIncremental ? now : metadata.lastIncrementalSyncAt,
                                                       ^^^^^^^^^^^^^^^^^^^^^
  lib/features/offline/infrastructure/sync/incremental_sync.dart:891:7: Error: No named parameter with the name 'firstName'.
        firstName: Value(serverUser['firstName'] as String?),
        ^^^^^^^^^
  lib/features/offline/infrastructure/database/database.g.dart:2407:9: Context: Found this candidate, but the arguments don't match.
    const UsersCompanion({
          ^^^^^^^^^^^^^^
  lib/features/offline/infrastructure/sync/offline_interceptor.dart:348:21: Error: The method 'call' isn't defined for the type 'Future<T>'.
   - 'Future' is from 'dart:async'.
  Try correcting the name to the name of an existing method, or defining a method named 'call'.
        await executor();
                      ^
  lib/features/offline/infrastructure/sync/offline_interceptor.dart:352:26: Error: The method 'call' isn't defined for the type 'Future<void>'.
   - 'Future' is from 'dart:async'.
  Try correcting the name to the name of an existing method, or defining a method named 'call'.
          await localUpdate();
                           ^
  lib/features/offline/infrastructure/sync/offline_interceptor.dart:382:24: Error: The method 'call' isn't defined for the type 'Future<void>'.
   - 'Future' is from 'dart:async'.
  Try correcting the name to the name of an existing method, or defining a method named 'call'.
        await localUpdate();
                         ^
  lib/features/offline/infrastructure/sync/mutation_interceptor.dart:263:66: Error: The argument type 'ErrorInterceptorHandler' can't be assigned to the parameter type 'RequestInterceptorHandler'.
   - 'ErrorInterceptorHandler' is from 'package:dio/src/dio_mixin.dart' ('../.pub-cache/hosted/pub.dev/dio-5.8.0+1/lib/src/dio_mixin.dart').
   - 'RequestInterceptorHandler' is from 'package:dio/src/dio_mixin.dart' ('../.pub-cache/hosted/pub.dev/dio-5.8.0+1/lib/src/dio_mixin.dart').
        await _handleOfflineMutation(metadata, err.requestOptions, handler);
                                                                   ^
  .

To run this test again: /opt/homebrew/Caskroom/flutter/3.32.5/flutter/bin/cache/dart-sdk/bin/dart test /Users/anthonyforan/SoloAdventurer_app/test/features/auth/domain/usecases/logout_use_case_test.dart -p vm --plain-name 'loading /Users/anthonyforan/SoloAdventurer_app/test/features/auth/domain/usecases/logout_use_case_test.dart'
lib/features/core/infrastructure/monitoring/aws_cloudwatch_monitoring.dart:75:7: Error: The non-abstract class 'AwsCloudWatchMonitoring' is missing implementations for these members:
 - MonitoringService.logDebug
 - MonitoringService.recordEvent
 - MonitoringService.recordMetric
Try to either
 - provide an implementation,
 - inherit an implementation from a superclass or mixin,
 - mark the class as abstract, or
 - provide a 'noSuchMethod' implementation.
class AwsCloudWatchMonitoring implements MonitoringService {
      ^^^^^^^^^^^^^^^^^^^^^^^
lib/features/core/infrastructure/monitoring/monitoring_service.dart:23:16: Context: 'MonitoringService.logDebug' is defined here.
  Future<void> logDebug(
               ^^^^^^^^
lib/features/core/infrastructure/monitoring/monitoring_service.dart:42:16: Context: 'MonitoringService.recordEvent' is defined here.
  Future<void> recordEvent(
               ^^^^^^^^^^^
lib/features/core/infrastructure/monitoring/monitoring_service.dart:29:16: Context: 'MonitoringService.recordMetric' is defined here.
  Future<void> recordMetric(
               ^^^^^^^^^^^^
00:43 +107 -37: loading /Users/anthonyforan/SoloAdventurer_app/test/features/auth/domain/services/token_manager_test.dart [E]                                                                          
  Failed to load "/Users/anthonyforan/SoloAdventurer_app/test/features/auth/domain/services/token_manager_test.dart":
  Compilation failed for testPath=/Users/anthonyforan/SoloAdventurer_app/test/features/auth/domain/services/token_manager_test.dart: lib/features/core/infrastructure/monitoring/aws_cloudwatch_monitoring.dart:75:7: Error: The non-abstract class 'AwsCloudWatchMonitoring' is missing implementations for these members:
   - MonitoringService.logDebug
   - MonitoringService.recordEvent
   - MonitoringService.recordMetric
  Try to either
   - provide an implementation,
   - inherit an implementation from a superclass or mixin,
   - mark the class as abstract, or
   - provide a 'noSuchMethod' implementation.
  class AwsCloudWatchMonitoring implements MonitoringService {
        ^^^^^^^^^^^^^^^^^^^^^^^
  lib/features/core/infrastructure/monitoring/monitoring_service.dart:23:16: Context: 'MonitoringService.logDebug' is defined here.
    Future<void> logDebug(
                 ^^^^^^^^
  lib/features/core/infrastructure/monitoring/monitoring_service.dart:42:16: Context: 'MonitoringService.recordEvent' is defined here.
    Future<void> recordEvent(
                 ^^^^^^^^^^^
  lib/features/core/infrastructure/monitoring/monitoring_service.dart:29:16: Context: 'MonitoringService.recordMetric' is defined here.
    Future<void> recordMetric(
                 ^^^^^^^^^^^^
  .

To run this test again: /opt/homebrew/Caskroom/flutter/3.32.5/flutter/bin/cache/dart-sdk/bin/dart test /Users/anthonyforan/SoloAdventurer_app/test/features/auth/domain/services/token_manager_test.dart -p vm --plain-name 'loading /Users/anthonyforan/SoloAdventurer_app/test/features/auth/domain/services/token_manager_test.dart'
lib/app/di/modules/core_module.dart:13:11: Error: Method not found: 'SecurityManagerImpl'.
    () => SecurityManagerImpl(
          ^^^^^^^^^^^^^^^^^^^
lib/features/auth/data/datasources/mock_auth_remote_data_source.dart:241:21: Error: The getter 'email' isn't defined for the type 'Credentials'.
 - 'Credentials' is from 'package:soloadventurer/features/auth/data/models/credentials.dart' ('lib/features/auth/data/models/credentials.dart').
Try correcting the name to the name of an existing getter, or defining a getter or field named 'email'.
    if (credentials.email != 'test@example.com' || credentials.password != 'password123') {
                    ^^^^^
lib/features/offline/data/repositories/offline_aware_repository.dart:492:19: Error: The getter 'timestamp_' isn't defined for the type 'OfflineAwareRepository<Entity, Model, CreateModel, UpdateModel>'.
 - 'OfflineAwareRepository' is from 'package:soloadventurer/features/offline/data/repositories/offline_aware_repository.dart' ('lib/features/offline/data/repositories/offline_aware_repository.dart').
Try correcting the name to the name of an existing getter, or defining a getter or field named 'timestamp_'.
    return 'temp_$timestamp_$random';
                  ^^^^^^^^^^
lib/features/offline/data/repositories/sync_queue_repository_impl.dart:36:52: Error: The argument type 'int' can't be assigned to the parameter type 'SyncQueueItem'.
 - 'SyncQueueItem' is from 'package:soloadventurer/features/offline/infrastructure/database/database.dart' ('lib/features/offline/infrastructure/database/database.dart').
      return model.SyncOperationModel.fromDatabase(item).toDomainEntity();
                                                   ^
lib/features/offline/infrastructure/sync/background_sync_service.dart:154:11: Error: No named parameter with the name 'requiresNotRoaming'.
          requiresNotRoaming: false, // Allow sync while roaming
          ^^^^^^^^^^^^^^^^^^
../.pub-cache/hosted/pub.dev/workmanager-0.5.2/lib/src/options.dart:96:3: Context: Found this candidate, but the arguments don't match.
  Constraints({
  ^^^^^^^^^^^
lib/features/offline/infrastructure/sync/background_sync_service.dart:164:9: Error: No named parameter with the name 'backoffDelay'.
        backoffDelay: const Duration(minutes: 15), // Initial backoff delay
        ^^^^^^^^^^^^
lib/features/offline/infrastructure/sync/background_sync_service.dart:229:27: Error: The method 'cancelTaskByTag' isn't defined for the type 'Workmanager'.
 - 'Workmanager' is from 'package:workmanager/src/workmanager.dart' ('../.pub-cache/hosted/pub.dev/workmanager-0.5.2/lib/src/workmanager.dart').
Try correcting the name to the name of an existing method, or defining a method named 'cancelTaskByTag'.
      await Workmanager().cancelTaskByTag(periodicSyncTaskName);
                          ^^^^^^^^^^^^^^^
lib/features/offline/infrastructure/sync/conflict_resolver_impl.dart:385:33: Error: The getter 'tripDao' isn't defined for the type 'AppDatabase'.
 - 'AppDatabase' is from 'package:soloadventurer/features/offline/infrastructure/database/database.dart' ('lib/features/offline/infrastructure/database/database.dart').
Try correcting the name to the name of an existing getter, or defining a getter or field named 'tripDao'.
      final tripDao = _database.tripDao;
                                ^^^^^^^
lib/features/offline/infrastructure/sync/conflict_resolver_impl.dart:411:33: Error: The getter 'tripDao' isn't defined for the type 'AppDatabase'.
 - 'AppDatabase' is from 'package:soloadventurer/features/offline/infrastructure/database/database.dart' ('lib/features/offline/infrastructure/database/database.dart').
Try correcting the name to the name of an existing getter, or defining a getter or field named 'tripDao'.
      final tripDao = _database.tripDao;
                                ^^^^^^^
lib/features/offline/infrastructure/sync/conflict_resolver_impl.dart:437:36: Error: The getter 'journalDao' isn't defined for the type 'AppDatabase'.
 - 'AppDatabase' is from 'package:soloadventurer/features/offline/infrastructure/database/database.dart' ('lib/features/offline/infrastructure/database/database.dart').
Try correcting the name to the name of an existing getter, or defining a getter or field named 'journalDao'.
      final journalDao = _database.journalDao;
                                   ^^^^^^^^^^
lib/features/offline/infrastructure/sync/conflict_resolver_impl.dart:460:36: Error: The getter 'journalDao' isn't defined for the type 'AppDatabase'.
 - 'AppDatabase' is from 'package:soloadventurer/features/offline/infrastructure/database/database.dart' ('lib/features/offline/infrastructure/database/database.dart').
Try correcting the name to the name of an existing getter, or defining a getter or field named 'journalDao'.
      final journalDao = _database.journalDao;
                                   ^^^^^^^^^^
lib/features/offline/infrastructure/sync/conflict_resolver_impl.dart:485:33: Error: The getter 'userDao' isn't defined for the type 'AppDatabase'.
 - 'AppDatabase' is from 'package:soloadventurer/features/offline/infrastructure/database/database.dart' ('lib/features/offline/infrastructure/database/database.dart').
Try correcting the name to the name of an existing getter, or defining a getter or field named 'userDao'.
      final userDao = _database.userDao;
                                ^^^^^^^
lib/features/offline/infrastructure/sync/conflict_resolver_impl.dart:508:33: Error: The getter 'userDao' isn't defined for the type 'AppDatabase'.
 - 'AppDatabase' is from 'package:soloadventurer/features/offline/infrastructure/database/database.dart' ('lib/features/offline/infrastructure/database/database.dart').
Try correcting the name to the name of an existing getter, or defining a getter or field named 'userDao'.
      final userDao = _database.userDao;
                                ^^^^^^^
lib/features/offline/infrastructure/sync/download_sync.dart:254:33: Error: The getter 'tripDao' isn't defined for the type 'AppDatabase'.
 - 'AppDatabase' is from 'package:soloadventurer/features/offline/infrastructure/database/database.dart' ('lib/features/offline/infrastructure/database/database.dart').
Try correcting the name to the name of an existing getter, or defining a getter or field named 'tripDao'.
      final tripDao = _database.tripDao;
                                ^^^^^^^
lib/features/offline/infrastructure/sync/download_sync.dart:372:33: Error: The getter 'tripDao' isn't defined for the type 'AppDatabase'.
 - 'AppDatabase' is from 'package:soloadventurer/features/offline/infrastructure/database/database.dart' ('lib/features/offline/infrastructure/database/database.dart').
Try correcting the name to the name of an existing getter, or defining a getter or field named 'tripDao'.
      final tripDao = _database.tripDao;
                                ^^^^^^^
lib/features/offline/infrastructure/sync/download_sync.dart:430:40: Error: The getter 'journalDao' isn't defined for the type 'AppDatabase'.
 - 'AppDatabase' is from 'package:soloadventurer/features/offline/infrastructure/database/database.dart' ('lib/features/offline/infrastructure/database/database.dart').
Try correcting the name to the name of an existing getter, or defining a getter or field named 'journalDao'.
          final journalDao = _database.journalDao;
                                       ^^^^^^^^^^
lib/features/offline/infrastructure/sync/download_sync.dart:568:33: Error: The getter 'userDao' isn't defined for the type 'AppDatabase'.
 - 'AppDatabase' is from 'package:soloadventurer/features/offline/infrastructure/database/database.dart' ('lib/features/offline/infrastructure/database/database.dart').
Try correcting the name to the name of an existing getter, or defining a getter or field named 'userDao'.
      final userDao = _database.userDao;
                                ^^^^^^^
lib/features/offline/infrastructure/sync/download_sync.dart:677:17: Error: No named parameter with the name 'userId'.
                userId: userId,
                ^^^^^^
lib/features/offline/infrastructure/database/database.g.dart:3735:3: Context: Found this candidate, but the arguments don't match.
  SyncMetadataTableCompanion.insert({
  ^^^^^^^^^^^^^^^^^^^^^^^^^^^^^^^^^
lib/features/offline/infrastructure/sync/download_sync.dart:669:40: Error: The getter 'userId' isn't defined for the type '$SyncMetadataTableTable'.
 - '$SyncMetadataTableTable' is from 'package:soloadventurer/features/offline/infrastructure/database/database.dart' ('lib/features/offline/infrastructure/database/database.dart').
Try correcting the name to the name of an existing getter, or defining a getter or field named 'userId'.
                  ..where((tbl) => tbl.userId.equals(userId)))
                                       ^^^^^^
lib/features/offline/infrastructure/sync/download_sync.dart:687:24: Error: The method 'SyncMetadataTable' isn't defined for the type 'DownloadSync'.
 - 'DownloadSync' is from 'package:soloadventurer/features/offline/infrastructure/sync/download_sync.dart' ('lib/features/offline/infrastructure/sync/download_sync.dart').
Try correcting the name to the name of an existing method, or defining a method named 'SyncMetadataTable'.
              .replace(SyncMetadataTable(
                       ^^^^^^^^^^^^^^^^^
lib/features/offline/infrastructure/sync/download_sync.dart:688:30: Error: The getter 'id' isn't defined for the type 'SyncMetadata'.
 - 'SyncMetadata' is from 'package:soloadventurer/features/offline/infrastructure/database/database.dart' ('lib/features/offline/infrastructure/database/database.dart').
Try correcting the name to the name of an existing getter, or defining a getter or field named 'id'.
                id: metadata.id,
                             ^^
lib/features/offline/infrastructure/sync/download_sync.dart:775:7: Error: No named parameter with the name 'firstName'.
      firstName: Value(serverUser['firstName'] as String?),
      ^^^^^^^^^
lib/features/offline/infrastructure/database/database.g.dart:2407:9: Context: Found this candidate, but the arguments don't match.
  const UsersCompanion({
        ^^^^^^^^^^^^^^
lib/features/offline/infrastructure/sync/incremental_sync.dart:262:38: Error: Required named parameter 'userId' must be provided.
        return syncIncrementalChanges(
                                     ^
lib/features/offline/infrastructure/sync/incremental_sync.dart:286:40: Error: The getter 'userId' isn't defined for the type '$SyncMetadataTableTable'.
 - '$SyncMetadataTableTable' is from 'package:soloadventurer/features/offline/infrastructure/database/database.dart' ('lib/features/offline/infrastructure/database/database.dart').
Try correcting the name to the name of an existing getter, or defining a getter or field named 'userId'.
                  ..where((tbl) => tbl.userId.equals(userId)))
                                       ^^^^^^
lib/features/offline/infrastructure/sync/incremental_sync.dart:290:32: Error: The getter 'lastIncrementalSyncAt' isn't defined for the type 'SyncMetadata'.
 - 'SyncMetadata' is from 'package:soloadventurer/features/offline/infrastructure/database/database.dart' ('lib/features/offline/infrastructure/database/database.dart').
Try correcting the name to the name of an existing getter, or defining a getter or field named 'lastIncrementalSyncAt'.
            metadataList.first.lastIncrementalSyncAt == null) {
                               ^^^^^^^^^^^^^^^^^^^^^
lib/features/offline/infrastructure/sync/incremental_sync.dart:309:34: Error: The getter 'userId' isn't defined for the type '$SyncMetadataTableTable'.
 - '$SyncMetadataTableTable' is from 'package:soloadventurer/features/offline/infrastructure/database/database.dart' ('lib/features/offline/infrastructure/database/database.dart').
Try correcting the name to the name of an existing getter, or defining a getter or field named 'userId'.
            ..where((tbl) => tbl.userId.equals(userId)))
                                 ^^^^^^
lib/features/offline/infrastructure/sync/incremental_sync.dart:316:33: Error: The getter 'lastIncrementalSyncAt' isn't defined for the type 'SyncMetadata'.
 - 'SyncMetadata' is from 'package:soloadventurer/features/offline/infrastructure/database/database.dart' ('lib/features/offline/infrastructure/database/database.dart').
Try correcting the name to the name of an existing getter, or defining a getter or field named 'lastIncrementalSyncAt'.
      return metadataList.first.lastIncrementalSyncAt;
                                ^^^^^^^^^^^^^^^^^^^^^
lib/features/offline/infrastructure/sync/incremental_sync.dart:389:33: Error: The getter 'tripDao' isn't defined for the type 'AppDatabase'.
 - 'AppDatabase' is from 'package:soloadventurer/features/offline/infrastructure/database/database.dart' ('lib/features/offline/infrastructure/database/database.dart').
Try correcting the name to the name of an existing getter, or defining a getter or field named 'tripDao'.
      final tripDao = _database.tripDao;
                                ^^^^^^^
lib/features/offline/infrastructure/sync/incremental_sync.dart:553:31: Error: The getter 'tripDao' isn't defined for the type 'AppDatabase'.
 - 'AppDatabase' is from 'package:soloadventurer/features/offline/infrastructure/database/database.dart' ('lib/features/offline/infrastructure/database/database.dart').
Try correcting the name to the name of an existing getter, or defining a getter or field named 'tripDao'.
    final tripDao = _database.tripDao;
                              ^^^^^^^
lib/features/offline/infrastructure/sync/incremental_sync.dart:605:34: Error: The getter 'journalDao' isn't defined for the type 'AppDatabase'.
 - 'AppDatabase' is from 'package:soloadventurer/features/offline/infrastructure/database/database.dart' ('lib/features/offline/infrastructure/database/database.dart').
Try correcting the name to the name of an existing getter, or defining a getter or field named 'journalDao'.
    final journalDao = _database.journalDao;
                                 ^^^^^^^^^^
lib/features/offline/infrastructure/sync/incremental_sync.dart:660:31: Error: The getter 'userDao' isn't defined for the type 'AppDatabase'.
 - 'AppDatabase' is from 'package:soloadventurer/features/offline/infrastructure/database/database.dart' ('lib/features/offline/infrastructure/database/database.dart').
Try correcting the name to the name of an existing getter, or defining a getter or field named 'userDao'.
    final userDao = _database.userDao;
                              ^^^^^^^
lib/features/offline/infrastructure/sync/incremental_sync.dart:727:17: Error: No named parameter with the name 'userId'.
                userId: userId,
                ^^^^^^
lib/features/offline/infrastructure/database/database.g.dart:3723:9: Context: Found this candidate, but the arguments don't match.
  const SyncMetadataTableCompanion({
        ^^^^^^^^^^^^^^^^^^^^^^^^^^
lib/features/offline/infrastructure/sync/incremental_sync.dart:719:40: Error: The getter 'userId' isn't defined for the type '$SyncMetadataTableTable'.
 - '$SyncMetadataTableTable' is from 'package:soloadventurer/features/offline/infrastructure/database/database.dart' ('lib/features/offline/infrastructure/database/database.dart').
Try correcting the name to the name of an existing getter, or defining a getter or field named 'userId'.
                  ..where((tbl) => tbl.userId.equals(userId)))
                                       ^^^^^^
lib/features/offline/infrastructure/sync/incremental_sync.dart:739:24: Error: The method 'SyncMetadataTable' isn't defined for the type 'IncrementalSync'.
 - 'IncrementalSync' is from 'package:soloadventurer/features/offline/infrastructure/sync/incremental_sync.dart' ('lib/features/offline/infrastructure/sync/incremental_sync.dart').
Try correcting the name to the name of an existing method, or defining a method named 'SyncMetadataTable'.
              .replace(SyncMetadataTable(
                       ^^^^^^^^^^^^^^^^^
lib/features/offline/infrastructure/sync/incremental_sync.dart:740:30: Error: The getter 'id' isn't defined for the type 'SyncMetadata'.
 - 'SyncMetadata' is from 'package:soloadventurer/features/offline/infrastructure/database/database.dart' ('lib/features/offline/infrastructure/database/database.dart').
Try correcting the name to the name of an existing getter, or defining a getter or field named 'id'.
                id: metadata.id,
                             ^^
lib/features/offline/infrastructure/sync/incremental_sync.dart:746:54: Error: The getter 'lastIncrementalSyncAt' isn't defined for the type 'SyncMetadata'.
 - 'SyncMetadata' is from 'package:soloadventurer/features/offline/infrastructure/database/database.dart' ('lib/features/offline/infrastructure/database/database.dart').
Try correcting the name to the name of an existing getter, or defining a getter or field named 'lastIncrementalSyncAt'.
                    usedIncremental ? now : metadata.lastIncrementalSyncAt,
                                                     ^^^^^^^^^^^^^^^^^^^^^
lib/features/offline/infrastructure/sync/incremental_sync.dart:891:7: Error: No named parameter with the name 'firstName'.
      firstName: Value(serverUser['firstName'] as String?),
      ^^^^^^^^^
lib/features/offline/infrastructure/database/database.g.dart:2407:9: Context: Found this candidate, but the arguments don't match.
  const UsersCompanion({
        ^^^^^^^^^^^^^^
lib/features/offline/infrastructure/sync/offline_interceptor.dart:348:21: Error: The method 'call' isn't defined for the type 'Future<T>'.
 - 'Future' is from 'dart:async'.
Try correcting the name to the name of an existing method, or defining a method named 'call'.
      await executor();
                    ^
lib/features/offline/infrastructure/sync/offline_interceptor.dart:352:26: Error: The method 'call' isn't defined for the type 'Future<void>'.
 - 'Future' is from 'dart:async'.
Try correcting the name to the name of an existing method, or defining a method named 'call'.
        await localUpdate();
                         ^
lib/features/offline/infrastructure/sync/offline_interceptor.dart:382:24: Error: The method 'call' isn't defined for the type 'Future<void>'.
 - 'Future' is from 'dart:async'.
Try correcting the name to the name of an existing method, or defining a method named 'call'.
      await localUpdate();
                       ^
lib/features/offline/infrastructure/sync/mutation_interceptor.dart:263:66: Error: The argument type 'ErrorInterceptorHandler' can't be assigned to the parameter type 'RequestInterceptorHandler'.
 - 'ErrorInterceptorHandler' is from 'package:dio/src/dio_mixin.dart' ('../.pub-cache/hosted/pub.dev/dio-5.8.0+1/lib/src/dio_mixin.dart').
 - 'RequestInterceptorHandler' is from 'package:dio/src/dio_mixin.dart' ('../.pub-cache/hosted/pub.dev/dio-5.8.0+1/lib/src/dio_mixin.dart').
      await _handleOfflineMutation(metadata, err.requestOptions, handler);
                                                                 ^
00:44 +107 -37: loading /Users/anthonyforan/SoloAdventurer_app/test/features/auth/domain/services/token_blacklist_manager_test.dart                                                                    00:44 +107 -37: /Users/anthonyforan/SoloAdventurer_app/test/features/auth/domain/services/token_blacklist_manager_test.dart: ... - Core Functionality should initialize with empty blacklist           00:44 +108 -37: /Users/anthonyforan/SoloAdventurer_app/test/features/auth/domain/services/token_blacklist_manager_test.dart: ... - Core Functionality should initialize with empty blacklist           00:44 +108 -37: /Users/anthonyforan/SoloAdventurer_app/test/features/auth/domain/services/token_blacklist_manager_test.dart: TokenBlacklistManager - Core Functionality should blacklist a token       00:44 +108 -37: /Users/anthonyforan/SoloAdventurer_app/test/features/auth/domain/services/token_blacklist_manager_test.dart: TokenBlacklistManager - Core Functionality should blacklist a token       
TokenBlacklistManager: Blacklisting token
00:44 +109 -37: /Users/anthonyforan/SoloAdventurer_app/test/features/auth/domain/services/token_blacklist_manager_test.dart: TokenBlacklistManager - Core Functionality should blacklist a token       00:44 +109 -37: /Users/anthonyforan/SoloAdventurer_app/test/features/auth/domain/services/token_blacklist_manager_test.dart: ... - Core Functionality should not duplicate tokens in blacklist         00:44 +109 -37: /Users/anthonyforan/SoloAdventurer_app/test/features/auth/domain/services/token_blacklist_manager_test.dart: TokenBlacklistManager - Core Functionality should not duplicate tokens in blacklist
TokenBlacklistManager: Blacklisting token
TokenBlacklistManager: Blacklisting token
00:44 +110 -37: /Users/anthonyforan/SoloAdventurer_app/test/features/auth/domain/services/token_blacklist_manager_test.dart: ... - Core Functionality should not duplicate tokens in blacklist         00:44 +110 -37: /Users/anthonyforan/SoloAdventurer_app/test/features/auth/domain/services/token_blacklist_manager_test.dart: ... - Core Functionality should return false for non-blacklisted tokens   00:44 +111 -37: /Users/anthonyforan/SoloAdventurer_app/test/features/auth/domain/services/token_blacklist_manager_test.dart: ... - Core Functionality should return false for non-blacklisted tokens   00:44 +111 -37: /Users/anthonyforan/SoloAdventurer_app/test/features/auth/domain/services/token_blacklist_manager_test.dart: ... - Token Expiration should remove expired tokens when checking         00:44 +111 -37: /Users/anthonyforan/SoloAdventurer_app/test/features/auth/domain/services/token_blacklist_manager_test.dart: TokenBlacklistManager - Token Expiration should remove expired tokens when checking
TokenBlacklistManager: Blacklisting token
00:45 +111 -38: /Users/anthonyforan/SoloAdventurer_app/test/features/auth/domain/services/token_blacklist_manager_test.dart: ... - Token Expiration should remove expired tokens when checking         00:45 +111 -38: /Users/anthonyforan/SoloAdventurer_app/test/features/auth/domain/services/token_blacklist_manager_test.dart: TokenBlacklistManager - Token Expiration should remove expired tokens when checking [E]
  Expected: false
    Actual: <true>
  
  package:matcher                                                            expect
  package:flutter_test/src/widget_tester.dart 473:18                         expect
  test/features/auth/domain/services/token_blacklist_manager_test.dart 55:9  main.<fn>.<fn>.<fn>
  dart:async                                                                 runZoned
  package:clock/src/default.dart 52:10                                       withClock
  test/features/auth/domain/services/token_blacklist_manager_test.dart 54:7  main.<fn>.<fn>
  

To run this test again: /opt/homebrew/Caskroom/flutter/3.32.5/flutter/bin/cache/dart-sdk/bin/dart test /Users/anthonyforan/SoloAdventurer_app/test/features/auth/domain/services/token_blacklist_manager_test.dart -p vm --plain-name 'TokenBlacklistManager - Token Expiration should remove expired tokens when checking'
00:45 +111 -38: /Users/anthonyforan/SoloAdventurer_app/test/features/auth/domain/services/token_blacklist_manager_test.dart: ... - Token Expiration should keep valid tokens during cleanup            00:45 +111 -38: /Users/anthonyforan/SoloAdventurer_app/test/features/auth/domain/services/token_blacklist_manager_test.dart: TokenBlacklistManager - Token Expiration should keep valid tokens during cleanup
TokenBlacklistManager: Blacklisting token
00:45 +112 -38: /Users/anthonyforan/SoloAdventurer_app/test/features/auth/domain/services/token_blacklist_manager_test.dart: ... - Token Expiration should keep valid tokens during cleanup            00:45 +112 -38: /Users/anthonyforan/SoloAdventurer_app/test/features/auth/domain/services/token_blacklist_manager_test.dart: ... - Token Expiration should respect blacklist duration of 24 hours      00:45 +112 -38: /Users/anthonyforan/SoloAdventurer_app/test/features/auth/domain/services/token_blacklist_manager_test.dart: TokenBlacklistManager - Token Expiration should respect blacklist duration of 24 hours
TokenBlacklistManager: Blacklisting token
00:45 +112 -39: /Users/anthonyforan/SoloAdventurer_app/test/features/auth/domain/services/token_blacklist_manager_test.dart: TokenBlacklistManager - Token Expiration should respect blacklist duration of 24 hours [E]
  Expected: false
    Actual: <true>
  
  package:matcher                                                            expect
  package:flutter_test/src/widget_tester.dart 473:18                         expect
  test/features/auth/domain/services/token_blacklist_manager_test.dart 92:9  main.<fn>.<fn>.<fn>
  dart:async                                                                 runZoned
  package:clock/src/default.dart 52:10                                       withClock
  test/features/auth/domain/services/token_blacklist_manager_test.dart 90:7  main.<fn>.<fn>
  

To run this test again: /opt/homebrew/Caskroom/flutter/3.32.5/flutter/bin/cache/dart-sdk/bin/dart test /Users/anthonyforan/SoloAdventurer_app/test/features/auth/domain/services/token_blacklist_manager_test.dart -p vm --plain-name 'TokenBlacklistManager - Token Expiration should respect blacklist duration of 24 hours'
00:45 +112 -39: /Users/anthonyforan/SoloAdventurer_app/test/features/auth/domain/services/token_blacklist_manager_test.dart: ... Token Rotation should handle token rotation by blacklisting old tokens00:45 +112 -39: /Users/anthonyforan/SoloAdventurer_app/test/features/auth/domain/services/token_blacklist_manager_test.dart: TokenBlacklistManager - Token Rotation should handle token rotation by blacklisting old tokens
TokenBlacklistManager: Blacklisting token
TokenBlacklistManager: Blacklisting token
00:45 +113 -39: /Users/anthonyforan/SoloAdventurer_app/test/features/auth/domain/services/token_blacklist_manager_test.dart: ... Token Rotation should handle token rotation by blacklisting old tokens00:45 +113 -39: /Users/anthonyforan/SoloAdventurer_app/test/features/auth/domain/services/token_blacklist_manager_test.dart: ... - Token Rotation should not blacklist unchanged tokens during rotation00:45 +114 -39: /Users/anthonyforan/SoloAdventurer_app/test/features/auth/domain/services/token_blacklist_manager_test.dart: ... - Token Rotation should not blacklist unchanged tokens during rotation00:45 +114 -39: /Users/anthonyforan/SoloAdventurer_app/test/features/auth/domain/services/token_blacklist_manager_test.dart: ... - Cleanup Timer should start cleanup timer on initialization          00:45 +115 -39: /Users/anthonyforan/SoloAdventurer_app/test/features/auth/domain/services/token_blacklist_manager_test.dart: ... - Cleanup Timer should start cleanup timer on initialization          00:45 +115 -39: /Users/anthonyforan/SoloAdventurer_app/test/features/auth/domain/services/token_blacklist_manager_test.dart: ... - Cleanup Timer should cleanup expired tokens periodically            00:45 +115 -39: /Users/anthonyforan/SoloAdventurer_app/test/features/auth/domain/services/token_blacklist_manager_test.dart: TokenBlacklistManager - Cleanup Timer should cleanup expired tokens periodically
TokenBlacklistManager: Blacklisting token
00:45 +115 -40: /Users/anthonyforan/SoloAdventurer_app/test/features/auth/domain/services/token_blacklist_manager_test.dart: TokenBlacklistManager - Cleanup Timer should cleanup expired tokens periodically [E]
  Expected: <0>
    Actual: <1>
  
  package:matcher                                                             expect
  package:flutter_test/src/widget_tester.dart 473:18                          expect
  test/features/auth/domain/services/token_blacklist_manager_test.dart 167:9  main.<fn>.<fn>.<fn>
  dart:async                                                                  runZoned
  package:clock/src/default.dart 52:10                                        withClock
  test/features/auth/domain/services/token_blacklist_manager_test.dart 164:7  main.<fn>.<fn>
  

To run this test again: /opt/homebrew/Caskroom/flutter/3.32.5/flutter/bin/cache/dart-sdk/bin/dart test /Users/anthonyforan/SoloAdventurer_app/test/features/auth/domain/services/token_blacklist_manager_test.dart -p vm --plain-name 'TokenBlacklistManager - Cleanup Timer should cleanup expired tokens periodically'
00:45 +115 -40: /Users/anthonyforan/SoloAdventurer_app/test/features/auth/domain/services/token_blacklist_manager_test.dart: ... - Cleanup Timer should cancel cleanup timer on dispose                00:45 +115 -40: /Users/anthonyforan/SoloAdventurer_app/test/features/auth/domain/services/token_blacklist_manager_test.dart: TokenBlacklistManager - Cleanup Timer should cancel cleanup timer on dispose
TokenBlacklistManager: Blacklisting token
00:45 +115 -41: /Users/anthonyforan/SoloAdventurer_app/test/features/auth/domain/services/token_blacklist_manager_test.dart: TokenBlacklistManager - Cleanup Timer should cancel cleanup timer on dispose [E]
  Expected: throws <Instance of 'StateError'>
    Actual: <Closure: () => int>
     Which: returned <1>
  
  package:matcher                                                             expect
  package:flutter_test/src/widget_tester.dart 473:18                          expect
  test/features/auth/domain/services/token_blacklist_manager_test.dart 182:7  main.<fn>.<fn>
  

To run this test again: /opt/homebrew/Caskroom/flutter/3.32.5/flutter/bin/cache/dart-sdk/bin/dart test /Users/anthonyforan/SoloAdventurer_app/test/features/auth/domain/services/token_blacklist_manager_test.dart -p vm --plain-name 'TokenBlacklistManager - Cleanup Timer should cancel cleanup timer on dispose'
00:45 +115 -41: /Users/anthonyforan/SoloAdventurer_app/test/features/auth/domain/services/token_blacklist_manager_test.dart: TokenBlacklistManager - Cleanup Timer should run cleanup every hour       00:45 +115 -41: /Users/anthonyforan/SoloAdventurer_app/test/features/auth/domain/services/token_blacklist_manager_test.dart: TokenBlacklistManager - Cleanup Timer should run cleanup every hour       
TokenBlacklistManager: Blacklisting token
TokenBlacklistManager: Blacklisting token
00:45 +115 -42: /Users/anthonyforan/SoloAdventurer_app/test/features/auth/domain/services/token_blacklist_manager_test.dart: TokenBlacklistManager - Cleanup Timer should run cleanup every hour [E]   
  Expected: <0>
    Actual: <2>
  
  package:matcher                                                             expect
  package:flutter_test/src/widget_tester.dart 473:18                          expect
  test/features/auth/domain/services/token_blacklist_manager_test.dart 196:9  main.<fn>.<fn>.<fn>
  dart:async                                                                  runZoned
  package:clock/src/default.dart 52:10                                        withClock
  test/features/auth/domain/services/token_blacklist_manager_test.dart 195:7  main.<fn>.<fn>
  

To run this test again: /opt/homebrew/Caskroom/flutter/3.32.5/flutter/bin/cache/dart-sdk/bin/dart test /Users/anthonyforan/SoloAdventurer_app/test/features/auth/domain/services/token_blacklist_manager_test.dart -p vm --plain-name 'TokenBlacklistManager - Cleanup Timer should run cleanup every hour'
00:45 +115 -42: /Users/anthonyforan/SoloAdventurer_app/test/features/auth/domain/services/token_blacklist_manager_test.dart: TokenBlacklistManager - Edge Cases should handle empty tokens gracefully  00:45 +115 -42: /Users/anthonyforan/SoloAdventurer_app/test/features/auth/domain/services/token_blacklist_manager_test.dart: TokenBlacklistManager - Edge Cases should handle empty tokens gracefully  
TokenBlacklistManager: Blacklisting token
00:45 +116 -42: /Users/anthonyforan/SoloAdventurer_app/test/features/auth/domain/services/token_blacklist_manager_test.dart: TokenBlacklistManager - Edge Cases should handle empty tokens gracefully  00:45 +116 -42: /Users/anthonyforan/SoloAdventurer_app/test/features/auth/domain/services/token_blacklist_manager_test.dart: TokenBlacklistManager - Edge Cases should handle large number of tokens   00:45 +116 -42: /Users/anthonyforan/SoloAdventurer_app/test/features/auth/domain/services/token_blacklist_manager_test.dart: TokenBlacklistManager - Edge Cases should handle large number of tokens   
TokenBlacklistManager: Blacklisting token
TokenBlacklistManager: Blacklisting token
TokenBlacklistManager: Blacklisting token
TokenBlacklistManager: Blacklisting token
TokenBlacklistManager: Blacklisting token
TokenBlacklistManager: Blacklisting token
TokenBlacklistManager: Blacklisting token
TokenBlacklistManager: Blacklisting token
TokenBlacklistManager: Blacklisting token
TokenBlacklistManager: Blacklisting token
TokenBlacklistManager: Blacklisting token
TokenBlacklistManager: Blacklisting token
TokenBlacklistManager: Blacklisting token
TokenBlacklistManager: Blacklisting token
TokenBlacklistManager: Blacklisting token
TokenBlacklistManager: Blacklisting token
TokenBlacklistManager: Blacklisting token
TokenBlacklistManager: Blacklisting token
TokenBlacklistManager: Blacklisting token
TokenBlacklistManager: Blacklisting token
TokenBlacklistManager: Blacklisting token
TokenBlacklistManager: Blacklisting token
TokenBlacklistManager: Blacklisting token
TokenBlacklistManager: Blacklisting token
TokenBlacklistManager: Blacklisting token
TokenBlacklistManager: Blacklisting token
TokenBlacklistManager: Blacklisting token
TokenBlacklistManager: Blacklisting token
TokenBlacklistManager: Blacklisting token
TokenBlacklistManager: Blacklisting token
TokenBlacklistManager: Blacklisting token
TokenBlacklistManager: Blacklisting token
TokenBlacklistManager: Blacklisting token
TokenBlacklistManager: Blacklisting token
TokenBlacklistManager: Blacklisting token
TokenBlacklistManager: Blacklisting token
TokenBlacklistManager: Blacklisting token
TokenBlacklistManager: Blacklisting token
TokenBlacklistManager: Blacklisting token
TokenBlacklistManager: Blacklisting token
TokenBlacklistManager: Blacklisting token
TokenBlacklistManager: Blacklisting token
TokenBlacklistManager: Blacklisting token
TokenBlacklistManager: Blacklisting token
TokenBlacklistManager: Blacklisting token
TokenBlacklistManager: Blacklisting token
TokenBlacklistManager: Blacklisting token
TokenBlacklistManager: Blacklisting token
TokenBlacklistManager: Blacklisting token
TokenBlacklistManager: Blacklisting token
TokenBlacklistManager: Blacklisting token
TokenBlacklistManager: Blacklisting token
TokenBlacklistManager: Blacklisting token
TokenBlacklistManager: Blacklisting token
TokenBlacklistManager: Blacklisting token
TokenBlacklistManager: Blacklisting token
TokenBlacklistManager: Blacklisting token
TokenBlacklistManager: Blacklisting token
TokenBlacklistManager: Blacklisting token
TokenBlacklistManager: Blacklisting token
TokenBlacklistManager: Blacklisting token
TokenBlacklistManager: Blacklisting token
TokenBlacklistManager: Blacklisting token
TokenBlacklistManager: Blacklisting token
TokenBlacklistManager: Blacklisting token
TokenBlacklistManager: Blacklisting token
TokenBlacklistManager: Blacklisting token
TokenBlacklistManager: Blacklisting token
TokenBlacklistManager: Blacklisting token
TokenBlacklistManager: Blacklisting token
TokenBlacklistManager: Blacklisting token
TokenBlacklistManager: Blacklisting token
TokenBlacklistManager: Blacklisting token
TokenBlacklistManager: Blacklisting token
TokenBlacklistManager: Blacklisting token
TokenBlacklistManager: Blacklisting token
TokenBlacklistManager: Blacklisting token
TokenBlacklistManager: Blacklisting token
TokenBlacklistManager: Blacklisting token
TokenBlacklistManager: Blacklisting token
TokenBlacklistManager: Blacklisting token
TokenBlacklistManager: Blacklisting token
TokenBlacklistManager: Blacklisting token
TokenBlacklistManager: Blacklisting token
TokenBlacklistManager: Blacklisting token
TokenBlacklistManager: Blacklisting token
TokenBlacklistManager: Blacklisting token
TokenBlacklistManager: Blacklisting token
TokenBlacklistManager: Blacklisting token
TokenBlacklistManager: Blacklisting token
TokenBlacklistManager: Blacklisting token
TokenBlacklistManager: Blacklisting token
TokenBlacklistManager: Blacklisting token
TokenBlacklistManager: Blacklisting token
TokenBlacklistManager: Blacklisting token
TokenBlacklistManager: Blacklisting token
TokenBlacklistManager: Blacklisting token
TokenBlacklistManager: Blacklisting token
TokenBlacklistManager: Blacklisting token
TokenBlacklistManager: Blacklisting token
TokenBlacklistManager: Blacklisting token
TokenBlacklistManager: Blacklisting token
TokenBlacklistManager: Blacklisting token
TokenBlacklistManager: Blacklisting token
TokenBlacklistManager: Blacklisting token
TokenBlacklistManager: Blacklisting token
TokenBlacklistManager: Blacklisting token
TokenBlacklistManager: Blacklisting token
TokenBlacklistManager: Blacklisting token
TokenBlacklistManager: Blacklisting token
TokenBlacklistManager: Blacklisting token
TokenBlacklistManager: Blacklisting token
TokenBlacklistManager: Blacklisting token
TokenBlacklistManager: Blacklisting token
TokenBlacklistManager: Blacklisting token
TokenBlacklistManager: Blacklisting token
TokenBlacklistManager: Blacklisting token
TokenBlacklistManager: Blacklisting token
TokenBlacklistManager: Blacklisting token
TokenBlacklistManager: Blacklisting token
TokenBlacklistManager: Blacklisting token
TokenBlacklistManager: Blacklisting token
TokenBlacklistManager: Blacklisting token
TokenBlacklistManager: Blacklisting token
TokenBlacklistManager: Blacklisting token
TokenBlacklistManager: Blacklisting token
TokenBlacklistManager: Blacklisting token
TokenBlacklistManager: Blacklisting token
TokenBlacklistManager: Blacklisting token
TokenBlacklistManager: Blacklisting token
TokenBlacklistManager: Blacklisting token
TokenBlacklistManager: Blacklisting token
TokenBlacklistManager: Blacklisting token
TokenBlacklistManager: Blacklisting token
TokenBlacklistManager: Blacklisting token
TokenBlacklistManager: Blacklisting token
TokenBlacklistManager: Blacklisting token
TokenBlacklistManager: Blacklisting token
TokenBlacklistManager: Blacklisting token
TokenBlacklistManager: Blacklisting token
TokenBlacklistManager: Blacklisting token
TokenBlacklistManager: Blacklisting token
TokenBlacklistManager: Blacklisting token
TokenBlacklistManager: Blacklisting token
TokenBlacklistManager: Blacklisting token
TokenBlacklistManager: Blacklisting token
TokenBlacklistManager: Blacklisting token
TokenBlacklistManager: Blacklisting token
TokenBlacklistManager: Blacklisting token
TokenBlacklistManager: Blacklisting token
TokenBlacklistManager: Blacklisting token
TokenBlacklistManager: Blacklisting token
TokenBlacklistManager: Blacklisting token
TokenBlacklistManager: Blacklisting token
TokenBlacklistManager: Blacklisting token
TokenBlacklistManager: Blacklisting token
TokenBlacklistManager: Blacklisting token
TokenBlacklistManager: Blacklisting token
TokenBlacklistManager: Blacklisting token
TokenBlacklistManager: Blacklisting token
TokenBlacklistManager: Blacklisting token
TokenBlacklistManager: Blacklisting token
TokenBlacklistManager: Blacklisting token
TokenBlacklistManager: Blacklisting token
TokenBlacklistManager: Blacklisting token
TokenBlacklistManager: Blacklisting token
TokenBlacklistManager: Blacklisting token
TokenBlacklistManager: Blacklisting token
TokenBlacklistManager: Blacklisting token
TokenBlacklistManager: Blacklisting token
TokenBlacklistManager: Blacklisting token
TokenBlacklistManager: Blacklisting token
TokenBlacklistManager: Blacklisting token
TokenBlacklistManager: Blacklisting token
TokenBlacklistManager: Blacklisting token
TokenBlacklistManager: Blacklisting token
TokenBlacklistManager: Blacklisting token
TokenBlacklistManager: Blacklisting token
TokenBlacklistManager: Blacklisting token
TokenBlacklistManager: Blacklisting token
TokenBlacklistManager: Blacklisting token
TokenBlacklistManager: Blacklisting token
TokenBlacklistManager: Blacklisting token
TokenBlacklistManager: Blacklisting token
TokenBlacklistManager: Blacklisting token
TokenBlacklistManager: Blacklisting token
TokenBlacklistManager: Blacklisting token
TokenBlacklistManager: Blacklisting token
TokenBlacklistManager: Blacklisting token
TokenBlacklistManager: Blacklisting token
TokenBlacklistManager: Blacklisting token
TokenBlacklistManager: Blacklisting token
TokenBlacklistManager: Blacklisting token
TokenBlacklistManager: Blacklisting token
TokenBlacklistManager: Blacklisting token
TokenBlacklistManager: Blacklisting token
TokenBlacklistManager: Blacklisting token
TokenBlacklistManager: Blacklisting token
TokenBlacklistManager: Blacklisting token
TokenBlacklistManager: Blacklisting token
TokenBlacklistManager: Blacklisting token
TokenBlacklistManager: Blacklisting token
TokenBlacklistManager: Blacklisting token
TokenBlacklistManager: Blacklisting token
TokenBlacklistManager: Blacklisting token
TokenBlacklistManager: Blacklisting token
TokenBlacklistManager: Blacklisting token
TokenBlacklistManager: Blacklisting token
TokenBlacklistManager: Blacklisting token
TokenBlacklistManager: Blacklisting token
TokenBlacklistManager: Blacklisting token
TokenBlacklistManager: Blacklisting token
TokenBlacklistManager: Blacklisting token
TokenBlacklistManager: Blacklisting token
TokenBlacklistManager: Blacklisting token
TokenBlacklistManager: Blacklisting token
TokenBlacklistManager: Blacklisting token
TokenBlacklistManager: Blacklisting token
TokenBlacklistManager: Blacklisting token
TokenBlacklistManager: Blacklisting token
TokenBlacklistManager: Blacklisting token
TokenBlacklistManager: Blacklisting token
TokenBlacklistManager: Blacklisting token
TokenBlacklistManager: Blacklisting token
TokenBlacklistManager: Blacklisting token
TokenBlacklistManager: Blacklisting token
TokenBlacklistManager: Blacklisting token
TokenBlacklistManager: Blacklisting token
TokenBlacklistManager: Blacklisting token
TokenBlacklistManager: Blacklisting token
TokenBlacklistManager: Blacklisting token
TokenBlacklistManager: Blacklisting token
TokenBlacklistManager: Blacklisting token
TokenBlacklistManager: Blacklisting token
TokenBlacklistManager: Blacklisting token
TokenBlacklistManager: Blacklisting token
TokenBlacklistManager: Blacklisting token
TokenBlacklistManager: Blacklisting token
TokenBlacklistManager: Blacklisting token
TokenBlacklistManager: Blacklisting token
TokenBlacklistManager: Blacklisting token
TokenBlacklistManager: Blacklisting token
TokenBlacklistManager: Blacklisting token
TokenBlacklistManager: Blacklisting token
TokenBlacklistManager: Blacklisting token
TokenBlacklistManager: Blacklisting token
TokenBlacklistManager: Blacklisting token
TokenBlacklistManager: Blacklisting token
TokenBlacklistManager: Blacklisting token
TokenBlacklistManager: Blacklisting token
TokenBlacklistManager: Blacklisting token
TokenBlacklistManager: Blacklisting token
TokenBlacklistManager: Blacklisting token
TokenBlacklistManager: Blacklisting token
TokenBlacklistManager: Blacklisting token
TokenBlacklistManager: Blacklisting token
TokenBlacklistManager: Blacklisting token
TokenBlacklistManager: Blacklisting token
TokenBlacklistManager: Blacklisting token
TokenBlacklistManager: Blacklisting token
TokenBlacklistManager: Blacklisting token
TokenBlacklistManager: Blacklisting token
TokenBlacklistManager: Blacklisting token
TokenBlacklistManager: Blacklisting token
TokenBlacklistManager: Blacklisting token
TokenBlacklistManager: Blacklisting token
TokenBlacklistManager: Blacklisting token
TokenBlacklistManager: Blacklisting token
TokenBlacklistManager: Blacklisting token
TokenBlacklistManager: Blacklisting token
TokenBlacklistManager: Blacklisting token
TokenBlacklistManager: Blacklisting token
TokenBlacklistManager: Blacklisting token
TokenBlacklistManager: Blacklisting token
TokenBlacklistManager: Blacklisting token
TokenBlacklistManager: Blacklisting token
TokenBlacklistManager: Blacklisting token
TokenBlacklistManager: Blacklisting token
TokenBlacklistManager: Blacklisting token
TokenBlacklistManager: Blacklisting token
TokenBlacklistManager: Blacklisting token
TokenBlacklistManager: Blacklisting token
TokenBlacklistManager: Blacklisting token
TokenBlacklistManager: Blacklisting token
TokenBlacklistManager: Blacklisting token
TokenBlacklistManager: Blacklisting token
TokenBlacklistManager: Blacklisting token
00:45 +117 -42: /Users/anthonyforan/SoloAdventurer_app/test/features/auth/domain/services/token_blacklist_manager_test.dart: TokenBlacklistManager - Edge Cases should handle large number of tokens   00:45 +117 -42: /Users/anthonyforan/SoloAdventurer_app/test/features/auth/domain/services/token_blacklist_manager_test.dart: ... - Edge Cases should handle concurrent token operations                00:45 +117 -43: /Users/anthonyforan/SoloAdventurer_app/test/features/auth/domain/services/token_blacklist_manager_test.dart: TokenBlacklistManager - Edge Cases should handle concurrent token operations [E]
  Expected: <3>
    Actual: <0>
  
  package:matcher                                                             expect
  package:flutter_test/src/widget_tester.dart 473:18                          expect
  test/features/auth/domain/services/token_blacklist_manager_test.dart 241:9  main.<fn>.<fn>.<fn>
  dart:async                                                                  runZoned
  package:clock/src/default.dart 52:10                                        withClock
  test/features/auth/domain/services/token_blacklist_manager_test.dart 232:7  main.<fn>.<fn>
  

To run this test again: /opt/homebrew/Caskroom/flutter/3.32.5/flutter/bin/cache/dart-sdk/bin/dart test /Users/anthonyforan/SoloAdventurer_app/test/features/auth/domain/services/token_blacklist_manager_test.dart -p vm --plain-name 'TokenBlacklistManager - Edge Cases should handle concurrent token operations'
00:45 +117 -44: loading /Users/anthonyforan/SoloAdventurer_app/test/features/auth/domain/entities/user_test.dart [E]                                                                                   
  Failed to load "/Users/anthonyforan/SoloAdventurer_app/test/features/auth/domain/entities/user_test.dart":
  Compilation failed for testPath=/Users/anthonyforan/SoloAdventurer_app/test/features/auth/domain/entities/user_test.dart: lib/app/di/modules/core_module.dart:13:11: Error: Method not found: 'SecurityManagerImpl'.
      () => SecurityManagerImpl(
            ^^^^^^^^^^^^^^^^^^^
  lib/features/auth/data/datasources/mock_auth_remote_data_source.dart:241:21: Error: The getter 'email' isn't defined for the type 'Credentials'.
   - 'Credentials' is from 'package:soloadventurer/features/auth/data/models/credentials.dart' ('lib/features/auth/data/models/credentials.dart').
  Try correcting the name to the name of an existing getter, or defining a getter or field named 'email'.
      if (credentials.email != 'test@example.com' || credentials.password != 'password123') {
                      ^^^^^
  lib/features/offline/data/repositories/offline_aware_repository.dart:492:19: Error: The getter 'timestamp_' isn't defined for the type 'OfflineAwareRepository<Entity, Model, CreateModel, UpdateModel>'.
   - 'OfflineAwareRepository' is from 'package:soloadventurer/features/offline/data/repositories/offline_aware_repository.dart' ('lib/features/offline/data/repositories/offline_aware_repository.dart').
  Try correcting the name to the name of an existing getter, or defining a getter or field named 'timestamp_'.
      return 'temp_$timestamp_$random';
                    ^^^^^^^^^^
  lib/features/offline/data/repositories/sync_queue_repository_impl.dart:36:52: Error: The argument type 'int' can't be assigned to the parameter type 'SyncQueueItem'.
   - 'SyncQueueItem' is from 'package:soloadventurer/features/offline/infrastructure/database/database.dart' ('lib/features/offline/infrastructure/database/database.dart').
        return model.SyncOperationModel.fromDatabase(item).toDomainEntity();
                                                     ^
  lib/features/offline/infrastructure/sync/background_sync_service.dart:154:11: Error: No named parameter with the name 'requiresNotRoaming'.
            requiresNotRoaming: false, // Allow sync while roaming
            ^^^^^^^^^^^^^^^^^^
  ../.pub-cache/hosted/pub.dev/workmanager-0.5.2/lib/src/options.dart:96:3: Context: Found this candidate, but the arguments don't match.
    Constraints({
    ^^^^^^^^^^^
  lib/features/offline/infrastructure/sync/background_sync_service.dart:164:9: Error: No named parameter with the name 'backoffDelay'.
          backoffDelay: const Duration(minutes: 15), // Initial backoff delay
          ^^^^^^^^^^^^
  lib/features/offline/infrastructure/sync/background_sync_service.dart:229:27: Error: The method 'cancelTaskByTag' isn't defined for the type 'Workmanager'.
   - 'Workmanager' is from 'package:workmanager/src/workmanager.dart' ('../.pub-cache/hosted/pub.dev/workmanager-0.5.2/lib/src/workmanager.dart').
  Try correcting the name to the name of an existing method, or defining a method named 'cancelTaskByTag'.
        await Workmanager().cancelTaskByTag(periodicSyncTaskName);
                            ^^^^^^^^^^^^^^^
  lib/features/offline/infrastructure/sync/conflict_resolver_impl.dart:385:33: Error: The getter 'tripDao' isn't defined for the type 'AppDatabase'.
   - 'AppDatabase' is from 'package:soloadventurer/features/offline/infrastructure/database/database.dart' ('lib/features/offline/infrastructure/database/database.dart').
  Try correcting the name to the name of an existing getter, or defining a getter or field named 'tripDao'.
        final tripDao = _database.tripDao;
                                  ^^^^^^^
  lib/features/offline/infrastructure/sync/conflict_resolver_impl.dart:411:33: Error: The getter 'tripDao' isn't defined for the type 'AppDatabase'.
   - 'AppDatabase' is from 'package:soloadventurer/features/offline/infrastructure/database/database.dart' ('lib/features/offline/infrastructure/database/database.dart').
  Try correcting the name to the name of an existing getter, or defining a getter or field named 'tripDao'.
        final tripDao = _database.tripDao;
                                  ^^^^^^^
  lib/features/offline/infrastructure/sync/conflict_resolver_impl.dart:437:36: Error: The getter 'journalDao' isn't defined for the type 'AppDatabase'.
   - 'AppDatabase' is from 'package:soloadventurer/features/offline/infrastructure/database/database.dart' ('lib/features/offline/infrastructure/database/database.dart').
  Try correcting the name to the name of an existing getter, or defining a getter or field named 'journalDao'.
        final journalDao = _database.journalDao;
                                     ^^^^^^^^^^
  lib/features/offline/infrastructure/sync/conflict_resolver_impl.dart:460:36: Error: The getter 'journalDao' isn't defined for the type 'AppDatabase'.
   - 'AppDatabase' is from 'package:soloadventurer/features/offline/infrastructure/database/database.dart' ('lib/features/offline/infrastructure/database/database.dart').
  Try correcting the name to the name of an existing getter, or defining a getter or field named 'journalDao'.
        final journalDao = _database.journalDao;
                                     ^^^^^^^^^^
  lib/features/offline/infrastructure/sync/conflict_resolver_impl.dart:485:33: Error: The getter 'userDao' isn't defined for the type 'AppDatabase'.
   - 'AppDatabase' is from 'package:soloadventurer/features/offline/infrastructure/database/database.dart' ('lib/features/offline/infrastructure/database/database.dart').
  Try correcting the name to the name of an existing getter, or defining a getter or field named 'userDao'.
        final userDao = _database.userDao;
                                  ^^^^^^^
  lib/features/offline/infrastructure/sync/conflict_resolver_impl.dart:508:33: Error: The getter 'userDao' isn't defined for the type 'AppDatabase'.
   - 'AppDatabase' is from 'package:soloadventurer/features/offline/infrastructure/database/database.dart' ('lib/features/offline/infrastructure/database/database.dart').
  Try correcting the name to the name of an existing getter, or defining a getter or field named 'userDao'.
        final userDao = _database.userDao;
                                  ^^^^^^^
  lib/features/offline/infrastructure/sync/download_sync.dart:254:33: Error: The getter 'tripDao' isn't defined for the type 'AppDatabase'.
   - 'AppDatabase' is from 'package:soloadventurer/features/offline/infrastructure/database/database.dart' ('lib/features/offline/infrastructure/database/database.dart').
  Try correcting the name to the name of an existing getter, or defining a getter or field named 'tripDao'.
        final tripDao = _database.tripDao;
                                  ^^^^^^^
  lib/features/offline/infrastructure/sync/download_sync.dart:372:33: Error: The getter 'tripDao' isn't defined for the type 'AppDatabase'.
   - 'AppDatabase' is from 'package:soloadventurer/features/offline/infrastructure/database/database.dart' ('lib/features/offline/infrastructure/database/database.dart').
  Try correcting the name to the name of an existing getter, or defining a getter or field named 'tripDao'.
        final tripDao = _database.tripDao;
                                  ^^^^^^^
  lib/features/offline/infrastructure/sync/download_sync.dart:430:40: Error: The getter 'journalDao' isn't defined for the type 'AppDatabase'.
   - 'AppDatabase' is from 'package:soloadventurer/features/offline/infrastructure/database/database.dart' ('lib/features/offline/infrastructure/database/database.dart').
  Try correcting the name to the name of an existing getter, or defining a getter or field named 'journalDao'.
            final journalDao = _database.journalDao;
                                         ^^^^^^^^^^
  lib/features/offline/infrastructure/sync/download_sync.dart:568:33: Error: The getter 'userDao' isn't defined for the type 'AppDatabase'.
   - 'AppDatabase' is from 'package:soloadventurer/features/offline/infrastructure/database/database.dart' ('lib/features/offline/infrastructure/database/database.dart').
  Try correcting the name to the name of an existing getter, or defining a getter or field named 'userDao'.
        final userDao = _database.userDao;
                                  ^^^^^^^
  lib/features/offline/infrastructure/sync/download_sync.dart:677:17: Error: No named parameter with the name 'userId'.
                  userId: userId,
                  ^^^^^^
  lib/features/offline/infrastructure/database/database.g.dart:3735:3: Context: Found this candidate, but the arguments don't match.
    SyncMetadataTableCompanion.insert({
    ^^^^^^^^^^^^^^^^^^^^^^^^^^^^^^^^^
  lib/features/offline/infrastructure/sync/download_sync.dart:669:40: Error: The getter 'userId' isn't defined for the type '$SyncMetadataTableTable'.
   - '$SyncMetadataTableTable' is from 'package:soloadventurer/features/offline/infrastructure/database/database.dart' ('lib/features/offline/infrastructure/database/database.dart').
  Try correcting the name to the name of an existing getter, or defining a getter or field named 'userId'.
                    ..where((tbl) => tbl.userId.equals(userId)))
                                         ^^^^^^
  lib/features/offline/infrastructure/sync/download_sync.dart:687:24: Error: The method 'SyncMetadataTable' isn't defined for the type 'DownloadSync'.
   - 'DownloadSync' is from 'package:soloadventurer/features/offline/infrastructure/sync/download_sync.dart' ('lib/features/offline/infrastructure/sync/download_sync.dart').
  Try correcting the name to the name of an existing method, or defining a method named 'SyncMetadataTable'.
                .replace(SyncMetadataTable(
                         ^^^^^^^^^^^^^^^^^
  lib/features/offline/infrastructure/sync/download_sync.dart:688:30: Error: The getter 'id' isn't defined for the type 'SyncMetadata'.
   - 'SyncMetadata' is from 'package:soloadventurer/features/offline/infrastructure/database/database.dart' ('lib/features/offline/infrastructure/database/database.dart').
  Try correcting the name to the name of an existing getter, or defining a getter or field named 'id'.
                  id: metadata.id,
                               ^^
  lib/features/offline/infrastructure/sync/download_sync.dart:775:7: Error: No named parameter with the name 'firstName'.
        firstName: Value(serverUser['firstName'] as String?),
        ^^^^^^^^^
  lib/features/offline/infrastructure/database/database.g.dart:2407:9: Context: Found this candidate, but the arguments don't match.
    const UsersCompanion({
          ^^^^^^^^^^^^^^
  lib/features/offline/infrastructure/sync/incremental_sync.dart:262:38: Error: Required named parameter 'userId' must be provided.
          return syncIncrementalChanges(
                                       ^
  lib/features/offline/infrastructure/sync/incremental_sync.dart:286:40: Error: The getter 'userId' isn't defined for the type '$SyncMetadataTableTable'.
   - '$SyncMetadataTableTable' is from 'package:soloadventurer/features/offline/infrastructure/database/database.dart' ('lib/features/offline/infrastructure/database/database.dart').
  Try correcting the name to the name of an existing getter, or defining a getter or field named 'userId'.
                    ..where((tbl) => tbl.userId.equals(userId)))
                                         ^^^^^^
  lib/features/offline/infrastructure/sync/incremental_sync.dart:290:32: Error: The getter 'lastIncrementalSyncAt' isn't defined for the type 'SyncMetadata'.
   - 'SyncMetadata' is from 'package:soloadventurer/features/offline/infrastructure/database/database.dart' ('lib/features/offline/infrastructure/database/database.dart').
  Try correcting the name to the name of an existing getter, or defining a getter or field named 'lastIncrementalSyncAt'.
              metadataList.first.lastIncrementalSyncAt == null) {
                                 ^^^^^^^^^^^^^^^^^^^^^
  lib/features/offline/infrastructure/sync/incremental_sync.dart:309:34: Error: The getter 'userId' isn't defined for the type '$SyncMetadataTableTable'.
   - '$SyncMetadataTableTable' is from 'package:soloadventurer/features/offline/infrastructure/database/database.dart' ('lib/features/offline/infrastructure/database/database.dart').
  Try correcting the name to the name of an existing getter, or defining a getter or field named 'userId'.
              ..where((tbl) => tbl.userId.equals(userId)))
                                   ^^^^^^
  lib/features/offline/infrastructure/sync/incremental_sync.dart:316:33: Error: The getter 'lastIncrementalSyncAt' isn't defined for the type 'SyncMetadata'.
   - 'SyncMetadata' is from 'package:soloadventurer/features/offline/infrastructure/database/database.dart' ('lib/features/offline/infrastructure/database/database.dart').
  Try correcting the name to the name of an existing getter, or defining a getter or field named 'lastIncrementalSyncAt'.
        return metadataList.first.lastIncrementalSyncAt;
                                  ^^^^^^^^^^^^^^^^^^^^^
  lib/features/offline/infrastructure/sync/incremental_sync.dart:389:33: Error: The getter 'tripDao' isn't defined for the type 'AppDatabase'.
   - 'AppDatabase' is from 'package:soloadventurer/features/offline/infrastructure/database/database.dart' ('lib/features/offline/infrastructure/database/database.dart').
  Try correcting the name to the name of an existing getter, or defining a getter or field named 'tripDao'.
        final tripDao = _database.tripDao;
                                  ^^^^^^^
  lib/features/offline/infrastructure/sync/incremental_sync.dart:553:31: Error: The getter 'tripDao' isn't defined for the type 'AppDatabase'.
   - 'AppDatabase' is from 'package:soloadventurer/features/offline/infrastructure/database/database.dart' ('lib/features/offline/infrastructure/database/database.dart').
  Try correcting the name to the name of an existing getter, or defining a getter or field named 'tripDao'.
      final tripDao = _database.tripDao;
                                ^^^^^^^
  lib/features/offline/infrastructure/sync/incremental_sync.dart:605:34: Error: The getter 'journalDao' isn't defined for the type 'AppDatabase'.
   - 'AppDatabase' is from 'package:soloadventurer/features/offline/infrastructure/database/database.dart' ('lib/features/offline/infrastructure/database/database.dart').
  Try correcting the name to the name of an existing getter, or defining a getter or field named 'journalDao'.
      final journalDao = _database.journalDao;
                                   ^^^^^^^^^^
  lib/features/offline/infrastructure/sync/incremental_sync.dart:660:31: Error: The getter 'userDao' isn't defined for the type 'AppDatabase'.
   - 'AppDatabase' is from 'package:soloadventurer/features/offline/infrastructure/database/database.dart' ('lib/features/offline/infrastructure/database/database.dart').
  Try correcting the name to the name of an existing getter, or defining a getter or field named 'userDao'.
      final userDao = _database.userDao;
                                ^^^^^^^
  lib/features/offline/infrastructure/sync/incremental_sync.dart:727:17: Error: No named parameter with the name 'userId'.
                  userId: userId,
                  ^^^^^^
  lib/features/offline/infrastructure/database/database.g.dart:3723:9: Context: Found this candidate, but the arguments don't match.
    const SyncMetadataTableCompanion({
          ^^^^^^^^^^^^^^^^^^^^^^^^^^
  lib/features/offline/infrastructure/sync/incremental_sync.dart:719:40: Error: The getter 'userId' isn't defined for the type '$SyncMetadataTableTable'.
   - '$SyncMetadataTableTable' is from 'package:soloadventurer/features/offline/infrastructure/database/database.dart' ('lib/features/offline/infrastructure/database/database.dart').
  Try correcting the name to the name of an existing getter, or defining a getter or field named 'userId'.
                    ..where((tbl) => tbl.userId.equals(userId)))
                                         ^^^^^^
  lib/features/offline/infrastructure/sync/incremental_sync.dart:739:24: Error: The method 'SyncMetadataTable' isn't defined for the type 'IncrementalSync'.
   - 'IncrementalSync' is from 'package:soloadventurer/features/offline/infrastructure/sync/incremental_sync.dart' ('lib/features/offline/infrastructure/sync/incremental_sync.dart').
  Try correcting the name to the name of an existing method, or defining a method named 'SyncMetadataTable'.
                .replace(SyncMetadataTable(
                         ^^^^^^^^^^^^^^^^^
  lib/features/offline/infrastructure/sync/incremental_sync.dart:740:30: Error: The getter 'id' isn't defined for the type 'SyncMetadata'.
   - 'SyncMetadata' is from 'package:soloadventurer/features/offline/infrastructure/database/database.dart' ('lib/features/offline/infrastructure/database/database.dart').
  Try correcting the name to the name of an existing getter, or defining a getter or field named 'id'.
                  id: metadata.id,
                               ^^
  lib/features/offline/infrastructure/sync/incremental_sync.dart:746:54: Error: The getter 'lastIncrementalSyncAt' isn't defined for the type 'SyncMetadata'.
   - 'SyncMetadata' is from 'package:soloadventurer/features/offline/infrastructure/database/database.dart' ('lib/features/offline/infrastructure/database/database.dart').
  Try correcting the name to the name of an existing getter, or defining a getter or field named 'lastIncrementalSyncAt'.
                      usedIncremental ? now : metadata.lastIncrementalSyncAt,
                                                       ^^^^^^^^^^^^^^^^^^^^^
  lib/features/offline/infrastructure/sync/incremental_sync.dart:891:7: Error: No named parameter with the name 'firstName'.
        firstName: Value(serverUser['firstName'] as String?),
        ^^^^^^^^^
  lib/features/offline/infrastructure/database/database.g.dart:2407:9: Context: Found this candidate, but the arguments don't match.
    const UsersCompanion({
          ^^^^^^^^^^^^^^
  lib/features/offline/infrastructure/sync/offline_interceptor.dart:348:21: Error: The method 'call' isn't defined for the type 'Future<T>'.
   - 'Future' is from 'dart:async'.
  Try correcting the name to the name of an existing method, or defining a method named 'call'.
        await executor();
                      ^
  lib/features/offline/infrastructure/sync/offline_interceptor.dart:352:26: Error: The method 'call' isn't defined for the type 'Future<void>'.
   - 'Future' is from 'dart:async'.
  Try correcting the name to the name of an existing method, or defining a method named 'call'.
          await localUpdate();
                           ^
  lib/features/offline/infrastructure/sync/offline_interceptor.dart:382:24: Error: The method 'call' isn't defined for the type 'Future<void>'.
   - 'Future' is from 'dart:async'.
  Try correcting the name to the name of an existing method, or defining a method named 'call'.
        await localUpdate();
                         ^
  lib/features/offline/infrastructure/sync/mutation_interceptor.dart:263:66: Error: The argument type 'ErrorInterceptorHandler' can't be assigned to the parameter type 'RequestInterceptorHandler'.
   - 'ErrorInterceptorHandler' is from 'package:dio/src/dio_mixin.dart' ('../.pub-cache/hosted/pub.dev/dio-5.8.0+1/lib/src/dio_mixin.dart').
   - 'RequestInterceptorHandler' is from 'package:dio/src/dio_mixin.dart' ('../.pub-cache/hosted/pub.dev/dio-5.8.0+1/lib/src/dio_mixin.dart').
        await _handleOfflineMutation(metadata, err.requestOptions, handler);
                                                                   ^
  .

To run this test again: /opt/homebrew/Caskroom/flutter/3.32.5/flutter/bin/cache/dart-sdk/bin/dart test /Users/anthonyforan/SoloAdventurer_app/test/features/auth/domain/entities/user_test.dart -p vm --plain-name 'loading /Users/anthonyforan/SoloAdventurer_app/test/features/auth/domain/entities/user_test.dart'
test/features/auth/presentation/providers/auth_providers_test.dart:74:32: Error: The argument type 'MockResendVerificationEmail' can't be assigned to the parameter type 'ResendVerificationEmail'.
 - 'MockResendVerificationEmail' is from 'test/features/auth/presentation/providers/auth_providers_test.dart'.
 - 'ResendVerificationEmail' is from 'package:soloadventurer/features/auth/domain/usecases/verify_email.dart' ('lib/features/auth/domain/usecases/verify_email.dart').
            .overrideWithValue(mockResendVerificationEmail),
                               ^
lib/app/di/modules/core_module.dart:13:11: Error: Method not found: 'SecurityManagerImpl'.
    () => SecurityManagerImpl(
          ^^^^^^^^^^^^^^^^^^^
lib/features/auth/data/datasources/mock_auth_remote_data_source.dart:241:21: Error: The getter 'email' isn't defined for the type 'Credentials'.
 - 'Credentials' is from 'package:soloadventurer/features/auth/data/models/credentials.dart' ('lib/features/auth/data/models/credentials.dart').
Try correcting the name to the name of an existing getter, or defining a getter or field named 'email'.
    if (credentials.email != 'test@example.com' || credentials.password != 'password123') {
                    ^^^^^
lib/features/offline/data/repositories/offline_aware_repository.dart:492:19: Error: The getter 'timestamp_' isn't defined for the type 'OfflineAwareRepository<Entity, Model, CreateModel, UpdateModel>'.
 - 'OfflineAwareRepository' is from 'package:soloadventurer/features/offline/data/repositories/offline_aware_repository.dart' ('lib/features/offline/data/repositories/offline_aware_repository.dart').
Try correcting the name to the name of an existing getter, or defining a getter or field named 'timestamp_'.
    return 'temp_$timestamp_$random';
                  ^^^^^^^^^^
lib/features/offline/data/repositories/sync_queue_repository_impl.dart:36:52: Error: The argument type 'int' can't be assigned to the parameter type 'SyncQueueItem'.
 - 'SyncQueueItem' is from 'package:soloadventurer/features/offline/infrastructure/database/database.dart' ('lib/features/offline/infrastructure/database/database.dart').
      return model.SyncOperationModel.fromDatabase(item).toDomainEntity();
                                                   ^
lib/features/offline/infrastructure/sync/background_sync_service.dart:154:11: Error: No named parameter with the name 'requiresNotRoaming'.
          requiresNotRoaming: false, // Allow sync while roaming
          ^^^^^^^^^^^^^^^^^^
../.pub-cache/hosted/pub.dev/workmanager-0.5.2/lib/src/options.dart:96:3: Context: Found this candidate, but the arguments don't match.
  Constraints({
  ^^^^^^^^^^^
lib/features/offline/infrastructure/sync/background_sync_service.dart:164:9: Error: No named parameter with the name 'backoffDelay'.
        backoffDelay: const Duration(minutes: 15), // Initial backoff delay
        ^^^^^^^^^^^^
lib/features/offline/infrastructure/sync/background_sync_service.dart:229:27: Error: The method 'cancelTaskByTag' isn't defined for the type 'Workmanager'.
 - 'Workmanager' is from 'package:workmanager/src/workmanager.dart' ('../.pub-cache/hosted/pub.dev/workmanager-0.5.2/lib/src/workmanager.dart').
Try correcting the name to the name of an existing method, or defining a method named 'cancelTaskByTag'.
      await Workmanager().cancelTaskByTag(periodicSyncTaskName);
                          ^^^^^^^^^^^^^^^
lib/features/offline/infrastructure/sync/conflict_resolver_impl.dart:385:33: Error: The getter 'tripDao' isn't defined for the type 'AppDatabase'.
 - 'AppDatabase' is from 'package:soloadventurer/features/offline/infrastructure/database/database.dart' ('lib/features/offline/infrastructure/database/database.dart').
Try correcting the name to the name of an existing getter, or defining a getter or field named 'tripDao'.
      final tripDao = _database.tripDao;
                                ^^^^^^^
lib/features/offline/infrastructure/sync/conflict_resolver_impl.dart:411:33: Error: The getter 'tripDao' isn't defined for the type 'AppDatabase'.
 - 'AppDatabase' is from 'package:soloadventurer/features/offline/infrastructure/database/database.dart' ('lib/features/offline/infrastructure/database/database.dart').
Try correcting the name to the name of an existing getter, or defining a getter or field named 'tripDao'.
      final tripDao = _database.tripDao;
                                ^^^^^^^
lib/features/offline/infrastructure/sync/conflict_resolver_impl.dart:437:36: Error: The getter 'journalDao' isn't defined for the type 'AppDatabase'.
 - 'AppDatabase' is from 'package:soloadventurer/features/offline/infrastructure/database/database.dart' ('lib/features/offline/infrastructure/database/database.dart').
Try correcting the name to the name of an existing getter, or defining a getter or field named 'journalDao'.
      final journalDao = _database.journalDao;
                                   ^^^^^^^^^^
lib/features/offline/infrastructure/sync/conflict_resolver_impl.dart:460:36: Error: The getter 'journalDao' isn't defined for the type 'AppDatabase'.
 - 'AppDatabase' is from 'package:soloadventurer/features/offline/infrastructure/database/database.dart' ('lib/features/offline/infrastructure/database/database.dart').
Try correcting the name to the name of an existing getter, or defining a getter or field named 'journalDao'.
      final journalDao = _database.journalDao;
                                   ^^^^^^^^^^
lib/features/offline/infrastructure/sync/conflict_resolver_impl.dart:485:33: Error: The getter 'userDao' isn't defined for the type 'AppDatabase'.
 - 'AppDatabase' is from 'package:soloadventurer/features/offline/infrastructure/database/database.dart' ('lib/features/offline/infrastructure/database/database.dart').
Try correcting the name to the name of an existing getter, or defining a getter or field named 'userDao'.
      final userDao = _database.userDao;
                                ^^^^^^^
lib/features/offline/infrastructure/sync/conflict_resolver_impl.dart:508:33: Error: The getter 'userDao' isn't defined for the type 'AppDatabase'.
 - 'AppDatabase' is from 'package:soloadventurer/features/offline/infrastructure/database/database.dart' ('lib/features/offline/infrastructure/database/database.dart').
Try correcting the name to the name of an existing getter, or defining a getter or field named 'userDao'.
      final userDao = _database.userDao;
                                ^^^^^^^
lib/features/offline/infrastructure/sync/download_sync.dart:254:33: Error: The getter 'tripDao' isn't defined for the type 'AppDatabase'.
 - 'AppDatabase' is from 'package:soloadventurer/features/offline/infrastructure/database/database.dart' ('lib/features/offline/infrastructure/database/database.dart').
Try correcting the name to the name of an existing getter, or defining a getter or field named 'tripDao'.
      final tripDao = _database.tripDao;
                                ^^^^^^^
lib/features/offline/infrastructure/sync/download_sync.dart:372:33: Error: The getter 'tripDao' isn't defined for the type 'AppDatabase'.
 - 'AppDatabase' is from 'package:soloadventurer/features/offline/infrastructure/database/database.dart' ('lib/features/offline/infrastructure/database/database.dart').
Try correcting the name to the name of an existing getter, or defining a getter or field named 'tripDao'.
      final tripDao = _database.tripDao;
                                ^^^^^^^
lib/features/offline/infrastructure/sync/download_sync.dart:430:40: Error: The getter 'journalDao' isn't defined for the type 'AppDatabase'.
 - 'AppDatabase' is from 'package:soloadventurer/features/offline/infrastructure/database/database.dart' ('lib/features/offline/infrastructure/database/database.dart').
Try correcting the name to the name of an existing getter, or defining a getter or field named 'journalDao'.
          final journalDao = _database.journalDao;
                                       ^^^^^^^^^^
lib/features/offline/infrastructure/sync/download_sync.dart:568:33: Error: The getter 'userDao' isn't defined for the type 'AppDatabase'.
 - 'AppDatabase' is from 'package:soloadventurer/features/offline/infrastructure/database/database.dart' ('lib/features/offline/infrastructure/database/database.dart').
Try correcting the name to the name of an existing getter, or defining a getter or field named 'userDao'.
      final userDao = _database.userDao;
                                ^^^^^^^
lib/features/offline/infrastructure/sync/download_sync.dart:677:17: Error: No named parameter with the name 'userId'.
                userId: userId,
                ^^^^^^
lib/features/offline/infrastructure/database/database.g.dart:3735:3: Context: Found this candidate, but the arguments don't match.
  SyncMetadataTableCompanion.insert({
  ^^^^^^^^^^^^^^^^^^^^^^^^^^^^^^^^^
lib/features/offline/infrastructure/sync/download_sync.dart:669:40: Error: The getter 'userId' isn't defined for the type '$SyncMetadataTableTable'.
 - '$SyncMetadataTableTable' is from 'package:soloadventurer/features/offline/infrastructure/database/database.dart' ('lib/features/offline/infrastructure/database/database.dart').
Try correcting the name to the name of an existing getter, or defining a getter or field named 'userId'.
                  ..where((tbl) => tbl.userId.equals(userId)))
                                       ^^^^^^
lib/features/offline/infrastructure/sync/download_sync.dart:687:24: Error: The method 'SyncMetadataTable' isn't defined for the type 'DownloadSync'.
 - 'DownloadSync' is from 'package:soloadventurer/features/offline/infrastructure/sync/download_sync.dart' ('lib/features/offline/infrastructure/sync/download_sync.dart').
Try correcting the name to the name of an existing method, or defining a method named 'SyncMetadataTable'.
              .replace(SyncMetadataTable(
                       ^^^^^^^^^^^^^^^^^
lib/features/offline/infrastructure/sync/download_sync.dart:688:30: Error: The getter 'id' isn't defined for the type 'SyncMetadata'.
 - 'SyncMetadata' is from 'package:soloadventurer/features/offline/infrastructure/database/database.dart' ('lib/features/offline/infrastructure/database/database.dart').
Try correcting the name to the name of an existing getter, or defining a getter or field named 'id'.
                id: metadata.id,
                             ^^
lib/features/offline/infrastructure/sync/download_sync.dart:775:7: Error: No named parameter with the name 'firstName'.
      firstName: Value(serverUser['firstName'] as String?),
      ^^^^^^^^^
lib/features/offline/infrastructure/database/database.g.dart:2407:9: Context: Found this candidate, but the arguments don't match.
  const UsersCompanion({
        ^^^^^^^^^^^^^^
lib/features/offline/infrastructure/sync/incremental_sync.dart:262:38: Error: Required named parameter 'userId' must be provided.
        return syncIncrementalChanges(
                                     ^
lib/features/offline/infrastructure/sync/incremental_sync.dart:286:40: Error: The getter 'userId' isn't defined for the type '$SyncMetadataTableTable'.
 - '$SyncMetadataTableTable' is from 'package:soloadventurer/features/offline/infrastructure/database/database.dart' ('lib/features/offline/infrastructure/database/database.dart').
Try correcting the name to the name of an existing getter, or defining a getter or field named 'userId'.
                  ..where((tbl) => tbl.userId.equals(userId)))
                                       ^^^^^^
lib/features/offline/infrastructure/sync/incremental_sync.dart:290:32: Error: The getter 'lastIncrementalSyncAt' isn't defined for the type 'SyncMetadata'.
 - 'SyncMetadata' is from 'package:soloadventurer/features/offline/infrastructure/database/database.dart' ('lib/features/offline/infrastructure/database/database.dart').
Try correcting the name to the name of an existing getter, or defining a getter or field named 'lastIncrementalSyncAt'.
            metadataList.first.lastIncrementalSyncAt == null) {
                               ^^^^^^^^^^^^^^^^^^^^^
lib/features/offline/infrastructure/sync/incremental_sync.dart:309:34: Error: The getter 'userId' isn't defined for the type '$SyncMetadataTableTable'.
 - '$SyncMetadataTableTable' is from 'package:soloadventurer/features/offline/infrastructure/database/database.dart' ('lib/features/offline/infrastructure/database/database.dart').
Try correcting the name to the name of an existing getter, or defining a getter or field named 'userId'.
            ..where((tbl) => tbl.userId.equals(userId)))
                                 ^^^^^^
lib/features/offline/infrastructure/sync/incremental_sync.dart:316:33: Error: The getter 'lastIncrementalSyncAt' isn't defined for the type 'SyncMetadata'.
 - 'SyncMetadata' is from 'package:soloadventurer/features/offline/infrastructure/database/database.dart' ('lib/features/offline/infrastructure/database/database.dart').
Try correcting the name to the name of an existing getter, or defining a getter or field named 'lastIncrementalSyncAt'.
      return metadataList.first.lastIncrementalSyncAt;
                                ^^^^^^^^^^^^^^^^^^^^^
lib/features/offline/infrastructure/sync/incremental_sync.dart:389:33: Error: The getter 'tripDao' isn't defined for the type 'AppDatabase'.
 - 'AppDatabase' is from 'package:soloadventurer/features/offline/infrastructure/database/database.dart' ('lib/features/offline/infrastructure/database/database.dart').
Try correcting the name to the name of an existing getter, or defining a getter or field named 'tripDao'.
      final tripDao = _database.tripDao;
                                ^^^^^^^
lib/features/offline/infrastructure/sync/incremental_sync.dart:553:31: Error: The getter 'tripDao' isn't defined for the type 'AppDatabase'.
 - 'AppDatabase' is from 'package:soloadventurer/features/offline/infrastructure/database/database.dart' ('lib/features/offline/infrastructure/database/database.dart').
Try correcting the name to the name of an existing getter, or defining a getter or field named 'tripDao'.
    final tripDao = _database.tripDao;
                              ^^^^^^^
lib/features/offline/infrastructure/sync/incremental_sync.dart:605:34: Error: The getter 'journalDao' isn't defined for the type 'AppDatabase'.
 - 'AppDatabase' is from 'package:soloadventurer/features/offline/infrastructure/database/database.dart' ('lib/features/offline/infrastructure/database/database.dart').
Try correcting the name to the name of an existing getter, or defining a getter or field named 'journalDao'.
    final journalDao = _database.journalDao;
                                 ^^^^^^^^^^
lib/features/offline/infrastructure/sync/incremental_sync.dart:660:31: Error: The getter 'userDao' isn't defined for the type 'AppDatabase'.
 - 'AppDatabase' is from 'package:soloadventurer/features/offline/infrastructure/database/database.dart' ('lib/features/offline/infrastructure/database/database.dart').
Try correcting the name to the name of an existing getter, or defining a getter or field named 'userDao'.
    final userDao = _database.userDao;
                              ^^^^^^^
lib/features/offline/infrastructure/sync/incremental_sync.dart:727:17: Error: No named parameter with the name 'userId'.
                userId: userId,
                ^^^^^^
lib/features/offline/infrastructure/database/database.g.dart:3723:9: Context: Found this candidate, but the arguments don't match.
  const SyncMetadataTableCompanion({
        ^^^^^^^^^^^^^^^^^^^^^^^^^^
lib/features/offline/infrastructure/sync/incremental_sync.dart:719:40: Error: The getter 'userId' isn't defined for the type '$SyncMetadataTableTable'.
 - '$SyncMetadataTableTable' is from 'package:soloadventurer/features/offline/infrastructure/database/database.dart' ('lib/features/offline/infrastructure/database/database.dart').
Try correcting the name to the name of an existing getter, or defining a getter or field named 'userId'.
                  ..where((tbl) => tbl.userId.equals(userId)))
                                       ^^^^^^
lib/features/offline/infrastructure/sync/incremental_sync.dart:739:24: Error: The method 'SyncMetadataTable' isn't defined for the type 'IncrementalSync'.
 - 'IncrementalSync' is from 'package:soloadventurer/features/offline/infrastructure/sync/incremental_sync.dart' ('lib/features/offline/infrastructure/sync/incremental_sync.dart').
Try correcting the name to the name of an existing method, or defining a method named 'SyncMetadataTable'.
              .replace(SyncMetadataTable(
                       ^^^^^^^^^^^^^^^^^
lib/features/offline/infrastructure/sync/incremental_sync.dart:740:30: Error: The getter 'id' isn't defined for the type 'SyncMetadata'.
 - 'SyncMetadata' is from 'package:soloadventurer/features/offline/infrastructure/database/database.dart' ('lib/features/offline/infrastructure/database/database.dart').
Try correcting the name to the name of an existing getter, or defining a getter or field named 'id'.
                id: metadata.id,
                             ^^
lib/features/offline/infrastructure/sync/incremental_sync.dart:746:54: Error: The getter 'lastIncrementalSyncAt' isn't defined for the type 'SyncMetadata'.
 - 'SyncMetadata' is from 'package:soloadventurer/features/offline/infrastructure/database/database.dart' ('lib/features/offline/infrastructure/database/database.dart').
Try correcting the name to the name of an existing getter, or defining a getter or field named 'lastIncrementalSyncAt'.
                    usedIncremental ? now : metadata.lastIncrementalSyncAt,
                                                     ^^^^^^^^^^^^^^^^^^^^^
lib/features/offline/infrastructure/sync/incremental_sync.dart:891:7: Error: No named parameter with the name 'firstName'.
      firstName: Value(serverUser['firstName'] as String?),
      ^^^^^^^^^
lib/features/offline/infrastructure/database/database.g.dart:2407:9: Context: Found this candidate, but the arguments don't match.
  const UsersCompanion({
        ^^^^^^^^^^^^^^
lib/features/offline/infrastructure/sync/offline_interceptor.dart:348:21: Error: The method 'call' isn't defined for the type 'Future<T>'.
 - 'Future' is from 'dart:async'.
Try correcting the name to the name of an existing method, or defining a method named 'call'.
      await executor();
                    ^
lib/features/offline/infrastructure/sync/offline_interceptor.dart:352:26: Error: The method 'call' isn't defined for the type 'Future<void>'.
 - 'Future' is from 'dart:async'.
Try correcting the name to the name of an existing method, or defining a method named 'call'.
        await localUpdate();
                         ^
lib/features/offline/infrastructure/sync/offline_interceptor.dart:382:24: Error: The method 'call' isn't defined for the type 'Future<void>'.
 - 'Future' is from 'dart:async'.
Try correcting the name to the name of an existing method, or defining a method named 'call'.
      await localUpdate();
                       ^
lib/features/offline/infrastructure/sync/mutation_interceptor.dart:263:66: Error: The argument type 'ErrorInterceptorHandler' can't be assigned to the parameter type 'RequestInterceptorHandler'.
 - 'ErrorInterceptorHandler' is from 'package:dio/src/dio_mixin.dart' ('../.pub-cache/hosted/pub.dev/dio-5.8.0+1/lib/src/dio_mixin.dart').
 - 'RequestInterceptorHandler' is from 'package:dio/src/dio_mixin.dart' ('../.pub-cache/hosted/pub.dev/dio-5.8.0+1/lib/src/dio_mixin.dart').
      await _handleOfflineMutation(metadata, err.requestOptions, handler);
                                                                 ^
00:48 +117 -45: loading /Users/anthonyforan/SoloAdventurer_app/test/features/auth/presentation/providers/auth_providers_test.dart [E]                                                                  
  Failed to load "/Users/anthonyforan/SoloAdventurer_app/test/features/auth/presentation/providers/auth_providers_test.dart":
  Compilation failed for testPath=/Users/anthonyforan/SoloAdventurer_app/test/features/auth/presentation/providers/auth_providers_test.dart: test/features/auth/presentation/providers/auth_providers_test.dart:74:32: Error: The argument type 'MockResendVerificationEmail' can't be assigned to the parameter type 'ResendVerificationEmail'.
   - 'MockResendVerificationEmail' is from 'test/features/auth/presentation/providers/auth_providers_test.dart'.
   - 'ResendVerificationEmail' is from 'package:soloadventurer/features/auth/domain/usecases/verify_email.dart' ('lib/features/auth/domain/usecases/verify_email.dart').
              .overrideWithValue(mockResendVerificationEmail),
                                 ^
  lib/app/di/modules/core_module.dart:13:11: Error: Method not found: 'SecurityManagerImpl'.
      () => SecurityManagerImpl(
            ^^^^^^^^^^^^^^^^^^^
  lib/features/auth/data/datasources/mock_auth_remote_data_source.dart:241:21: Error: The getter 'email' isn't defined for the type 'Credentials'.
   - 'Credentials' is from 'package:soloadventurer/features/auth/data/models/credentials.dart' ('lib/features/auth/data/models/credentials.dart').
  Try correcting the name to the name of an existing getter, or defining a getter or field named 'email'.
      if (credentials.email != 'test@example.com' || credentials.password != 'password123') {
                      ^^^^^
  lib/features/offline/data/repositories/offline_aware_repository.dart:492:19: Error: The getter 'timestamp_' isn't defined for the type 'OfflineAwareRepository<Entity, Model, CreateModel, UpdateModel>'.
   - 'OfflineAwareRepository' is from 'package:soloadventurer/features/offline/data/repositories/offline_aware_repository.dart' ('lib/features/offline/data/repositories/offline_aware_repository.dart').
  Try correcting the name to the name of an existing getter, or defining a getter or field named 'timestamp_'.
      return 'temp_$timestamp_$random';
                    ^^^^^^^^^^
  lib/features/offline/data/repositories/sync_queue_repository_impl.dart:36:52: Error: The argument type 'int' can't be assigned to the parameter type 'SyncQueueItem'.
   - 'SyncQueueItem' is from 'package:soloadventurer/features/offline/infrastructure/database/database.dart' ('lib/features/offline/infrastructure/database/database.dart').
        return model.SyncOperationModel.fromDatabase(item).toDomainEntity();
                                                     ^
  lib/features/offline/infrastructure/sync/background_sync_service.dart:154:11: Error: No named parameter with the name 'requiresNotRoaming'.
            requiresNotRoaming: false, // Allow sync while roaming
            ^^^^^^^^^^^^^^^^^^
  ../.pub-cache/hosted/pub.dev/workmanager-0.5.2/lib/src/options.dart:96:3: Context: Found this candidate, but the arguments don't match.
    Constraints({
    ^^^^^^^^^^^
  lib/features/offline/infrastructure/sync/background_sync_service.dart:164:9: Error: No named parameter with the name 'backoffDelay'.
          backoffDelay: const Duration(minutes: 15), // Initial backoff delay
          ^^^^^^^^^^^^
  lib/features/offline/infrastructure/sync/background_sync_service.dart:229:27: Error: The method 'cancelTaskByTag' isn't defined for the type 'Workmanager'.
   - 'Workmanager' is from 'package:workmanager/src/workmanager.dart' ('../.pub-cache/hosted/pub.dev/workmanager-0.5.2/lib/src/workmanager.dart').
  Try correcting the name to the name of an existing method, or defining a method named 'cancelTaskByTag'.
        await Workmanager().cancelTaskByTag(periodicSyncTaskName);
                            ^^^^^^^^^^^^^^^
  lib/features/offline/infrastructure/sync/conflict_resolver_impl.dart:385:33: Error: The getter 'tripDao' isn't defined for the type 'AppDatabase'.
   - 'AppDatabase' is from 'package:soloadventurer/features/offline/infrastructure/database/database.dart' ('lib/features/offline/infrastructure/database/database.dart').
  Try correcting the name to the name of an existing getter, or defining a getter or field named 'tripDao'.
        final tripDao = _database.tripDao;
                                  ^^^^^^^
  lib/features/offline/infrastructure/sync/conflict_resolver_impl.dart:411:33: Error: The getter 'tripDao' isn't defined for the type 'AppDatabase'.
   - 'AppDatabase' is from 'package:soloadventurer/features/offline/infrastructure/database/database.dart' ('lib/features/offline/infrastructure/database/database.dart').
  Try correcting the name to the name of an existing getter, or defining a getter or field named 'tripDao'.
        final tripDao = _database.tripDao;
                                  ^^^^^^^
  lib/features/offline/infrastructure/sync/conflict_resolver_impl.dart:437:36: Error: The getter 'journalDao' isn't defined for the type 'AppDatabase'.
   - 'AppDatabase' is from 'package:soloadventurer/features/offline/infrastructure/database/database.dart' ('lib/features/offline/infrastructure/database/database.dart').
  Try correcting the name to the name of an existing getter, or defining a getter or field named 'journalDao'.
        final journalDao = _database.journalDao;
                                     ^^^^^^^^^^
  lib/features/offline/infrastructure/sync/conflict_resolver_impl.dart:460:36: Error: The getter 'journalDao' isn't defined for the type 'AppDatabase'.
   - 'AppDatabase' is from 'package:soloadventurer/features/offline/infrastructure/database/database.dart' ('lib/features/offline/infrastructure/database/database.dart').
  Try correcting the name to the name of an existing getter, or defining a getter or field named 'journalDao'.
        final journalDao = _database.journalDao;
                                     ^^^^^^^^^^
  lib/features/offline/infrastructure/sync/conflict_resolver_impl.dart:485:33: Error: The getter 'userDao' isn't defined for the type 'AppDatabase'.
   - 'AppDatabase' is from 'package:soloadventurer/features/offline/infrastructure/database/database.dart' ('lib/features/offline/infrastructure/database/database.dart').
  Try correcting the name to the name of an existing getter, or defining a getter or field named 'userDao'.
        final userDao = _database.userDao;
                                  ^^^^^^^
  lib/features/offline/infrastructure/sync/conflict_resolver_impl.dart:508:33: Error: The getter 'userDao' isn't defined for the type 'AppDatabase'.
   - 'AppDatabase' is from 'package:soloadventurer/features/offline/infrastructure/database/database.dart' ('lib/features/offline/infrastructure/database/database.dart').
  Try correcting the name to the name of an existing getter, or defining a getter or field named 'userDao'.
        final userDao = _database.userDao;
                                  ^^^^^^^
  lib/features/offline/infrastructure/sync/download_sync.dart:254:33: Error: The getter 'tripDao' isn't defined for the type 'AppDatabase'.
   - 'AppDatabase' is from 'package:soloadventurer/features/offline/infrastructure/database/database.dart' ('lib/features/offline/infrastructure/database/database.dart').
  Try correcting the name to the name of an existing getter, or defining a getter or field named 'tripDao'.
        final tripDao = _database.tripDao;
                                  ^^^^^^^
  lib/features/offline/infrastructure/sync/download_sync.dart:372:33: Error: The getter 'tripDao' isn't defined for the type 'AppDatabase'.
   - 'AppDatabase' is from 'package:soloadventurer/features/offline/infrastructure/database/database.dart' ('lib/features/offline/infrastructure/database/database.dart').
  Try correcting the name to the name of an existing getter, or defining a getter or field named 'tripDao'.
        final tripDao = _database.tripDao;
                                  ^^^^^^^
  lib/features/offline/infrastructure/sync/download_sync.dart:430:40: Error: The getter 'journalDao' isn't defined for the type 'AppDatabase'.
   - 'AppDatabase' is from 'package:soloadventurer/features/offline/infrastructure/database/database.dart' ('lib/features/offline/infrastructure/database/database.dart').
  Try correcting the name to the name of an existing getter, or defining a getter or field named 'journalDao'.
            final journalDao = _database.journalDao;
                                         ^^^^^^^^^^
  lib/features/offline/infrastructure/sync/download_sync.dart:568:33: Error: The getter 'userDao' isn't defined for the type 'AppDatabase'.
   - 'AppDatabase' is from 'package:soloadventurer/features/offline/infrastructure/database/database.dart' ('lib/features/offline/infrastructure/database/database.dart').
  Try correcting the name to the name of an existing getter, or defining a getter or field named 'userDao'.
        final userDao = _database.userDao;
                                  ^^^^^^^
  lib/features/offline/infrastructure/sync/download_sync.dart:677:17: Error: No named parameter with the name 'userId'.
                  userId: userId,
                  ^^^^^^
  lib/features/offline/infrastructure/database/database.g.dart:3735:3: Context: Found this candidate, but the arguments don't match.
    SyncMetadataTableCompanion.insert({
    ^^^^^^^^^^^^^^^^^^^^^^^^^^^^^^^^^
  lib/features/offline/infrastructure/sync/download_sync.dart:669:40: Error: The getter 'userId' isn't defined for the type '$SyncMetadataTableTable'.
   - '$SyncMetadataTableTable' is from 'package:soloadventurer/features/offline/infrastructure/database/database.dart' ('lib/features/offline/infrastructure/database/database.dart').
  Try correcting the name to the name of an existing getter, or defining a getter or field named 'userId'.
                    ..where((tbl) => tbl.userId.equals(userId)))
                                         ^^^^^^
  lib/features/offline/infrastructure/sync/download_sync.dart:687:24: Error: The method 'SyncMetadataTable' isn't defined for the type 'DownloadSync'.
   - 'DownloadSync' is from 'package:soloadventurer/features/offline/infrastructure/sync/download_sync.dart' ('lib/features/offline/infrastructure/sync/download_sync.dart').
  Try correcting the name to the name of an existing method, or defining a method named 'SyncMetadataTable'.
                .replace(SyncMetadataTable(
                         ^^^^^^^^^^^^^^^^^
  lib/features/offline/infrastructure/sync/download_sync.dart:688:30: Error: The getter 'id' isn't defined for the type 'SyncMetadata'.
   - 'SyncMetadata' is from 'package:soloadventurer/features/offline/infrastructure/database/database.dart' ('lib/features/offline/infrastructure/database/database.dart').
  Try correcting the name to the name of an existing getter, or defining a getter or field named 'id'.
                  id: metadata.id,
                               ^^
  lib/features/offline/infrastructure/sync/download_sync.dart:775:7: Error: No named parameter with the name 'firstName'.
        firstName: Value(serverUser['firstName'] as String?),
        ^^^^^^^^^
  lib/features/offline/infrastructure/database/database.g.dart:2407:9: Context: Found this candidate, but the arguments don't match.
    const UsersCompanion({
          ^^^^^^^^^^^^^^
  lib/features/offline/infrastructure/sync/incremental_sync.dart:262:38: Error: Required named parameter 'userId' must be provided.
          return syncIncrementalChanges(
                                       ^
  lib/features/offline/infrastructure/sync/incremental_sync.dart:286:40: Error: The getter 'userId' isn't defined for the type '$SyncMetadataTableTable'.
   - '$SyncMetadataTableTable' is from 'package:soloadventurer/features/offline/infrastructure/database/database.dart' ('lib/features/offline/infrastructure/database/database.dart').
  Try correcting the name to the name of an existing getter, or defining a getter or field named 'userId'.
                    ..where((tbl) => tbl.userId.equals(userId)))
                                         ^^^^^^
  lib/features/offline/infrastructure/sync/incremental_sync.dart:290:32: Error: The getter 'lastIncrementalSyncAt' isn't defined for the type 'SyncMetadata'.
   - 'SyncMetadata' is from 'package:soloadventurer/features/offline/infrastructure/database/database.dart' ('lib/features/offline/infrastructure/database/database.dart').
  Try correcting the name to the name of an existing getter, or defining a getter or field named 'lastIncrementalSyncAt'.
              metadataList.first.lastIncrementalSyncAt == null) {
                                 ^^^^^^^^^^^^^^^^^^^^^
  lib/features/offline/infrastructure/sync/incremental_sync.dart:309:34: Error: The getter 'userId' isn't defined for the type '$SyncMetadataTableTable'.
   - '$SyncMetadataTableTable' is from 'package:soloadventurer/features/offline/infrastructure/database/database.dart' ('lib/features/offline/infrastructure/database/database.dart').
  Try correcting the name to the name of an existing getter, or defining a getter or field named 'userId'.
              ..where((tbl) => tbl.userId.equals(userId)))
                                   ^^^^^^
  lib/features/offline/infrastructure/sync/incremental_sync.dart:316:33: Error: The getter 'lastIncrementalSyncAt' isn't defined for the type 'SyncMetadata'.
   - 'SyncMetadata' is from 'package:soloadventurer/features/offline/infrastructure/database/database.dart' ('lib/features/offline/infrastructure/database/database.dart').
  Try correcting the name to the name of an existing getter, or defining a getter or field named 'lastIncrementalSyncAt'.
        return metadataList.first.lastIncrementalSyncAt;
                                  ^^^^^^^^^^^^^^^^^^^^^
  lib/features/offline/infrastructure/sync/incremental_sync.dart:389:33: Error: The getter 'tripDao' isn't defined for the type 'AppDatabase'.
   - 'AppDatabase' is from 'package:soloadventurer/features/offline/infrastructure/database/database.dart' ('lib/features/offline/infrastructure/database/database.dart').
  Try correcting the name to the name of an existing getter, or defining a getter or field named 'tripDao'.
        final tripDao = _database.tripDao;
                                  ^^^^^^^
  lib/features/offline/infrastructure/sync/incremental_sync.dart:553:31: Error: The getter 'tripDao' isn't defined for the type 'AppDatabase'.
   - 'AppDatabase' is from 'package:soloadventurer/features/offline/infrastructure/database/database.dart' ('lib/features/offline/infrastructure/database/database.dart').
  Try correcting the name to the name of an existing getter, or defining a getter or field named 'tripDao'.
      final tripDao = _database.tripDao;
                                ^^^^^^^
  lib/features/offline/infrastructure/sync/incremental_sync.dart:605:34: Error: The getter 'journalDao' isn't defined for the type 'AppDatabase'.
   - 'AppDatabase' is from 'package:soloadventurer/features/offline/infrastructure/database/database.dart' ('lib/features/offline/infrastructure/database/database.dart').
  Try correcting the name to the name of an existing getter, or defining a getter or field named 'journalDao'.
      final journalDao = _database.journalDao;
                                   ^^^^^^^^^^
  lib/features/offline/infrastructure/sync/incremental_sync.dart:660:31: Error: The getter 'userDao' isn't defined for the type 'AppDatabase'.
   - 'AppDatabase' is from 'package:soloadventurer/features/offline/infrastructure/database/database.dart' ('lib/features/offline/infrastructure/database/database.dart').
  Try correcting the name to the name of an existing getter, or defining a getter or field named 'userDao'.
      final userDao = _database.userDao;
                                ^^^^^^^
  lib/features/offline/infrastructure/sync/incremental_sync.dart:727:17: Error: No named parameter with the name 'userId'.
                  userId: userId,
                  ^^^^^^
  lib/features/offline/infrastructure/database/database.g.dart:3723:9: Context: Found this candidate, but the arguments don't match.
    const SyncMetadataTableCompanion({
          ^^^^^^^^^^^^^^^^^^^^^^^^^^
  lib/features/offline/infrastructure/sync/incremental_sync.dart:719:40: Error: The getter 'userId' isn't defined for the type '$SyncMetadataTableTable'.
   - '$SyncMetadataTableTable' is from 'package:soloadventurer/features/offline/infrastructure/database/database.dart' ('lib/features/offline/infrastructure/database/database.dart').
  Try correcting the name to the name of an existing getter, or defining a getter or field named 'userId'.
                    ..where((tbl) => tbl.userId.equals(userId)))
                                         ^^^^^^
  lib/features/offline/infrastructure/sync/incremental_sync.dart:739:24: Error: The method 'SyncMetadataTable' isn't defined for the type 'IncrementalSync'.
   - 'IncrementalSync' is from 'package:soloadventurer/features/offline/infrastructure/sync/incremental_sync.dart' ('lib/features/offline/infrastructure/sync/incremental_sync.dart').
  Try correcting the name to the name of an existing method, or defining a method named 'SyncMetadataTable'.
                .replace(SyncMetadataTable(
                         ^^^^^^^^^^^^^^^^^
  lib/features/offline/infrastructure/sync/incremental_sync.dart:740:30: Error: The getter 'id' isn't defined for the type 'SyncMetadata'.
   - 'SyncMetadata' is from 'package:soloadventurer/features/offline/infrastructure/database/database.dart' ('lib/features/offline/infrastructure/database/database.dart').
  Try correcting the name to the name of an existing getter, or defining a getter or field named 'id'.
                  id: metadata.id,
                               ^^
  lib/features/offline/infrastructure/sync/incremental_sync.dart:746:54: Error: The getter 'lastIncrementalSyncAt' isn't defined for the type 'SyncMetadata'.
   - 'SyncMetadata' is from 'package:soloadventurer/features/offline/infrastructure/database/database.dart' ('lib/features/offline/infrastructure/database/database.dart').
  Try correcting the name to the name of an existing getter, or defining a getter or field named 'lastIncrementalSyncAt'.
                      usedIncremental ? now : metadata.lastIncrementalSyncAt,
                                                       ^^^^^^^^^^^^^^^^^^^^^
  lib/features/offline/infrastructure/sync/incremental_sync.dart:891:7: Error: No named parameter with the name 'firstName'.
        firstName: Value(serverUser['firstName'] as String?),
        ^^^^^^^^^
  lib/features/offline/infrastructure/database/database.g.dart:2407:9: Context: Found this candidate, but the arguments don't match.
    const UsersCompanion({
          ^^^^^^^^^^^^^^
  lib/features/offline/infrastructure/sync/offline_interceptor.dart:348:21: Error: The method 'call' isn't defined for the type 'Future<T>'.
   - 'Future' is from 'dart:async'.
  Try correcting the name to the name of an existing method, or defining a method named 'call'.
        await executor();
                      ^
  lib/features/offline/infrastructure/sync/offline_interceptor.dart:352:26: Error: The method 'call' isn't defined for the type 'Future<void>'.
   - 'Future' is from 'dart:async'.
  Try correcting the name to the name of an existing method, or defining a method named 'call'.
          await localUpdate();
                           ^
  lib/features/offline/infrastructure/sync/offline_interceptor.dart:382:24: Error: The method 'call' isn't defined for the type 'Future<void>'.
   - 'Future' is from 'dart:async'.
  Try correcting the name to the name of an existing method, or defining a method named 'call'.
        await localUpdate();
                         ^
  lib/features/offline/infrastructure/sync/mutation_interceptor.dart:263:66: Error: The argument type 'ErrorInterceptorHandler' can't be assigned to the parameter type 'RequestInterceptorHandler'.
   - 'ErrorInterceptorHandler' is from 'package:dio/src/dio_mixin.dart' ('../.pub-cache/hosted/pub.dev/dio-5.8.0+1/lib/src/dio_mixin.dart').
   - 'RequestInterceptorHandler' is from 'package:dio/src/dio_mixin.dart' ('../.pub-cache/hosted/pub.dev/dio-5.8.0+1/lib/src/dio_mixin.dart').
        await _handleOfflineMutation(metadata, err.requestOptions, handler);
                                                                   ^
  .

To run this test again: /opt/homebrew/Caskroom/flutter/3.32.5/flutter/bin/cache/dart-sdk/bin/dart test /Users/anthonyforan/SoloAdventurer_app/test/features/auth/presentation/providers/auth_providers_test.dart -p vm --plain-name 'loading /Users/anthonyforan/SoloAdventurer_app/test/features/auth/presentation/providers/auth_providers_test.dart'
00:48 +117 -45: loading /Users/anthonyforan/SoloAdventurer_app/test/features/auth/presentation/providers/auth_notifier_test.dart                                                                       00:48 +117 -45: /Users/anthonyforan/SoloAdventurer_app/test/features/auth/presentation/providers/auth_notifier_test.dart: AuthNotifier initial state is AsyncValue.data with initial AuthState         00:48 +118 -45: /Users/anthonyforan/SoloAdventurer_app/test/features/auth/presentation/providers/auth_notifier_test.dart: AuthNotifier initial state is AsyncValue.data with initial AuthState         00:48 +118 -45: /Users/anthonyforan/SoloAdventurer_app/test/features/auth/presentation/providers/auth_notifier_test.dart: AuthNotifier initialize sets loading state while initializing                00:48 +119 -45: /Users/anthonyforan/SoloAdventurer_app/test/features/auth/presentation/providers/auth_notifier_test.dart: AuthNotifier initialize sets loading state while initializing                00:48 +119 -45: /Users/anthonyforan/SoloAdventurer_app/test/features/auth/presentation/providers/auth_notifier_test.dart: AuthNotifier initialize sets authenticated state when user is signed in      00:48 +120 -45: /Users/anthonyforan/SoloAdventurer_app/test/features/auth/presentation/providers/auth_notifier_test.dart: AuthNotifier initialize sets authenticated state when user is signed in      00:48 +120 -45: /Users/anthonyforan/SoloAdventurer_app/test/features/auth/presentation/providers/auth_notifier_test.dart: AuthNotifier initialize sets initial state when user is not signed in        00:48 +121 -45: /Users/anthonyforan/SoloAdventurer_app/test/features/auth/presentation/providers/auth_notifier_test.dart: AuthNotifier initialize sets initial state when user is not signed in        00:48 +121 -45: /Users/anthonyforan/SoloAdventurer_app/test/features/auth/presentation/providers/auth_notifier_test.dart: AuthNotifier signIn sets loading state while signing in                      00:48 +121 -46: /Users/anthonyforan/SoloAdventurer_app/test/features/auth/presentation/providers/auth_notifier_test.dart: AuthNotifier signIn sets loading state while signing in [E]                  
  Bad state: A test tried to use `any` or `captureAny` on a parameter of type `LoginParams`, but
  registerFallbackValue was not previously called to register a fallback value for `LoginParams`.
  
  To fix, do:
  
  ```
  void main() {
    setUpAll(() {
      registerFallbackValue(/* create a dummy instance of `LoginParams` */);
    });
  }
  ```
  
  This instance of `LoginParams` will only be passed around, but never be interacted with.
  Therefore, if `LoginParams` is a function, it does not have to return a valid object and
  could throw unconditionally.
  If you cannot easily create an instance of `LoginParams`, consider defining a `Fake`:
  
  ```
  class MyTypeFake extends Fake implements MyType {}
  
  void main() {
    setUpAll(() {
      registerFallbackValue(MyTypeFake());
    });
  }
  ```
  
  Fallbacks are required because mocktail has to know of a valid `LoginParams` to prevent
  TypeErrors from being thrown in Dart's sound null safe mode, while still
  providing a convenient syntax.
  
  package:mocktail/src/_register_matcher.dart 49:5                          _getFallbackValue
  package:mocktail/src/_register_matcher.dart 160:25                        _registerMatcher
  package:mocktail/src/_register_matcher.dart 104:10                        any
  test/features/auth/presentation/providers/auth_notifier_test.dart 156:37  main.<fn>.<fn>.<fn>.<fn>
  package:mocktail/src/mocktail.dart 211:9                                  when.<fn>
  test/features/auth/presentation/providers/auth_notifier_test.dart 156:13  main.<fn>.<fn>.<fn>
  

To run this test again: /opt/homebrew/Caskroom/flutter/3.32.5/flutter/bin/cache/dart-sdk/bin/dart test /Users/anthonyforan/SoloAdventurer_app/test/features/auth/presentation/providers/auth_notifier_test.dart -p vm --plain-name 'AuthNotifier signIn sets loading state while signing in'
00:48 +121 -46: /Users/anthonyforan/SoloAdventurer_app/test/features/auth/presentation/providers/auth_notifier_test.dart: AuthNotifier signIn sets authenticated state on successful sign in           00:48 +121 -47: /Users/anthonyforan/SoloAdventurer_app/test/features/auth/presentation/providers/auth_notifier_test.dart: AuthNotifier signIn sets authenticated state on successful sign in [E]       
  Bad state: A test tried to use `any` or `captureAny` on a parameter of type `LoginParams`, but
  registerFallbackValue was not previously called to register a fallback value for `LoginParams`.
  
  To fix, do:
  
  ```
  void main() {
    setUpAll(() {
      registerFallbackValue(/* create a dummy instance of `LoginParams` */);
    });
  }
  ```
  
  This instance of `LoginParams` will only be passed around, but never be interacted with.
  Therefore, if `LoginParams` is a function, it does not have to return a valid object and
  could throw unconditionally.
  If you cannot easily create an instance of `LoginParams`, consider defining a `Fake`:
  
  ```
  class MyTypeFake extends Fake implements MyType {}
  
  void main() {
    setUpAll(() {
      registerFallbackValue(MyTypeFake());
    });
  }
  ```
  
  Fallbacks are required because mocktail has to know of a valid `LoginParams` to prevent
  TypeErrors from being thrown in Dart's sound null safe mode, while still
  providing a convenient syntax.
  
  package:mocktail/src/_register_matcher.dart 49:5                          _getFallbackValue
  package:mocktail/src/_register_matcher.dart 160:25                        _registerMatcher
  package:mocktail/src/_register_matcher.dart 104:10                        any
  test/features/auth/presentation/providers/auth_notifier_test.dart 176:37  main.<fn>.<fn>.<fn>.<fn>
  package:mocktail/src/mocktail.dart 211:9                                  when.<fn>
  test/features/auth/presentation/providers/auth_notifier_test.dart 176:13  main.<fn>.<fn>.<fn>
  

To run this test again: /opt/homebrew/Caskroom/flutter/3.32.5/flutter/bin/cache/dart-sdk/bin/dart test /Users/anthonyforan/SoloAdventurer_app/test/features/auth/presentation/providers/auth_notifier_test.dart -p vm --plain-name 'AuthNotifier signIn sets authenticated state on successful sign in'
00:48 +121 -47: /Users/anthonyforan/SoloAdventurer_app/test/features/auth/presentation/providers/auth_notifier_test.dart: AuthNotifier signIn sets error state on sign in failure                      00:48 +121 -48: /Users/anthonyforan/SoloAdventurer_app/test/features/auth/presentation/providers/auth_notifier_test.dart: AuthNotifier signIn sets error state on sign in failure [E]                  
  Bad state: A test tried to use `any` or `captureAny` on a parameter of type `LoginParams`, but
  registerFallbackValue was not previously called to register a fallback value for `LoginParams`.
  
  To fix, do:
  
  ```
  void main() {
    setUpAll(() {
      registerFallbackValue(/* create a dummy instance of `LoginParams` */);
    });
  }
  ```
  
  This instance of `LoginParams` will only be passed around, but never be interacted with.
  Therefore, if `LoginParams` is a function, it does not have to return a valid object and
  could throw unconditionally.
  If you cannot easily create an instance of `LoginParams`, consider defining a `Fake`:
  
  ```
  class MyTypeFake extends Fake implements MyType {}
  
  void main() {
    setUpAll(() {
      registerFallbackValue(MyTypeFake());
    });
  }
  ```
  
  Fallbacks are required because mocktail has to know of a valid `LoginParams` to prevent
  TypeErrors from being thrown in Dart's sound null safe mode, while still
  providing a convenient syntax.
  
  package:mocktail/src/_register_matcher.dart 49:5                          _getFallbackValue
  package:mocktail/src/_register_matcher.dart 160:25                        _registerMatcher
  package:mocktail/src/_register_matcher.dart 104:10                        any
  test/features/auth/presentation/providers/auth_notifier_test.dart 193:37  main.<fn>.<fn>.<fn>.<fn>
  package:mocktail/src/mocktail.dart 211:9                                  when.<fn>
  test/features/auth/presentation/providers/auth_notifier_test.dart 193:13  main.<fn>.<fn>.<fn>
  

To run this test again: /opt/homebrew/Caskroom/flutter/3.32.5/flutter/bin/cache/dart-sdk/bin/dart test /Users/anthonyforan/SoloAdventurer_app/test/features/auth/presentation/providers/auth_notifier_test.dart -p vm --plain-name 'AuthNotifier signIn sets error state on sign in failure'
00:48 +121 -48: /Users/anthonyforan/SoloAdventurer_app/test/features/auth/presentation/providers/auth_notifier_test.dart: AuthNotifier signOut sets loading state while signing out                    00:48 +122 -48: /Users/anthonyforan/SoloAdventurer_app/test/features/auth/presentation/providers/auth_notifier_test.dart: AuthNotifier signOut sets loading state while signing out                    00:48 +122 -48: /Users/anthonyforan/SoloAdventurer_app/test/features/auth/presentation/providers/auth_notifier_test.dart: AuthNotifier signOut sets initial state on successful sign out               00:48 +123 -48: /Users/anthonyforan/SoloAdventurer_app/test/features/auth/presentation/providers/auth_notifier_test.dart: AuthNotifier signOut sets initial state on successful sign out               00:48 +123 -48: /Users/anthonyforan/SoloAdventurer_app/test/features/auth/presentation/providers/auth_notifier_test.dart: AuthNotifier signOut sets error state on sign out failure                    00:48 +124 -48: /Users/anthonyforan/SoloAdventurer_app/test/features/auth/presentation/providers/auth_notifier_test.dart: AuthNotifier signOut sets error state on sign out failure                    00:49 +124 -48: /Users/anthonyforan/SoloAdventurer_app/test/features/auth/presentation/providers/auth_notifier_test.dart: AuthNotifier signOut sets error state on sign out failure                    lib/features/core/infrastructure/monitoring/aws_cloudwatch_monitoring.dart:75:7: Error: The non-abstract class 'AwsCloudWatchMonitoring' is missing implementations for these members:
 - MonitoringService.logDebug
 - MonitoringService.recordEvent
 - MonitoringService.recordMetric
Try to either
 - provide an implementation,
 - inherit an implementation from a superclass or mixin,
 - mark the class as abstract, or
 - provide a 'noSuchMethod' implementation.
class AwsCloudWatchMonitoring implements MonitoringService {
      ^^^^^^^^^^^^^^^^^^^^^^^
lib/features/core/infrastructure/monitoring/monitoring_service.dart:23:16: Context: 'MonitoringService.logDebug' is defined here.
  Future<void> logDebug(
               ^^^^^^^^
lib/features/core/infrastructure/monitoring/monitoring_service.dart:42:16: Context: 'MonitoringService.recordEvent' is defined here.
  Future<void> recordEvent(
               ^^^^^^^^^^^
lib/features/core/infrastructure/monitoring/monitoring_service.dart:29:16: Context: 'MonitoringService.recordMetric' is defined here.
  Future<void> recordMetric(
               ^^^^^^^^^^^^
lib/features/profile/presentation/providers/profile_providers.dart:28:23: Error: 'DioApiService' isn't a type.
    apiService: getIt<DioApiService>(),
                      ^^^^^^^^^^^^^
lib/features/profile/data/repositories/profile_repository_impl.dart:26:37: Error: Type argument 'Map<String, dynamic>' doesn't conform to the bound 'Model' of the type variable 'CreateModel' on 'OfflineAwareRepository'.
 - 'Map' is from 'dart:core'.
Try changing type arguments so that they conform to the bounds.
class ProfileRepositoryImpl extends OfflineAwareRepository<
                                    ^
lib/features/offline/data/repositories/offline_aware_repository.dart:98:54: Context: This is the type variable whose bound isn't conformed to.
abstract class OfflineAwareRepository<Entity, Model, CreateModel extends Model,
                                                     ^
lib/features/profile/data/repositories/profile_repository_impl.dart:26:37: Error: Type argument 'Map<String, dynamic>' doesn't conform to the bound 'Model' of the type variable 'UpdateModel' on 'OfflineAwareRepository'.
 - 'Map' is from 'dart:core'.
Try changing type arguments so that they conform to the bounds.
class ProfileRepositoryImpl extends OfflineAwareRepository<
                                    ^
lib/features/offline/data/repositories/offline_aware_repository.dart:99:5: Context: This is the type variable whose bound isn't conformed to.
    UpdateModel extends Model> {
    ^
lib/core/error/safety_exceptions.dart:5:31: Error: The super constructor has no corresponding positional parameter.
  const SafetyException(super.message, {required super.code});
                              ^
lib/app/di/modules/core_module.dart:13:11: Error: Method not found: 'SecurityManagerImpl'.
    () => SecurityManagerImpl(
          ^^^^^^^^^^^^^^^^^^^
lib/features/safety/presentation/screens/safety_hub_screen.dart:95:36: Error: Method 'withOpacity' cannot be called on 'Color?' because it is potentially null.
 - 'Color' is from 'dart:ui'.
Try calling using ?. instead.
                                  .withOpacity(0.2),
                                   ^^^^^^^^^^^
lib/features/safety/presentation/screens/manual_check_in_screen.dart:62:47: Error: The argument type 'LocationAccuracy/*1*/' can't be assigned to the parameter type 'LocationAccuracy/*2*/'.
 - 'LocationAccuracy/*1*/' is from 'package:geolocator_platform_interface/src/enums/location_accuracy.dart' ('../.pub-cache/hosted/pub.dev/geolocator_platform_interface-4.2.4/lib/src/enums/location_accuracy.dart').
 - 'LocationAccuracy/*2*/' is from 'package:soloadventurer/core/services/location_service.dart' ('lib/core/services/location_service.dart').
        accuracy: geolocator.LocationAccuracy.high,
                                              ^
lib/features/safety/presentation/screens/schedule_check_in_screen.dart:58:40: Error: 'locationServiceProvider' is imported from both 'package:soloadventurer/core/services/location_service.dart' and 'package:soloadventurer/features/safety/presentation/providers/safety_providers.dart'.
      final locationService = ref.read(locationServiceProvider);
                                       ^^^^^^^^^^^^^^^^^^^^^^^
lib/features/safety/presentation/screens/schedule_check_in_screen.dart:206:55: Error: The getter 'notifier' isn't defined for the type 'AutoDisposeProvider<CheckInNotifier>'.
 - 'AutoDisposeProvider' is from 'package:riverpod/src/provider.dart' ('../.pub-cache/hosted/pub.dev/riverpod-2.6.1/lib/src/provider.dart').
 - 'CheckInNotifier' is from 'package:soloadventurer/features/safety/presentation/notifiers/check_in_notifier.dart' ('lib/features/safety/presentation/notifiers/check_in_notifier.dart').
Try correcting the name to the name of an existing getter, or defining a getter or field named 'notifier'.
    final notifier = ref.read(checkInNotifierProvider.notifier);
                                                      ^^^^^^^^
lib/features/safety/presentation/screens/schedule_check_in_screen.dart:257:39: Error: The getter 'isCreating' isn't defined for the type 'CheckInNotifier'.
 - 'CheckInNotifier' is from 'package:soloadventurer/features/safety/presentation/notifiers/check_in_notifier.dart' ('lib/features/safety/presentation/notifiers/check_in_notifier.dart').
Try correcting the name to the name of an existing getter, or defining a getter or field named 'isCreating'.
    final isScheduling = checkInState.isCreating;
                                      ^^^^^^^^^^
lib/features/safety/presentation/screens/schedule_check_in_screen.dart:350:59: Error: The getter 'contacts' isn't defined for the type 'TrustedContactsNotifier'.
 - 'TrustedContactsNotifier' is from 'package:soloadventurer/features/safety/presentation/notifiers/trusted_contacts_notifier.dart' ('lib/features/safety/presentation/notifiers/trusted_contacts_notifier.dart').
Try correcting the name to the name of an existing getter, or defining a getter or field named 'contacts'.
              _buildContactsSelector(theme, contactsState.contacts),
                                                          ^^^^^^^^
lib/features/safety/presentation/screens/schedule_check_in_screen.dart:619:32: Error: The getter 'isScheduling' isn't defined for the type '_ScheduleCheckInScreenState'.
 - '_ScheduleCheckInScreenState' is from 'package:soloadventurer/features/safety/presentation/screens/schedule_check_in_screen.dart' ('lib/features/safety/presentation/screens/schedule_check_in_screen.dart').
Try correcting the name to the name of an existing getter, or defining a getter or field named 'isScheduling'.
                    onPressed: isScheduling ? null : _getCurrentLocation,
                               ^^^^^^^^^^^^
lib/features/safety/presentation/screens/check_in_history_screen.dart:25:40: Error: The getter 'notifier' isn't defined for the type 'AutoDisposeProvider<CheckInNotifier>'.
 - 'AutoDisposeProvider' is from 'package:riverpod/src/provider.dart' ('../.pub-cache/hosted/pub.dev/riverpod-2.6.1/lib/src/provider.dart').
 - 'CheckInNotifier' is from 'package:soloadventurer/features/safety/presentation/notifiers/check_in_notifier.dart' ('lib/features/safety/presentation/notifiers/check_in_notifier.dart').
Try correcting the name to the name of an existing getter, or defining a getter or field named 'notifier'.
      ref.read(checkInNotifierProvider.notifier).loadCheckIns();
                                       ^^^^^^^^
lib/features/safety/presentation/screens/check_in_history_screen.dart:32:38: Error: The getter 'checkIns' isn't defined for the type 'CheckInNotifier'.
 - 'CheckInNotifier' is from 'package:soloadventurer/features/safety/presentation/notifiers/check_in_notifier.dart' ('lib/features/safety/presentation/notifiers/check_in_notifier.dart').
Try correcting the name to the name of an existing getter, or defining a getter or field named 'checkIns'.
    final allCheckIns = checkInState.checkIns;
                                     ^^^^^^^^
lib/features/safety/presentation/screens/check_in_history_screen.dart:33:36: Error: The getter 'isLoading' isn't defined for the type 'CheckInNotifier'.
 - 'CheckInNotifier' is from 'package:soloadventurer/features/safety/presentation/notifiers/check_in_notifier.dart' ('lib/features/safety/presentation/notifiers/check_in_notifier.dart').
Try correcting the name to the name of an existing getter, or defining a getter or field named 'isLoading'.
    final isLoading = checkInState.isLoading;
                                   ^^^^^^^^^
lib/features/safety/presentation/screens/check_in_history_screen.dart:34:32: Error: The getter 'error' isn't defined for the type 'CheckInNotifier'.
 - 'CheckInNotifier' is from 'package:soloadventurer/features/safety/presentation/notifiers/check_in_notifier.dart' ('lib/features/safety/presentation/notifiers/check_in_notifier.dart').
Try correcting the name to the name of an existing getter, or defining a getter or field named 'error'.
    final error = checkInState.error;
                               ^^^^^
lib/features/safety/presentation/screens/check_in_history_screen.dart:156:48: Error: The getter 'notifier' isn't defined for the type 'AutoDisposeProvider<CheckInNotifier>'.
 - 'AutoDisposeProvider' is from 'package:riverpod/src/provider.dart' ('../.pub-cache/hosted/pub.dev/riverpod-2.6.1/lib/src/provider.dart').
 - 'CheckInNotifier' is from 'package:soloadventurer/features/safety/presentation/notifiers/check_in_notifier.dart' ('lib/features/safety/presentation/notifiers/check_in_notifier.dart').
Try correcting the name to the name of an existing getter, or defining a getter or field named 'notifier'.
        await ref.read(checkInNotifierProvider.notifier).loadCheckIns();
                                               ^^^^^^^^
lib/features/safety/presentation/screens/check_in_history_screen.dart:469:50: Error: The getter 'notifier' isn't defined for the type 'AutoDisposeProvider<CheckInNotifier>'.
 - 'AutoDisposeProvider' is from 'package:riverpod/src/provider.dart' ('../.pub-cache/hosted/pub.dev/riverpod-2.6.1/lib/src/provider.dart').
 - 'CheckInNotifier' is from 'package:soloadventurer/features/safety/presentation/notifiers/check_in_notifier.dart' ('lib/features/safety/presentation/notifiers/check_in_notifier.dart').
Try correcting the name to the name of an existing getter, or defining a getter or field named 'notifier'.
                ref.read(checkInNotifierProvider.notifier).loadCheckIns();
                                                 ^^^^^^^^
lib/features/safety/presentation/screens/emergency_sos_screen.dart:64:40: Error: 'locationServiceProvider' is imported from both 'package:soloadventurer/core/services/location_service.dart' and 'package:soloadventurer/features/safety/presentation/providers/safety_providers.dart'.
      final locationService = ref.read(locationServiceProvider);
                                       ^^^^^^^^^^^^^^^^^^^^^^^
lib/features/safety/presentation/screens/emergency_sos_screen.dart:703:43: Error: The getter 'phone' isn't defined for the type 'TrustedContact'.
 - 'TrustedContact' is from 'package:soloadventurer/features/safety/domain/entities/trusted_contact.dart' ('lib/features/safety/domain/entities/trusted_contact.dart').
Try correcting the name to the name of an existing getter, or defining a getter or field named 'phone'.
                              if (contact.phone != null)
                                          ^^^^^
lib/features/safety/presentation/screens/status_update_screen.dart:57:40: Error: 'locationServiceProvider' is imported from both 'package:soloadventurer/core/services/location_service.dart' and 'package:soloadventurer/features/safety/presentation/providers/safety_providers.dart'.
      final locationService = ref.read(locationServiceProvider);
                                       ^^^^^^^^^^^^^^^^^^^^^^^
lib/features/safety/presentation/screens/status_update_screen.dart:106:25: Error: The getter 'isNullOrEmpty' isn't defined for the type 'String?'.
Try correcting the name to the name of an existing getter, or defining a getter or field named 'isNullOrEmpty'.
        !_locationError.isNullOrEmpty) {
                        ^^^^^^^^^^^^^
lib/features/safety/presentation/screens/status_update_screen.dart:541:19: Error: The getter 'isProcessing' isn't defined for the type '_StatusUpdateScreenState'.
 - '_StatusUpdateScreenState' is from 'package:soloadventurer/features/safety/presentation/screens/status_update_screen.dart' ('lib/features/safety/presentation/screens/status_update_screen.dart').
Try correcting the name to the name of an existing getter, or defining a getter or field named 'isProcessing'.
      onChanged: (isProcessing)
                  ^^^^^^^^^^^^
lib/features/safety/presentation/screens/status_update_screen.dart:608:28: Error: The getter 'isProcessing' isn't defined for the type '_StatusUpdateScreenState'.
 - '_StatusUpdateScreenState' is from 'package:soloadventurer/features/safety/presentation/screens/status_update_screen.dart' ('lib/features/safety/presentation/screens/status_update_screen.dart').
Try correcting the name to the name of an existing getter, or defining a getter or field named 'isProcessing'.
                onPressed: isProcessing ? null : _getCurrentLocation,
                           ^^^^^^^^^^^^
lib/features/safety/presentation/screens/status_update_screen.dart:682:26: Error: The getter 'isProcessing' isn't defined for the type '_StatusUpdateScreenState'.
 - '_StatusUpdateScreenState' is from 'package:soloadventurer/features/safety/presentation/screens/status_update_screen.dart' ('lib/features/safety/presentation/screens/status_update_screen.dart').
Try correcting the name to the name of an existing getter, or defining a getter or field named 'isProcessing'.
              onPressed: isProcessing ? null : _getCurrentLocation,
                         ^^^^^^^^^^^^
lib/features/safety/presentation/screens/status_update_screen.dart:801:43: Error: The getter 'phone' isn't defined for the type 'TrustedContact'.
 - 'TrustedContact' is from 'package:soloadventurer/features/safety/domain/entities/trusted_contact.dart' ('lib/features/safety/domain/entities/trusted_contact.dart').
Try correcting the name to the name of an existing getter, or defining a getter or field named 'phone'.
                              if (contact.phone != null)
                                          ^^^^^
lib/features/safety/presentation/screens/location_sharing_screen.dart:565:40: Error: 'locationServiceProvider' is imported from both 'package:soloadventurer/core/services/location_service.dart' and 'package:soloadventurer/features/safety/presentation/providers/safety_providers.dart'.
      final locationService = ref.read(locationServiceProvider);
                                       ^^^^^^^^^^^^^^^^^^^^^^^
lib/features/safety/presentation/screens/location_sharing_screen.dart:615:40: Error: 'locationServiceProvider' is imported from both 'package:soloadventurer/core/services/location_service.dart' and 'package:soloadventurer/features/safety/presentation/providers/safety_providers.dart'.
      final locationService = ref.read(locationServiceProvider);
                                       ^^^^^^^^^^^^^^^^^^^^^^^
lib/features/safety/presentation/screens/location_sharing_screen.dart:843:43: Error: Required named parameter 'source' must be provided.
              orElse: () => TrustedContact(
                                          ^
lib/features/safety/domain/entities/trusted_contact.dart:27:17: Context: Found this candidate, but the arguments don't match.
  const factory TrustedContact({
                ^
lib/features/safety/presentation/screens/location_sharing_screen.dart:993:25: Error: Member not found: 'status'.
            icon: Icons.status,
                        ^^^^^^
lib/features/safety/presentation/screens/location_sharing_screen.dart:1025:27: Error: Member not found: 'alert'.
              icon: Icons.alert,
                          ^^^^^
lib/features/safety/presentation/screens/location_sharing_screen.dart:1039:43: Error: Required named parameter 'source' must be provided.
              orElse: () => TrustedContact(
                                          ^
lib/features/safety/domain/entities/trusted_contact.dart:27:17: Context: Found this candidate, but the arguments don't match.
  const factory TrustedContact({
                ^
lib/features/auth/data/datasources/mock_auth_remote_data_source.dart:241:21: Error: The getter 'email' isn't defined for the type 'Credentials'.
 - 'Credentials' is from 'package:soloadventurer/features/auth/data/models/credentials.dart' ('lib/features/auth/data/models/credentials.dart').
Try correcting the name to the name of an existing getter, or defining a getter or field named 'email'.
    if (credentials.email != 'test@example.com' || credentials.password != 'password123') {
                    ^^^^^
lib/features/safety/presentation/providers/safety_providers.dart:42:19: Error: Method not found: 'LocationServiceImpl'.
  final service = LocationServiceImpl();
                  ^^^^^^^^^^^^^^^^^^^
lib/features/safety/presentation/providers/safety_providers.dart:52:19: Error: Method not found: 'NotificationServiceImpl'.
  final service = NotificationServiceImpl();
                  ^^^^^^^^^^^^^^^^^^^^^^^
lib/features/safety/presentation/providers/safety_providers.dart:64:19: Error: Method not found: 'BackgroundCheckInServiceImpl'.
  final service = BackgroundCheckInServiceImpl();
                  ^^^^^^^^^^^^^^^^^^^^^^^^^^^^
lib/features/safety/presentation/providers/safety_providers.dart:74:19: Error: Method not found: 'MissedCheckInDetectorImpl'.
  final service = MissedCheckInDetectorImpl(
                  ^^^^^^^^^^^^^^^^^^^^^^^^^
lib/features/offline/data/repositories/offline_aware_repository.dart:492:19: Error: The getter 'timestamp_' isn't defined for the type 'OfflineAwareRepository<Entity, Model, CreateModel, UpdateModel>'.
 - 'OfflineAwareRepository' is from 'package:soloadventurer/features/offline/data/repositories/offline_aware_repository.dart' ('lib/features/offline/data/repositories/offline_aware_repository.dart').
Try correcting the name to the name of an existing getter, or defining a getter or field named 'timestamp_'.
    return 'temp_$timestamp_$random';
                  ^^^^^^^^^^
lib/features/offline/data/repositories/sync_queue_repository_impl.dart:36:52: Error: The argument type 'int' can't be assigned to the parameter type 'SyncQueueItem'.
 - 'SyncQueueItem' is from 'package:soloadventurer/features/offline/infrastructure/database/database.dart' ('lib/features/offline/infrastructure/database/database.dart').
      return model.SyncOperationModel.fromDatabase(item).toDomainEntity();
                                                   ^
lib/features/offline/infrastructure/sync/background_sync_service.dart:154:11: Error: No named parameter with the name 'requiresNotRoaming'.
          requiresNotRoaming: false, // Allow sync while roaming
          ^^^^^^^^^^^^^^^^^^
../.pub-cache/hosted/pub.dev/workmanager-0.5.2/lib/src/options.dart:96:3: Context: Found this candidate, but the arguments don't match.
  Constraints({
  ^^^^^^^^^^^
lib/features/offline/infrastructure/sync/background_sync_service.dart:164:9: Error: No named parameter with the name 'backoffDelay'.
        backoffDelay: const Duration(minutes: 15), // Initial backoff delay
        ^^^^^^^^^^^^
lib/features/offline/infrastructure/sync/background_sync_service.dart:229:27: Error: The method 'cancelTaskByTag' isn't defined for the type 'Workmanager'.
 - 'Workmanager' is from 'package:workmanager/src/workmanager.dart' ('../.pub-cache/hosted/pub.dev/workmanager-0.5.2/lib/src/workmanager.dart').
Try correcting the name to the name of an existing method, or defining a method named 'cancelTaskByTag'.
      await Workmanager().cancelTaskByTag(periodicSyncTaskName);
                          ^^^^^^^^^^^^^^^
lib/features/offline/infrastructure/sync/conflict_resolver_impl.dart:385:33: Error: The getter 'tripDao' isn't defined for the type 'AppDatabase'.
 - 'AppDatabase' is from 'package:soloadventurer/features/offline/infrastructure/database/database.dart' ('lib/features/offline/infrastructure/database/database.dart').
Try correcting the name to the name of an existing getter, or defining a getter or field named 'tripDao'.
      final tripDao = _database.tripDao;
                                ^^^^^^^
lib/features/offline/infrastructure/sync/conflict_resolver_impl.dart:411:33: Error: The getter 'tripDao' isn't defined for the type 'AppDatabase'.
 - 'AppDatabase' is from 'package:soloadventurer/features/offline/infrastructure/database/database.dart' ('lib/features/offline/infrastructure/database/database.dart').
Try correcting the name to the name of an existing getter, or defining a getter or field named 'tripDao'.
      final tripDao = _database.tripDao;
                                ^^^^^^^
lib/features/offline/infrastructure/sync/conflict_resolver_impl.dart:437:36: Error: The getter 'journalDao' isn't defined for the type 'AppDatabase'.
 - 'AppDatabase' is from 'package:soloadventurer/features/offline/infrastructure/database/database.dart' ('lib/features/offline/infrastructure/database/database.dart').
Try correcting the name to the name of an existing getter, or defining a getter or field named 'journalDao'.
      final journalDao = _database.journalDao;
                                   ^^^^^^^^^^
lib/features/offline/infrastructure/sync/conflict_resolver_impl.dart:460:36: Error: The getter 'journalDao' isn't defined for the type 'AppDatabase'.
 - 'AppDatabase' is from 'package:soloadventurer/features/offline/infrastructure/database/database.dart' ('lib/features/offline/infrastructure/database/database.dart').
Try correcting the name to the name of an existing getter, or defining a getter or field named 'journalDao'.
      final journalDao = _database.journalDao;
                                   ^^^^^^^^^^
lib/features/offline/infrastructure/sync/conflict_resolver_impl.dart:485:33: Error: The getter 'userDao' isn't defined for the type 'AppDatabase'.
 - 'AppDatabase' is from 'package:soloadventurer/features/offline/infrastructure/database/database.dart' ('lib/features/offline/infrastructure/database/database.dart').
Try correcting the name to the name of an existing getter, or defining a getter or field named 'userDao'.
      final userDao = _database.userDao;
                                ^^^^^^^
lib/features/offline/infrastructure/sync/conflict_resolver_impl.dart:508:33: Error: The getter 'userDao' isn't defined for the type 'AppDatabase'.
 - 'AppDatabase' is from 'package:soloadventurer/features/offline/infrastructure/database/database.dart' ('lib/features/offline/infrastructure/database/database.dart').
Try correcting the name to the name of an existing getter, or defining a getter or field named 'userDao'.
      final userDao = _database.userDao;
                                ^^^^^^^
lib/features/offline/infrastructure/sync/download_sync.dart:254:33: Error: The getter 'tripDao' isn't defined for the type 'AppDatabase'.
 - 'AppDatabase' is from 'package:soloadventurer/features/offline/infrastructure/database/database.dart' ('lib/features/offline/infrastructure/database/database.dart').
Try correcting the name to the name of an existing getter, or defining a getter or field named 'tripDao'.
      final tripDao = _database.tripDao;
                                ^^^^^^^
lib/features/offline/infrastructure/sync/download_sync.dart:372:33: Error: The getter 'tripDao' isn't defined for the type 'AppDatabase'.
 - 'AppDatabase' is from 'package:soloadventurer/features/offline/infrastructure/database/database.dart' ('lib/features/offline/infrastructure/database/database.dart').
Try correcting the name to the name of an existing getter, or defining a getter or field named 'tripDao'.
      final tripDao = _database.tripDao;
                                ^^^^^^^
lib/features/offline/infrastructure/sync/download_sync.dart:430:40: Error: The getter 'journalDao' isn't defined for the type 'AppDatabase'.
 - 'AppDatabase' is from 'package:soloadventurer/features/offline/infrastructure/database/database.dart' ('lib/features/offline/infrastructure/database/database.dart').
Try correcting the name to the name of an existing getter, or defining a getter or field named 'journalDao'.
          final journalDao = _database.journalDao;
                                       ^^^^^^^^^^
lib/features/offline/infrastructure/sync/download_sync.dart:568:33: Error: The getter 'userDao' isn't defined for the type 'AppDatabase'.
 - 'AppDatabase' is from 'package:soloadventurer/features/offline/infrastructure/database/database.dart' ('lib/features/offline/infrastructure/database/database.dart').
Try correcting the name to the name of an existing getter, or defining a getter or field named 'userDao'.
      final userDao = _database.userDao;
                                ^^^^^^^
lib/features/offline/infrastructure/sync/download_sync.dart:677:17: Error: No named parameter with the name 'userId'.
                userId: userId,
                ^^^^^^
lib/features/offline/infrastructure/database/database.g.dart:3735:3: Context: Found this candidate, but the arguments don't match.
  SyncMetadataTableCompanion.insert({
  ^^^^^^^^^^^^^^^^^^^^^^^^^^^^^^^^^
lib/features/offline/infrastructure/sync/download_sync.dart:669:40: Error: The getter 'userId' isn't defined for the type '$SyncMetadataTableTable'.
 - '$SyncMetadataTableTable' is from 'package:soloadventurer/features/offline/infrastructure/database/database.dart' ('lib/features/offline/infrastructure/database/database.dart').
Try correcting the name to the name of an existing getter, or defining a getter or field named 'userId'.
                  ..where((tbl) => tbl.userId.equals(userId)))
                                       ^^^^^^
lib/features/offline/infrastructure/sync/download_sync.dart:687:24: Error: The method 'SyncMetadataTable' isn't defined for the type 'DownloadSync'.
 - 'DownloadSync' is from 'package:soloadventurer/features/offline/infrastructure/sync/download_sync.dart' ('lib/features/offline/infrastructure/sync/download_sync.dart').
Try correcting the name to the name of an existing method, or defining a method named 'SyncMetadataTable'.
              .replace(SyncMetadataTable(
                       ^^^^^^^^^^^^^^^^^
lib/features/offline/infrastructure/sync/download_sync.dart:688:30: Error: The getter 'id' isn't defined for the type 'SyncMetadata'.
 - 'SyncMetadata' is from 'package:soloadventurer/features/offline/infrastructure/database/database.dart' ('lib/features/offline/infrastructure/database/database.dart').
Try correcting the name to the name of an existing getter, or defining a getter or field named 'id'.
                id: metadata.id,
                             ^^
lib/features/offline/infrastructure/sync/download_sync.dart:775:7: Error: No named parameter with the name 'firstName'.
      firstName: Value(serverUser['firstName'] as String?),
      ^^^^^^^^^
lib/features/offline/infrastructure/database/database.g.dart:2407:9: Context: Found this candidate, but the arguments don't match.
  const UsersCompanion({
        ^^^^^^^^^^^^^^
lib/features/offline/infrastructure/sync/incremental_sync.dart:262:38: Error: Required named parameter 'userId' must be provided.
        return syncIncrementalChanges(
                                     ^
lib/features/offline/infrastructure/sync/incremental_sync.dart:286:40: Error: The getter 'userId' isn't defined for the type '$SyncMetadataTableTable'.
 - '$SyncMetadataTableTable' is from 'package:soloadventurer/features/offline/infrastructure/database/database.dart' ('lib/features/offline/infrastructure/database/database.dart').
Try correcting the name to the name of an existing getter, or defining a getter or field named 'userId'.
                  ..where((tbl) => tbl.userId.equals(userId)))
                                       ^^^^^^
lib/features/offline/infrastructure/sync/incremental_sync.dart:290:32: Error: The getter 'lastIncrementalSyncAt' isn't defined for the type 'SyncMetadata'.
 - 'SyncMetadata' is from 'package:soloadventurer/features/offline/infrastructure/database/database.dart' ('lib/features/offline/infrastructure/database/database.dart').
Try correcting the name to the name of an existing getter, or defining a getter or field named 'lastIncrementalSyncAt'.
            metadataList.first.lastIncrementalSyncAt == null) {
                               ^^^^^^^^^^^^^^^^^^^^^
lib/features/offline/infrastructure/sync/incremental_sync.dart:309:34: Error: The getter 'userId' isn't defined for the type '$SyncMetadataTableTable'.
 - '$SyncMetadataTableTable' is from 'package:soloadventurer/features/offline/infrastructure/database/database.dart' ('lib/features/offline/infrastructure/database/database.dart').
Try correcting the name to the name of an existing getter, or defining a getter or field named 'userId'.
            ..where((tbl) => tbl.userId.equals(userId)))
                                 ^^^^^^
lib/features/offline/infrastructure/sync/incremental_sync.dart:316:33: Error: The getter 'lastIncrementalSyncAt' isn't defined for the type 'SyncMetadata'.
 - 'SyncMetadata' is from 'package:soloadventurer/features/offline/infrastructure/database/database.dart' ('lib/features/offline/infrastructure/database/database.dart').
Try correcting the name to the name of an existing getter, or defining a getter or field named 'lastIncrementalSyncAt'.
      return metadataList.first.lastIncrementalSyncAt;
                                ^^^^^^^^^^^^^^^^^^^^^
lib/features/offline/infrastructure/sync/incremental_sync.dart:389:33: Error: The getter 'tripDao' isn't defined for the type 'AppDatabase'.
 - 'AppDatabase' is from 'package:soloadventurer/features/offline/infrastructure/database/database.dart' ('lib/features/offline/infrastructure/database/database.dart').
Try correcting the name to the name of an existing getter, or defining a getter or field named 'tripDao'.
      final tripDao = _database.tripDao;
                                ^^^^^^^
lib/features/offline/infrastructure/sync/incremental_sync.dart:553:31: Error: The getter 'tripDao' isn't defined for the type 'AppDatabase'.
 - 'AppDatabase' is from 'package:soloadventurer/features/offline/infrastructure/database/database.dart' ('lib/features/offline/infrastructure/database/database.dart').
Try correcting the name to the name of an existing getter, or defining a getter or field named 'tripDao'.
    final tripDao = _database.tripDao;
                              ^^^^^^^
lib/features/offline/infrastructure/sync/incremental_sync.dart:605:34: Error: The getter 'journalDao' isn't defined for the type 'AppDatabase'.
 - 'AppDatabase' is from 'package:soloadventurer/features/offline/infrastructure/database/database.dart' ('lib/features/offline/infrastructure/database/database.dart').
Try correcting the name to the name of an existing getter, or defining a getter or field named 'journalDao'.
    final journalDao = _database.journalDao;
                                 ^^^^^^^^^^
lib/features/offline/infrastructure/sync/incremental_sync.dart:660:31: Error: The getter 'userDao' isn't defined for the type 'AppDatabase'.
 - 'AppDatabase' is from 'package:soloadventurer/features/offline/infrastructure/database/database.dart' ('lib/features/offline/infrastructure/database/database.dart').
Try correcting the name to the name of an existing getter, or defining a getter or field named 'userDao'.
    final userDao = _database.userDao;
                              ^^^^^^^
lib/features/offline/infrastructure/sync/incremental_sync.dart:727:17: Error: No named parameter with the name 'userId'.
                userId: userId,
                ^^^^^^
lib/features/offline/infrastructure/database/database.g.dart:3723:9: Context: Found this candidate, but the arguments don't match.
  const SyncMetadataTableCompanion({
        ^^^^^^^^^^^^^^^^^^^^^^^^^^
lib/features/offline/infrastructure/sync/incremental_sync.dart:719:40: Error: The getter 'userId' isn't defined for the type '$SyncMetadataTableTable'.
 - '$SyncMetadataTableTable' is from 'package:soloadventurer/features/offline/infrastructure/database/database.dart' ('lib/features/offline/infrastructure/database/database.dart').
Try correcting the name to the name of an existing getter, or defining a getter or field named 'userId'.
                  ..where((tbl) => tbl.userId.equals(userId)))
                                       ^^^^^^
lib/features/offline/infrastructure/sync/incremental_sync.dart:739:24: Error: The method 'SyncMetadataTable' isn't defined for the type 'IncrementalSync'.
 - 'IncrementalSync' is from 'package:soloadventurer/features/offline/infrastructure/sync/incremental_sync.dart' ('lib/features/offline/infrastructure/sync/incremental_sync.dart').
Try correcting the name to the name of an existing method, or defining a method named 'SyncMetadataTable'.
              .replace(SyncMetadataTable(
                       ^^^^^^^^^^^^^^^^^
lib/features/offline/infrastructure/sync/incremental_sync.dart:740:30: Error: The getter 'id' isn't defined for the type 'SyncMetadata'.
 - 'SyncMetadata' is from 'package:soloadventurer/features/offline/infrastructure/database/database.dart' ('lib/features/offline/infrastructure/database/database.dart').
Try correcting the name to the name of an existing getter, or defining a getter or field named 'id'.
                id: metadata.id,
                             ^^
lib/features/offline/infrastructure/sync/incremental_sync.dart:746:54: Error: The getter 'lastIncrementalSyncAt' isn't defined for the type 'SyncMetadata'.
 - 'SyncMetadata' is from 'package:soloadventurer/features/offline/infrastructure/database/database.dart' ('lib/features/offline/infrastructure/database/database.dart').
Try correcting the name to the name of an existing getter, or defining a getter or field named 'lastIncrementalSyncAt'.
                    usedIncremental ? now : metadata.lastIncrementalSyncAt,
                                                     ^^^^^^^^^^^^^^^^^^^^^
lib/features/offline/infrastructure/sync/incremental_sync.dart:891:7: Error: No named parameter with the name 'firstName'.
      firstName: Value(serverUser['firstName'] as String?),
      ^^^^^^^^^
lib/features/offline/infrastructure/database/database.g.dart:2407:9: Context: Found this candidate, but the arguments don't match.
  const UsersCompanion({
        ^^^^^^^^^^^^^^
lib/features/offline/infrastructure/sync/offline_interceptor.dart:348:21: Error: The method 'call' isn't defined for the type 'Future<T>'.
 - 'Future' is from 'dart:async'.
Try correcting the name to the name of an existing method, or defining a method named 'call'.
      await executor();
                    ^
lib/features/offline/infrastructure/sync/offline_interceptor.dart:352:26: Error: The method 'call' isn't defined for the type 'Future<void>'.
 - 'Future' is from 'dart:async'.
Try correcting the name to the name of an existing method, or defining a method named 'call'.
        await localUpdate();
                         ^
lib/features/offline/infrastructure/sync/offline_interceptor.dart:382:24: Error: The method 'call' isn't defined for the type 'Future<void>'.
 - 'Future' is from 'dart:async'.
Try correcting the name to the name of an existing method, or defining a method named 'call'.
      await localUpdate();
                       ^
lib/features/offline/infrastructure/sync/mutation_interceptor.dart:263:66: Error: The argument type 'ErrorInterceptorHandler' can't be assigned to the parameter type 'RequestInterceptorHandler'.
 - 'ErrorInterceptorHandler' is from 'package:dio/src/dio_mixin.dart' ('../.pub-cache/hosted/pub.dev/dio-5.8.0+1/lib/src/dio_mixin.dart').
 - 'RequestInterceptorHandler' is from 'package:dio/src/dio_mixin.dart' ('../.pub-cache/hosted/pub.dev/dio-5.8.0+1/lib/src/dio_mixin.dart').
      await _handleOfflineMutation(metadata, err.requestOptions, handler);
                                                                 ^
lib/features/profile/data/repositories/profile_repository_impl.dart:444:15: Error: The method '_queueOperation' isn't defined for the type 'ProfileRepositoryImpl'.
 - 'ProfileRepositoryImpl' is from 'package:soloadventurer/features/profile/data/repositories/profile_repository_impl.dart' ('lib/features/profile/data/repositories/profile_repository_impl.dart').
Try correcting the name to the name of an existing method, or defining a method named '_queueOperation'.
        await _queueOperation(
              ^^^^^^^^^^^^^^^
lib/features/profile/data/repositories/profile_repository_impl.dart:447:22: Error: The getter 'SyncOperationType' isn't defined for the type 'ProfileRepositoryImpl'.
 - 'ProfileRepositoryImpl' is from 'package:soloadventurer/features/profile/data/repositories/profile_repository_impl.dart' ('lib/features/profile/data/repositories/profile_repository_impl.dart').
Try correcting the name to the name of an existing getter, or defining a getter or field named 'SyncOperationType'.
          operation: SyncOperationType.update,
                     ^^^^^^^^^^^^^^^^^
lib/features/profile/data/repositories/profile_repository_impl.dart:490:39: Error: Not a constant expression.
        final preferencesJson = const JsonEncoder().convert(preferences);
                                      ^^^^^^^^^^^
lib/features/profile/data/repositories/profile_repository_impl.dart:502:15: Error: The method '_queueOperation' isn't defined for the type 'ProfileRepositoryImpl'.
 - 'ProfileRepositoryImpl' is from 'package:soloadventurer/features/profile/data/repositories/profile_repository_impl.dart' ('lib/features/profile/data/repositories/profile_repository_impl.dart').
Try correcting the name to the name of an existing method, or defining a method named '_queueOperation'.
        await _queueOperation(
              ^^^^^^^^^^^^^^^
lib/features/profile/data/repositories/profile_repository_impl.dart:505:22: Error: The getter 'SyncOperationType' isn't defined for the type 'ProfileRepositoryImpl'.
 - 'ProfileRepositoryImpl' is from 'package:soloadventurer/features/profile/data/repositories/profile_repository_impl.dart' ('lib/features/profile/data/repositories/profile_repository_impl.dart').
Try correcting the name to the name of an existing getter, or defining a getter or field named 'SyncOperationType'.
          operation: SyncOperationType.update,
                     ^^^^^^^^^^^^^^^^^
lib/features/profile/data/repositories/profile_repository_impl.dart:548:37: Error: Not a constant expression.
        final interestsJson = const JsonEncoder().convert(interests);
                                    ^^^^^^^^^^^
lib/features/profile/data/repositories/profile_repository_impl.dart:560:15: Error: The method '_queueOperation' isn't defined for the type 'ProfileRepositoryImpl'.
 - 'ProfileRepositoryImpl' is from 'package:soloadventurer/features/profile/data/repositories/profile_repository_impl.dart' ('lib/features/profile/data/repositories/profile_repository_impl.dart').
Try correcting the name to the name of an existing method, or defining a method named '_queueOperation'.
        await _queueOperation(
              ^^^^^^^^^^^^^^^
lib/features/profile/data/repositories/profile_repository_impl.dart:563:22: Error: The getter 'SyncOperationType' isn't defined for the type 'ProfileRepositoryImpl'.
 - 'ProfileRepositoryImpl' is from 'package:soloadventurer/features/profile/data/repositories/profile_repository_impl.dart' ('lib/features/profile/data/repositories/profile_repository_impl.dart').
Try correcting the name to the name of an existing getter, or defining a getter or field named 'SyncOperationType'.
          operation: SyncOperationType.update,
                     ^^^^^^^^^^^^^^^^^
lib/features/profile/data/repositories/profile_repository_impl.dart:617:15: Error: The method '_queueOperation' isn't defined for the type 'ProfileRepositoryImpl'.
 - 'ProfileRepositoryImpl' is from 'package:soloadventurer/features/profile/data/repositories/profile_repository_impl.dart' ('lib/features/profile/data/repositories/profile_repository_impl.dart').
Try correcting the name to the name of an existing method, or defining a method named '_queueOperation'.
        await _queueOperation(
              ^^^^^^^^^^^^^^^
lib/features/profile/data/repositories/profile_repository_impl.dart:620:22: Error: The getter 'SyncOperationType' isn't defined for the type 'ProfileRepositoryImpl'.
 - 'ProfileRepositoryImpl' is from 'package:soloadventurer/features/profile/data/repositories/profile_repository_impl.dart' ('lib/features/profile/data/repositories/profile_repository_impl.dart').
Try correcting the name to the name of an existing getter, or defining a getter or field named 'SyncOperationType'.
          operation: SyncOperationType.update,
                     ^^^^^^^^^^^^^^^^^
lib/features/profile/domain/usecases/update_profile_use_case.dart:12:56: Error: A value of type 'Future<RepositoryOperationResult<Profile>>' can't be returned from a function with return type 'Future<Profile>'.
 - 'Future' is from 'dart:async'.
 - 'RepositoryOperationResult' is from 'package:soloadventurer/features/offline/data/repositories/offline_aware_repository.dart' ('lib/features/offline/data/repositories/offline_aware_repository.dart').
 - 'Profile' is from 'package:soloadventurer/features/profile/domain/entities/profile.dart' ('lib/features/profile/domain/entities/profile.dart').
  Future<Profile> call(Profile profile) => _repository.updateProfile(profile);
                                                       ^
lib/features/profile/domain/usecases/update_profile_use_case.dart:16:19: Error: A value of type 'Future<RepositoryOperationResult<Profile>>' can't be returned from a function with return type 'Future<Profile>'.
 - 'Future' is from 'dart:async'.
 - 'RepositoryOperationResult' is from 'package:soloadventurer/features/offline/data/repositories/offline_aware_repository.dart' ('lib/features/offline/data/repositories/offline_aware_repository.dart').
 - 'Profile' is from 'package:soloadventurer/features/profile/domain/entities/profile.dart' ('lib/features/profile/domain/entities/profile.dart').
      _repository.updateProfileFields(userId, fields);
                  ^
lib/features/profile/domain/usecases/manage_avatar_use_case.dart:12:19: Error: A value of type 'Future<RepositoryOperationResult<String>>' can't be returned from a function with return type 'Future<String>'.
 - 'Future' is from 'dart:async'.
 - 'RepositoryOperationResult' is from 'package:soloadventurer/features/offline/data/repositories/offline_aware_repository.dart' ('lib/features/offline/data/repositories/offline_aware_repository.dart').
      _repository.uploadAvatar(userId, filePath);
                  ^
lib/features/profile/domain/usecases/create_profile_use_case.dart:12:56: Error: A value of type 'Future<RepositoryOperationResult<Profile>>' can't be returned from a function with return type 'Future<Profile>'.
 - 'Future' is from 'dart:async'.
 - 'RepositoryOperationResult' is from 'package:soloadventurer/features/offline/data/repositories/offline_aware_repository.dart' ('lib/features/offline/data/repositories/offline_aware_repository.dart').
 - 'Profile' is from 'package:soloadventurer/features/profile/domain/entities/profile.dart' ('lib/features/profile/domain/entities/profile.dart').
  Future<Profile> call(Profile profile) => _repository.createProfile(profile);
                                                       ^
lib/features/safety/data/repositories/safety_providers.dart:13:10: Error: Method not found: 'SafetyLocalDataSourceImpl'.
  return SafetyLocalDataSourceImpl();
         ^^^^^^^^^^^^^^^^^^^^^^^^^
lib/features/safety/data/repositories/safety_providers.dart:20:10: Error: Method not found: 'MockSafetyRemoteDataSource'.
  return MockSafetyRemoteDataSource();
         ^^^^^^^^^^^^^^^^^^^^^^^^^^
lib/features/safety/presentation/notifiers/check_in_notifier.dart:96:27: Error: The argument type 'List<String>?' can't be assigned to the parameter type 'List<String>'.
 - 'List' is from 'dart:core'.
        notifyContactIds: notifyContactIds,
                          ^
00:50 +124 -48: /Users/anthonyforan/SoloAdventurer_app/test/features/auth/presentation/providers/auth_notifier_test.dart: AuthNotifier signOut sets error state on sign out failure                    lib/features/profile/data/models/local_user_profile_model.dart:94:22: Error: Couldn't find constructor 'JsonDecoder'.
            ? (const JsonDecoder().convert(interestsJson) as List<dynamic>)
                     ^^^^^^^^^^^
lib/features/profile/data/models/local_user_profile_model.dart:102:18: Error: Couldn't find constructor 'JsonDecoder'.
        ? (const JsonDecoder().convert(preferencesJson) as Map<String, dynamic>)
                 ^^^^^^^^^^^
lib/features/profile/data/models/local_user_profile_model.dart:180:40: Error: Not a constant expression.
          interests.isNotEmpty ? const JsonEncoder().convert(interests) : null,
                                       ^^^^^^^^^^^
lib/features/profile/data/models/local_user_profile_model.dart:182:19: Error: Not a constant expression.
          ? const JsonEncoder().convert(preferences)
                  ^^^^^^^^^^^
00:50 +124 -48: loading /Users/anthonyforan/SoloAdventurer_app/test/features/auth/presentation/state/auth_state_test.dart                                                                              00:50 +124 -48: /Users/anthonyforan/SoloAdventurer_app/test/features/auth/presentation/state/auth_state_test.dart: AuthState initial state has correct values                                          00:50 +124 -49: loading /Users/anthonyforan/SoloAdventurer_app/test/features/auth/presentation/screens/signup_screen_test.dart [E]                                                                     
  Failed to load "/Users/anthonyforan/SoloAdventurer_app/test/features/auth/presentation/screens/signup_screen_test.dart":
  Compilation failed for testPath=/Users/anthonyforan/SoloAdventurer_app/test/features/auth/presentation/screens/signup_screen_test.dart: lib/features/core/infrastructure/monitoring/aws_cloudwatch_monitoring.dart:75:7: Error: The non-abstract class 'AwsCloudWatchMonitoring' is missing implementations for these members:
   - MonitoringService.logDebug
   - MonitoringService.recordEvent
   - MonitoringService.recordMetric
  Try to either
   - provide an implementation,
   - inherit an implementation from a superclass or mixin,
   - mark the class as abstract, or
   - provide a 'noSuchMethod' implementation.
  class AwsCloudWatchMonitoring implements MonitoringService {
        ^^^^^^^^^^^^^^^^^^^^^^^
  lib/features/core/infrastructure/monitoring/monitoring_service.dart:23:16: Context: 'MonitoringService.logDebug' is defined here.
    Future<void> logDebug(
                 ^^^^^^^^
  lib/features/core/infrastructure/monitoring/monitoring_service.dart:42:16: Context: 'MonitoringService.recordEvent' is defined here.
    Future<void> recordEvent(
                 ^^^^^^^^^^^
  lib/features/core/infrastructure/monitoring/monitoring_service.dart:29:16: Context: 'MonitoringService.recordMetric' is defined here.
    Future<void> recordMetric(
                 ^^^^^^^^^^^^
  lib/features/profile/presentation/providers/profile_providers.dart:28:23: Error: 'DioApiService' isn't a type.
      apiService: getIt<DioApiService>(),
                        ^^^^^^^^^^^^^
  lib/features/profile/data/repositories/profile_repository_impl.dart:26:37: Error: Type argument 'Map<String, dynamic>' doesn't conform to the bound 'Model' of the type variable 'CreateModel' on 'OfflineAwareRepository'.
   - 'Map' is from 'dart:core'.
  Try changing type arguments so that they conform to the bounds.
  class ProfileRepositoryImpl extends OfflineAwareRepository<
                                      ^
  lib/features/offline/data/repositories/offline_aware_repository.dart:98:54: Context: This is the type variable whose bound isn't conformed to.
  abstract class OfflineAwareRepository<Entity, Model, CreateModel extends Model,
                                                       ^
  lib/features/profile/data/repositories/profile_repository_impl.dart:26:37: Error: Type argument 'Map<String, dynamic>' doesn't conform to the bound 'Model' of the type variable 'UpdateModel' on 'OfflineAwareRepository'.
   - 'Map' is from 'dart:core'.
  Try changing type arguments so that they conform to the bounds.
  class ProfileRepositoryImpl extends OfflineAwareRepository<
                                      ^
  lib/features/offline/data/repositories/offline_aware_repository.dart:99:5: Context: This is the type variable whose bound isn't conformed to.
      UpdateModel extends Model> {
      ^
  lib/core/error/safety_exceptions.dart:5:31: Error: The super constructor has no corresponding positional parameter.
    const SafetyException(super.message, {required super.code});
                                ^
  lib/app/di/modules/core_module.dart:13:11: Error: Method not found: 'SecurityManagerImpl'.
      () => SecurityManagerImpl(
            ^^^^^^^^^^^^^^^^^^^
  lib/features/safety/presentation/screens/safety_hub_screen.dart:95:36: Error: Method 'withOpacity' cannot be called on 'Color?' because it is potentially null.
   - 'Color' is from 'dart:ui'.
  Try calling using ?. instead.
                                    .withOpacity(0.2),
                                     ^^^^^^^^^^^
  lib/features/safety/presentation/screens/manual_check_in_screen.dart:62:47: Error: The argument type 'LocationAccuracy/*1*/' can't be assigned to the parameter type 'LocationAccuracy/*2*/'.
   - 'LocationAccuracy/*1*/' is from 'package:geolocator_platform_interface/src/enums/location_accuracy.dart' ('../.pub-cache/hosted/pub.dev/geolocator_platform_interface-4.2.4/lib/src/enums/location_accuracy.dart').
   - 'LocationAccuracy/*2*/' is from 'package:soloadventurer/core/services/location_service.dart' ('lib/core/services/location_service.dart').
          accuracy: geolocator.LocationAccuracy.high,
                                                ^
  lib/features/safety/presentation/screens/schedule_check_in_screen.dart:58:40: Error: 'locationServiceProvider' is imported from both 'package:soloadventurer/core/services/location_service.dart' and 'package:soloadventurer/features/safety/presentation/providers/safety_providers.dart'.
        final locationService = ref.read(locationServiceProvider);
                                         ^^^^^^^^^^^^^^^^^^^^^^^
  lib/features/safety/presentation/screens/schedule_check_in_screen.dart:206:55: Error: The getter 'notifier' isn't defined for the type 'AutoDisposeProvider<CheckInNotifier>'.
   - 'AutoDisposeProvider' is from 'package:riverpod/src/provider.dart' ('../.pub-cache/hosted/pub.dev/riverpod-2.6.1/lib/src/provider.dart').
   - 'CheckInNotifier' is from 'package:soloadventurer/features/safety/presentation/notifiers/check_in_notifier.dart' ('lib/features/safety/presentation/notifiers/check_in_notifier.dart').
  Try correcting the name to the name of an existing getter, or defining a getter or field named 'notifier'.
      final notifier = ref.read(checkInNotifierProvider.notifier);
                                                        ^^^^^^^^
  lib/features/safety/presentation/screens/schedule_check_in_screen.dart:257:39: Error: The getter 'isCreating' isn't defined for the type 'CheckInNotifier'.
   - 'CheckInNotifier' is from 'package:soloadventurer/features/safety/presentation/notifiers/check_in_notifier.dart' ('lib/features/safety/presentation/notifiers/check_in_notifier.dart').
  Try correcting the name to the name of an existing getter, or defining a getter or field named 'isCreating'.
      final isScheduling = checkInState.isCreating;
                                        ^^^^^^^^^^
  lib/features/safety/presentation/screens/schedule_check_in_screen.dart:350:59: Error: The getter 'contacts' isn't defined for the type 'TrustedContactsNotifier'.
   - 'TrustedContactsNotifier' is from 'package:soloadventurer/features/safety/presentation/notifiers/trusted_contacts_notifier.dart' ('lib/features/safety/presentation/notifiers/trusted_contacts_notifier.dart').
  Try correcting the name to the name of an existing getter, or defining a getter or field named 'contacts'.
                _buildContactsSelector(theme, contactsState.contacts),
                                                            ^^^^^^^^
  lib/features/safety/presentation/screens/schedule_check_in_screen.dart:619:32: Error: The getter 'isScheduling' isn't defined for the type '_ScheduleCheckInScreenState'.
   - '_ScheduleCheckInScreenState' is from 'package:soloadventurer/features/safety/presentation/screens/schedule_check_in_screen.dart' ('lib/features/safety/presentation/screens/schedule_check_in_screen.dart').
  Try correcting the name to the name of an existing getter, or defining a getter or field named 'isScheduling'.
                      onPressed: isScheduling ? null : _getCurrentLocation,
                                 ^^^^^^^^^^^^
  lib/features/safety/presentation/screens/check_in_history_screen.dart:25:40: Error: The getter 'notifier' isn't defined for the type 'AutoDisposeProvider<CheckInNotifier>'.
   - 'AutoDisposeProvider' is from 'package:riverpod/src/provider.dart' ('../.pub-cache/hosted/pub.dev/riverpod-2.6.1/lib/src/provider.dart').
   - 'CheckInNotifier' is from 'package:soloadventurer/features/safety/presentation/notifiers/check_in_notifier.dart' ('lib/features/safety/presentation/notifiers/check_in_notifier.dart').
  Try correcting the name to the name of an existing getter, or defining a getter or field named 'notifier'.
        ref.read(checkInNotifierProvider.notifier).loadCheckIns();
                                         ^^^^^^^^
  lib/features/safety/presentation/screens/check_in_history_screen.dart:32:38: Error: The getter 'checkIns' isn't defined for the type 'CheckInNotifier'.
   - 'CheckInNotifier' is from 'package:soloadventurer/features/safety/presentation/notifiers/check_in_notifier.dart' ('lib/features/safety/presentation/notifiers/check_in_notifier.dart').
  Try correcting the name to the name of an existing getter, or defining a getter or field named 'checkIns'.
      final allCheckIns = checkInState.checkIns;
                                       ^^^^^^^^
  lib/features/safety/presentation/screens/check_in_history_screen.dart:33:36: Error: The getter 'isLoading' isn't defined for the type 'CheckInNotifier'.
   - 'CheckInNotifier' is from 'package:soloadventurer/features/safety/presentation/notifiers/check_in_notifier.dart' ('lib/features/safety/presentation/notifiers/check_in_notifier.dart').
  Try correcting the name to the name of an existing getter, or defining a getter or field named 'isLoading'.
      final isLoading = checkInState.isLoading;
                                     ^^^^^^^^^
  lib/features/safety/presentation/screens/check_in_history_screen.dart:34:32: Error: The getter 'error' isn't defined for the type 'CheckInNotifier'.
   - 'CheckInNotifier' is from 'package:soloadventurer/features/safety/presentation/notifiers/check_in_notifier.dart' ('lib/features/safety/presentation/notifiers/check_in_notifier.dart').
  Try correcting the name to the name of an existing getter, or defining a getter or field named 'error'.
      final error = checkInState.error;
                                 ^^^^^
  lib/features/safety/presentation/screens/check_in_history_screen.dart:156:48: Error: The getter 'notifier' isn't defined for the type 'AutoDisposeProvider<CheckInNotifier>'.
   - 'AutoDisposeProvider' is from 'package:riverpod/src/provider.dart' ('../.pub-cache/hosted/pub.dev/riverpod-2.6.1/lib/src/provider.dart').
   - 'CheckInNotifier' is from 'package:soloadventurer/features/safety/presentation/notifiers/check_in_notifier.dart' ('lib/features/safety/presentation/notifiers/check_in_notifier.dart').
  Try correcting the name to the name of an existing getter, or defining a getter or field named 'notifier'.
          await ref.read(checkInNotifierProvider.notifier).loadCheckIns();
                                                 ^^^^^^^^
  lib/features/safety/presentation/screens/check_in_history_screen.dart:469:50: Error: The getter 'notifier' isn't defined for the type 'AutoDisposeProvider<CheckInNotifier>'.
   - 'AutoDisposeProvider' is from 'package:riverpod/src/provider.dart' ('../.pub-cache/hosted/pub.dev/riverpod-2.6.1/lib/src/provider.dart').
   - 'CheckInNotifier' is from 'package:soloadventurer/features/safety/presentation/notifiers/check_in_notifier.dart' ('lib/features/safety/presentation/notifiers/check_in_notifier.dart').
  Try correcting the name to the name of an existing getter, or defining a getter or field named 'notifier'.
                  ref.read(checkInNotifierProvider.notifier).loadCheckIns();
                                                   ^^^^^^^^
  lib/features/safety/presentation/screens/emergency_sos_screen.dart:64:40: Error: 'locationServiceProvider' is imported from both 'package:soloadventurer/core/services/location_service.dart' and 'package:soloadventurer/features/safety/presentation/providers/safety_providers.dart'.
        final locationService = ref.read(locationServiceProvider);
                                         ^^^^^^^^^^^^^^^^^^^^^^^
  lib/features/safety/presentation/screens/emergency_sos_screen.dart:703:43: Error: The getter 'phone' isn't defined for the type 'TrustedContact'.
   - 'TrustedContact' is from 'package:soloadventurer/features/safety/domain/entities/trusted_contact.dart' ('lib/features/safety/domain/entities/trusted_contact.dart').
  Try correcting the name to the name of an existing getter, or defining a getter or field named 'phone'.
                                if (contact.phone != null)
                                            ^^^^^
  lib/features/safety/presentation/screens/status_update_screen.dart:57:40: Error: 'locationServiceProvider' is imported from both 'package:soloadventurer/core/services/location_service.dart' and 'package:soloadventurer/features/safety/presentation/providers/safety_providers.dart'.
        final locationService = ref.read(locationServiceProvider);
                                         ^^^^^^^^^^^^^^^^^^^^^^^
  lib/features/safety/presentation/screens/status_update_screen.dart:106:25: Error: The getter 'isNullOrEmpty' isn't defined for the type 'String?'.
  Try correcting the name to the name of an existing getter, or defining a getter or field named 'isNullOrEmpty'.
          !_locationError.isNullOrEmpty) {
                          ^^^^^^^^^^^^^
  lib/features/safety/presentation/screens/status_update_screen.dart:541:19: Error: The getter 'isProcessing' isn't defined for the type '_StatusUpdateScreenState'.
   - '_StatusUpdateScreenState' is from 'package:soloadventurer/features/safety/presentation/screens/status_update_screen.dart' ('lib/features/safety/presentation/screens/status_update_screen.dart').
  Try correcting the name to the name of an existing getter, or defining a getter or field named 'isProcessing'.
        onChanged: (isProcessing)
                    ^^^^^^^^^^^^
  lib/features/safety/presentation/screens/status_update_screen.dart:608:28: Error: The getter 'isProcessing' isn't defined for the type '_StatusUpdateScreenState'.
   - '_StatusUpdateScreenState' is from 'package:soloadventurer/features/safety/presentation/screens/status_update_screen.dart' ('lib/features/safety/presentation/screens/status_update_screen.dart').
  Try correcting the name to the name of an existing getter, or defining a getter or field named 'isProcessing'.
                  onPressed: isProcessing ? null : _getCurrentLocation,
                             ^^^^^^^^^^^^
  lib/features/safety/presentation/screens/status_update_screen.dart:682:26: Error: The getter 'isProcessing' isn't defined for the type '_StatusUpdateScreenState'.
   - '_StatusUpdateScreenState' is from 'package:soloadventurer/features/safety/presentation/screens/status_update_screen.dart' ('lib/features/safety/presentation/screens/status_update_screen.dart').
  Try correcting the name to the name of an existing getter, or defining a getter or field named 'isProcessing'.
                onPressed: isProcessing ? null : _getCurrentLocation,
                           ^^^^^^^^^^^^
  lib/features/safety/presentation/screens/status_update_screen.dart:801:43: Error: The getter 'phone' isn't defined for the type 'TrustedContact'.
   - 'TrustedContact' is from 'package:soloadventurer/features/safety/domain/entities/trusted_contact.dart' ('lib/features/safety/domain/entities/trusted_contact.dart').
  Try correcting the name to the name of an existing getter, or defining a getter or field named 'phone'.
                                if (contact.phone != null)
                                            ^^^^^
  lib/features/safety/presentation/screens/location_sharing_screen.dart:565:40: Error: 'locationServiceProvider' is imported from both 'package:soloadventurer/core/services/location_service.dart' and 'package:soloadventurer/features/safety/presentation/providers/safety_providers.dart'.
        final locationService = ref.read(locationServiceProvider);
                                         ^^^^^^^^^^^^^^^^^^^^^^^
  lib/features/safety/presentation/screens/location_sharing_screen.dart:615:40: Error: 'locationServiceProvider' is imported from both 'package:soloadventurer/core/services/location_service.dart' and 'package:soloadventurer/features/safety/presentation/providers/safety_providers.dart'.
        final locationService = ref.read(locationServiceProvider);
                                         ^^^^^^^^^^^^^^^^^^^^^^^
  lib/features/safety/presentation/screens/location_sharing_screen.dart:843:43: Error: Required named parameter 'source' must be provided.
                orElse: () => TrustedContact(
                                            ^
  lib/features/safety/domain/entities/trusted_contact.dart:27:17: Context: Found this candidate, but the arguments don't match.
    const factory TrustedContact({
                  ^
  lib/features/safety/presentation/screens/location_sharing_screen.dart:993:25: Error: Member not found: 'status'.
              icon: Icons.status,
                          ^^^^^^
  lib/features/safety/presentation/screens/location_sharing_screen.dart:1025:27: Error: Member not found: 'alert'.
                icon: Icons.alert,
                            ^^^^^
  lib/features/safety/presentation/screens/location_sharing_screen.dart:1039:43: Error: Required named parameter 'source' must be provided.
                orElse: () => TrustedContact(
                                            ^
  lib/features/safety/domain/entities/trusted_contact.dart:27:17: Context: Found this candidate, but the arguments don't match.
    const factory TrustedContact({
                  ^
  lib/features/auth/data/datasources/mock_auth_remote_data_source.dart:241:21: Error: The getter 'email' isn't defined for the type 'Credentials'.
   - 'Credentials' is from 'package:soloadventurer/features/auth/data/models/credentials.dart' ('lib/features/auth/data/models/credentials.dart').
  Try correcting the name to the name of an existing getter, or defining a getter or field named 'email'.
      if (credentials.email != 'test@example.com' || credentials.password != 'password123') {
                      ^^^^^
  lib/features/safety/presentation/providers/safety_providers.dart:42:19: Error: Method not found: 'LocationServiceImpl'.
    final service = LocationServiceImpl();
                    ^^^^^^^^^^^^^^^^^^^
  lib/features/safety/presentation/providers/safety_providers.dart:52:19: Error: Method not found: 'NotificationServiceImpl'.
    final service = NotificationServiceImpl();
                    ^^^^^^^^^^^^^^^^^^^^^^^
  lib/features/safety/presentation/providers/safety_providers.dart:64:19: Error: Method not found: 'BackgroundCheckInServiceImpl'.
    final service = BackgroundCheckInServiceImpl();
                    ^^^^^^^^^^^^^^^^^^^^^^^^^^^^
  lib/features/safety/presentation/providers/safety_providers.dart:74:19: Error: Method not found: 'MissedCheckInDetectorImpl'.
    final service = MissedCheckInDetectorImpl(
                    ^^^^^^^^^^^^^^^^^^^^^^^^^
  lib/features/offline/data/repositories/offline_aware_repository.dart:492:19: Error: The getter 'timestamp_' isn't defined for the type 'OfflineAwareRepository<Entity, Model, CreateModel, UpdateModel>'.
   - 'OfflineAwareRepository' is from 'package:soloadventurer/features/offline/data/repositories/offline_aware_repository.dart' ('lib/features/offline/data/repositories/offline_aware_repository.dart').
  Try correcting the name to the name of an existing getter, or defining a getter or field named 'timestamp_'.
      return 'temp_$timestamp_$random';
                    ^^^^^^^^^^
  lib/features/offline/data/repositories/sync_queue_repository_impl.dart:36:52: Error: The argument type 'int' can't be assigned to the parameter type 'SyncQueueItem'.
   - 'SyncQueueItem' is from 'package:soloadventurer/features/offline/infrastructure/database/database.dart' ('lib/features/offline/infrastructure/database/database.dart').
        return model.SyncOperationModel.fromDatabase(item).toDomainEntity();
                                                     ^
  lib/features/offline/infrastructure/sync/background_sync_service.dart:154:11: Error: No named parameter with the name 'requiresNotRoaming'.
            requiresNotRoaming: false, // Allow sync while roaming
            ^^^^^^^^^^^^^^^^^^
  ../.pub-cache/hosted/pub.dev/workmanager-0.5.2/lib/src/options.dart:96:3: Context: Found this candidate, but the arguments don't match.
    Constraints({
    ^^^^^^^^^^^
  lib/features/offline/infrastructure/sync/background_sync_service.dart:164:9: Error: No named parameter with the name 'backoffDelay'.
          backoffDelay: const Duration(minutes: 15), // Initial backoff delay
          ^^^^^^^^^^^^
  lib/features/offline/infrastructure/sync/background_sync_service.dart:229:27: Error: The method 'cancelTaskByTag' isn't defined for the type 'Workmanager'.
   - 'Workmanager' is from 'package:workmanager/src/workmanager.dart' ('../.pub-cache/hosted/pub.dev/workmanager-0.5.2/lib/src/workmanager.dart').
  Try correcting the name to the name of an existing method, or defining a method named 'cancelTaskByTag'.
        await Workmanager().cancelTaskByTag(periodicSyncTaskName);
                            ^^^^^^^^^^^^^^^
  lib/features/offline/infrastructure/sync/conflict_resolver_impl.dart:385:33: Error: The getter 'tripDao' isn't defined for the type 'AppDatabase'.
   - 'AppDatabase' is from 'package:soloadventurer/features/offline/infrastructure/database/database.dart' ('lib/features/offline/infrastructure/database/database.dart').
  Try correcting the name to the name of an existing getter, or defining a getter or field named 'tripDao'.
        final tripDao = _database.tripDao;
                                  ^^^^^^^
  lib/features/offline/infrastructure/sync/conflict_resolver_impl.dart:411:33: Error: The getter 'tripDao' isn't defined for the type 'AppDatabase'.
   - 'AppDatabase' is from 'package:soloadventurer/features/offline/infrastructure/database/database.dart' ('lib/features/offline/infrastructure/database/database.dart').
  Try correcting the name to the name of an existing getter, or defining a getter or field named 'tripDao'.
        final tripDao = _database.tripDao;
                                  ^^^^^^^
  lib/features/offline/infrastructure/sync/conflict_resolver_impl.dart:437:36: Error: The getter 'journalDao' isn't defined for the type 'AppDatabase'.
   - 'AppDatabase' is from 'package:soloadventurer/features/offline/infrastructure/database/database.dart' ('lib/features/offline/infrastructure/database/database.dart').
  Try correcting the name to the name of an existing getter, or defining a getter or field named 'journalDao'.
        final journalDao = _database.journalDao;
                                     ^^^^^^^^^^
  lib/features/offline/infrastructure/sync/conflict_resolver_impl.dart:460:36: Error: The getter 'journalDao' isn't defined for the type 'AppDatabase'.
   - 'AppDatabase' is from 'package:soloadventurer/features/offline/infrastructure/database/database.dart' ('lib/features/offline/infrastructure/database/database.dart').
  Try correcting the name to the name of an existing getter, or defining a getter or field named 'journalDao'.
        final journalDao = _database.journalDao;
                                     ^^^^^^^^^^
  lib/features/offline/infrastructure/sync/conflict_resolver_impl.dart:485:33: Error: The getter 'userDao' isn't defined for the type 'AppDatabase'.
   - 'AppDatabase' is from 'package:soloadventurer/features/offline/infrastructure/database/database.dart' ('lib/features/offline/infrastructure/database/database.dart').
  Try correcting the name to the name of an existing getter, or defining a getter or field named 'userDao'.
        final userDao = _database.userDao;
                                  ^^^^^^^
  lib/features/offline/infrastructure/sync/conflict_resolver_impl.dart:508:33: Error: The getter 'userDao' isn't defined for the type 'AppDatabase'.
   - 'AppDatabase' is from 'package:soloadventurer/features/offline/infrastructure/database/database.dart' ('lib/features/offline/infrastructure/database/database.dart').
  Try correcting the name to the name of an existing getter, or defining a getter or field named 'userDao'.
        final userDao = _database.userDao;
                                  ^^^^^^^
  lib/features/offline/infrastructure/sync/download_sync.dart:254:33: Error: The getter 'tripDao' isn't defined for the type 'AppDatabase'.
   - 'AppDatabase' is from 'package:soloadventurer/features/offline/infrastructure/database/database.dart' ('lib/features/offline/infrastructure/database/database.dart').
  Try correcting the name to the name of an existing getter, or defining a getter or field named 'tripDao'.
        final tripDao = _database.tripDao;
                                  ^^^^^^^
  lib/features/offline/infrastructure/sync/download_sync.dart:372:33: Error: The getter 'tripDao' isn't defined for the type 'AppDatabase'.
   - 'AppDatabase' is from 'package:soloadventurer/features/offline/infrastructure/database/database.dart' ('lib/features/offline/infrastructure/database/database.dart').
  Try correcting the name to the name of an existing getter, or defining a getter or field named 'tripDao'.
        final tripDao = _database.tripDao;
                                  ^^^^^^^
  lib/features/offline/infrastructure/sync/download_sync.dart:430:40: Error: The getter 'journalDao' isn't defined for the type 'AppDatabase'.
   - 'AppDatabase' is from 'package:soloadventurer/features/offline/infrastructure/database/database.dart' ('lib/features/offline/infrastructure/database/database.dart').
  Try correcting the name to the name of an existing getter, or defining a getter or field named 'journalDao'.
            final journalDao = _database.journalDao;
                                         ^^^^^^^^^^
  lib/features/offline/infrastructure/sync/download_sync.dart:568:33: Error: The getter 'userDao' isn't defined for the type 'AppDatabase'.
   - 'AppDatabase' is from 'package:soloadventurer/features/offline/infrastructure/database/database.dart' ('lib/features/offline/infrastructure/database/database.dart').
  Try correcting the name to the name of an existing getter, or defining a getter or field named 'userDao'.
        final userDao = _database.userDao;
                                  ^^^^^^^
  lib/features/offline/infrastructure/sync/download_sync.dart:677:17: Error: No named parameter with the name 'userId'.
                  userId: userId,
                  ^^^^^^
  lib/features/offline/infrastructure/database/database.g.dart:3735:3: Context: Found this candidate, but the arguments don't match.
    SyncMetadataTableCompanion.insert({
    ^^^^^^^^^^^^^^^^^^^^^^^^^^^^^^^^^
  lib/features/offline/infrastructure/sync/download_sync.dart:669:40: Error: The getter 'userId' isn't defined for the type '$SyncMetadataTableTable'.
   - '$SyncMetadataTableTable' is from 'package:soloadventurer/features/offline/infrastructure/database/database.dart' ('lib/features/offline/infrastructure/database/database.dart').
  Try correcting the name to the name of an existing getter, or defining a getter or field named 'userId'.
                    ..where((tbl) => tbl.userId.equals(userId)))
                                         ^^^^^^
  lib/features/offline/infrastructure/sync/download_sync.dart:687:24: Error: The method 'SyncMetadataTable' isn't defined for the type 'DownloadSync'.
   - 'DownloadSync' is from 'package:soloadventurer/features/offline/infrastructure/sync/download_sync.dart' ('lib/features/offline/infrastructure/sync/download_sync.dart').
  Try correcting the name to the name of an existing method, or defining a method named 'SyncMetadataTable'.
                .replace(SyncMetadataTable(
                         ^^^^^^^^^^^^^^^^^
  lib/features/offline/infrastructure/sync/download_sync.dart:688:30: Error: The getter 'id' isn't defined for the type 'SyncMetadata'.
   - 'SyncMetadata' is from 'package:soloadventurer/features/offline/infrastructure/database/database.dart' ('lib/features/offline/infrastructure/database/database.dart').
  Try correcting the name to the name of an existing getter, or defining a getter or field named 'id'.
                  id: metadata.id,
                               ^^
  lib/features/offline/infrastructure/sync/download_sync.dart:775:7: Error: No named parameter with the name 'firstName'.
        firstName: Value(serverUser['firstName'] as String?),
        ^^^^^^^^^
  lib/features/offline/infrastructure/database/database.g.dart:2407:9: Context: Found this candidate, but the arguments don't match.
    const UsersCompanion({
          ^^^^^^^^^^^^^^
  lib/features/offline/infrastructure/sync/incremental_sync.dart:262:38: Error: Required named parameter 'userId' must be provided.
          return syncIncrementalChanges(
                                       ^
  lib/features/offline/infrastructure/sync/incremental_sync.dart:286:40: Error: The getter 'userId' isn't defined for the type '$SyncMetadataTableTable'.
   - '$SyncMetadataTableTable' is from 'package:soloadventurer/features/offline/infrastructure/database/database.dart' ('lib/features/offline/infrastructure/database/database.dart').
  Try correcting the name to the name of an existing getter, or defining a getter or field named 'userId'.
                    ..where((tbl) => tbl.userId.equals(userId)))
                                         ^^^^^^
  lib/features/offline/infrastructure/sync/incremental_sync.dart:290:32: Error: The getter 'lastIncrementalSyncAt' isn't defined for the type 'SyncMetadata'.
   - 'SyncMetadata' is from 'package:soloadventurer/features/offline/infrastructure/database/database.dart' ('lib/features/offline/infrastructure/database/database.dart').
  Try correcting the name to the name of an existing getter, or defining a getter or field named 'lastIncrementalSyncAt'.
              metadataList.first.lastIncrementalSyncAt == null) {
                                 ^^^^^^^^^^^^^^^^^^^^^
  lib/features/offline/infrastructure/sync/incremental_sync.dart:309:34: Error: The getter 'userId' isn't defined for the type '$SyncMetadataTableTable'.
   - '$SyncMetadataTableTable' is from 'package:soloadventurer/features/offline/infrastructure/database/database.dart' ('lib/features/offline/infrastructure/database/database.dart').
  Try correcting the name to the name of an existing getter, or defining a getter or field named 'userId'.
              ..where((tbl) => tbl.userId.equals(userId)))
                                   ^^^^^^
  lib/features/offline/infrastructure/sync/incremental_sync.dart:316:33: Error: The getter 'lastIncrementalSyncAt' isn't defined for the type 'SyncMetadata'.
   - 'SyncMetadata' is from 'package:soloadventurer/features/offline/infrastructure/database/database.dart' ('lib/features/offline/infrastructure/database/database.dart').
  Try correcting the name to the name of an existing getter, or defining a getter or field named 'lastIncrementalSyncAt'.
        return metadataList.first.lastIncrementalSyncAt;
                                  ^^^^^^^^^^^^^^^^^^^^^
  lib/features/offline/infrastructure/sync/incremental_sync.dart:389:33: Error: The getter 'tripDao' isn't defined for the type 'AppDatabase'.
   - 'AppDatabase' is from 'package:soloadventurer/features/offline/infrastructure/database/database.dart' ('lib/features/offline/infrastructure/database/database.dart').
  Try correcting the name to the name of an existing getter, or defining a getter or field named 'tripDao'.
        final tripDao = _database.tripDao;
                                  ^^^^^^^
  lib/features/offline/infrastructure/sync/incremental_sync.dart:553:31: Error: The getter 'tripDao' isn't defined for the type 'AppDatabase'.
   - 'AppDatabase' is from 'package:soloadventurer/features/offline/infrastructure/database/database.dart' ('lib/features/offline/infrastructure/database/database.dart').
  Try correcting the name to the name of an existing getter, or defining a getter or field named 'tripDao'.
      final tripDao = _database.tripDao;
                                ^^^^^^^
  lib/features/offline/infrastructure/sync/incremental_sync.dart:605:34: Error: The getter 'journalDao' isn't defined for the type 'AppDatabase'.
   - 'AppDatabase' is from 'package:soloadventurer/features/offline/infrastructure/database/database.dart' ('lib/features/offline/infrastructure/database/database.dart').
  Try correcting the name to the name of an existing getter, or defining a getter or field named 'journalDao'.
      final journalDao = _database.journalDao;
                                   ^^^^^^^^^^
  lib/features/offline/infrastructure/sync/incremental_sync.dart:660:31: Error: The getter 'userDao' isn't defined for the type 'AppDatabase'.
   - 'AppDatabase' is from 'package:soloadventurer/features/offline/infrastructure/database/database.dart' ('lib/features/offline/infrastructure/database/database.dart').
  Try correcting the name to the name of an existing getter, or defining a getter or field named 'userDao'.
      final userDao = _database.userDao;
                                ^^^^^^^
  lib/features/offline/infrastructure/sync/incremental_sync.dart:727:17: Error: No named parameter with the name 'userId'.
                  userId: userId,
                  ^^^^^^
  lib/features/offline/infrastructure/database/database.g.dart:3723:9: Context: Found this candidate, but the arguments don't match.
    const SyncMetadataTableCompanion({
          ^^^^^^^^^^^^^^^^^^^^^^^^^^
  lib/features/offline/infrastructure/sync/incremental_sync.dart:719:40: Error: The getter 'userId' isn't defined for the type '$SyncMetadataTableTable'.
   - '$SyncMetadataTableTable' is from 'package:soloadventurer/features/offline/infrastructure/database/database.dart' ('lib/features/offline/infrastructure/database/database.dart').
  Try correcting the name to the name of an existing getter, or defining a getter or field named 'userId'.
                    ..where((tbl) => tbl.userId.equals(userId)))
                                         ^^^^^^
  lib/features/offline/infrastructure/sync/incremental_sync.dart:739:24: Error: The method 'SyncMetadataTable' isn't defined for the type 'IncrementalSync'.
   - 'IncrementalSync' is from 'package:soloadventurer/features/offline/infrastructure/sync/incremental_sync.dart' ('lib/features/offline/infrastructure/sync/incremental_sync.dart').
  Try correcting the name to the name of an existing method, or defining a method named 'SyncMetadataTable'.
                .replace(SyncMetadataTable(
                         ^^^^^^^^^^^^^^^^^
  lib/features/offline/infrastructure/sync/incremental_sync.dart:740:30: Error: The getter 'id' isn't defined for the type 'SyncMetadata'.
   - 'SyncMetadata' is from 'package:soloadventurer/features/offline/infrastructure/database/database.dart' ('lib/features/offline/infrastructure/database/database.dart').
  Try correcting the name to the name of an existing getter, or defining a getter or field named 'id'.
                  id: metadata.id,
                               ^^
  lib/features/offline/infrastructure/sync/incremental_sync.dart:746:54: Error: The getter 'lastIncrementalSyncAt' isn't defined for the type 'SyncMetadata'.
   - 'SyncMetadata' is from 'package:soloadventurer/features/offline/infrastructure/database/database.dart' ('lib/features/offline/infrastructure/database/database.dart').
  Try correcting the name to the name of an existing getter, or defining a getter or field named 'lastIncrementalSyncAt'.
                      usedIncremental ? now : metadata.lastIncrementalSyncAt,
                                                       ^^^^^^^^^^^^^^^^^^^^^
  lib/features/offline/infrastructure/sync/incremental_sync.dart:891:7: Error: No named parameter with the name 'firstName'.
        firstName: Value(serverUser['firstName'] as String?),
        ^^^^^^^^^
  lib/features/offline/infrastructure/database/database.g.dart:2407:9: Context: Found this candidate, but the arguments don't match.
    const UsersCompanion({
          ^^^^^^^^^^^^^^
  lib/features/offline/infrastructure/sync/offline_interceptor.dart:348:21: Error: The method 'call' isn't defined for the type 'Future<T>'.
   - 'Future' is from 'dart:async'.
  Try correcting the name to the name of an existing method, or defining a method named 'call'.
        await executor();
                      ^
  lib/features/offline/infrastructure/sync/offline_interceptor.dart:352:26: Error: The method 'call' isn't defined for the type 'Future<void>'.
   - 'Future' is from 'dart:async'.
  Try correcting the name to the name of an existing method, or defining a method named 'call'.
          await localUpdate();
                           ^
  lib/features/offline/infrastructure/sync/offline_interceptor.dart:382:24: Error: The method 'call' isn't defined for the type 'Future<void>'.
   - 'Future' is from 'dart:async'.
  Try correcting the name to the name of an existing method, or defining a method named 'call'.
        await localUpdate();
                         ^
  lib/features/offline/infrastructure/sync/mutation_interceptor.dart:263:66: Error: The argument type 'ErrorInterceptorHandler' can't be assigned to the parameter type 'RequestInterceptorHandler'.
   - 'ErrorInterceptorHandler' is from 'package:dio/src/dio_mixin.dart' ('../.pub-cache/hosted/pub.dev/dio-5.8.0+1/lib/src/dio_mixin.dart').
   - 'RequestInterceptorHandler' is from 'package:dio/src/dio_mixin.dart' ('../.pub-cache/hosted/pub.dev/dio-5.8.0+1/lib/src/dio_mixin.dart').
        await _handleOfflineMutation(metadata, err.requestOptions, handler);
                                                                   ^
  lib/features/profile/data/repositories/profile_repository_impl.dart:444:15: Error: The method '_queueOperation' isn't defined for the type 'ProfileRepositoryImpl'.
   - 'ProfileRepositoryImpl' is from 'package:soloadventurer/features/profile/data/repositories/profile_repository_impl.dart' ('lib/features/profile/data/repositories/profile_repository_impl.dart').
  Try correcting the name to the name of an existing method, or defining a method named '_queueOperation'.
          await _queueOperation(
                ^^^^^^^^^^^^^^^
  lib/features/profile/data/repositories/profile_repository_impl.dart:447:22: Error: The getter 'SyncOperationType' isn't defined for the type 'ProfileRepositoryImpl'.
   - 'ProfileRepositoryImpl' is from 'package:soloadventurer/features/profile/data/repositories/profile_repository_impl.dart' ('lib/features/profile/data/repositories/profile_repository_impl.dart').
  Try correcting the name to the name of an existing getter, or defining a getter or field named 'SyncOperationType'.
            operation: SyncOperationType.update,
                       ^^^^^^^^^^^^^^^^^
  lib/features/profile/data/repositories/profile_repository_impl.dart:490:39: Error: Not a constant expression.
          final preferencesJson = const JsonEncoder().convert(preferences);
                                        ^^^^^^^^^^^
  lib/features/profile/data/repositories/profile_repository_impl.dart:502:15: Error: The method '_queueOperation' isn't defined for the type 'ProfileRepositoryImpl'.
   - 'ProfileRepositoryImpl' is from 'package:soloadventurer/features/profile/data/repositories/profile_repository_impl.dart' ('lib/features/profile/data/repositories/profile_repository_impl.dart').
  Try correcting the name to the name of an existing method, or defining a method named '_queueOperation'.
          await _queueOperation(
                ^^^^^^^^^^^^^^^
  lib/features/profile/data/repositories/profile_repository_impl.dart:505:22: Error: The getter 'SyncOperationType' isn't defined for the type 'ProfileRepositoryImpl'.
   - 'ProfileRepositoryImpl' is from 'package:soloadventurer/features/profile/data/repositories/profile_repository_impl.dart' ('lib/features/profile/data/repositories/profile_repository_impl.dart').
  Try correcting the name to the name of an existing getter, or defining a getter or field named 'SyncOperationType'.
            operation: SyncOperationType.update,
                       ^^^^^^^^^^^^^^^^^
  lib/features/profile/data/repositories/profile_repository_impl.dart:548:37: Error: Not a constant expression.
          final interestsJson = const JsonEncoder().convert(interests);
                                      ^^^^^^^^^^^
  lib/features/profile/data/repositories/profile_repository_impl.dart:560:15: Error: The method '_queueOperation' isn't defined for the type 'ProfileRepositoryImpl'.
   - 'ProfileRepositoryImpl' is from 'package:soloadventurer/features/profile/data/repositories/profile_repository_impl.dart' ('lib/features/profile/data/repositories/profile_repository_impl.dart').
  Try correcting the name to the name of an existing method, or defining a method named '_queueOperation'.
          await _queueOperation(
                ^^^^^^^^^^^^^^^
  lib/features/profile/data/repositories/profile_repository_impl.dart:563:22: Error: The getter 'SyncOperationType' isn't defined for the type 'ProfileRepositoryImpl'.
   - 'ProfileRepositoryImpl' is from 'package:soloadventurer/features/profile/data/repositories/profile_repository_impl.dart' ('lib/features/profile/data/repositories/profile_repository_impl.dart').
  Try correcting the name to the name of an existing getter, or defining a getter or field named 'SyncOperationType'.
            operation: SyncOperationType.update,
                       ^^^^^^^^^^^^^^^^^
  lib/features/profile/data/repositories/profile_repository_impl.dart:617:15: Error: The method '_queueOperation' isn't defined for the type 'ProfileRepositoryImpl'.
   - 'ProfileRepositoryImpl' is from 'package:soloadventurer/features/profile/data/repositories/profile_repository_impl.dart' ('lib/features/profile/data/repositories/profile_repository_impl.dart').
  Try correcting the name to the name of an existing method, or defining a method named '_queueOperation'.
          await _queueOperation(
                ^^^^^^^^^^^^^^^
  lib/features/profile/data/repositories/profile_repository_impl.dart:620:22: Error: The getter 'SyncOperationType' isn't defined for the type 'ProfileRepositoryImpl'.
   - 'ProfileRepositoryImpl' is from 'package:soloadventurer/features/profile/data/repositories/profile_repository_impl.dart' ('lib/features/profile/data/repositories/profile_repository_impl.dart').
  Try correcting the name to the name of an existing getter, or defining a getter or field named 'SyncOperationType'.
            operation: SyncOperationType.update,
                       ^^^^^^^^^^^^^^^^^
  lib/features/profile/domain/usecases/update_profile_use_case.dart:12:56: Error: A value of type 'Future<RepositoryOperationResult<Profile>>' can't be returned from a function with return type 'Future<Profile>'.
   - 'Future' is from 'dart:async'.
   - 'RepositoryOperationResult' is from 'package:soloadventurer/features/offline/data/repositories/offline_aware_repository.dart' ('lib/features/offline/data/repositories/offline_aware_repository.dart').
   - 'Profile' is from 'package:soloadventurer/features/profile/domain/entities/profile.dart' ('lib/features/profile/domain/entities/profile.dart').
    Future<Profile> call(Profile profile) => _repository.updateProfile(profile);
                                                         ^
  lib/features/profile/domain/usecases/update_profile_use_case.dart:16:19: Error: A value of type 'Future<RepositoryOperationResult<Profile>>' can't be returned from a function with return type 'Future<Profile>'.
   - 'Future' is from 'dart:async'.
   - 'RepositoryOperationResult' is from 'package:soloadventurer/features/offline/data/repositories/offline_aware_repository.dart' ('lib/features/offline/data/repositories/offline_aware_repository.dart').
   - 'Profile' is from 'package:soloadventurer/features/profile/domain/entities/profile.dart' ('lib/features/profile/domain/entities/profile.dart').
        _repository.updateProfileFields(userId, fields);
                    ^
  lib/features/profile/domain/usecases/manage_avatar_use_case.dart:12:19: Error: A value of type 'Future<RepositoryOperationResult<String>>' can't be returned from a function with return type 'Future<String>'.
   - 'Future' is from 'dart:async'.
   - 'RepositoryOperationResult' is from 'package:soloadventurer/features/offline/data/repositories/offline_aware_repository.dart' ('lib/features/offline/data/repositories/offline_aware_repository.dart').
        _repository.uploadAvatar(userId, filePath);
                    ^
  lib/features/profile/domain/usecases/create_profile_use_case.dart:12:56: Error: A value of type 'Future<RepositoryOperationResult<Profile>>' can't be returned from a function with return type 'Future<Profile>'.
   - 'Future' is from 'dart:async'.
   - 'RepositoryOperationResult' is from 'package:soloadventurer/features/offline/data/repositories/offline_aware_repository.dart' ('lib/features/offline/data/repositories/offline_aware_repository.dart').
   - 'Profile' is from 'package:soloadventurer/features/profile/domain/entities/profile.dart' ('lib/features/profile/domain/entities/profile.dart').
    Future<Profile> call(Profile profile) => _repository.createProfile(profile);
                                                         ^
  lib/features/safety/data/repositories/safety_providers.dart:13:10: Error: Method not found: 'SafetyLocalDataSourceImpl'.
    return SafetyLocalDataSourceImpl();
           ^^^^^^^^^^^^^^^^^^^^^^^^^
  lib/features/safety/data/repositories/safety_providers.dart:20:10: Error: Method not found: 'MockSafetyRemoteDataSource'.
    return MockSafetyRemoteDataSource();
           ^^^^^^^^^^^^^^^^^^^^^^^^^^
  lib/features/safety/presentation/notifiers/check_in_notifier.dart:96:27: Error: The argument type 'List<String>?' can't be assigned to the parameter type 'List<String>'.
   - 'List' is from 'dart:core'.
          notifyContactIds: notifyContactIds,
                            ^
  lib/features/profile/data/models/local_user_profile_model.dart:94:22: Error: Couldn't find constructor 'JsonDecoder'.
              ? (const JsonDecoder().convert(interestsJson) as List<dynamic>)
                       ^^^^^^^^^^^
  lib/features/profile/data/models/local_user_profile_model.dart:102:18: Error: Couldn't find constructor 'JsonDecoder'.
          ? (const JsonDecoder().convert(preferencesJson) as Map<String, dynamic>)
                   ^^^^^^^^^^^
  lib/features/profile/data/models/local_user_profile_model.dart:180:40: Error: Not a constant expression.
            interests.isNotEmpty ? const JsonEncoder().convert(interests) : null,
                                         ^^^^^^^^^^^
  lib/features/profile/data/models/local_user_profile_model.dart:182:19: Error: Not a constant expression.
            ? const JsonEncoder().convert(preferences)
                    ^^^^^^^^^^^
  .

To run this test again: /opt/homebrew/Caskroom/flutter/3.32.5/flutter/bin/cache/dart-sdk/bin/dart test /Users/anthonyforan/SoloAdventurer_app/test/features/auth/presentation/screens/signup_screen_test.dart -p vm --plain-name 'loading /Users/anthonyforan/SoloAdventurer_app/test/features/auth/presentation/screens/signup_screen_test.dart'
00:50 +125 -49: /Users/anthonyforan/SoloAdventurer_app/test/features/auth/presentation/state/auth_state_test.dart: AuthState initial state has correct values                                          00:50 +125 -49: /Users/anthonyforan/SoloAdventurer_app/test/features/auth/presentation/state/auth_state_test.dart: AuthState authenticated state has correct values                                    00:50 +126 -49: /Users/anthonyforan/SoloAdventurer_app/test/features/auth/presentation/state/auth_state_test.dart: AuthState authenticated state has correct values                                    00:50 +126 -49: /Users/anthonyforan/SoloAdventurer_app/test/features/auth/presentation/state/auth_state_test.dart: AuthState unverified state has correct values                                       00:50 +127 -49: /Users/anthonyforan/SoloAdventurer_app/test/features/auth/presentation/state/auth_state_test.dart: AuthState unverified state has correct values                                       00:50 +127 -49: /Users/anthonyforan/SoloAdventurer_app/test/features/auth/presentation/state/auth_state_test.dart: AuthState mfaRequired state has correct values                                      00:50 +128 -49: /Users/anthonyforan/SoloAdventurer_app/test/features/auth/presentation/state/auth_state_test.dart: AuthState mfaRequired state has correct values                                      00:50 +128 -49: /Users/anthonyforan/SoloAdventurer_app/test/features/auth/presentation/state/auth_state_test.dart: AuthState passwordResetRequired state has correct values                            00:50 +129 -49: /Users/anthonyforan/SoloAdventurer_app/test/features/auth/presentation/state/auth_state_test.dart: AuthState passwordResetRequired state has correct values                            00:50 +129 -49: /Users/anthonyforan/SoloAdventurer_app/test/features/auth/presentation/state/auth_state_test.dart: AuthState copyWith creates new instance with updated values                         00:50 +130 -49: /Users/anthonyforan/SoloAdventurer_app/test/features/auth/presentation/state/auth_state_test.dart: AuthState copyWith creates new instance with updated values                         00:50 +130 -49: /Users/anthonyforan/SoloAdventurer_app/test/features/auth/presentation/state/auth_state_test.dart: AuthState copyWith preserves values when not specified                              00:50 +131 -49: /Users/anthonyforan/SoloAdventurer_app/test/features/auth/presentation/state/auth_state_test.dart: AuthState copyWith preserves values when not specified                              00:50 +131 -49: /Users/anthonyforan/SoloAdventurer_app/test/features/auth/presentation/state/auth_state_test.dart: AuthState equality works correctly                                                  00:50 +131 -50: /Users/anthonyforan/SoloAdventurer_app/test/features/auth/presentation/state/auth_state_test.dart: AuthState equality works correctly [E]                                              
  Expected: true
    Actual: <false>
  
  package:matcher                                                   expect
  package:flutter_test/src/widget_tester.dart 473:18                expect
  test/features/auth/presentation/state/auth_state_test.dart 160:7  main.<fn>.<fn>
  

To run this test again: /opt/homebrew/Caskroom/flutter/3.32.5/flutter/bin/cache/dart-sdk/bin/dart test /Users/anthonyforan/SoloAdventurer_app/test/features/auth/presentation/state/auth_state_test.dart -p vm --plain-name 'AuthState equality works correctly'
00:50 +131 -50: /Users/anthonyforan/SoloAdventurer_app/test/features/auth/presentation/state/auth_state_test.dart: AuthState toString returns correct string representation                            00:50 +131 -51: /Users/anthonyforan/SoloAdventurer_app/test/features/auth/presentation/state/auth_state_test.dart: AuthState toString returns correct string representation [E]                        
  Expected: contains 'user: User{id: 1, email: test@test.com, username: test, createdAt: 2026-01-08 13:09:31.980106, lastLoginAt: null, hasValidTokens: false}'
    Actual: 'Instance of \'AuthState\''
     Which: does not contain 'user: User{id: 1, email: test@test.com, username: test, createdAt: 2026-01-08 13:09:31.980106, lastLoginAt: null, hasValidTokens: false}'
  
  package:matcher                                                   expect
  package:flutter_test/src/widget_tester.dart 473:18                expect
  test/features/auth/presentation/state/auth_state_test.dart 183:7  main.<fn>.<fn>
  

To run this test again: /opt/homebrew/Caskroom/flutter/3.32.5/flutter/bin/cache/dart-sdk/bin/dart test /Users/anthonyforan/SoloAdventurer_app/test/features/auth/presentation/state/auth_state_test.dart -p vm --plain-name 'AuthState toString returns correct string representation'
lib/features/core/infrastructure/monitoring/aws_cloudwatch_monitoring.dart:75:7: Error: The non-abstract class 'AwsCloudWatchMonitoring' is missing implementations for these members:
 - MonitoringService.logDebug
 - MonitoringService.recordEvent
 - MonitoringService.recordMetric
Try to either
 - provide an implementation,
 - inherit an implementation from a superclass or mixin,
 - mark the class as abstract, or
 - provide a 'noSuchMethod' implementation.
class AwsCloudWatchMonitoring implements MonitoringService {
      ^^^^^^^^^^^^^^^^^^^^^^^
lib/features/core/infrastructure/monitoring/monitoring_service.dart:23:16: Context: 'MonitoringService.logDebug' is defined here.
  Future<void> logDebug(
               ^^^^^^^^
lib/features/core/infrastructure/monitoring/monitoring_service.dart:42:16: Context: 'MonitoringService.recordEvent' is defined here.
  Future<void> recordEvent(
               ^^^^^^^^^^^
lib/features/core/infrastructure/monitoring/monitoring_service.dart:29:16: Context: 'MonitoringService.recordMetric' is defined here.
  Future<void> recordMetric(
               ^^^^^^^^^^^^
lib/features/profile/presentation/providers/profile_providers.dart:28:23: Error: 'DioApiService' isn't a type.
    apiService: getIt<DioApiService>(),
                      ^^^^^^^^^^^^^
lib/features/profile/data/repositories/profile_repository_impl.dart:26:37: Error: Type argument 'Map<String, dynamic>' doesn't conform to the bound 'Model' of the type variable 'CreateModel' on 'OfflineAwareRepository'.
 - 'Map' is from 'dart:core'.
Try changing type arguments so that they conform to the bounds.
class ProfileRepositoryImpl extends OfflineAwareRepository<
                                    ^
lib/features/offline/data/repositories/offline_aware_repository.dart:98:54: Context: This is the type variable whose bound isn't conformed to.
abstract class OfflineAwareRepository<Entity, Model, CreateModel extends Model,
                                                     ^
lib/features/profile/data/repositories/profile_repository_impl.dart:26:37: Error: Type argument 'Map<String, dynamic>' doesn't conform to the bound 'Model' of the type variable 'UpdateModel' on 'OfflineAwareRepository'.
 - 'Map' is from 'dart:core'.
Try changing type arguments so that they conform to the bounds.
class ProfileRepositoryImpl extends OfflineAwareRepository<
                                    ^
lib/features/offline/data/repositories/offline_aware_repository.dart:99:5: Context: This is the type variable whose bound isn't conformed to.
    UpdateModel extends Model> {
    ^
lib/core/error/safety_exceptions.dart:5:31: Error: The super constructor has no corresponding positional parameter.
  const SafetyException(super.message, {required super.code});
                              ^
lib/app/di/modules/core_module.dart:13:11: Error: Method not found: 'SecurityManagerImpl'.
    () => SecurityManagerImpl(
          ^^^^^^^^^^^^^^^^^^^
lib/features/safety/presentation/screens/safety_hub_screen.dart:95:36: Error: Method 'withOpacity' cannot be called on 'Color?' because it is potentially null.
 - 'Color' is from 'dart:ui'.
Try calling using ?. instead.
                                  .withOpacity(0.2),
                                   ^^^^^^^^^^^
lib/features/safety/presentation/screens/manual_check_in_screen.dart:62:47: Error: The argument type 'LocationAccuracy/*1*/' can't be assigned to the parameter type 'LocationAccuracy/*2*/'.
 - 'LocationAccuracy/*1*/' is from 'package:geolocator_platform_interface/src/enums/location_accuracy.dart' ('../.pub-cache/hosted/pub.dev/geolocator_platform_interface-4.2.4/lib/src/enums/location_accuracy.dart').
 - 'LocationAccuracy/*2*/' is from 'package:soloadventurer/core/services/location_service.dart' ('lib/core/services/location_service.dart').
        accuracy: geolocator.LocationAccuracy.high,
                                              ^
lib/features/safety/presentation/screens/schedule_check_in_screen.dart:58:40: Error: 'locationServiceProvider' is imported from both 'package:soloadventurer/core/services/location_service.dart' and 'package:soloadventurer/features/safety/presentation/providers/safety_providers.dart'.
      final locationService = ref.read(locationServiceProvider);
                                       ^^^^^^^^^^^^^^^^^^^^^^^
lib/features/safety/presentation/screens/schedule_check_in_screen.dart:206:55: Error: The getter 'notifier' isn't defined for the type 'AutoDisposeProvider<CheckInNotifier>'.
 - 'AutoDisposeProvider' is from 'package:riverpod/src/provider.dart' ('../.pub-cache/hosted/pub.dev/riverpod-2.6.1/lib/src/provider.dart').
 - 'CheckInNotifier' is from 'package:soloadventurer/features/safety/presentation/notifiers/check_in_notifier.dart' ('lib/features/safety/presentation/notifiers/check_in_notifier.dart').
Try correcting the name to the name of an existing getter, or defining a getter or field named 'notifier'.
    final notifier = ref.read(checkInNotifierProvider.notifier);
                                                      ^^^^^^^^
lib/features/safety/presentation/screens/schedule_check_in_screen.dart:257:39: Error: The getter 'isCreating' isn't defined for the type 'CheckInNotifier'.
 - 'CheckInNotifier' is from 'package:soloadventurer/features/safety/presentation/notifiers/check_in_notifier.dart' ('lib/features/safety/presentation/notifiers/check_in_notifier.dart').
Try correcting the name to the name of an existing getter, or defining a getter or field named 'isCreating'.
    final isScheduling = checkInState.isCreating;
                                      ^^^^^^^^^^
lib/features/safety/presentation/screens/schedule_check_in_screen.dart:350:59: Error: The getter 'contacts' isn't defined for the type 'TrustedContactsNotifier'.
 - 'TrustedContactsNotifier' is from 'package:soloadventurer/features/safety/presentation/notifiers/trusted_contacts_notifier.dart' ('lib/features/safety/presentation/notifiers/trusted_contacts_notifier.dart').
Try correcting the name to the name of an existing getter, or defining a getter or field named 'contacts'.
              _buildContactsSelector(theme, contactsState.contacts),
                                                          ^^^^^^^^
lib/features/safety/presentation/screens/schedule_check_in_screen.dart:619:32: Error: The getter 'isScheduling' isn't defined for the type '_ScheduleCheckInScreenState'.
 - '_ScheduleCheckInScreenState' is from 'package:soloadventurer/features/safety/presentation/screens/schedule_check_in_screen.dart' ('lib/features/safety/presentation/screens/schedule_check_in_screen.dart').
Try correcting the name to the name of an existing getter, or defining a getter or field named 'isScheduling'.
                    onPressed: isScheduling ? null : _getCurrentLocation,
                               ^^^^^^^^^^^^
lib/features/safety/presentation/screens/check_in_history_screen.dart:25:40: Error: The getter 'notifier' isn't defined for the type 'AutoDisposeProvider<CheckInNotifier>'.
 - 'AutoDisposeProvider' is from 'package:riverpod/src/provider.dart' ('../.pub-cache/hosted/pub.dev/riverpod-2.6.1/lib/src/provider.dart').
 - 'CheckInNotifier' is from 'package:soloadventurer/features/safety/presentation/notifiers/check_in_notifier.dart' ('lib/features/safety/presentation/notifiers/check_in_notifier.dart').
Try correcting the name to the name of an existing getter, or defining a getter or field named 'notifier'.
      ref.read(checkInNotifierProvider.notifier).loadCheckIns();
                                       ^^^^^^^^
lib/features/safety/presentation/screens/check_in_history_screen.dart:32:38: Error: The getter 'checkIns' isn't defined for the type 'CheckInNotifier'.
 - 'CheckInNotifier' is from 'package:soloadventurer/features/safety/presentation/notifiers/check_in_notifier.dart' ('lib/features/safety/presentation/notifiers/check_in_notifier.dart').
Try correcting the name to the name of an existing getter, or defining a getter or field named 'checkIns'.
    final allCheckIns = checkInState.checkIns;
                                     ^^^^^^^^
lib/features/safety/presentation/screens/check_in_history_screen.dart:33:36: Error: The getter 'isLoading' isn't defined for the type 'CheckInNotifier'.
 - 'CheckInNotifier' is from 'package:soloadventurer/features/safety/presentation/notifiers/check_in_notifier.dart' ('lib/features/safety/presentation/notifiers/check_in_notifier.dart').
Try correcting the name to the name of an existing getter, or defining a getter or field named 'isLoading'.
    final isLoading = checkInState.isLoading;
                                   ^^^^^^^^^
lib/features/safety/presentation/screens/check_in_history_screen.dart:34:32: Error: The getter 'error' isn't defined for the type 'CheckInNotifier'.
 - 'CheckInNotifier' is from 'package:soloadventurer/features/safety/presentation/notifiers/check_in_notifier.dart' ('lib/features/safety/presentation/notifiers/check_in_notifier.dart').
Try correcting the name to the name of an existing getter, or defining a getter or field named 'error'.
    final error = checkInState.error;
                               ^^^^^
lib/features/safety/presentation/screens/check_in_history_screen.dart:156:48: Error: The getter 'notifier' isn't defined for the type 'AutoDisposeProvider<CheckInNotifier>'.
 - 'AutoDisposeProvider' is from 'package:riverpod/src/provider.dart' ('../.pub-cache/hosted/pub.dev/riverpod-2.6.1/lib/src/provider.dart').
 - 'CheckInNotifier' is from 'package:soloadventurer/features/safety/presentation/notifiers/check_in_notifier.dart' ('lib/features/safety/presentation/notifiers/check_in_notifier.dart').
Try correcting the name to the name of an existing getter, or defining a getter or field named 'notifier'.
        await ref.read(checkInNotifierProvider.notifier).loadCheckIns();
                                               ^^^^^^^^
lib/features/safety/presentation/screens/check_in_history_screen.dart:469:50: Error: The getter 'notifier' isn't defined for the type 'AutoDisposeProvider<CheckInNotifier>'.
 - 'AutoDisposeProvider' is from 'package:riverpod/src/provider.dart' ('../.pub-cache/hosted/pub.dev/riverpod-2.6.1/lib/src/provider.dart').
 - 'CheckInNotifier' is from 'package:soloadventurer/features/safety/presentation/notifiers/check_in_notifier.dart' ('lib/features/safety/presentation/notifiers/check_in_notifier.dart').
Try correcting the name to the name of an existing getter, or defining a getter or field named 'notifier'.
                ref.read(checkInNotifierProvider.notifier).loadCheckIns();
                                                 ^^^^^^^^
lib/features/safety/presentation/screens/emergency_sos_screen.dart:64:40: Error: 'locationServiceProvider' is imported from both 'package:soloadventurer/core/services/location_service.dart' and 'package:soloadventurer/features/safety/presentation/providers/safety_providers.dart'.
      final locationService = ref.read(locationServiceProvider);
                                       ^^^^^^^^^^^^^^^^^^^^^^^
lib/features/safety/presentation/screens/emergency_sos_screen.dart:703:43: Error: The getter 'phone' isn't defined for the type 'TrustedContact'.
 - 'TrustedContact' is from 'package:soloadventurer/features/safety/domain/entities/trusted_contact.dart' ('lib/features/safety/domain/entities/trusted_contact.dart').
Try correcting the name to the name of an existing getter, or defining a getter or field named 'phone'.
                              if (contact.phone != null)
                                          ^^^^^
lib/features/safety/presentation/screens/status_update_screen.dart:57:40: Error: 'locationServiceProvider' is imported from both 'package:soloadventurer/core/services/location_service.dart' and 'package:soloadventurer/features/safety/presentation/providers/safety_providers.dart'.
      final locationService = ref.read(locationServiceProvider);
                                       ^^^^^^^^^^^^^^^^^^^^^^^
lib/features/safety/presentation/screens/status_update_screen.dart:106:25: Error: The getter 'isNullOrEmpty' isn't defined for the type 'String?'.
Try correcting the name to the name of an existing getter, or defining a getter or field named 'isNullOrEmpty'.
        !_locationError.isNullOrEmpty) {
                        ^^^^^^^^^^^^^
lib/features/safety/presentation/screens/status_update_screen.dart:541:19: Error: The getter 'isProcessing' isn't defined for the type '_StatusUpdateScreenState'.
 - '_StatusUpdateScreenState' is from 'package:soloadventurer/features/safety/presentation/screens/status_update_screen.dart' ('lib/features/safety/presentation/screens/status_update_screen.dart').
Try correcting the name to the name of an existing getter, or defining a getter or field named 'isProcessing'.
      onChanged: (isProcessing)
                  ^^^^^^^^^^^^
lib/features/safety/presentation/screens/status_update_screen.dart:608:28: Error: The getter 'isProcessing' isn't defined for the type '_StatusUpdateScreenState'.
 - '_StatusUpdateScreenState' is from 'package:soloadventurer/features/safety/presentation/screens/status_update_screen.dart' ('lib/features/safety/presentation/screens/status_update_screen.dart').
Try correcting the name to the name of an existing getter, or defining a getter or field named 'isProcessing'.
                onPressed: isProcessing ? null : _getCurrentLocation,
                           ^^^^^^^^^^^^
lib/features/safety/presentation/screens/status_update_screen.dart:682:26: Error: The getter 'isProcessing' isn't defined for the type '_StatusUpdateScreenState'.
 - '_StatusUpdateScreenState' is from 'package:soloadventurer/features/safety/presentation/screens/status_update_screen.dart' ('lib/features/safety/presentation/screens/status_update_screen.dart').
Try correcting the name to the name of an existing getter, or defining a getter or field named 'isProcessing'.
              onPressed: isProcessing ? null : _getCurrentLocation,
                         ^^^^^^^^^^^^
lib/features/safety/presentation/screens/status_update_screen.dart:801:43: Error: The getter 'phone' isn't defined for the type 'TrustedContact'.
 - 'TrustedContact' is from 'package:soloadventurer/features/safety/domain/entities/trusted_contact.dart' ('lib/features/safety/domain/entities/trusted_contact.dart').
Try correcting the name to the name of an existing getter, or defining a getter or field named 'phone'.
                              if (contact.phone != null)
                                          ^^^^^
lib/features/safety/presentation/screens/location_sharing_screen.dart:565:40: Error: 'locationServiceProvider' is imported from both 'package:soloadventurer/core/services/location_service.dart' and 'package:soloadventurer/features/safety/presentation/providers/safety_providers.dart'.
      final locationService = ref.read(locationServiceProvider);
                                       ^^^^^^^^^^^^^^^^^^^^^^^
lib/features/safety/presentation/screens/location_sharing_screen.dart:615:40: Error: 'locationServiceProvider' is imported from both 'package:soloadventurer/core/services/location_service.dart' and 'package:soloadventurer/features/safety/presentation/providers/safety_providers.dart'.
      final locationService = ref.read(locationServiceProvider);
                                       ^^^^^^^^^^^^^^^^^^^^^^^
lib/features/safety/presentation/screens/location_sharing_screen.dart:843:43: Error: Required named parameter 'source' must be provided.
              orElse: () => TrustedContact(
                                          ^
lib/features/safety/domain/entities/trusted_contact.dart:27:17: Context: Found this candidate, but the arguments don't match.
  const factory TrustedContact({
                ^
lib/features/safety/presentation/screens/location_sharing_screen.dart:993:25: Error: Member not found: 'status'.
            icon: Icons.status,
                        ^^^^^^
lib/features/safety/presentation/screens/location_sharing_screen.dart:1025:27: Error: Member not found: 'alert'.
              icon: Icons.alert,
                          ^^^^^
lib/features/safety/presentation/screens/location_sharing_screen.dart:1039:43: Error: Required named parameter 'source' must be provided.
              orElse: () => TrustedContact(
                                          ^
lib/features/safety/domain/entities/trusted_contact.dart:27:17: Context: Found this candidate, but the arguments don't match.
  const factory TrustedContact({
                ^
lib/features/auth/data/datasources/mock_auth_remote_data_source.dart:241:21: Error: The getter 'email' isn't defined for the type 'Credentials'.
 - 'Credentials' is from 'package:soloadventurer/features/auth/data/models/credentials.dart' ('lib/features/auth/data/models/credentials.dart').
Try correcting the name to the name of an existing getter, or defining a getter or field named 'email'.
    if (credentials.email != 'test@example.com' || credentials.password != 'password123') {
                    ^^^^^
lib/features/safety/presentation/providers/safety_providers.dart:42:19: Error: Method not found: 'LocationServiceImpl'.
  final service = LocationServiceImpl();
                  ^^^^^^^^^^^^^^^^^^^
lib/features/safety/presentation/providers/safety_providers.dart:52:19: Error: Method not found: 'NotificationServiceImpl'.
  final service = NotificationServiceImpl();
                  ^^^^^^^^^^^^^^^^^^^^^^^
lib/features/safety/presentation/providers/safety_providers.dart:64:19: Error: Method not found: 'BackgroundCheckInServiceImpl'.
  final service = BackgroundCheckInServiceImpl();
                  ^^^^^^^^^^^^^^^^^^^^^^^^^^^^
lib/features/safety/presentation/providers/safety_providers.dart:74:19: Error: Method not found: 'MissedCheckInDetectorImpl'.
  final service = MissedCheckInDetectorImpl(
                  ^^^^^^^^^^^^^^^^^^^^^^^^^
lib/features/offline/data/repositories/offline_aware_repository.dart:492:19: Error: The getter 'timestamp_' isn't defined for the type 'OfflineAwareRepository<Entity, Model, CreateModel, UpdateModel>'.
 - 'OfflineAwareRepository' is from 'package:soloadventurer/features/offline/data/repositories/offline_aware_repository.dart' ('lib/features/offline/data/repositories/offline_aware_repository.dart').
Try correcting the name to the name of an existing getter, or defining a getter or field named 'timestamp_'.
    return 'temp_$timestamp_$random';
                  ^^^^^^^^^^
lib/features/offline/data/repositories/sync_queue_repository_impl.dart:36:52: Error: The argument type 'int' can't be assigned to the parameter type 'SyncQueueItem'.
 - 'SyncQueueItem' is from 'package:soloadventurer/features/offline/infrastructure/database/database.dart' ('lib/features/offline/infrastructure/database/database.dart').
      return model.SyncOperationModel.fromDatabase(item).toDomainEntity();
                                                   ^
lib/features/offline/infrastructure/sync/background_sync_service.dart:154:11: Error: No named parameter with the name 'requiresNotRoaming'.
          requiresNotRoaming: false, // Allow sync while roaming
          ^^^^^^^^^^^^^^^^^^
../.pub-cache/hosted/pub.dev/workmanager-0.5.2/lib/src/options.dart:96:3: Context: Found this candidate, but the arguments don't match.
  Constraints({
  ^^^^^^^^^^^
lib/features/offline/infrastructure/sync/background_sync_service.dart:164:9: Error: No named parameter with the name 'backoffDelay'.
        backoffDelay: const Duration(minutes: 15), // Initial backoff delay
        ^^^^^^^^^^^^
lib/features/offline/infrastructure/sync/background_sync_service.dart:229:27: Error: The method 'cancelTaskByTag' isn't defined for the type 'Workmanager'.
 - 'Workmanager' is from 'package:workmanager/src/workmanager.dart' ('../.pub-cache/hosted/pub.dev/workmanager-0.5.2/lib/src/workmanager.dart').
Try correcting the name to the name of an existing method, or defining a method named 'cancelTaskByTag'.
      await Workmanager().cancelTaskByTag(periodicSyncTaskName);
                          ^^^^^^^^^^^^^^^
lib/features/offline/infrastructure/sync/conflict_resolver_impl.dart:385:33: Error: The getter 'tripDao' isn't defined for the type 'AppDatabase'.
 - 'AppDatabase' is from 'package:soloadventurer/features/offline/infrastructure/database/database.dart' ('lib/features/offline/infrastructure/database/database.dart').
Try correcting the name to the name of an existing getter, or defining a getter or field named 'tripDao'.
      final tripDao = _database.tripDao;
                                ^^^^^^^
lib/features/offline/infrastructure/sync/conflict_resolver_impl.dart:411:33: Error: The getter 'tripDao' isn't defined for the type 'AppDatabase'.
 - 'AppDatabase' is from 'package:soloadventurer/features/offline/infrastructure/database/database.dart' ('lib/features/offline/infrastructure/database/database.dart').
Try correcting the name to the name of an existing getter, or defining a getter or field named 'tripDao'.
      final tripDao = _database.tripDao;
                                ^^^^^^^
lib/features/offline/infrastructure/sync/conflict_resolver_impl.dart:437:36: Error: The getter 'journalDao' isn't defined for the type 'AppDatabase'.
 - 'AppDatabase' is from 'package:soloadventurer/features/offline/infrastructure/database/database.dart' ('lib/features/offline/infrastructure/database/database.dart').
Try correcting the name to the name of an existing getter, or defining a getter or field named 'journalDao'.
      final journalDao = _database.journalDao;
                                   ^^^^^^^^^^
lib/features/offline/infrastructure/sync/conflict_resolver_impl.dart:460:36: Error: The getter 'journalDao' isn't defined for the type 'AppDatabase'.
 - 'AppDatabase' is from 'package:soloadventurer/features/offline/infrastructure/database/database.dart' ('lib/features/offline/infrastructure/database/database.dart').
Try correcting the name to the name of an existing getter, or defining a getter or field named 'journalDao'.
      final journalDao = _database.journalDao;
                                   ^^^^^^^^^^
lib/features/offline/infrastructure/sync/conflict_resolver_impl.dart:485:33: Error: The getter 'userDao' isn't defined for the type 'AppDatabase'.
 - 'AppDatabase' is from 'package:soloadventurer/features/offline/infrastructure/database/database.dart' ('lib/features/offline/infrastructure/database/database.dart').
Try correcting the name to the name of an existing getter, or defining a getter or field named 'userDao'.
      final userDao = _database.userDao;
                                ^^^^^^^
lib/features/offline/infrastructure/sync/conflict_resolver_impl.dart:508:33: Error: The getter 'userDao' isn't defined for the type 'AppDatabase'.
 - 'AppDatabase' is from 'package:soloadventurer/features/offline/infrastructure/database/database.dart' ('lib/features/offline/infrastructure/database/database.dart').
Try correcting the name to the name of an existing getter, or defining a getter or field named 'userDao'.
      final userDao = _database.userDao;
                                ^^^^^^^
lib/features/offline/infrastructure/sync/download_sync.dart:254:33: Error: The getter 'tripDao' isn't defined for the type 'AppDatabase'.
 - 'AppDatabase' is from 'package:soloadventurer/features/offline/infrastructure/database/database.dart' ('lib/features/offline/infrastructure/database/database.dart').
Try correcting the name to the name of an existing getter, or defining a getter or field named 'tripDao'.
      final tripDao = _database.tripDao;
                                ^^^^^^^
lib/features/offline/infrastructure/sync/download_sync.dart:372:33: Error: The getter 'tripDao' isn't defined for the type 'AppDatabase'.
 - 'AppDatabase' is from 'package:soloadventurer/features/offline/infrastructure/database/database.dart' ('lib/features/offline/infrastructure/database/database.dart').
Try correcting the name to the name of an existing getter, or defining a getter or field named 'tripDao'.
      final tripDao = _database.tripDao;
                                ^^^^^^^
lib/features/offline/infrastructure/sync/download_sync.dart:430:40: Error: The getter 'journalDao' isn't defined for the type 'AppDatabase'.
 - 'AppDatabase' is from 'package:soloadventurer/features/offline/infrastructure/database/database.dart' ('lib/features/offline/infrastructure/database/database.dart').
Try correcting the name to the name of an existing getter, or defining a getter or field named 'journalDao'.
          final journalDao = _database.journalDao;
                                       ^^^^^^^^^^
lib/features/offline/infrastructure/sync/download_sync.dart:568:33: Error: The getter 'userDao' isn't defined for the type 'AppDatabase'.
 - 'AppDatabase' is from 'package:soloadventurer/features/offline/infrastructure/database/database.dart' ('lib/features/offline/infrastructure/database/database.dart').
Try correcting the name to the name of an existing getter, or defining a getter or field named 'userDao'.
      final userDao = _database.userDao;
                                ^^^^^^^
lib/features/offline/infrastructure/sync/download_sync.dart:677:17: Error: No named parameter with the name 'userId'.
                userId: userId,
                ^^^^^^
lib/features/offline/infrastructure/database/database.g.dart:3735:3: Context: Found this candidate, but the arguments don't match.
  SyncMetadataTableCompanion.insert({
  ^^^^^^^^^^^^^^^^^^^^^^^^^^^^^^^^^
lib/features/offline/infrastructure/sync/download_sync.dart:669:40: Error: The getter 'userId' isn't defined for the type '$SyncMetadataTableTable'.
 - '$SyncMetadataTableTable' is from 'package:soloadventurer/features/offline/infrastructure/database/database.dart' ('lib/features/offline/infrastructure/database/database.dart').
Try correcting the name to the name of an existing getter, or defining a getter or field named 'userId'.
                  ..where((tbl) => tbl.userId.equals(userId)))
                                       ^^^^^^
lib/features/offline/infrastructure/sync/download_sync.dart:687:24: Error: The method 'SyncMetadataTable' isn't defined for the type 'DownloadSync'.
 - 'DownloadSync' is from 'package:soloadventurer/features/offline/infrastructure/sync/download_sync.dart' ('lib/features/offline/infrastructure/sync/download_sync.dart').
Try correcting the name to the name of an existing method, or defining a method named 'SyncMetadataTable'.
              .replace(SyncMetadataTable(
                       ^^^^^^^^^^^^^^^^^
lib/features/offline/infrastructure/sync/download_sync.dart:688:30: Error: The getter 'id' isn't defined for the type 'SyncMetadata'.
 - 'SyncMetadata' is from 'package:soloadventurer/features/offline/infrastructure/database/database.dart' ('lib/features/offline/infrastructure/database/database.dart').
Try correcting the name to the name of an existing getter, or defining a getter or field named 'id'.
                id: metadata.id,
                             ^^
lib/features/offline/infrastructure/sync/download_sync.dart:775:7: Error: No named parameter with the name 'firstName'.
      firstName: Value(serverUser['firstName'] as String?),
      ^^^^^^^^^
lib/features/offline/infrastructure/database/database.g.dart:2407:9: Context: Found this candidate, but the arguments don't match.
  const UsersCompanion({
        ^^^^^^^^^^^^^^
lib/features/offline/infrastructure/sync/incremental_sync.dart:262:38: Error: Required named parameter 'userId' must be provided.
        return syncIncrementalChanges(
                                     ^
lib/features/offline/infrastructure/sync/incremental_sync.dart:286:40: Error: The getter 'userId' isn't defined for the type '$SyncMetadataTableTable'.
 - '$SyncMetadataTableTable' is from 'package:soloadventurer/features/offline/infrastructure/database/database.dart' ('lib/features/offline/infrastructure/database/database.dart').
Try correcting the name to the name of an existing getter, or defining a getter or field named 'userId'.
                  ..where((tbl) => tbl.userId.equals(userId)))
                                       ^^^^^^
lib/features/offline/infrastructure/sync/incremental_sync.dart:290:32: Error: The getter 'lastIncrementalSyncAt' isn't defined for the type 'SyncMetadata'.
 - 'SyncMetadata' is from 'package:soloadventurer/features/offline/infrastructure/database/database.dart' ('lib/features/offline/infrastructure/database/database.dart').
Try correcting the name to the name of an existing getter, or defining a getter or field named 'lastIncrementalSyncAt'.
            metadataList.first.lastIncrementalSyncAt == null) {
                               ^^^^^^^^^^^^^^^^^^^^^
lib/features/offline/infrastructure/sync/incremental_sync.dart:309:34: Error: The getter 'userId' isn't defined for the type '$SyncMetadataTableTable'.
 - '$SyncMetadataTableTable' is from 'package:soloadventurer/features/offline/infrastructure/database/database.dart' ('lib/features/offline/infrastructure/database/database.dart').
Try correcting the name to the name of an existing getter, or defining a getter or field named 'userId'.
            ..where((tbl) => tbl.userId.equals(userId)))
                                 ^^^^^^
lib/features/offline/infrastructure/sync/incremental_sync.dart:316:33: Error: The getter 'lastIncrementalSyncAt' isn't defined for the type 'SyncMetadata'.
 - 'SyncMetadata' is from 'package:soloadventurer/features/offline/infrastructure/database/database.dart' ('lib/features/offline/infrastructure/database/database.dart').
Try correcting the name to the name of an existing getter, or defining a getter or field named 'lastIncrementalSyncAt'.
      return metadataList.first.lastIncrementalSyncAt;
                                ^^^^^^^^^^^^^^^^^^^^^
lib/features/offline/infrastructure/sync/incremental_sync.dart:389:33: Error: The getter 'tripDao' isn't defined for the type 'AppDatabase'.
 - 'AppDatabase' is from 'package:soloadventurer/features/offline/infrastructure/database/database.dart' ('lib/features/offline/infrastructure/database/database.dart').
Try correcting the name to the name of an existing getter, or defining a getter or field named 'tripDao'.
      final tripDao = _database.tripDao;
                                ^^^^^^^
lib/features/offline/infrastructure/sync/incremental_sync.dart:553:31: Error: The getter 'tripDao' isn't defined for the type 'AppDatabase'.
 - 'AppDatabase' is from 'package:soloadventurer/features/offline/infrastructure/database/database.dart' ('lib/features/offline/infrastructure/database/database.dart').
Try correcting the name to the name of an existing getter, or defining a getter or field named 'tripDao'.
    final tripDao = _database.tripDao;
                              ^^^^^^^
lib/features/offline/infrastructure/sync/incremental_sync.dart:605:34: Error: The getter 'journalDao' isn't defined for the type 'AppDatabase'.
 - 'AppDatabase' is from 'package:soloadventurer/features/offline/infrastructure/database/database.dart' ('lib/features/offline/infrastructure/database/database.dart').
Try correcting the name to the name of an existing getter, or defining a getter or field named 'journalDao'.
    final journalDao = _database.journalDao;
                                 ^^^^^^^^^^
lib/features/offline/infrastructure/sync/incremental_sync.dart:660:31: Error: The getter 'userDao' isn't defined for the type 'AppDatabase'.
 - 'AppDatabase' is from 'package:soloadventurer/features/offline/infrastructure/database/database.dart' ('lib/features/offline/infrastructure/database/database.dart').
Try correcting the name to the name of an existing getter, or defining a getter or field named 'userDao'.
    final userDao = _database.userDao;
                              ^^^^^^^
lib/features/offline/infrastructure/sync/incremental_sync.dart:727:17: Error: No named parameter with the name 'userId'.
                userId: userId,
                ^^^^^^
lib/features/offline/infrastructure/database/database.g.dart:3723:9: Context: Found this candidate, but the arguments don't match.
  const SyncMetadataTableCompanion({
        ^^^^^^^^^^^^^^^^^^^^^^^^^^
lib/features/offline/infrastructure/sync/incremental_sync.dart:719:40: Error: The getter 'userId' isn't defined for the type '$SyncMetadataTableTable'.
 - '$SyncMetadataTableTable' is from 'package:soloadventurer/features/offline/infrastructure/database/database.dart' ('lib/features/offline/infrastructure/database/database.dart').
Try correcting the name to the name of an existing getter, or defining a getter or field named 'userId'.
                  ..where((tbl) => tbl.userId.equals(userId)))
                                       ^^^^^^
lib/features/offline/infrastructure/sync/incremental_sync.dart:739:24: Error: The method 'SyncMetadataTable' isn't defined for the type 'IncrementalSync'.
 - 'IncrementalSync' is from 'package:soloadventurer/features/offline/infrastructure/sync/incremental_sync.dart' ('lib/features/offline/infrastructure/sync/incremental_sync.dart').
Try correcting the name to the name of an existing method, or defining a method named 'SyncMetadataTable'.
              .replace(SyncMetadataTable(
                       ^^^^^^^^^^^^^^^^^
lib/features/offline/infrastructure/sync/incremental_sync.dart:740:30: Error: The getter 'id' isn't defined for the type 'SyncMetadata'.
 - 'SyncMetadata' is from 'package:soloadventurer/features/offline/infrastructure/database/database.dart' ('lib/features/offline/infrastructure/database/database.dart').
Try correcting the name to the name of an existing getter, or defining a getter or field named 'id'.
                id: metadata.id,
                             ^^
lib/features/offline/infrastructure/sync/incremental_sync.dart:746:54: Error: The getter 'lastIncrementalSyncAt' isn't defined for the type 'SyncMetadata'.
 - 'SyncMetadata' is from 'package:soloadventurer/features/offline/infrastructure/database/database.dart' ('lib/features/offline/infrastructure/database/database.dart').
Try correcting the name to the name of an existing getter, or defining a getter or field named 'lastIncrementalSyncAt'.
                    usedIncremental ? now : metadata.lastIncrementalSyncAt,
                                                     ^^^^^^^^^^^^^^^^^^^^^
lib/features/offline/infrastructure/sync/incremental_sync.dart:891:7: Error: No named parameter with the name 'firstName'.
      firstName: Value(serverUser['firstName'] as String?),
      ^^^^^^^^^
lib/features/offline/infrastructure/database/database.g.dart:2407:9: Context: Found this candidate, but the arguments don't match.
  const UsersCompanion({
        ^^^^^^^^^^^^^^
lib/features/offline/infrastructure/sync/offline_interceptor.dart:348:21: Error: The method 'call' isn't defined for the type 'Future<T>'.
 - 'Future' is from 'dart:async'.
Try correcting the name to the name of an existing method, or defining a method named 'call'.
      await executor();
                    ^
lib/features/offline/infrastructure/sync/offline_interceptor.dart:352:26: Error: The method 'call' isn't defined for the type 'Future<void>'.
 - 'Future' is from 'dart:async'.
Try correcting the name to the name of an existing method, or defining a method named 'call'.
        await localUpdate();
                         ^
lib/features/offline/infrastructure/sync/offline_interceptor.dart:382:24: Error: The method 'call' isn't defined for the type 'Future<void>'.
 - 'Future' is from 'dart:async'.
Try correcting the name to the name of an existing method, or defining a method named 'call'.
      await localUpdate();
                       ^
lib/features/offline/infrastructure/sync/mutation_interceptor.dart:263:66: Error: The argument type 'ErrorInterceptorHandler' can't be assigned to the parameter type 'RequestInterceptorHandler'.
 - 'ErrorInterceptorHandler' is from 'package:dio/src/dio_mixin.dart' ('../.pub-cache/hosted/pub.dev/dio-5.8.0+1/lib/src/dio_mixin.dart').
 - 'RequestInterceptorHandler' is from 'package:dio/src/dio_mixin.dart' ('../.pub-cache/hosted/pub.dev/dio-5.8.0+1/lib/src/dio_mixin.dart').
      await _handleOfflineMutation(metadata, err.requestOptions, handler);
                                                                 ^
lib/features/profile/data/repositories/profile_repository_impl.dart:444:15: Error: The method '_queueOperation' isn't defined for the type 'ProfileRepositoryImpl'.
 - 'ProfileRepositoryImpl' is from 'package:soloadventurer/features/profile/data/repositories/profile_repository_impl.dart' ('lib/features/profile/data/repositories/profile_repository_impl.dart').
Try correcting the name to the name of an existing method, or defining a method named '_queueOperation'.
        await _queueOperation(
              ^^^^^^^^^^^^^^^
lib/features/profile/data/repositories/profile_repository_impl.dart:447:22: Error: The getter 'SyncOperationType' isn't defined for the type 'ProfileRepositoryImpl'.
 - 'ProfileRepositoryImpl' is from 'package:soloadventurer/features/profile/data/repositories/profile_repository_impl.dart' ('lib/features/profile/data/repositories/profile_repository_impl.dart').
Try correcting the name to the name of an existing getter, or defining a getter or field named 'SyncOperationType'.
          operation: SyncOperationType.update,
                     ^^^^^^^^^^^^^^^^^
lib/features/profile/data/repositories/profile_repository_impl.dart:490:39: Error: Not a constant expression.
        final preferencesJson = const JsonEncoder().convert(preferences);
                                      ^^^^^^^^^^^
lib/features/profile/data/repositories/profile_repository_impl.dart:502:15: Error: The method '_queueOperation' isn't defined for the type 'ProfileRepositoryImpl'.
 - 'ProfileRepositoryImpl' is from 'package:soloadventurer/features/profile/data/repositories/profile_repository_impl.dart' ('lib/features/profile/data/repositories/profile_repository_impl.dart').
Try correcting the name to the name of an existing method, or defining a method named '_queueOperation'.
        await _queueOperation(
              ^^^^^^^^^^^^^^^
lib/features/profile/data/repositories/profile_repository_impl.dart:505:22: Error: The getter 'SyncOperationType' isn't defined for the type 'ProfileRepositoryImpl'.
 - 'ProfileRepositoryImpl' is from 'package:soloadventurer/features/profile/data/repositories/profile_repository_impl.dart' ('lib/features/profile/data/repositories/profile_repository_impl.dart').
Try correcting the name to the name of an existing getter, or defining a getter or field named 'SyncOperationType'.
          operation: SyncOperationType.update,
                     ^^^^^^^^^^^^^^^^^
lib/features/profile/data/repositories/profile_repository_impl.dart:548:37: Error: Not a constant expression.
        final interestsJson = const JsonEncoder().convert(interests);
                                    ^^^^^^^^^^^
lib/features/profile/data/repositories/profile_repository_impl.dart:560:15: Error: The method '_queueOperation' isn't defined for the type 'ProfileRepositoryImpl'.
 - 'ProfileRepositoryImpl' is from 'package:soloadventurer/features/profile/data/repositories/profile_repository_impl.dart' ('lib/features/profile/data/repositories/profile_repository_impl.dart').
Try correcting the name to the name of an existing method, or defining a method named '_queueOperation'.
        await _queueOperation(
              ^^^^^^^^^^^^^^^
lib/features/profile/data/repositories/profile_repository_impl.dart:563:22: Error: The getter 'SyncOperationType' isn't defined for the type 'ProfileRepositoryImpl'.
 - 'ProfileRepositoryImpl' is from 'package:soloadventurer/features/profile/data/repositories/profile_repository_impl.dart' ('lib/features/profile/data/repositories/profile_repository_impl.dart').
Try correcting the name to the name of an existing getter, or defining a getter or field named 'SyncOperationType'.
          operation: SyncOperationType.update,
                     ^^^^^^^^^^^^^^^^^
lib/features/profile/data/repositories/profile_repository_impl.dart:617:15: Error: The method '_queueOperation' isn't defined for the type 'ProfileRepositoryImpl'.
 - 'ProfileRepositoryImpl' is from 'package:soloadventurer/features/profile/data/repositories/profile_repository_impl.dart' ('lib/features/profile/data/repositories/profile_repository_impl.dart').
Try correcting the name to the name of an existing method, or defining a method named '_queueOperation'.
        await _queueOperation(
              ^^^^^^^^^^^^^^^
lib/features/profile/data/repositories/profile_repository_impl.dart:620:22: Error: The getter 'SyncOperationType' isn't defined for the type 'ProfileRepositoryImpl'.
 - 'ProfileRepositoryImpl' is from 'package:soloadventurer/features/profile/data/repositories/profile_repository_impl.dart' ('lib/features/profile/data/repositories/profile_repository_impl.dart').
Try correcting the name to the name of an existing getter, or defining a getter or field named 'SyncOperationType'.
          operation: SyncOperationType.update,
                     ^^^^^^^^^^^^^^^^^
lib/features/profile/domain/usecases/update_profile_use_case.dart:12:56: Error: A value of type 'Future<RepositoryOperationResult<Profile>>' can't be returned from a function with return type 'Future<Profile>'.
 - 'Future' is from 'dart:async'.
 - 'RepositoryOperationResult' is from 'package:soloadventurer/features/offline/data/repositories/offline_aware_repository.dart' ('lib/features/offline/data/repositories/offline_aware_repository.dart').
 - 'Profile' is from 'package:soloadventurer/features/profile/domain/entities/profile.dart' ('lib/features/profile/domain/entities/profile.dart').
  Future<Profile> call(Profile profile) => _repository.updateProfile(profile);
                                                       ^
lib/features/profile/domain/usecases/update_profile_use_case.dart:16:19: Error: A value of type 'Future<RepositoryOperationResult<Profile>>' can't be returned from a function with return type 'Future<Profile>'.
 - 'Future' is from 'dart:async'.
 - 'RepositoryOperationResult' is from 'package:soloadventurer/features/offline/data/repositories/offline_aware_repository.dart' ('lib/features/offline/data/repositories/offline_aware_repository.dart').
 - 'Profile' is from 'package:soloadventurer/features/profile/domain/entities/profile.dart' ('lib/features/profile/domain/entities/profile.dart').
      _repository.updateProfileFields(userId, fields);
                  ^
lib/features/profile/domain/usecases/manage_avatar_use_case.dart:12:19: Error: A value of type 'Future<RepositoryOperationResult<String>>' can't be returned from a function with return type 'Future<String>'.
 - 'Future' is from 'dart:async'.
 - 'RepositoryOperationResult' is from 'package:soloadventurer/features/offline/data/repositories/offline_aware_repository.dart' ('lib/features/offline/data/repositories/offline_aware_repository.dart').
      _repository.uploadAvatar(userId, filePath);
                  ^
lib/features/profile/domain/usecases/create_profile_use_case.dart:12:56: Error: A value of type 'Future<RepositoryOperationResult<Profile>>' can't be returned from a function with return type 'Future<Profile>'.
 - 'Future' is from 'dart:async'.
 - 'RepositoryOperationResult' is from 'package:soloadventurer/features/offline/data/repositories/offline_aware_repository.dart' ('lib/features/offline/data/repositories/offline_aware_repository.dart').
 - 'Profile' is from 'package:soloadventurer/features/profile/domain/entities/profile.dart' ('lib/features/profile/domain/entities/profile.dart').
  Future<Profile> call(Profile profile) => _repository.createProfile(profile);
                                                       ^
lib/features/safety/data/repositories/safety_providers.dart:13:10: Error: Method not found: 'SafetyLocalDataSourceImpl'.
  return SafetyLocalDataSourceImpl();
         ^^^^^^^^^^^^^^^^^^^^^^^^^
lib/features/safety/data/repositories/safety_providers.dart:20:10: Error: Method not found: 'MockSafetyRemoteDataSource'.
  return MockSafetyRemoteDataSource();
         ^^^^^^^^^^^^^^^^^^^^^^^^^^
lib/features/safety/presentation/notifiers/check_in_notifier.dart:96:27: Error: The argument type 'List<String>?' can't be assigned to the parameter type 'List<String>'.
 - 'List' is from 'dart:core'.
        notifyContactIds: notifyContactIds,
                          ^
lib/features/profile/data/models/local_user_profile_model.dart:94:22: Error: Couldn't find constructor 'JsonDecoder'.
            ? (const JsonDecoder().convert(interestsJson) as List<dynamic>)
                     ^^^^^^^^^^^
lib/features/profile/data/models/local_user_profile_model.dart:102:18: Error: Couldn't find constructor 'JsonDecoder'.
        ? (const JsonDecoder().convert(preferencesJson) as Map<String, dynamic>)
                 ^^^^^^^^^^^
lib/features/profile/data/models/local_user_profile_model.dart:180:40: Error: Not a constant expression.
          interests.isNotEmpty ? const JsonEncoder().convert(interests) : null,
                                       ^^^^^^^^^^^
lib/features/profile/data/models/local_user_profile_model.dart:182:19: Error: Not a constant expression.
          ? const JsonEncoder().convert(preferences)
                  ^^^^^^^^^^^
00:52 +131 -52: loading /Users/anthonyforan/SoloAdventurer_app/test/features/auth/presentation/screens/login_screen_test.dart [E]                                                                      
  Failed to load "/Users/anthonyforan/SoloAdventurer_app/test/features/auth/presentation/screens/login_screen_test.dart":
  Compilation failed for testPath=/Users/anthonyforan/SoloAdventurer_app/test/features/auth/presentation/screens/login_screen_test.dart: lib/features/core/infrastructure/monitoring/aws_cloudwatch_monitoring.dart:75:7: Error: The non-abstract class 'AwsCloudWatchMonitoring' is missing implementations for these members:
   - MonitoringService.logDebug
   - MonitoringService.recordEvent
   - MonitoringService.recordMetric
  Try to either
   - provide an implementation,
   - inherit an implementation from a superclass or mixin,
   - mark the class as abstract, or
   - provide a 'noSuchMethod' implementation.
  class AwsCloudWatchMonitoring implements MonitoringService {
        ^^^^^^^^^^^^^^^^^^^^^^^
  lib/features/core/infrastructure/monitoring/monitoring_service.dart:23:16: Context: 'MonitoringService.logDebug' is defined here.
    Future<void> logDebug(
                 ^^^^^^^^
  lib/features/core/infrastructure/monitoring/monitoring_service.dart:42:16: Context: 'MonitoringService.recordEvent' is defined here.
    Future<void> recordEvent(
                 ^^^^^^^^^^^
  lib/features/core/infrastructure/monitoring/monitoring_service.dart:29:16: Context: 'MonitoringService.recordMetric' is defined here.
    Future<void> recordMetric(
                 ^^^^^^^^^^^^
  lib/features/profile/presentation/providers/profile_providers.dart:28:23: Error: 'DioApiService' isn't a type.
      apiService: getIt<DioApiService>(),
                        ^^^^^^^^^^^^^
  lib/features/profile/data/repositories/profile_repository_impl.dart:26:37: Error: Type argument 'Map<String, dynamic>' doesn't conform to the bound 'Model' of the type variable 'CreateModel' on 'OfflineAwareRepository'.
   - 'Map' is from 'dart:core'.
  Try changing type arguments so that they conform to the bounds.
  class ProfileRepositoryImpl extends OfflineAwareRepository<
                                      ^
  lib/features/offline/data/repositories/offline_aware_repository.dart:98:54: Context: This is the type variable whose bound isn't conformed to.
  abstract class OfflineAwareRepository<Entity, Model, CreateModel extends Model,
                                                       ^
  lib/features/profile/data/repositories/profile_repository_impl.dart:26:37: Error: Type argument 'Map<String, dynamic>' doesn't conform to the bound 'Model' of the type variable 'UpdateModel' on 'OfflineAwareRepository'.
   - 'Map' is from 'dart:core'.
  Try changing type arguments so that they conform to the bounds.
  class ProfileRepositoryImpl extends OfflineAwareRepository<
                                      ^
  lib/features/offline/data/repositories/offline_aware_repository.dart:99:5: Context: This is the type variable whose bound isn't conformed to.
      UpdateModel extends Model> {
      ^
  lib/core/error/safety_exceptions.dart:5:31: Error: The super constructor has no corresponding positional parameter.
    const SafetyException(super.message, {required super.code});
                                ^
  lib/app/di/modules/core_module.dart:13:11: Error: Method not found: 'SecurityManagerImpl'.
      () => SecurityManagerImpl(
            ^^^^^^^^^^^^^^^^^^^
  lib/features/safety/presentation/screens/safety_hub_screen.dart:95:36: Error: Method 'withOpacity' cannot be called on 'Color?' because it is potentially null.
   - 'Color' is from 'dart:ui'.
  Try calling using ?. instead.
                                    .withOpacity(0.2),
                                     ^^^^^^^^^^^
  lib/features/safety/presentation/screens/manual_check_in_screen.dart:62:47: Error: The argument type 'LocationAccuracy/*1*/' can't be assigned to the parameter type 'LocationAccuracy/*2*/'.
   - 'LocationAccuracy/*1*/' is from 'package:geolocator_platform_interface/src/enums/location_accuracy.dart' ('../.pub-cache/hosted/pub.dev/geolocator_platform_interface-4.2.4/lib/src/enums/location_accuracy.dart').
   - 'LocationAccuracy/*2*/' is from 'package:soloadventurer/core/services/location_service.dart' ('lib/core/services/location_service.dart').
          accuracy: geolocator.LocationAccuracy.high,
                                                ^
  lib/features/safety/presentation/screens/schedule_check_in_screen.dart:58:40: Error: 'locationServiceProvider' is imported from both 'package:soloadventurer/core/services/location_service.dart' and 'package:soloadventurer/features/safety/presentation/providers/safety_providers.dart'.
        final locationService = ref.read(locationServiceProvider);
                                         ^^^^^^^^^^^^^^^^^^^^^^^
  lib/features/safety/presentation/screens/schedule_check_in_screen.dart:206:55: Error: The getter 'notifier' isn't defined for the type 'AutoDisposeProvider<CheckInNotifier>'.
   - 'AutoDisposeProvider' is from 'package:riverpod/src/provider.dart' ('../.pub-cache/hosted/pub.dev/riverpod-2.6.1/lib/src/provider.dart').
   - 'CheckInNotifier' is from 'package:soloadventurer/features/safety/presentation/notifiers/check_in_notifier.dart' ('lib/features/safety/presentation/notifiers/check_in_notifier.dart').
  Try correcting the name to the name of an existing getter, or defining a getter or field named 'notifier'.
      final notifier = ref.read(checkInNotifierProvider.notifier);
                                                        ^^^^^^^^
  lib/features/safety/presentation/screens/schedule_check_in_screen.dart:257:39: Error: The getter 'isCreating' isn't defined for the type 'CheckInNotifier'.
   - 'CheckInNotifier' is from 'package:soloadventurer/features/safety/presentation/notifiers/check_in_notifier.dart' ('lib/features/safety/presentation/notifiers/check_in_notifier.dart').
  Try correcting the name to the name of an existing getter, or defining a getter or field named 'isCreating'.
      final isScheduling = checkInState.isCreating;
                                        ^^^^^^^^^^
  lib/features/safety/presentation/screens/schedule_check_in_screen.dart:350:59: Error: The getter 'contacts' isn't defined for the type 'TrustedContactsNotifier'.
   - 'TrustedContactsNotifier' is from 'package:soloadventurer/features/safety/presentation/notifiers/trusted_contacts_notifier.dart' ('lib/features/safety/presentation/notifiers/trusted_contacts_notifier.dart').
  Try correcting the name to the name of an existing getter, or defining a getter or field named 'contacts'.
                _buildContactsSelector(theme, contactsState.contacts),
                                                            ^^^^^^^^
  lib/features/safety/presentation/screens/schedule_check_in_screen.dart:619:32: Error: The getter 'isScheduling' isn't defined for the type '_ScheduleCheckInScreenState'.
   - '_ScheduleCheckInScreenState' is from 'package:soloadventurer/features/safety/presentation/screens/schedule_check_in_screen.dart' ('lib/features/safety/presentation/screens/schedule_check_in_screen.dart').
  Try correcting the name to the name of an existing getter, or defining a getter or field named 'isScheduling'.
                      onPressed: isScheduling ? null : _getCurrentLocation,
                                 ^^^^^^^^^^^^
  lib/features/safety/presentation/screens/check_in_history_screen.dart:25:40: Error: The getter 'notifier' isn't defined for the type 'AutoDisposeProvider<CheckInNotifier>'.
   - 'AutoDisposeProvider' is from 'package:riverpod/src/provider.dart' ('../.pub-cache/hosted/pub.dev/riverpod-2.6.1/lib/src/provider.dart').
   - 'CheckInNotifier' is from 'package:soloadventurer/features/safety/presentation/notifiers/check_in_notifier.dart' ('lib/features/safety/presentation/notifiers/check_in_notifier.dart').
  Try correcting the name to the name of an existing getter, or defining a getter or field named 'notifier'.
        ref.read(checkInNotifierProvider.notifier).loadCheckIns();
                                         ^^^^^^^^
  lib/features/safety/presentation/screens/check_in_history_screen.dart:32:38: Error: The getter 'checkIns' isn't defined for the type 'CheckInNotifier'.
   - 'CheckInNotifier' is from 'package:soloadventurer/features/safety/presentation/notifiers/check_in_notifier.dart' ('lib/features/safety/presentation/notifiers/check_in_notifier.dart').
  Try correcting the name to the name of an existing getter, or defining a getter or field named 'checkIns'.
      final allCheckIns = checkInState.checkIns;
                                       ^^^^^^^^
  lib/features/safety/presentation/screens/check_in_history_screen.dart:33:36: Error: The getter 'isLoading' isn't defined for the type 'CheckInNotifier'.
   - 'CheckInNotifier' is from 'package:soloadventurer/features/safety/presentation/notifiers/check_in_notifier.dart' ('lib/features/safety/presentation/notifiers/check_in_notifier.dart').
  Try correcting the name to the name of an existing getter, or defining a getter or field named 'isLoading'.
      final isLoading = checkInState.isLoading;
                                     ^^^^^^^^^
  lib/features/safety/presentation/screens/check_in_history_screen.dart:34:32: Error: The getter 'error' isn't defined for the type 'CheckInNotifier'.
   - 'CheckInNotifier' is from 'package:soloadventurer/features/safety/presentation/notifiers/check_in_notifier.dart' ('lib/features/safety/presentation/notifiers/check_in_notifier.dart').
  Try correcting the name to the name of an existing getter, or defining a getter or field named 'error'.
      final error = checkInState.error;
                                 ^^^^^
  lib/features/safety/presentation/screens/check_in_history_screen.dart:156:48: Error: The getter 'notifier' isn't defined for the type 'AutoDisposeProvider<CheckInNotifier>'.
   - 'AutoDisposeProvider' is from 'package:riverpod/src/provider.dart' ('../.pub-cache/hosted/pub.dev/riverpod-2.6.1/lib/src/provider.dart').
   - 'CheckInNotifier' is from 'package:soloadventurer/features/safety/presentation/notifiers/check_in_notifier.dart' ('lib/features/safety/presentation/notifiers/check_in_notifier.dart').
  Try correcting the name to the name of an existing getter, or defining a getter or field named 'notifier'.
          await ref.read(checkInNotifierProvider.notifier).loadCheckIns();
                                                 ^^^^^^^^
  lib/features/safety/presentation/screens/check_in_history_screen.dart:469:50: Error: The getter 'notifier' isn't defined for the type 'AutoDisposeProvider<CheckInNotifier>'.
   - 'AutoDisposeProvider' is from 'package:riverpod/src/provider.dart' ('../.pub-cache/hosted/pub.dev/riverpod-2.6.1/lib/src/provider.dart').
   - 'CheckInNotifier' is from 'package:soloadventurer/features/safety/presentation/notifiers/check_in_notifier.dart' ('lib/features/safety/presentation/notifiers/check_in_notifier.dart').
  Try correcting the name to the name of an existing getter, or defining a getter or field named 'notifier'.
                  ref.read(checkInNotifierProvider.notifier).loadCheckIns();
                                                   ^^^^^^^^
  lib/features/safety/presentation/screens/emergency_sos_screen.dart:64:40: Error: 'locationServiceProvider' is imported from both 'package:soloadventurer/core/services/location_service.dart' and 'package:soloadventurer/features/safety/presentation/providers/safety_providers.dart'.
        final locationService = ref.read(locationServiceProvider);
                                         ^^^^^^^^^^^^^^^^^^^^^^^
  lib/features/safety/presentation/screens/emergency_sos_screen.dart:703:43: Error: The getter 'phone' isn't defined for the type 'TrustedContact'.
   - 'TrustedContact' is from 'package:soloadventurer/features/safety/domain/entities/trusted_contact.dart' ('lib/features/safety/domain/entities/trusted_contact.dart').
  Try correcting the name to the name of an existing getter, or defining a getter or field named 'phone'.
                                if (contact.phone != null)
                                            ^^^^^
  lib/features/safety/presentation/screens/status_update_screen.dart:57:40: Error: 'locationServiceProvider' is imported from both 'package:soloadventurer/core/services/location_service.dart' and 'package:soloadventurer/features/safety/presentation/providers/safety_providers.dart'.
        final locationService = ref.read(locationServiceProvider);
                                         ^^^^^^^^^^^^^^^^^^^^^^^
  lib/features/safety/presentation/screens/status_update_screen.dart:106:25: Error: The getter 'isNullOrEmpty' isn't defined for the type 'String?'.
  Try correcting the name to the name of an existing getter, or defining a getter or field named 'isNullOrEmpty'.
          !_locationError.isNullOrEmpty) {
                          ^^^^^^^^^^^^^
  lib/features/safety/presentation/screens/status_update_screen.dart:541:19: Error: The getter 'isProcessing' isn't defined for the type '_StatusUpdateScreenState'.
   - '_StatusUpdateScreenState' is from 'package:soloadventurer/features/safety/presentation/screens/status_update_screen.dart' ('lib/features/safety/presentation/screens/status_update_screen.dart').
  Try correcting the name to the name of an existing getter, or defining a getter or field named 'isProcessing'.
        onChanged: (isProcessing)
                    ^^^^^^^^^^^^
  lib/features/safety/presentation/screens/status_update_screen.dart:608:28: Error: The getter 'isProcessing' isn't defined for the type '_StatusUpdateScreenState'.
   - '_StatusUpdateScreenState' is from 'package:soloadventurer/features/safety/presentation/screens/status_update_screen.dart' ('lib/features/safety/presentation/screens/status_update_screen.dart').
  Try correcting the name to the name of an existing getter, or defining a getter or field named 'isProcessing'.
                  onPressed: isProcessing ? null : _getCurrentLocation,
                             ^^^^^^^^^^^^
  lib/features/safety/presentation/screens/status_update_screen.dart:682:26: Error: The getter 'isProcessing' isn't defined for the type '_StatusUpdateScreenState'.
   - '_StatusUpdateScreenState' is from 'package:soloadventurer/features/safety/presentation/screens/status_update_screen.dart' ('lib/features/safety/presentation/screens/status_update_screen.dart').
  Try correcting the name to the name of an existing getter, or defining a getter or field named 'isProcessing'.
                onPressed: isProcessing ? null : _getCurrentLocation,
                           ^^^^^^^^^^^^
  lib/features/safety/presentation/screens/status_update_screen.dart:801:43: Error: The getter 'phone' isn't defined for the type 'TrustedContact'.
   - 'TrustedContact' is from 'package:soloadventurer/features/safety/domain/entities/trusted_contact.dart' ('lib/features/safety/domain/entities/trusted_contact.dart').
  Try correcting the name to the name of an existing getter, or defining a getter or field named 'phone'.
                                if (contact.phone != null)
                                            ^^^^^
  lib/features/safety/presentation/screens/location_sharing_screen.dart:565:40: Error: 'locationServiceProvider' is imported from both 'package:soloadventurer/core/services/location_service.dart' and 'package:soloadventurer/features/safety/presentation/providers/safety_providers.dart'.
        final locationService = ref.read(locationServiceProvider);
                                         ^^^^^^^^^^^^^^^^^^^^^^^
  lib/features/safety/presentation/screens/location_sharing_screen.dart:615:40: Error: 'locationServiceProvider' is imported from both 'package:soloadventurer/core/services/location_service.dart' and 'package:soloadventurer/features/safety/presentation/providers/safety_providers.dart'.
        final locationService = ref.read(locationServiceProvider);
                                         ^^^^^^^^^^^^^^^^^^^^^^^
  lib/features/safety/presentation/screens/location_sharing_screen.dart:843:43: Error: Required named parameter 'source' must be provided.
                orElse: () => TrustedContact(
                                            ^
  lib/features/safety/domain/entities/trusted_contact.dart:27:17: Context: Found this candidate, but the arguments don't match.
    const factory TrustedContact({
                  ^
  lib/features/safety/presentation/screens/location_sharing_screen.dart:993:25: Error: Member not found: 'status'.
              icon: Icons.status,
                          ^^^^^^
  lib/features/safety/presentation/screens/location_sharing_screen.dart:1025:27: Error: Member not found: 'alert'.
                icon: Icons.alert,
                            ^^^^^
  lib/features/safety/presentation/screens/location_sharing_screen.dart:1039:43: Error: Required named parameter 'source' must be provided.
                orElse: () => TrustedContact(
                                            ^
  lib/features/safety/domain/entities/trusted_contact.dart:27:17: Context: Found this candidate, but the arguments don't match.
    const factory TrustedContact({
                  ^
  lib/features/auth/data/datasources/mock_auth_remote_data_source.dart:241:21: Error: The getter 'email' isn't defined for the type 'Credentials'.
   - 'Credentials' is from 'package:soloadventurer/features/auth/data/models/credentials.dart' ('lib/features/auth/data/models/credentials.dart').
  Try correcting the name to the name of an existing getter, or defining a getter or field named 'email'.
      if (credentials.email != 'test@example.com' || credentials.password != 'password123') {
                      ^^^^^
  lib/features/safety/presentation/providers/safety_providers.dart:42:19: Error: Method not found: 'LocationServiceImpl'.
    final service = LocationServiceImpl();
                    ^^^^^^^^^^^^^^^^^^^
  lib/features/safety/presentation/providers/safety_providers.dart:52:19: Error: Method not found: 'NotificationServiceImpl'.
    final service = NotificationServiceImpl();
                    ^^^^^^^^^^^^^^^^^^^^^^^
  lib/features/safety/presentation/providers/safety_providers.dart:64:19: Error: Method not found: 'BackgroundCheckInServiceImpl'.
    final service = BackgroundCheckInServiceImpl();
                    ^^^^^^^^^^^^^^^^^^^^^^^^^^^^
  lib/features/safety/presentation/providers/safety_providers.dart:74:19: Error: Method not found: 'MissedCheckInDetectorImpl'.
    final service = MissedCheckInDetectorImpl(
                    ^^^^^^^^^^^^^^^^^^^^^^^^^
  lib/features/offline/data/repositories/offline_aware_repository.dart:492:19: Error: The getter 'timestamp_' isn't defined for the type 'OfflineAwareRepository<Entity, Model, CreateModel, UpdateModel>'.
   - 'OfflineAwareRepository' is from 'package:soloadventurer/features/offline/data/repositories/offline_aware_repository.dart' ('lib/features/offline/data/repositories/offline_aware_repository.dart').
  Try correcting the name to the name of an existing getter, or defining a getter or field named 'timestamp_'.
      return 'temp_$timestamp_$random';
                    ^^^^^^^^^^
  lib/features/offline/data/repositories/sync_queue_repository_impl.dart:36:52: Error: The argument type 'int' can't be assigned to the parameter type 'SyncQueueItem'.
   - 'SyncQueueItem' is from 'package:soloadventurer/features/offline/infrastructure/database/database.dart' ('lib/features/offline/infrastructure/database/database.dart').
        return model.SyncOperationModel.fromDatabase(item).toDomainEntity();
                                                     ^
  lib/features/offline/infrastructure/sync/background_sync_service.dart:154:11: Error: No named parameter with the name 'requiresNotRoaming'.
            requiresNotRoaming: false, // Allow sync while roaming
            ^^^^^^^^^^^^^^^^^^
  ../.pub-cache/hosted/pub.dev/workmanager-0.5.2/lib/src/options.dart:96:3: Context: Found this candidate, but the arguments don't match.
    Constraints({
    ^^^^^^^^^^^
  lib/features/offline/infrastructure/sync/background_sync_service.dart:164:9: Error: No named parameter with the name 'backoffDelay'.
          backoffDelay: const Duration(minutes: 15), // Initial backoff delay
          ^^^^^^^^^^^^
  lib/features/offline/infrastructure/sync/background_sync_service.dart:229:27: Error: The method 'cancelTaskByTag' isn't defined for the type 'Workmanager'.
   - 'Workmanager' is from 'package:workmanager/src/workmanager.dart' ('../.pub-cache/hosted/pub.dev/workmanager-0.5.2/lib/src/workmanager.dart').
  Try correcting the name to the name of an existing method, or defining a method named 'cancelTaskByTag'.
        await Workmanager().cancelTaskByTag(periodicSyncTaskName);
                            ^^^^^^^^^^^^^^^
  lib/features/offline/infrastructure/sync/conflict_resolver_impl.dart:385:33: Error: The getter 'tripDao' isn't defined for the type 'AppDatabase'.
   - 'AppDatabase' is from 'package:soloadventurer/features/offline/infrastructure/database/database.dart' ('lib/features/offline/infrastructure/database/database.dart').
  Try correcting the name to the name of an existing getter, or defining a getter or field named 'tripDao'.
        final tripDao = _database.tripDao;
                                  ^^^^^^^
  lib/features/offline/infrastructure/sync/conflict_resolver_impl.dart:411:33: Error: The getter 'tripDao' isn't defined for the type 'AppDatabase'.
   - 'AppDatabase' is from 'package:soloadventurer/features/offline/infrastructure/database/database.dart' ('lib/features/offline/infrastructure/database/database.dart').
  Try correcting the name to the name of an existing getter, or defining a getter or field named 'tripDao'.
        final tripDao = _database.tripDao;
                                  ^^^^^^^
  lib/features/offline/infrastructure/sync/conflict_resolver_impl.dart:437:36: Error: The getter 'journalDao' isn't defined for the type 'AppDatabase'.
   - 'AppDatabase' is from 'package:soloadventurer/features/offline/infrastructure/database/database.dart' ('lib/features/offline/infrastructure/database/database.dart').
  Try correcting the name to the name of an existing getter, or defining a getter or field named 'journalDao'.
        final journalDao = _database.journalDao;
                                     ^^^^^^^^^^
  lib/features/offline/infrastructure/sync/conflict_resolver_impl.dart:460:36: Error: The getter 'journalDao' isn't defined for the type 'AppDatabase'.
   - 'AppDatabase' is from 'package:soloadventurer/features/offline/infrastructure/database/database.dart' ('lib/features/offline/infrastructure/database/database.dart').
  Try correcting the name to the name of an existing getter, or defining a getter or field named 'journalDao'.
        final journalDao = _database.journalDao;
                                     ^^^^^^^^^^
  lib/features/offline/infrastructure/sync/conflict_resolver_impl.dart:485:33: Error: The getter 'userDao' isn't defined for the type 'AppDatabase'.
   - 'AppDatabase' is from 'package:soloadventurer/features/offline/infrastructure/database/database.dart' ('lib/features/offline/infrastructure/database/database.dart').
  Try correcting the name to the name of an existing getter, or defining a getter or field named 'userDao'.
        final userDao = _database.userDao;
                                  ^^^^^^^
  lib/features/offline/infrastructure/sync/conflict_resolver_impl.dart:508:33: Error: The getter 'userDao' isn't defined for the type 'AppDatabase'.
   - 'AppDatabase' is from 'package:soloadventurer/features/offline/infrastructure/database/database.dart' ('lib/features/offline/infrastructure/database/database.dart').
  Try correcting the name to the name of an existing getter, or defining a getter or field named 'userDao'.
        final userDao = _database.userDao;
                                  ^^^^^^^
  lib/features/offline/infrastructure/sync/download_sync.dart:254:33: Error: The getter 'tripDao' isn't defined for the type 'AppDatabase'.
   - 'AppDatabase' is from 'package:soloadventurer/features/offline/infrastructure/database/database.dart' ('lib/features/offline/infrastructure/database/database.dart').
  Try correcting the name to the name of an existing getter, or defining a getter or field named 'tripDao'.
        final tripDao = _database.tripDao;
                                  ^^^^^^^
  lib/features/offline/infrastructure/sync/download_sync.dart:372:33: Error: The getter 'tripDao' isn't defined for the type 'AppDatabase'.
   - 'AppDatabase' is from 'package:soloadventurer/features/offline/infrastructure/database/database.dart' ('lib/features/offline/infrastructure/database/database.dart').
  Try correcting the name to the name of an existing getter, or defining a getter or field named 'tripDao'.
        final tripDao = _database.tripDao;
                                  ^^^^^^^
  lib/features/offline/infrastructure/sync/download_sync.dart:430:40: Error: The getter 'journalDao' isn't defined for the type 'AppDatabase'.
   - 'AppDatabase' is from 'package:soloadventurer/features/offline/infrastructure/database/database.dart' ('lib/features/offline/infrastructure/database/database.dart').
  Try correcting the name to the name of an existing getter, or defining a getter or field named 'journalDao'.
            final journalDao = _database.journalDao;
                                         ^^^^^^^^^^
  lib/features/offline/infrastructure/sync/download_sync.dart:568:33: Error: The getter 'userDao' isn't defined for the type 'AppDatabase'.
   - 'AppDatabase' is from 'package:soloadventurer/features/offline/infrastructure/database/database.dart' ('lib/features/offline/infrastructure/database/database.dart').
  Try correcting the name to the name of an existing getter, or defining a getter or field named 'userDao'.
        final userDao = _database.userDao;
                                  ^^^^^^^
  lib/features/offline/infrastructure/sync/download_sync.dart:677:17: Error: No named parameter with the name 'userId'.
                  userId: userId,
                  ^^^^^^
  lib/features/offline/infrastructure/database/database.g.dart:3735:3: Context: Found this candidate, but the arguments don't match.
    SyncMetadataTableCompanion.insert({
    ^^^^^^^^^^^^^^^^^^^^^^^^^^^^^^^^^
  lib/features/offline/infrastructure/sync/download_sync.dart:669:40: Error: The getter 'userId' isn't defined for the type '$SyncMetadataTableTable'.
   - '$SyncMetadataTableTable' is from 'package:soloadventurer/features/offline/infrastructure/database/database.dart' ('lib/features/offline/infrastructure/database/database.dart').
  Try correcting the name to the name of an existing getter, or defining a getter or field named 'userId'.
                    ..where((tbl) => tbl.userId.equals(userId)))
                                         ^^^^^^
  lib/features/offline/infrastructure/sync/download_sync.dart:687:24: Error: The method 'SyncMetadataTable' isn't defined for the type 'DownloadSync'.
   - 'DownloadSync' is from 'package:soloadventurer/features/offline/infrastructure/sync/download_sync.dart' ('lib/features/offline/infrastructure/sync/download_sync.dart').
  Try correcting the name to the name of an existing method, or defining a method named 'SyncMetadataTable'.
                .replace(SyncMetadataTable(
                         ^^^^^^^^^^^^^^^^^
  lib/features/offline/infrastructure/sync/download_sync.dart:688:30: Error: The getter 'id' isn't defined for the type 'SyncMetadata'.
   - 'SyncMetadata' is from 'package:soloadventurer/features/offline/infrastructure/database/database.dart' ('lib/features/offline/infrastructure/database/database.dart').
  Try correcting the name to the name of an existing getter, or defining a getter or field named 'id'.
                  id: metadata.id,
                               ^^
  lib/features/offline/infrastructure/sync/download_sync.dart:775:7: Error: No named parameter with the name 'firstName'.
        firstName: Value(serverUser['firstName'] as String?),
        ^^^^^^^^^
  lib/features/offline/infrastructure/database/database.g.dart:2407:9: Context: Found this candidate, but the arguments don't match.
    const UsersCompanion({
          ^^^^^^^^^^^^^^
  lib/features/offline/infrastructure/sync/incremental_sync.dart:262:38: Error: Required named parameter 'userId' must be provided.
          return syncIncrementalChanges(
                                       ^
  lib/features/offline/infrastructure/sync/incremental_sync.dart:286:40: Error: The getter 'userId' isn't defined for the type '$SyncMetadataTableTable'.
   - '$SyncMetadataTableTable' is from 'package:soloadventurer/features/offline/infrastructure/database/database.dart' ('lib/features/offline/infrastructure/database/database.dart').
  Try correcting the name to the name of an existing getter, or defining a getter or field named 'userId'.
                    ..where((tbl) => tbl.userId.equals(userId)))
                                         ^^^^^^
  lib/features/offline/infrastructure/sync/incremental_sync.dart:290:32: Error: The getter 'lastIncrementalSyncAt' isn't defined for the type 'SyncMetadata'.
   - 'SyncMetadata' is from 'package:soloadventurer/features/offline/infrastructure/database/database.dart' ('lib/features/offline/infrastructure/database/database.dart').
  Try correcting the name to the name of an existing getter, or defining a getter or field named 'lastIncrementalSyncAt'.
              metadataList.first.lastIncrementalSyncAt == null) {
                                 ^^^^^^^^^^^^^^^^^^^^^
  lib/features/offline/infrastructure/sync/incremental_sync.dart:309:34: Error: The getter 'userId' isn't defined for the type '$SyncMetadataTableTable'.
   - '$SyncMetadataTableTable' is from 'package:soloadventurer/features/offline/infrastructure/database/database.dart' ('lib/features/offline/infrastructure/database/database.dart').
  Try correcting the name to the name of an existing getter, or defining a getter or field named 'userId'.
              ..where((tbl) => tbl.userId.equals(userId)))
                                   ^^^^^^
  lib/features/offline/infrastructure/sync/incremental_sync.dart:316:33: Error: The getter 'lastIncrementalSyncAt' isn't defined for the type 'SyncMetadata'.
   - 'SyncMetadata' is from 'package:soloadventurer/features/offline/infrastructure/database/database.dart' ('lib/features/offline/infrastructure/database/database.dart').
  Try correcting the name to the name of an existing getter, or defining a getter or field named 'lastIncrementalSyncAt'.
        return metadataList.first.lastIncrementalSyncAt;
                                  ^^^^^^^^^^^^^^^^^^^^^
  lib/features/offline/infrastructure/sync/incremental_sync.dart:389:33: Error: The getter 'tripDao' isn't defined for the type 'AppDatabase'.
   - 'AppDatabase' is from 'package:soloadventurer/features/offline/infrastructure/database/database.dart' ('lib/features/offline/infrastructure/database/database.dart').
  Try correcting the name to the name of an existing getter, or defining a getter or field named 'tripDao'.
        final tripDao = _database.tripDao;
                                  ^^^^^^^
  lib/features/offline/infrastructure/sync/incremental_sync.dart:553:31: Error: The getter 'tripDao' isn't defined for the type 'AppDatabase'.
   - 'AppDatabase' is from 'package:soloadventurer/features/offline/infrastructure/database/database.dart' ('lib/features/offline/infrastructure/database/database.dart').
  Try correcting the name to the name of an existing getter, or defining a getter or field named 'tripDao'.
      final tripDao = _database.tripDao;
                                ^^^^^^^
  lib/features/offline/infrastructure/sync/incremental_sync.dart:605:34: Error: The getter 'journalDao' isn't defined for the type 'AppDatabase'.
   - 'AppDatabase' is from 'package:soloadventurer/features/offline/infrastructure/database/database.dart' ('lib/features/offline/infrastructure/database/database.dart').
  Try correcting the name to the name of an existing getter, or defining a getter or field named 'journalDao'.
      final journalDao = _database.journalDao;
                                   ^^^^^^^^^^
  lib/features/offline/infrastructure/sync/incremental_sync.dart:660:31: Error: The getter 'userDao' isn't defined for the type 'AppDatabase'.
   - 'AppDatabase' is from 'package:soloadventurer/features/offline/infrastructure/database/database.dart' ('lib/features/offline/infrastructure/database/database.dart').
  Try correcting the name to the name of an existing getter, or defining a getter or field named 'userDao'.
      final userDao = _database.userDao;
                                ^^^^^^^
  lib/features/offline/infrastructure/sync/incremental_sync.dart:727:17: Error: No named parameter with the name 'userId'.
                  userId: userId,
                  ^^^^^^
  lib/features/offline/infrastructure/database/database.g.dart:3723:9: Context: Found this candidate, but the arguments don't match.
    const SyncMetadataTableCompanion({
          ^^^^^^^^^^^^^^^^^^^^^^^^^^
  lib/features/offline/infrastructure/sync/incremental_sync.dart:719:40: Error: The getter 'userId' isn't defined for the type '$SyncMetadataTableTable'.
   - '$SyncMetadataTableTable' is from 'package:soloadventurer/features/offline/infrastructure/database/database.dart' ('lib/features/offline/infrastructure/database/database.dart').
  Try correcting the name to the name of an existing getter, or defining a getter or field named 'userId'.
                    ..where((tbl) => tbl.userId.equals(userId)))
                                         ^^^^^^
  lib/features/offline/infrastructure/sync/incremental_sync.dart:739:24: Error: The method 'SyncMetadataTable' isn't defined for the type 'IncrementalSync'.
   - 'IncrementalSync' is from 'package:soloadventurer/features/offline/infrastructure/sync/incremental_sync.dart' ('lib/features/offline/infrastructure/sync/incremental_sync.dart').
  Try correcting the name to the name of an existing method, or defining a method named 'SyncMetadataTable'.
                .replace(SyncMetadataTable(
                         ^^^^^^^^^^^^^^^^^
  lib/features/offline/infrastructure/sync/incremental_sync.dart:740:30: Error: The getter 'id' isn't defined for the type 'SyncMetadata'.
   - 'SyncMetadata' is from 'package:soloadventurer/features/offline/infrastructure/database/database.dart' ('lib/features/offline/infrastructure/database/database.dart').
  Try correcting the name to the name of an existing getter, or defining a getter or field named 'id'.
                  id: metadata.id,
                               ^^
  lib/features/offline/infrastructure/sync/incremental_sync.dart:746:54: Error: The getter 'lastIncrementalSyncAt' isn't defined for the type 'SyncMetadata'.
   - 'SyncMetadata' is from 'package:soloadventurer/features/offline/infrastructure/database/database.dart' ('lib/features/offline/infrastructure/database/database.dart').
  Try correcting the name to the name of an existing getter, or defining a getter or field named 'lastIncrementalSyncAt'.
                      usedIncremental ? now : metadata.lastIncrementalSyncAt,
                                                       ^^^^^^^^^^^^^^^^^^^^^
  lib/features/offline/infrastructure/sync/incremental_sync.dart:891:7: Error: No named parameter with the name 'firstName'.
        firstName: Value(serverUser['firstName'] as String?),
        ^^^^^^^^^
  lib/features/offline/infrastructure/database/database.g.dart:2407:9: Context: Found this candidate, but the arguments don't match.
    const UsersCompanion({
          ^^^^^^^^^^^^^^
  lib/features/offline/infrastructure/sync/offline_interceptor.dart:348:21: Error: The method 'call' isn't defined for the type 'Future<T>'.
   - 'Future' is from 'dart:async'.
  Try correcting the name to the name of an existing method, or defining a method named 'call'.
        await executor();
                      ^
  lib/features/offline/infrastructure/sync/offline_interceptor.dart:352:26: Error: The method 'call' isn't defined for the type 'Future<void>'.
   - 'Future' is from 'dart:async'.
  Try correcting the name to the name of an existing method, or defining a method named 'call'.
          await localUpdate();
                           ^
  lib/features/offline/infrastructure/sync/offline_interceptor.dart:382:24: Error: The method 'call' isn't defined for the type 'Future<void>'.
   - 'Future' is from 'dart:async'.
  Try correcting the name to the name of an existing method, or defining a method named 'call'.
        await localUpdate();
                         ^
  lib/features/offline/infrastructure/sync/mutation_interceptor.dart:263:66: Error: The argument type 'ErrorInterceptorHandler' can't be assigned to the parameter type 'RequestInterceptorHandler'.
   - 'ErrorInterceptorHandler' is from 'package:dio/src/dio_mixin.dart' ('../.pub-cache/hosted/pub.dev/dio-5.8.0+1/lib/src/dio_mixin.dart').
   - 'RequestInterceptorHandler' is from 'package:dio/src/dio_mixin.dart' ('../.pub-cache/hosted/pub.dev/dio-5.8.0+1/lib/src/dio_mixin.dart').
        await _handleOfflineMutation(metadata, err.requestOptions, handler);
                                                                   ^
  lib/features/profile/data/repositories/profile_repository_impl.dart:444:15: Error: The method '_queueOperation' isn't defined for the type 'ProfileRepositoryImpl'.
   - 'ProfileRepositoryImpl' is from 'package:soloadventurer/features/profile/data/repositories/profile_repository_impl.dart' ('lib/features/profile/data/repositories/profile_repository_impl.dart').
  Try correcting the name to the name of an existing method, or defining a method named '_queueOperation'.
          await _queueOperation(
                ^^^^^^^^^^^^^^^
  lib/features/profile/data/repositories/profile_repository_impl.dart:447:22: Error: The getter 'SyncOperationType' isn't defined for the type 'ProfileRepositoryImpl'.
   - 'ProfileRepositoryImpl' is from 'package:soloadventurer/features/profile/data/repositories/profile_repository_impl.dart' ('lib/features/profile/data/repositories/profile_repository_impl.dart').
  Try correcting the name to the name of an existing getter, or defining a getter or field named 'SyncOperationType'.
            operation: SyncOperationType.update,
                       ^^^^^^^^^^^^^^^^^
  lib/features/profile/data/repositories/profile_repository_impl.dart:490:39: Error: Not a constant expression.
          final preferencesJson = const JsonEncoder().convert(preferences);
                                        ^^^^^^^^^^^
  lib/features/profile/data/repositories/profile_repository_impl.dart:502:15: Error: The method '_queueOperation' isn't defined for the type 'ProfileRepositoryImpl'.
   - 'ProfileRepositoryImpl' is from 'package:soloadventurer/features/profile/data/repositories/profile_repository_impl.dart' ('lib/features/profile/data/repositories/profile_repository_impl.dart').
  Try correcting the name to the name of an existing method, or defining a method named '_queueOperation'.
          await _queueOperation(
                ^^^^^^^^^^^^^^^
  lib/features/profile/data/repositories/profile_repository_impl.dart:505:22: Error: The getter 'SyncOperationType' isn't defined for the type 'ProfileRepositoryImpl'.
   - 'ProfileRepositoryImpl' is from 'package:soloadventurer/features/profile/data/repositories/profile_repository_impl.dart' ('lib/features/profile/data/repositories/profile_repository_impl.dart').
  Try correcting the name to the name of an existing getter, or defining a getter or field named 'SyncOperationType'.
            operation: SyncOperationType.update,
                       ^^^^^^^^^^^^^^^^^
  lib/features/profile/data/repositories/profile_repository_impl.dart:548:37: Error: Not a constant expression.
          final interestsJson = const JsonEncoder().convert(interests);
                                      ^^^^^^^^^^^
  lib/features/profile/data/repositories/profile_repository_impl.dart:560:15: Error: The method '_queueOperation' isn't defined for the type 'ProfileRepositoryImpl'.
   - 'ProfileRepositoryImpl' is from 'package:soloadventurer/features/profile/data/repositories/profile_repository_impl.dart' ('lib/features/profile/data/repositories/profile_repository_impl.dart').
  Try correcting the name to the name of an existing method, or defining a method named '_queueOperation'.
          await _queueOperation(
                ^^^^^^^^^^^^^^^
  lib/features/profile/data/repositories/profile_repository_impl.dart:563:22: Error: The getter 'SyncOperationType' isn't defined for the type 'ProfileRepositoryImpl'.
   - 'ProfileRepositoryImpl' is from 'package:soloadventurer/features/profile/data/repositories/profile_repository_impl.dart' ('lib/features/profile/data/repositories/profile_repository_impl.dart').
  Try correcting the name to the name of an existing getter, or defining a getter or field named 'SyncOperationType'.
            operation: SyncOperationType.update,
                       ^^^^^^^^^^^^^^^^^
  lib/features/profile/data/repositories/profile_repository_impl.dart:617:15: Error: The method '_queueOperation' isn't defined for the type 'ProfileRepositoryImpl'.
   - 'ProfileRepositoryImpl' is from 'package:soloadventurer/features/profile/data/repositories/profile_repository_impl.dart' ('lib/features/profile/data/repositories/profile_repository_impl.dart').
  Try correcting the name to the name of an existing method, or defining a method named '_queueOperation'.
          await _queueOperation(
                ^^^^^^^^^^^^^^^
  lib/features/profile/data/repositories/profile_repository_impl.dart:620:22: Error: The getter 'SyncOperationType' isn't defined for the type 'ProfileRepositoryImpl'.
   - 'ProfileRepositoryImpl' is from 'package:soloadventurer/features/profile/data/repositories/profile_repository_impl.dart' ('lib/features/profile/data/repositories/profile_repository_impl.dart').
  Try correcting the name to the name of an existing getter, or defining a getter or field named 'SyncOperationType'.
            operation: SyncOperationType.update,
                       ^^^^^^^^^^^^^^^^^
  lib/features/profile/domain/usecases/update_profile_use_case.dart:12:56: Error: A value of type 'Future<RepositoryOperationResult<Profile>>' can't be returned from a function with return type 'Future<Profile>'.
   - 'Future' is from 'dart:async'.
   - 'RepositoryOperationResult' is from 'package:soloadventurer/features/offline/data/repositories/offline_aware_repository.dart' ('lib/features/offline/data/repositories/offline_aware_repository.dart').
   - 'Profile' is from 'package:soloadventurer/features/profile/domain/entities/profile.dart' ('lib/features/profile/domain/entities/profile.dart').
    Future<Profile> call(Profile profile) => _repository.updateProfile(profile);
                                                         ^
  lib/features/profile/domain/usecases/update_profile_use_case.dart:16:19: Error: A value of type 'Future<RepositoryOperationResult<Profile>>' can't be returned from a function with return type 'Future<Profile>'.
   - 'Future' is from 'dart:async'.
   - 'RepositoryOperationResult' is from 'package:soloadventurer/features/offline/data/repositories/offline_aware_repository.dart' ('lib/features/offline/data/repositories/offline_aware_repository.dart').
   - 'Profile' is from 'package:soloadventurer/features/profile/domain/entities/profile.dart' ('lib/features/profile/domain/entities/profile.dart').
        _repository.updateProfileFields(userId, fields);
                    ^
  lib/features/profile/domain/usecases/manage_avatar_use_case.dart:12:19: Error: A value of type 'Future<RepositoryOperationResult<String>>' can't be returned from a function with return type 'Future<String>'.
   - 'Future' is from 'dart:async'.
   - 'RepositoryOperationResult' is from 'package:soloadventurer/features/offline/data/repositories/offline_aware_repository.dart' ('lib/features/offline/data/repositories/offline_aware_repository.dart').
        _repository.uploadAvatar(userId, filePath);
                    ^
  lib/features/profile/domain/usecases/create_profile_use_case.dart:12:56: Error: A value of type 'Future<RepositoryOperationResult<Profile>>' can't be returned from a function with return type 'Future<Profile>'.
   - 'Future' is from 'dart:async'.
   - 'RepositoryOperationResult' is from 'package:soloadventurer/features/offline/data/repositories/offline_aware_repository.dart' ('lib/features/offline/data/repositories/offline_aware_repository.dart').
   - 'Profile' is from 'package:soloadventurer/features/profile/domain/entities/profile.dart' ('lib/features/profile/domain/entities/profile.dart').
    Future<Profile> call(Profile profile) => _repository.createProfile(profile);
                                                         ^
  lib/features/safety/data/repositories/safety_providers.dart:13:10: Error: Method not found: 'SafetyLocalDataSourceImpl'.
    return SafetyLocalDataSourceImpl();
           ^^^^^^^^^^^^^^^^^^^^^^^^^
  lib/features/safety/data/repositories/safety_providers.dart:20:10: Error: Method not found: 'MockSafetyRemoteDataSource'.
    return MockSafetyRemoteDataSource();
           ^^^^^^^^^^^^^^^^^^^^^^^^^^
  lib/features/safety/presentation/notifiers/check_in_notifier.dart:96:27: Error: The argument type 'List<String>?' can't be assigned to the parameter type 'List<String>'.
   - 'List' is from 'dart:core'.
          notifyContactIds: notifyContactIds,
                            ^
  lib/features/profile/data/models/local_user_profile_model.dart:94:22: Error: Couldn't find constructor 'JsonDecoder'.
              ? (const JsonDecoder().convert(interestsJson) as List<dynamic>)
                       ^^^^^^^^^^^
  lib/features/profile/data/models/local_user_profile_model.dart:102:18: Error: Couldn't find constructor 'JsonDecoder'.
          ? (const JsonDecoder().convert(preferencesJson) as Map<String, dynamic>)
                   ^^^^^^^^^^^
  lib/features/profile/data/models/local_user_profile_model.dart:180:40: Error: Not a constant expression.
            interests.isNotEmpty ? const JsonEncoder().convert(interests) : null,
                                         ^^^^^^^^^^^
  lib/features/profile/data/models/local_user_profile_model.dart:182:19: Error: Not a constant expression.
            ? const JsonEncoder().convert(preferences)
                    ^^^^^^^^^^^
  .

To run this test again: /opt/homebrew/Caskroom/flutter/3.32.5/flutter/bin/cache/dart-sdk/bin/dart test /Users/anthonyforan/SoloAdventurer_app/test/features/auth/presentation/screens/login_screen_test.dart -p vm --plain-name 'loading /Users/anthonyforan/SoloAdventurer_app/test/features/auth/presentation/screens/login_screen_test.dart'
lib/features/recommendations/domain/entities/recommendation.dart:27:14: Error: Type 'PlaceActivity' not found.
    required PlaceActivity activity,
             ^^^^^^^^^^^^^
lib/features/recommendations/domain/entities/recommendation.freezed.dart:20:3: Error: Type 'PlaceActivity' not found.
  PlaceActivity get activity => throw _privateConstructorUsedError;
  ^^^^^^^^^^^^^
lib/features/recommendations/domain/entities/recommendation.freezed.dart:44:7: Error: Type 'PlaceActivity' not found.
      PlaceActivity activity,
      ^^^^^^^^^^^^^
lib/features/recommendations/domain/entities/recommendation.freezed.dart:138:7: Error: Type 'PlaceActivity' not found.
      PlaceActivity activity,
      ^^^^^^^^^^^^^
lib/features/recommendations/domain/entities/recommendation.freezed.dart:228:9: Error: Type 'PlaceActivity' not found.
  final PlaceActivity activity;
        ^^^^^^^^^^^^^
lib/features/recommendations/domain/entities/recommendation.freezed.dart:295:22: Error: Type 'PlaceActivity' not found.
      required final PlaceActivity activity,
                     ^^^^^^^^^^^^^
lib/features/recommendations/domain/entities/recommendation.freezed.dart:307:3: Error: Type 'PlaceActivity' not found.
  PlaceActivity get activity;
  ^^^^^^^^^^^^^
test/features/recommendations/data/datasources/recommendation_local_data_source_test.dart:60:31: Error: The getter 'name' isn't defined for the type 'PersonalizedRecommendation'.
 - 'PersonalizedRecommendation' is from 'package:soloadventurer/features/recommendations/domain/entities/recommendation.dart' ('lib/features/recommendations/domain/entities/recommendation.dart').
Try correcting the name to the name of an existing getter, or defining a getter or field named 'name'.
      expect(user1Saved.first.name, 'Place for User 1',
                              ^^^^
test/features/recommendations/data/datasources/recommendation_local_data_source_test.dart:62:31: Error: The getter 'name' isn't defined for the type 'PersonalizedRecommendation'.
 - 'PersonalizedRecommendation' is from 'package:soloadventurer/features/recommendations/domain/entities/recommendation.dart' ('lib/features/recommendations/domain/entities/recommendation.dart').
Try correcting the name to the name of an existing getter, or defining a getter or field named 'name'.
      expect(user2Saved.first.name, 'Place for User 2',
                              ^^^^
test/features/recommendations/data/datasources/recommendation_local_data_source_test.dart:271:26: Error: The getter 'name' isn't defined for the type 'PersonalizedRecommendation'.
 - 'PersonalizedRecommendation' is from 'package:soloadventurer/features/recommendations/domain/entities/recommendation.dart' ('lib/features/recommendations/domain/entities/recommendation.dart').
Try correcting the name to the name of an existing getter, or defining a getter or field named 'name'.
      expect(saved.first.name, 'Updated Name',
                         ^^^^
lib/features/recommendations/domain/entities/recommendation.dart:27:14: Error: 'PlaceActivity' isn't a type.
    required PlaceActivity activity,
             ^^^^^^^^^^^^^
lib/features/recommendations/domain/entities/recommendation.freezed.dart:44:7: Error: 'PlaceActivity' isn't a type.
      PlaceActivity activity,
      ^^^^^^^^^^^^^
lib/features/recommendations/domain/entities/recommendation.freezed.dart:88:18: Error: 'PlaceActivity' isn't a type.
              as PlaceActivity,
                 ^^^^^^^^^^^^^
lib/features/recommendations/domain/entities/recommendation.freezed.dart:138:7: Error: 'PlaceActivity' isn't a type.
      PlaceActivity activity,
      ^^^^^^^^^^^^^
lib/features/recommendations/domain/entities/recommendation.freezed.dart:182:18: Error: 'PlaceActivity' isn't a type.
              as PlaceActivity,
                 ^^^^^^^^^^^^^
lib/features/recommendations/domain/entities/recommendation.freezed.dart:228:9: Error: 'PlaceActivity' isn't a type.
  final PlaceActivity activity;
        ^^^^^^^^^^^^^
lib/features/recommendations/domain/entities/recommendation.freezed.dart:295:22: Error: 'PlaceActivity' isn't a type.
      required final PlaceActivity activity,
                     ^^^^^^^^^^^^^
00:53 +131 -53: loading /Users/anthonyforan/SoloAdventurer_app/test/features/recommendations/data/datasources/recommendation_local_data_source_test.dart [E]                                           
  Failed to load "/Users/anthonyforan/SoloAdventurer_app/test/features/recommendations/data/datasources/recommendation_local_data_source_test.dart":
  Compilation failed for testPath=/Users/anthonyforan/SoloAdventurer_app/test/features/recommendations/data/datasources/recommendation_local_data_source_test.dart: lib/features/recommendations/domain/entities/recommendation.dart:27:14: Error: Type 'PlaceActivity' not found.
      required PlaceActivity activity,
               ^^^^^^^^^^^^^
  lib/features/recommendations/domain/entities/recommendation.freezed.dart:20:3: Error: Type 'PlaceActivity' not found.
    PlaceActivity get activity => throw _privateConstructorUsedError;
    ^^^^^^^^^^^^^
  lib/features/recommendations/domain/entities/recommendation.freezed.dart:44:7: Error: Type 'PlaceActivity' not found.
        PlaceActivity activity,
        ^^^^^^^^^^^^^
  lib/features/recommendations/domain/entities/recommendation.freezed.dart:138:7: Error: Type 'PlaceActivity' not found.
        PlaceActivity activity,
        ^^^^^^^^^^^^^
  lib/features/recommendations/domain/entities/recommendation.freezed.dart:228:9: Error: Type 'PlaceActivity' not found.
    final PlaceActivity activity;
          ^^^^^^^^^^^^^
  lib/features/recommendations/domain/entities/recommendation.freezed.dart:295:22: Error: Type 'PlaceActivity' not found.
        required final PlaceActivity activity,
                       ^^^^^^^^^^^^^
  lib/features/recommendations/domain/entities/recommendation.freezed.dart:307:3: Error: Type 'PlaceActivity' not found.
    PlaceActivity get activity;
    ^^^^^^^^^^^^^
  test/features/recommendations/data/datasources/recommendation_local_data_source_test.dart:60:31: Error: The getter 'name' isn't defined for the type 'PersonalizedRecommendation'.
   - 'PersonalizedRecommendation' is from 'package:soloadventurer/features/recommendations/domain/entities/recommendation.dart' ('lib/features/recommendations/domain/entities/recommendation.dart').
  Try correcting the name to the name of an existing getter, or defining a getter or field named 'name'.
        expect(user1Saved.first.name, 'Place for User 1',
                                ^^^^
  test/features/recommendations/data/datasources/recommendation_local_data_source_test.dart:62:31: Error: The getter 'name' isn't defined for the type 'PersonalizedRecommendation'.
   - 'PersonalizedRecommendation' is from 'package:soloadventurer/features/recommendations/domain/entities/recommendation.dart' ('lib/features/recommendations/domain/entities/recommendation.dart').
  Try correcting the name to the name of an existing getter, or defining a getter or field named 'name'.
        expect(user2Saved.first.name, 'Place for User 2',
                                ^^^^
  test/features/recommendations/data/datasources/recommendation_local_data_source_test.dart:271:26: Error: The getter 'name' isn't defined for the type 'PersonalizedRecommendation'.
   - 'PersonalizedRecommendation' is from 'package:soloadventurer/features/recommendations/domain/entities/recommendation.dart' ('lib/features/recommendations/domain/entities/recommendation.dart').
  Try correcting the name to the name of an existing getter, or defining a getter or field named 'name'.
        expect(saved.first.name, 'Updated Name',
                           ^^^^
  lib/features/recommendations/domain/entities/recommendation.dart:27:14: Error: 'PlaceActivity' isn't a type.
      required PlaceActivity activity,
               ^^^^^^^^^^^^^
  lib/features/recommendations/domain/entities/recommendation.freezed.dart:44:7: Error: 'PlaceActivity' isn't a type.
        PlaceActivity activity,
        ^^^^^^^^^^^^^
  lib/features/recommendations/domain/entities/recommendation.freezed.dart:88:18: Error: 'PlaceActivity' isn't a type.
                as PlaceActivity,
                   ^^^^^^^^^^^^^
  lib/features/recommendations/domain/entities/recommendation.freezed.dart:138:7: Error: 'PlaceActivity' isn't a type.
        PlaceActivity activity,
        ^^^^^^^^^^^^^
  lib/features/recommendations/domain/entities/recommendation.freezed.dart:182:18: Error: 'PlaceActivity' isn't a type.
                as PlaceActivity,
                   ^^^^^^^^^^^^^
  lib/features/recommendations/domain/entities/recommendation.freezed.dart:228:9: Error: 'PlaceActivity' isn't a type.
    final PlaceActivity activity;
          ^^^^^^^^^^^^^
  lib/features/recommendations/domain/entities/recommendation.freezed.dart:295:22: Error: 'PlaceActivity' isn't a type.
        required final PlaceActivity activity,
                       ^^^^^^^^^^^^^
  .

To run this test again: /opt/homebrew/Caskroom/flutter/3.32.5/flutter/bin/cache/dart-sdk/bin/dart test /Users/anthonyforan/SoloAdventurer_app/test/features/recommendations/data/datasources/recommendation_local_data_source_test.dart -p vm --plain-name 'loading /Users/anthonyforan/SoloAdventurer_app/test/features/recommendations/data/datasources/recommendation_local_data_source_test.dart'
Error: Couldn't resolve the package 'dartz' in 'package:dartz/dartz.dart'.
test/features/recommendations/domain/repositories/recommendation_repository_impl_test.dart:1:8: Error: Not found: 'package:dartz/dartz.dart'
import 'package:dartz/dartz.dart';
       ^
lib/features/recommendations/data/repositories/recommendation_repository_impl.dart:1:8: Error: Not found: 'package:dartz/dartz.dart'
import 'package:dartz/dartz.dart';
       ^
lib/features/recommendations/domain/repositories/recommendation_repository.dart:1:8: Error: Not found: 'package:dartz/dartz.dart'
import 'package:dartz/dartz.dart';
       ^
lib/features/recommendations/data/repositories/recommendation_repository_impl.dart:18:10: Error: Type 'Either' not found.
  Future<Either<Failure, PersonalizedRecommendation>> saveRecommendation(
         ^^^^^^
lib/features/recommendations/data/repositories/recommendation_repository_impl.dart:36:10: Error: Type 'Either' not found.
  Future<Either<Failure, List<PersonalizedRecommendation>>>
         ^^^^^^
lib/features/recommendations/data/repositories/recommendation_repository_impl.dart:49:26: Error: Type 'Unit' not found.
  Future<Either<Failure, Unit>> dismissRecommendation(
                         ^^^^
lib/features/recommendations/data/repositories/recommendation_repository_impl.dart:49:10: Error: Type 'Either' not found.
  Future<Either<Failure, Unit>> dismissRecommendation(
         ^^^^^^
lib/features/recommendations/data/repositories/recommendation_repository_impl.dart:64:26: Error: Type 'Unit' not found.
  Future<Either<Failure, Unit>> recordFeedback(
                         ^^^^
lib/features/recommendations/data/repositories/recommendation_repository_impl.dart:64:10: Error: Type 'Either' not found.
  Future<Either<Failure, Unit>> recordFeedback(
         ^^^^^^
lib/features/recommendations/data/repositories/recommendation_repository_impl.dart:79:10: Error: Type 'Either' not found.
  Future<Either<Failure, Set<String>>> getDismissedRecommendations(
         ^^^^^^
lib/features/recommendations/data/repositories/recommendation_repository_impl.dart:94:10: Error: Type 'Either' not found.
  Future<Either<Failure, int>> clearOldDismissals({
         ^^^^^^
lib/features/recommendations/domain/entities/recommendation.dart:27:14: Error: Type 'PlaceActivity' not found.
    required PlaceActivity activity,
             ^^^^^^^^^^^^^
lib/features/recommendations/domain/entities/recommendation.freezed.dart:20:3: Error: Type 'PlaceActivity' not found.
  PlaceActivity get activity => throw _privateConstructorUsedError;
  ^^^^^^^^^^^^^
lib/features/recommendations/domain/entities/recommendation.freezed.dart:44:7: Error: Type 'PlaceActivity' not found.
      PlaceActivity activity,
      ^^^^^^^^^^^^^
lib/features/recommendations/domain/entities/recommendation.freezed.dart:138:7: Error: Type 'PlaceActivity' not found.
      PlaceActivity activity,
      ^^^^^^^^^^^^^
lib/features/recommendations/domain/entities/recommendation.freezed.dart:228:9: Error: Type 'PlaceActivity' not found.
  final PlaceActivity activity;
        ^^^^^^^^^^^^^
lib/features/recommendations/domain/entities/recommendation.freezed.dart:295:22: Error: Type 'PlaceActivity' not found.
      required final PlaceActivity activity,
                     ^^^^^^^^^^^^^
lib/features/recommendations/domain/entities/recommendation.freezed.dart:307:3: Error: Type 'PlaceActivity' not found.
  PlaceActivity get activity;
  ^^^^^^^^^^^^^
lib/features/recommendations/domain/repositories/recommendation_repository.dart:18:10: Error: Type 'Either' not found.
  Future<Either<Failure, PersonalizedRecommendation>> saveRecommendation(
         ^^^^^^
lib/features/recommendations/domain/repositories/recommendation_repository.dart:29:10: Error: Type 'Either' not found.
  Future<Either<Failure, List<PersonalizedRecommendation>>>
         ^^^^^^
lib/features/recommendations/domain/repositories/recommendation_repository.dart:42:26: Error: Type 'Unit' not found.
  Future<Either<Failure, Unit>> dismissRecommendation(
                         ^^^^
lib/features/recommendations/domain/repositories/recommendation_repository.dart:42:10: Error: Type 'Either' not found.
  Future<Either<Failure, Unit>> dismissRecommendation(
         ^^^^^^
lib/features/recommendations/domain/repositories/recommendation_repository.dart:54:26: Error: Type 'Unit' not found.
  Future<Either<Failure, Unit>> recordFeedback(
                         ^^^^
lib/features/recommendations/domain/repositories/recommendation_repository.dart:54:10: Error: Type 'Either' not found.
  Future<Either<Failure, Unit>> recordFeedback(
         ^^^^^^
lib/features/recommendations/domain/repositories/recommendation_repository.dart:65:10: Error: Type 'Either' not found.
  Future<Either<Failure, Set<String>>> getDismissedRecommendations(
         ^^^^^^
lib/features/recommendations/domain/repositories/recommendation_repository.dart:78:10: Error: Type 'Either' not found.
  Future<Either<Failure, int>> clearOldDismissals({
         ^^^^^^
test/features/recommendations/domain/repositories/recommendation_repository_impl_test.dart:38:43: Error: Member not found: 'foodTours'.
        matchedInterests: {TravelInterest.foodTours},
                                          ^^^^^^^^^
test/features/recommendations/domain/repositories/recommendation_repository_impl_test.dart:77:24: Error: Method not found: 'RepositoryException'.
            .thenThrow(RepositoryException('Save failed'));
                       ^^^^^^^^^^^^^^^^^^^
test/features/recommendations/domain/repositories/recommendation_repository_impl_test.dart:162:24: Error: Method not found: 'RepositoryException'.
            .thenThrow(RepositoryException('Fetch failed'));
                       ^^^^^^^^^^^^^^^^^^^
test/features/recommendations/domain/repositories/recommendation_repository_impl_test.dart:195:31: Error: Undefined name 'unit'.
            expect(unitValue, unit);
                              ^^^^
test/features/recommendations/domain/repositories/recommendation_repository_impl_test.dart:208:24: Error: Method not found: 'RepositoryException'.
            .thenThrow(RepositoryException('Dismiss failed'));
                       ^^^^^^^^^^^^^^^^^^^
test/features/recommendations/domain/repositories/recommendation_repository_impl_test.dart:229:26: Error: Undefined name 'RecommendationFeedback'.
        const feedback = RecommendationFeedback.helpful;
                         ^^^^^^^^^^^^^^^^^^^^^^
test/features/recommendations/domain/repositories/recommendation_repository_impl_test.dart:246:26: Error: Undefined name 'RecommendationFeedback'.
        const feedback = RecommendationFeedback.notHelpful;
                         ^^^^^^^^^^^^^^^^^^^^^^
test/features/recommendations/domain/repositories/recommendation_repository_impl_test.dart:248:24: Error: Method not found: 'RepositoryException'.
            .thenThrow(RepositoryException('Feedback failed'));
                       ^^^^^^^^^^^^^^^^^^^
test/features/recommendations/domain/repositories/recommendation_repository_impl_test.dart:375:22: Error: Method not found: 'RepositoryException'.
        )).thenThrow(RepositoryException('Clear failed'));
                     ^^^^^^^^^^^^^^^^^^^
lib/features/recommendations/data/repositories/recommendation_repository_impl.dart:28:10: Error: 'RepositoryException' isn't a type.
    } on RepositoryException catch (e) {
         ^^^^^^^^^^^^^^^^^^^
lib/features/recommendations/data/repositories/recommendation_repository_impl.dart:27:14: Error: The method 'right' isn't defined for the type 'RecommendationRepositoryImpl'.
 - 'RecommendationRepositoryImpl' is from 'package:soloadventurer/features/recommendations/data/repositories/recommendation_repository_impl.dart' ('lib/features/recommendations/data/repositories/recommendation_repository_impl.dart').
Try correcting the name to the name of an existing method, or defining a method named 'right'.
      return right(saved);
             ^^^^^
lib/features/recommendations/data/repositories/recommendation_repository_impl.dart:29:14: Error: The method 'left' isn't defined for the type 'RecommendationRepositoryImpl'.
 - 'RecommendationRepositoryImpl' is from 'package:soloadventurer/features/recommendations/data/repositories/recommendation_repository_impl.dart' ('lib/features/recommendations/data/repositories/recommendation_repository_impl.dart').
Try correcting the name to the name of an existing method, or defining a method named 'left'.
      return left(Failure.cache(message: e.message));
             ^^^^
lib/features/recommendations/data/repositories/recommendation_repository_impl.dart:31:14: Error: The method 'left' isn't defined for the type 'RecommendationRepositoryImpl'.
 - 'RecommendationRepositoryImpl' is from 'package:soloadventurer/features/recommendations/data/repositories/recommendation_repository_impl.dart' ('lib/features/recommendations/data/repositories/recommendation_repository_impl.dart').
Try correcting the name to the name of an existing method, or defining a method named 'left'.
      return left(Failure.unknown(message: e.toString()));
             ^^^^
lib/features/recommendations/data/repositories/recommendation_repository_impl.dart:41:10: Error: 'RepositoryException' isn't a type.
    } on RepositoryException catch (e) {
         ^^^^^^^^^^^^^^^^^^^
lib/features/recommendations/data/repositories/recommendation_repository_impl.dart:40:14: Error: The method 'right' isn't defined for the type 'RecommendationRepositoryImpl'.
 - 'RecommendationRepositoryImpl' is from 'package:soloadventurer/features/recommendations/data/repositories/recommendation_repository_impl.dart' ('lib/features/recommendations/data/repositories/recommendation_repository_impl.dart').
Try correcting the name to the name of an existing method, or defining a method named 'right'.
      return right(saved);
             ^^^^^
lib/features/recommendations/data/repositories/recommendation_repository_impl.dart:42:14: Error: The method 'left' isn't defined for the type 'RecommendationRepositoryImpl'.
 - 'RecommendationRepositoryImpl' is from 'package:soloadventurer/features/recommendations/data/repositories/recommendation_repository_impl.dart' ('lib/features/recommendations/data/repositories/recommendation_repository_impl.dart').
Try correcting the name to the name of an existing method, or defining a method named 'left'.
      return left(Failure.cache(message: e.message));
             ^^^^
lib/features/recommendations/data/repositories/recommendation_repository_impl.dart:44:14: Error: The method 'left' isn't defined for the type 'RecommendationRepositoryImpl'.
 - 'RecommendationRepositoryImpl' is from 'package:soloadventurer/features/recommendations/data/repositories/recommendation_repository_impl.dart' ('lib/features/recommendations/data/repositories/recommendation_repository_impl.dart').
Try correcting the name to the name of an existing method, or defining a method named 'left'.
      return left(Failure.unknown(message: e.toString()));
             ^^^^
lib/features/recommendations/data/repositories/recommendation_repository_impl.dart:56:10: Error: 'RepositoryException' isn't a type.
    } on RepositoryException catch (e) {
         ^^^^^^^^^^^^^^^^^^^
lib/features/recommendations/data/repositories/recommendation_repository_impl.dart:55:14: Error: The method 'right' isn't defined for the type 'RecommendationRepositoryImpl'.
 - 'RecommendationRepositoryImpl' is from 'package:soloadventurer/features/recommendations/data/repositories/recommendation_repository_impl.dart' ('lib/features/recommendations/data/repositories/recommendation_repository_impl.dart').
Try correcting the name to the name of an existing method, or defining a method named 'right'.
      return right(unit);
             ^^^^^
lib/features/recommendations/data/repositories/recommendation_repository_impl.dart:55:20: Error: The getter 'unit' isn't defined for the type 'RecommendationRepositoryImpl'.
 - 'RecommendationRepositoryImpl' is from 'package:soloadventurer/features/recommendations/data/repositories/recommendation_repository_impl.dart' ('lib/features/recommendations/data/repositories/recommendation_repository_impl.dart').
Try correcting the name to the name of an existing getter, or defining a getter or field named 'unit'.
      return right(unit);
                   ^^^^
lib/features/recommendations/data/repositories/recommendation_repository_impl.dart:57:14: Error: The method 'left' isn't defined for the type 'RecommendationRepositoryImpl'.
 - 'RecommendationRepositoryImpl' is from 'package:soloadventurer/features/recommendations/data/repositories/recommendation_repository_impl.dart' ('lib/features/recommendations/data/repositories/recommendation_repository_impl.dart').
Try correcting the name to the name of an existing method, or defining a method named 'left'.
      return left(Failure.cache(message: e.message));
             ^^^^
lib/features/recommendations/data/repositories/recommendation_repository_impl.dart:59:14: Error: The method 'left' isn't defined for the type 'RecommendationRepositoryImpl'.
 - 'RecommendationRepositoryImpl' is from 'package:soloadventurer/features/recommendations/data/repositories/recommendation_repository_impl.dart' ('lib/features/recommendations/data/repositories/recommendation_repository_impl.dart').
Try correcting the name to the name of an existing method, or defining a method named 'left'.
      return left(Failure.unknown(message: e.toString()));
             ^^^^
lib/features/recommendations/data/repositories/recommendation_repository_impl.dart:71:10: Error: 'RepositoryException' isn't a type.
    } on RepositoryException catch (e) {
         ^^^^^^^^^^^^^^^^^^^
lib/features/recommendations/data/repositories/recommendation_repository_impl.dart:70:14: Error: The method 'right' isn't defined for the type 'RecommendationRepositoryImpl'.
 - 'RecommendationRepositoryImpl' is from 'package:soloadventurer/features/recommendations/data/repositories/recommendation_repository_impl.dart' ('lib/features/recommendations/data/repositories/recommendation_repository_impl.dart').
Try correcting the name to the name of an existing method, or defining a method named 'right'.
      return right(unit);
             ^^^^^
lib/features/recommendations/data/repositories/recommendation_repository_impl.dart:70:20: Error: The getter 'unit' isn't defined for the type 'RecommendationRepositoryImpl'.
 - 'RecommendationRepositoryImpl' is from 'package:soloadventurer/features/recommendations/data/repositories/recommendation_repository_impl.dart' ('lib/features/recommendations/data/repositories/recommendation_repository_impl.dart').
Try correcting the name to the name of an existing getter, or defining a getter or field named 'unit'.
      return right(unit);
                   ^^^^
lib/features/recommendations/data/repositories/recommendation_repository_impl.dart:72:14: Error: The method 'left' isn't defined for the type 'RecommendationRepositoryImpl'.
 - 'RecommendationRepositoryImpl' is from 'package:soloadventurer/features/recommendations/data/repositories/recommendation_repository_impl.dart' ('lib/features/recommendations/data/repositories/recommendation_repository_impl.dart').
Try correcting the name to the name of an existing method, or defining a method named 'left'.
      return left(Failure.cache(message: e.message));
             ^^^^
lib/features/recommendations/data/repositories/recommendation_repository_impl.dart:74:14: Error: The method 'left' isn't defined for the type 'RecommendationRepositoryImpl'.
 - 'RecommendationRepositoryImpl' is from 'package:soloadventurer/features/recommendations/data/repositories/recommendation_repository_impl.dart' ('lib/features/recommendations/data/repositories/recommendation_repository_impl.dart').
Try correcting the name to the name of an existing method, or defining a method named 'left'.
      return left(Failure.unknown(message: e.toString()));
             ^^^^
lib/features/recommendations/data/repositories/recommendation_repository_impl.dart:86:10: Error: 'RepositoryException' isn't a type.
    } on RepositoryException catch (e) {
         ^^^^^^^^^^^^^^^^^^^
lib/features/recommendations/data/repositories/recommendation_repository_impl.dart:85:14: Error: The method 'right' isn't defined for the type 'RecommendationRepositoryImpl'.
 - 'RecommendationRepositoryImpl' is from 'package:soloadventurer/features/recommendations/data/repositories/recommendation_repository_impl.dart' ('lib/features/recommendations/data/repositories/recommendation_repository_impl.dart').
Try correcting the name to the name of an existing method, or defining a method named 'right'.
      return right(dismissed);
             ^^^^^
lib/features/recommendations/data/repositories/recommendation_repository_impl.dart:87:14: Error: The method 'left' isn't defined for the type 'RecommendationRepositoryImpl'.
 - 'RecommendationRepositoryImpl' is from 'package:soloadventurer/features/recommendations/data/repositories/recommendation_repository_impl.dart' ('lib/features/recommendations/data/repositories/recommendation_repository_impl.dart').
Try correcting the name to the name of an existing method, or defining a method named 'left'.
      return left(Failure.cache(message: e.message));
             ^^^^
lib/features/recommendations/data/repositories/recommendation_repository_impl.dart:89:14: Error: The method 'left' isn't defined for the type 'RecommendationRepositoryImpl'.
 - 'RecommendationRepositoryImpl' is from 'package:soloadventurer/features/recommendations/data/repositories/recommendation_repository_impl.dart' ('lib/features/recommendations/data/repositories/recommendation_repository_impl.dart').
Try correcting the name to the name of an existing method, or defining a method named 'left'.
      return left(Failure.unknown(message: e.toString()));
             ^^^^
lib/features/recommendations/data/repositories/recommendation_repository_impl.dart:104:10: Error: 'RepositoryException' isn't a type.
    } on RepositoryException catch (e) {
         ^^^^^^^^^^^^^^^^^^^
lib/features/recommendations/data/repositories/recommendation_repository_impl.dart:103:14: Error: The method 'right' isn't defined for the type 'RecommendationRepositoryImpl'.
 - 'RecommendationRepositoryImpl' is from 'package:soloadventurer/features/recommendations/data/repositories/recommendation_repository_impl.dart' ('lib/features/recommendations/data/repositories/recommendation_repository_impl.dart').
Try correcting the name to the name of an existing method, or defining a method named 'right'.
      return right(count);
             ^^^^^
lib/features/recommendations/data/repositories/recommendation_repository_impl.dart:105:14: Error: The method 'left' isn't defined for the type 'RecommendationRepositoryImpl'.
 - 'RecommendationRepositoryImpl' is from 'package:soloadventurer/features/recommendations/data/repositories/recommendation_repository_impl.dart' ('lib/features/recommendations/data/repositories/recommendation_repository_impl.dart').
Try correcting the name to the name of an existing method, or defining a method named 'left'.
      return left(Failure.cache(message: e.message));
             ^^^^
lib/features/recommendations/data/repositories/recommendation_repository_impl.dart:107:14: Error: The method 'left' isn't defined for the type 'RecommendationRepositoryImpl'.
 - 'RecommendationRepositoryImpl' is from 'package:soloadventurer/features/recommendations/data/repositories/recommendation_repository_impl.dart' ('lib/features/recommendations/data/repositories/recommendation_repository_impl.dart').
Try correcting the name to the name of an existing method, or defining a method named 'left'.
      return left(Failure.unknown(message: e.toString()));
             ^^^^
lib/features/recommendations/domain/entities/recommendation.dart:27:14: Error: 'PlaceActivity' isn't a type.
    required PlaceActivity activity,
             ^^^^^^^^^^^^^
lib/features/recommendations/domain/entities/recommendation.freezed.dart:44:7: Error: 'PlaceActivity' isn't a type.
      PlaceActivity activity,
      ^^^^^^^^^^^^^
lib/features/recommendations/domain/entities/recommendation.freezed.dart:88:18: Error: 'PlaceActivity' isn't a type.
              as PlaceActivity,
                 ^^^^^^^^^^^^^
lib/features/recommendations/domain/entities/recommendation.freezed.dart:138:7: Error: 'PlaceActivity' isn't a type.
      PlaceActivity activity,
      ^^^^^^^^^^^^^
lib/features/recommendations/domain/entities/recommendation.freezed.dart:182:18: Error: 'PlaceActivity' isn't a type.
              as PlaceActivity,
                 ^^^^^^^^^^^^^
lib/features/recommendations/domain/entities/recommendation.freezed.dart:228:9: Error: 'PlaceActivity' isn't a type.
  final PlaceActivity activity;
        ^^^^^^^^^^^^^
lib/features/recommendations/domain/entities/recommendation.freezed.dart:295:22: Error: 'PlaceActivity' isn't a type.
      required final PlaceActivity activity,
                     ^^^^^^^^^^^^^
00:54 +131 -54: loading /Users/anthonyforan/SoloAdventurer_app/test/features/recommendations/domain/repositories/recommendation_repository_impl_test.dart [E]                                          
  Failed to load "/Users/anthonyforan/SoloAdventurer_app/test/features/recommendations/domain/repositories/recommendation_repository_impl_test.dart":
  Compilation failed for testPath=/Users/anthonyforan/SoloAdventurer_app/test/features/recommendations/domain/repositories/recommendation_repository_impl_test.dart: Error: Couldn't resolve the package 'dartz' in 'package:dartz/dartz.dart'.
  test/features/recommendations/domain/repositories/recommendation_repository_impl_test.dart:1:8: Error: Not found: 'package:dartz/dartz.dart'
  import 'package:dartz/dartz.dart';
         ^
  lib/features/recommendations/data/repositories/recommendation_repository_impl.dart:1:8: Error: Not found: 'package:dartz/dartz.dart'
  import 'package:dartz/dartz.dart';
         ^
  lib/features/recommendations/domain/repositories/recommendation_repository.dart:1:8: Error: Not found: 'package:dartz/dartz.dart'
  import 'package:dartz/dartz.dart';
         ^
  lib/features/recommendations/data/repositories/recommendation_repository_impl.dart:18:10: Error: Type 'Either' not found.
    Future<Either<Failure, PersonalizedRecommendation>> saveRecommendation(
           ^^^^^^
  lib/features/recommendations/data/repositories/recommendation_repository_impl.dart:36:10: Error: Type 'Either' not found.
    Future<Either<Failure, List<PersonalizedRecommendation>>>
           ^^^^^^
  lib/features/recommendations/data/repositories/recommendation_repository_impl.dart:49:26: Error: Type 'Unit' not found.
    Future<Either<Failure, Unit>> dismissRecommendation(
                           ^^^^
  lib/features/recommendations/data/repositories/recommendation_repository_impl.dart:49:10: Error: Type 'Either' not found.
    Future<Either<Failure, Unit>> dismissRecommendation(
           ^^^^^^
  lib/features/recommendations/data/repositories/recommendation_repository_impl.dart:64:26: Error: Type 'Unit' not found.
    Future<Either<Failure, Unit>> recordFeedback(
                           ^^^^
  lib/features/recommendations/data/repositories/recommendation_repository_impl.dart:64:10: Error: Type 'Either' not found.
    Future<Either<Failure, Unit>> recordFeedback(
           ^^^^^^
  lib/features/recommendations/data/repositories/recommendation_repository_impl.dart:79:10: Error: Type 'Either' not found.
    Future<Either<Failure, Set<String>>> getDismissedRecommendations(
           ^^^^^^
  lib/features/recommendations/data/repositories/recommendation_repository_impl.dart:94:10: Error: Type 'Either' not found.
    Future<Either<Failure, int>> clearOldDismissals({
           ^^^^^^
  lib/features/recommendations/domain/entities/recommendation.dart:27:14: Error: Type 'PlaceActivity' not found.
      required PlaceActivity activity,
               ^^^^^^^^^^^^^
  lib/features/recommendations/domain/entities/recommendation.freezed.dart:20:3: Error: Type 'PlaceActivity' not found.
    PlaceActivity get activity => throw _privateConstructorUsedError;
    ^^^^^^^^^^^^^
  lib/features/recommendations/domain/entities/recommendation.freezed.dart:44:7: Error: Type 'PlaceActivity' not found.
        PlaceActivity activity,
        ^^^^^^^^^^^^^
  lib/features/recommendations/domain/entities/recommendation.freezed.dart:138:7: Error: Type 'PlaceActivity' not found.
        PlaceActivity activity,
        ^^^^^^^^^^^^^
  lib/features/recommendations/domain/entities/recommendation.freezed.dart:228:9: Error: Type 'PlaceActivity' not found.
    final PlaceActivity activity;
          ^^^^^^^^^^^^^
  lib/features/recommendations/domain/entities/recommendation.freezed.dart:295:22: Error: Type 'PlaceActivity' not found.
        required final PlaceActivity activity,
                       ^^^^^^^^^^^^^
  lib/features/recommendations/domain/entities/recommendation.freezed.dart:307:3: Error: Type 'PlaceActivity' not found.
    PlaceActivity get activity;
    ^^^^^^^^^^^^^
  lib/features/recommendations/domain/repositories/recommendation_repository.dart:18:10: Error: Type 'Either' not found.
    Future<Either<Failure, PersonalizedRecommendation>> saveRecommendation(
           ^^^^^^
  lib/features/recommendations/domain/repositories/recommendation_repository.dart:29:10: Error: Type 'Either' not found.
    Future<Either<Failure, List<PersonalizedRecommendation>>>
           ^^^^^^
  lib/features/recommendations/domain/repositories/recommendation_repository.dart:42:26: Error: Type 'Unit' not found.
    Future<Either<Failure, Unit>> dismissRecommendation(
                           ^^^^
  lib/features/recommendations/domain/repositories/recommendation_repository.dart:42:10: Error: Type 'Either' not found.
    Future<Either<Failure, Unit>> dismissRecommendation(
           ^^^^^^
  lib/features/recommendations/domain/repositories/recommendation_repository.dart:54:26: Error: Type 'Unit' not found.
    Future<Either<Failure, Unit>> recordFeedback(
                           ^^^^
  lib/features/recommendations/domain/repositories/recommendation_repository.dart:54:10: Error: Type 'Either' not found.
    Future<Either<Failure, Unit>> recordFeedback(
           ^^^^^^
  lib/features/recommendations/domain/repositories/recommendation_repository.dart:65:10: Error: Type 'Either' not found.
    Future<Either<Failure, Set<String>>> getDismissedRecommendations(
           ^^^^^^
  lib/features/recommendations/domain/repositories/recommendation_repository.dart:78:10: Error: Type 'Either' not found.
    Future<Either<Failure, int>> clearOldDismissals({
           ^^^^^^
  test/features/recommendations/domain/repositories/recommendation_repository_impl_test.dart:38:43: Error: Member not found: 'foodTours'.
          matchedInterests: {TravelInterest.foodTours},
                                            ^^^^^^^^^
  test/features/recommendations/domain/repositories/recommendation_repository_impl_test.dart:77:24: Error: Method not found: 'RepositoryException'.
              .thenThrow(RepositoryException('Save failed'));
                         ^^^^^^^^^^^^^^^^^^^
  test/features/recommendations/domain/repositories/recommendation_repository_impl_test.dart:162:24: Error: Method not found: 'RepositoryException'.
              .thenThrow(RepositoryException('Fetch failed'));
                         ^^^^^^^^^^^^^^^^^^^
  test/features/recommendations/domain/repositories/recommendation_repository_impl_test.dart:195:31: Error: Undefined name 'unit'.
              expect(unitValue, unit);
                                ^^^^
  test/features/recommendations/domain/repositories/recommendation_repository_impl_test.dart:208:24: Error: Method not found: 'RepositoryException'.
              .thenThrow(RepositoryException('Dismiss failed'));
                         ^^^^^^^^^^^^^^^^^^^
  test/features/recommendations/domain/repositories/recommendation_repository_impl_test.dart:229:26: Error: Undefined name 'RecommendationFeedback'.
          const feedback = RecommendationFeedback.helpful;
                           ^^^^^^^^^^^^^^^^^^^^^^
  test/features/recommendations/domain/repositories/recommendation_repository_impl_test.dart:246:26: Error: Undefined name 'RecommendationFeedback'.
          const feedback = RecommendationFeedback.notHelpful;
                           ^^^^^^^^^^^^^^^^^^^^^^
  test/features/recommendations/domain/repositories/recommendation_repository_impl_test.dart:248:24: Error: Method not found: 'RepositoryException'.
              .thenThrow(RepositoryException('Feedback failed'));
                         ^^^^^^^^^^^^^^^^^^^
  test/features/recommendations/domain/repositories/recommendation_repository_impl_test.dart:375:22: Error: Method not found: 'RepositoryException'.
          )).thenThrow(RepositoryException('Clear failed'));
                       ^^^^^^^^^^^^^^^^^^^
  lib/features/recommendations/data/repositories/recommendation_repository_impl.dart:28:10: Error: 'RepositoryException' isn't a type.
      } on RepositoryException catch (e) {
           ^^^^^^^^^^^^^^^^^^^
  lib/features/recommendations/data/repositories/recommendation_repository_impl.dart:27:14: Error: The method 'right' isn't defined for the type 'RecommendationRepositoryImpl'.
   - 'RecommendationRepositoryImpl' is from 'package:soloadventurer/features/recommendations/data/repositories/recommendation_repository_impl.dart' ('lib/features/recommendations/data/repositories/recommendation_repository_impl.dart').
  Try correcting the name to the name of an existing method, or defining a method named 'right'.
        return right(saved);
               ^^^^^
  lib/features/recommendations/data/repositories/recommendation_repository_impl.dart:29:14: Error: The method 'left' isn't defined for the type 'RecommendationRepositoryImpl'.
   - 'RecommendationRepositoryImpl' is from 'package:soloadventurer/features/recommendations/data/repositories/recommendation_repository_impl.dart' ('lib/features/recommendations/data/repositories/recommendation_repository_impl.dart').
  Try correcting the name to the name of an existing method, or defining a method named 'left'.
        return left(Failure.cache(message: e.message));
               ^^^^
  lib/features/recommendations/data/repositories/recommendation_repository_impl.dart:31:14: Error: The method 'left' isn't defined for the type 'RecommendationRepositoryImpl'.
   - 'RecommendationRepositoryImpl' is from 'package:soloadventurer/features/recommendations/data/repositories/recommendation_repository_impl.dart' ('lib/features/recommendations/data/repositories/recommendation_repository_impl.dart').
  Try correcting the name to the name of an existing method, or defining a method named 'left'.
        return left(Failure.unknown(message: e.toString()));
               ^^^^
  lib/features/recommendations/data/repositories/recommendation_repository_impl.dart:41:10: Error: 'RepositoryException' isn't a type.
      } on RepositoryException catch (e) {
           ^^^^^^^^^^^^^^^^^^^
  lib/features/recommendations/data/repositories/recommendation_repository_impl.dart:40:14: Error: The method 'right' isn't defined for the type 'RecommendationRepositoryImpl'.
   - 'RecommendationRepositoryImpl' is from 'package:soloadventurer/features/recommendations/data/repositories/recommendation_repository_impl.dart' ('lib/features/recommendations/data/repositories/recommendation_repository_impl.dart').
  Try correcting the name to the name of an existing method, or defining a method named 'right'.
        return right(saved);
               ^^^^^
  lib/features/recommendations/data/repositories/recommendation_repository_impl.dart:42:14: Error: The method 'left' isn't defined for the type 'RecommendationRepositoryImpl'.
   - 'RecommendationRepositoryImpl' is from 'package:soloadventurer/features/recommendations/data/repositories/recommendation_repository_impl.dart' ('lib/features/recommendations/data/repositories/recommendation_repository_impl.dart').
  Try correcting the name to the name of an existing method, or defining a method named 'left'.
        return left(Failure.cache(message: e.message));
               ^^^^
  lib/features/recommendations/data/repositories/recommendation_repository_impl.dart:44:14: Error: The method 'left' isn't defined for the type 'RecommendationRepositoryImpl'.
   - 'RecommendationRepositoryImpl' is from 'package:soloadventurer/features/recommendations/data/repositories/recommendation_repository_impl.dart' ('lib/features/recommendations/data/repositories/recommendation_repository_impl.dart').
  Try correcting the name to the name of an existing method, or defining a method named 'left'.
        return left(Failure.unknown(message: e.toString()));
               ^^^^
  lib/features/recommendations/data/repositories/recommendation_repository_impl.dart:56:10: Error: 'RepositoryException' isn't a type.
      } on RepositoryException catch (e) {
           ^^^^^^^^^^^^^^^^^^^
  lib/features/recommendations/data/repositories/recommendation_repository_impl.dart:55:14: Error: The method 'right' isn't defined for the type 'RecommendationRepositoryImpl'.
   - 'RecommendationRepositoryImpl' is from 'package:soloadventurer/features/recommendations/data/repositories/recommendation_repository_impl.dart' ('lib/features/recommendations/data/repositories/recommendation_repository_impl.dart').
  Try correcting the name to the name of an existing method, or defining a method named 'right'.
        return right(unit);
               ^^^^^
  lib/features/recommendations/data/repositories/recommendation_repository_impl.dart:55:20: Error: The getter 'unit' isn't defined for the type 'RecommendationRepositoryImpl'.
   - 'RecommendationRepositoryImpl' is from 'package:soloadventurer/features/recommendations/data/repositories/recommendation_repository_impl.dart' ('lib/features/recommendations/data/repositories/recommendation_repository_impl.dart').
  Try correcting the name to the name of an existing getter, or defining a getter or field named 'unit'.
        return right(unit);
                     ^^^^
  lib/features/recommendations/data/repositories/recommendation_repository_impl.dart:57:14: Error: The method 'left' isn't defined for the type 'RecommendationRepositoryImpl'.
   - 'RecommendationRepositoryImpl' is from 'package:soloadventurer/features/recommendations/data/repositories/recommendation_repository_impl.dart' ('lib/features/recommendations/data/repositories/recommendation_repository_impl.dart').
  Try correcting the name to the name of an existing method, or defining a method named 'left'.
        return left(Failure.cache(message: e.message));
               ^^^^
  lib/features/recommendations/data/repositories/recommendation_repository_impl.dart:59:14: Error: The method 'left' isn't defined for the type 'RecommendationRepositoryImpl'.
   - 'RecommendationRepositoryImpl' is from 'package:soloadventurer/features/recommendations/data/repositories/recommendation_repository_impl.dart' ('lib/features/recommendations/data/repositories/recommendation_repository_impl.dart').
  Try correcting the name to the name of an existing method, or defining a method named 'left'.
        return left(Failure.unknown(message: e.toString()));
               ^^^^
  lib/features/recommendations/data/repositories/recommendation_repository_impl.dart:71:10: Error: 'RepositoryException' isn't a type.
      } on RepositoryException catch (e) {
           ^^^^^^^^^^^^^^^^^^^
  lib/features/recommendations/data/repositories/recommendation_repository_impl.dart:70:14: Error: The method 'right' isn't defined for the type 'RecommendationRepositoryImpl'.
   - 'RecommendationRepositoryImpl' is from 'package:soloadventurer/features/recommendations/data/repositories/recommendation_repository_impl.dart' ('lib/features/recommendations/data/repositories/recommendation_repository_impl.dart').
  Try correcting the name to the name of an existing method, or defining a method named 'right'.
        return right(unit);
               ^^^^^
  lib/features/recommendations/data/repositories/recommendation_repository_impl.dart:70:20: Error: The getter 'unit' isn't defined for the type 'RecommendationRepositoryImpl'.
   - 'RecommendationRepositoryImpl' is from 'package:soloadventurer/features/recommendations/data/repositories/recommendation_repository_impl.dart' ('lib/features/recommendations/data/repositories/recommendation_repository_impl.dart').
  Try correcting the name to the name of an existing getter, or defining a getter or field named 'unit'.
        return right(unit);
                     ^^^^
  lib/features/recommendations/data/repositories/recommendation_repository_impl.dart:72:14: Error: The method 'left' isn't defined for the type 'RecommendationRepositoryImpl'.
   - 'RecommendationRepositoryImpl' is from 'package:soloadventurer/features/recommendations/data/repositories/recommendation_repository_impl.dart' ('lib/features/recommendations/data/repositories/recommendation_repository_impl.dart').
  Try correcting the name to the name of an existing method, or defining a method named 'left'.
        return left(Failure.cache(message: e.message));
               ^^^^
  lib/features/recommendations/data/repositories/recommendation_repository_impl.dart:74:14: Error: The method 'left' isn't defined for the type 'RecommendationRepositoryImpl'.
   - 'RecommendationRepositoryImpl' is from 'package:soloadventurer/features/recommendations/data/repositories/recommendation_repository_impl.dart' ('lib/features/recommendations/data/repositories/recommendation_repository_impl.dart').
  Try correcting the name to the name of an existing method, or defining a method named 'left'.
        return left(Failure.unknown(message: e.toString()));
               ^^^^
  lib/features/recommendations/data/repositories/recommendation_repository_impl.dart:86:10: Error: 'RepositoryException' isn't a type.
      } on RepositoryException catch (e) {
           ^^^^^^^^^^^^^^^^^^^
  lib/features/recommendations/data/repositories/recommendation_repository_impl.dart:85:14: Error: The method 'right' isn't defined for the type 'RecommendationRepositoryImpl'.
   - 'RecommendationRepositoryImpl' is from 'package:soloadventurer/features/recommendations/data/repositories/recommendation_repository_impl.dart' ('lib/features/recommendations/data/repositories/recommendation_repository_impl.dart').
  Try correcting the name to the name of an existing method, or defining a method named 'right'.
        return right(dismissed);
               ^^^^^
  lib/features/recommendations/data/repositories/recommendation_repository_impl.dart:87:14: Error: The method 'left' isn't defined for the type 'RecommendationRepositoryImpl'.
   - 'RecommendationRepositoryImpl' is from 'package:soloadventurer/features/recommendations/data/repositories/recommendation_repository_impl.dart' ('lib/features/recommendations/data/repositories/recommendation_repository_impl.dart').
  Try correcting the name to the name of an existing method, or defining a method named 'left'.
        return left(Failure.cache(message: e.message));
               ^^^^
  lib/features/recommendations/data/repositories/recommendation_repository_impl.dart:89:14: Error: The method 'left' isn't defined for the type 'RecommendationRepositoryImpl'.
   - 'RecommendationRepositoryImpl' is from 'package:soloadventurer/features/recommendations/data/repositories/recommendation_repository_impl.dart' ('lib/features/recommendations/data/repositories/recommendation_repository_impl.dart').
  Try correcting the name to the name of an existing method, or defining a method named 'left'.
        return left(Failure.unknown(message: e.toString()));
               ^^^^
  lib/features/recommendations/data/repositories/recommendation_repository_impl.dart:104:10: Error: 'RepositoryException' isn't a type.
      } on RepositoryException catch (e) {
           ^^^^^^^^^^^^^^^^^^^
  lib/features/recommendations/data/repositories/recommendation_repository_impl.dart:103:14: Error: The method 'right' isn't defined for the type 'RecommendationRepositoryImpl'.
   - 'RecommendationRepositoryImpl' is from 'package:soloadventurer/features/recommendations/data/repositories/recommendation_repository_impl.dart' ('lib/features/recommendations/data/repositories/recommendation_repository_impl.dart').
  Try correcting the name to the name of an existing method, or defining a method named 'right'.
        return right(count);
               ^^^^^
  lib/features/recommendations/data/repositories/recommendation_repository_impl.dart:105:14: Error: The method 'left' isn't defined for the type 'RecommendationRepositoryImpl'.
   - 'RecommendationRepositoryImpl' is from 'package:soloadventurer/features/recommendations/data/repositories/recommendation_repository_impl.dart' ('lib/features/recommendations/data/repositories/recommendation_repository_impl.dart').
  Try correcting the name to the name of an existing method, or defining a method named 'left'.
        return left(Failure.cache(message: e.message));
               ^^^^
  lib/features/recommendations/data/repositories/recommendation_repository_impl.dart:107:14: Error: The method 'left' isn't defined for the type 'RecommendationRepositoryImpl'.
   - 'RecommendationRepositoryImpl' is from 'package:soloadventurer/features/recommendations/data/repositories/recommendation_repository_impl.dart' ('lib/features/recommendations/data/repositories/recommendation_repository_impl.dart').
  Try correcting the name to the name of an existing method, or defining a method named 'left'.
        return left(Failure.unknown(message: e.toString()));
               ^^^^
  lib/features/recommendations/domain/entities/recommendation.dart:27:14: Error: 'PlaceActivity' isn't a type.
      required PlaceActivity activity,
               ^^^^^^^^^^^^^
  lib/features/recommendations/domain/entities/recommendation.freezed.dart:44:7: Error: 'PlaceActivity' isn't a type.
        PlaceActivity activity,
        ^^^^^^^^^^^^^
  lib/features/recommendations/domain/entities/recommendation.freezed.dart:88:18: Error: 'PlaceActivity' isn't a type.
                as PlaceActivity,
                   ^^^^^^^^^^^^^
  lib/features/recommendations/domain/entities/recommendation.freezed.dart:138:7: Error: 'PlaceActivity' isn't a type.
        PlaceActivity activity,
        ^^^^^^^^^^^^^
  lib/features/recommendations/domain/entities/recommendation.freezed.dart:182:18: Error: 'PlaceActivity' isn't a type.
                as PlaceActivity,
                   ^^^^^^^^^^^^^
  lib/features/recommendations/domain/entities/recommendation.freezed.dart:228:9: Error: 'PlaceActivity' isn't a type.
    final PlaceActivity activity;
          ^^^^^^^^^^^^^
  lib/features/recommendations/domain/entities/recommendation.freezed.dart:295:22: Error: 'PlaceActivity' isn't a type.
        required final PlaceActivity activity,
                       ^^^^^^^^^^^^^
  .

To run this test again: /opt/homebrew/Caskroom/flutter/3.32.5/flutter/bin/cache/dart-sdk/bin/dart test /Users/anthonyforan/SoloAdventurer_app/test/features/recommendations/domain/repositories/recommendation_repository_impl_test.dart -p vm --plain-name 'loading /Users/anthonyforan/SoloAdventurer_app/test/features/recommendations/domain/repositories/recommendation_repository_impl_test.dart'
Error: Couldn't resolve the package 'dartz' in 'package:dartz/dartz.dart'.
test/features/recommendations/domain/usecases/get_personalized_recommendations_test.dart:1:8: Error: Not found: 'package:dartz/dartz.dart'
import 'package:dartz/dartz.dart';
       ^
lib/features/recommendations/domain/services/recommendation_service.dart:1:8: Error: Not found: 'package:dartz/dartz.dart'
import 'package:dartz/dartz.dart';
       ^
lib/features/recommendations/domain/usecases/get_personalized_recommendations.dart:1:8: Error: Not found: 'package:dartz/dartz.dart'
import 'package:dartz/dartz.dart';
       ^
lib/features/recommendations/domain/entities/recommendation.dart:27:14: Error: Type 'PlaceActivity' not found.
    required PlaceActivity activity,
             ^^^^^^^^^^^^^
lib/features/recommendations/domain/entities/recommendation.freezed.dart:20:3: Error: Type 'PlaceActivity' not found.
  PlaceActivity get activity => throw _privateConstructorUsedError;
  ^^^^^^^^^^^^^
lib/features/recommendations/domain/entities/recommendation.freezed.dart:44:7: Error: Type 'PlaceActivity' not found.
      PlaceActivity activity,
      ^^^^^^^^^^^^^
lib/features/recommendations/domain/entities/recommendation.freezed.dart:138:7: Error: Type 'PlaceActivity' not found.
      PlaceActivity activity,
      ^^^^^^^^^^^^^
lib/features/recommendations/domain/entities/recommendation.freezed.dart:228:9: Error: Type 'PlaceActivity' not found.
  final PlaceActivity activity;
        ^^^^^^^^^^^^^
lib/features/recommendations/domain/entities/recommendation.freezed.dart:295:22: Error: Type 'PlaceActivity' not found.
      required final PlaceActivity activity,
                     ^^^^^^^^^^^^^
lib/features/recommendations/domain/entities/recommendation.freezed.dart:307:3: Error: Type 'PlaceActivity' not found.
  PlaceActivity get activity;
  ^^^^^^^^^^^^^
lib/features/recommendations/domain/services/recommendation_service.dart:18:10: Error: Type 'Either' not found.
  Future<Either<Failure, List<PersonalizedRecommendation>>>
         ^^^^^^
lib/features/recommendations/domain/services/recommendation_service.dart:28:10: Error: Type 'Either' not found.
  Future<Either<Failure, List<PersonalizedRecommendation>>>
         ^^^^^^
lib/features/recommendations/domain/services/recommendation_service.dart:45:10: Error: Type 'Either' not found.
  Future<Either<Failure, List<PersonalizedRecommendation>>>
         ^^^^^^
lib/features/recommendations/domain/services/recommendation_service.dart:62:10: Error: Type 'Either' not found.
  Future<Either<Failure, List<PersonalizedRecommendation>>>
         ^^^^^^
lib/features/recommendations/domain/usecases/get_personalized_recommendations.dart:23:10: Error: Type 'Either' not found.
  Future<Either<Failure, List<PersonalizedRecommendation>>> call(
         ^^^^^^
test/features/recommendations/domain/usecases/get_personalized_recommendations_test.dart:43:22: Error: Member not found: 'museums'.
      TravelInterest.museums,
                     ^^^^^^^
test/features/recommendations/domain/usecases/get_personalized_recommendations_test.dart:42:22: Error: Member not found: 'foodTours'.
      TravelInterest.foodTours,
                     ^^^^^^^^^
test/features/recommendations/domain/usecases/get_personalized_recommendations_test.dart:62:23: Error: Undefined name 'RecommendationCategory'.
            category: RecommendationCategory.attraction,
                      ^^^^^^^^^^^^^^^^^^^^^^
test/features/recommendations/domain/usecases/get_personalized_recommendations_test.dart:59:27: Error: Couldn't find constructor 'PlaceActivity'.
          activity: const PlaceActivity(
                          ^^^^^^^^^^^^^
test/features/recommendations/domain/usecases/get_personalized_recommendations_test.dart:79:36: Error: Method not found: 'Right'.
          .thenAnswer((_) async => Right(recommendations));
                                   ^^^^^
test/features/recommendations/domain/usecases/get_personalized_recommendations_test.dart:218:17: Error: No named parameter with the name 'code'.
                code: '500',
                ^^^^
lib/core/error/failures.dart:130:9: Context: Found this candidate, but the arguments don't match.
  const ServerFailure({
        ^^^^^^^^^^^^^
test/features/recommendations/domain/usecases/get_personalized_recommendations_test.dart:216:42: Error: Couldn't find constructor 'Left'.
          .thenAnswer((_) async => const Left(ServerFailure(
                                         ^^^^
test/features/recommendations/domain/usecases/get_personalized_recommendations_test.dart:242:42: Error: Couldn't find constructor 'Right'.
          .thenAnswer((_) async => const Right([]));
                                         ^^^^^
test/features/recommendations/domain/usecases/get_personalized_recommendations_test.dart:265:23: Error: Undefined name 'RecommendationCategory'.
            category: RecommendationCategory.attraction,
                      ^^^^^^^^^^^^^^^^^^^^^^
test/features/recommendations/domain/usecases/get_personalized_recommendations_test.dart:262:27: Error: Couldn't find constructor 'PlaceActivity'.
          activity: const PlaceActivity(
                          ^^^^^^^^^^^^^
test/features/recommendations/domain/usecases/get_personalized_recommendations_test.dart:283:23: Error: Undefined name 'RecommendationCategory'.
            category: RecommendationCategory.attraction,
                      ^^^^^^^^^^^^^^^^^^^^^^
test/features/recommendations/domain/usecases/get_personalized_recommendations_test.dart:280:27: Error: Couldn't find constructor 'PlaceActivity'.
          activity: const PlaceActivity(
                          ^^^^^^^^^^^^^
test/features/recommendations/domain/usecases/get_personalized_recommendations_test.dart:299:36: Error: Method not found: 'Right'.
          .thenAnswer((_) async => Right(recommendations));
                                   ^^^^^
test/features/recommendations/domain/usecases/get_personalized_recommendations_test.dart:50:18: Error: The argument type 'Set<dynamic>' can't be assigned to the parameter type 'Set<TravelInterest>'.
 - 'Set' is from 'dart:core'.
 - 'TravelInterest' is from 'package:soloadventurer/features/onboarding/domain/entities/travel_interest.dart' ('lib/features/onboarding/domain/entities/travel_interest.dart').
      interests: interests,
                 ^
test/features/recommendations/domain/usecases/get_personalized_recommendations_test.dart:66:31: Error: The argument type 'Set<dynamic>' can't be assigned to the parameter type 'Set<TravelInterest>'.
 - 'Set' is from 'dart:core'.
 - 'TravelInterest' is from 'package:soloadventurer/features/onboarding/domain/entities/travel_interest.dart' ('lib/features/onboarding/domain/entities/travel_interest.dart').
            matchedInterests: interests,
                              ^
test/features/recommendations/domain/usecases/get_personalized_recommendations_test.dart:107:20: Error: The argument type 'Set<dynamic>' can't be assigned to the parameter type 'Set<TravelInterest>'.
 - 'Set' is from 'dart:core'.
 - 'TravelInterest' is from 'package:soloadventurer/features/onboarding/domain/entities/travel_interest.dart' ('lib/features/onboarding/domain/entities/travel_interest.dart').
        interests: interests,
                   ^
test/features/recommendations/domain/usecases/get_personalized_recommendations_test.dart:140:20: Error: The argument type 'Set<dynamic>' can't be assigned to the parameter type 'Set<TravelInterest>'.
 - 'Set' is from 'dart:core'.
 - 'TravelInterest' is from 'package:soloadventurer/features/onboarding/domain/entities/travel_interest.dart' ('lib/features/onboarding/domain/entities/travel_interest.dart').
        interests: interests,
                   ^
test/features/recommendations/domain/usecases/get_personalized_recommendations_test.dart:170:20: Error: The argument type 'Set<dynamic>' can't be assigned to the parameter type 'Set<TravelInterest>'.
 - 'Set' is from 'dart:core'.
 - 'TravelInterest' is from 'package:soloadventurer/features/onboarding/domain/entities/travel_interest.dart' ('lib/features/onboarding/domain/entities/travel_interest.dart').
        interests: interests,
                   ^
test/features/recommendations/domain/usecases/get_personalized_recommendations_test.dart:268:31: Error: The argument type 'Set<dynamic>' can't be assigned to the parameter type 'Set<TravelInterest>'.
 - 'Set' is from 'dart:core'.
 - 'TravelInterest' is from 'package:soloadventurer/features/onboarding/domain/entities/travel_interest.dart' ('lib/features/onboarding/domain/entities/travel_interest.dart').
            matchedInterests: interests,
                              ^
test/features/recommendations/domain/usecases/get_personalized_recommendations_test.dart:286:31: Error: The argument type 'Set<dynamic>' can't be assigned to the parameter type 'Set<TravelInterest>'.
 - 'Set' is from 'dart:core'.
 - 'TravelInterest' is from 'package:soloadventurer/features/onboarding/domain/entities/travel_interest.dart' ('lib/features/onboarding/domain/entities/travel_interest.dart').
            matchedInterests: interests,
                              ^
lib/features/recommendations/domain/entities/recommendation.dart:27:14: Error: 'PlaceActivity' isn't a type.
    required PlaceActivity activity,
             ^^^^^^^^^^^^^
lib/features/recommendations/domain/entities/recommendation.freezed.dart:44:7: Error: 'PlaceActivity' isn't a type.
      PlaceActivity activity,
      ^^^^^^^^^^^^^
lib/features/recommendations/domain/entities/recommendation.freezed.dart:88:18: Error: 'PlaceActivity' isn't a type.
              as PlaceActivity,
                 ^^^^^^^^^^^^^
lib/features/recommendations/domain/entities/recommendation.freezed.dart:138:7: Error: 'PlaceActivity' isn't a type.
      PlaceActivity activity,
      ^^^^^^^^^^^^^
lib/features/recommendations/domain/entities/recommendation.freezed.dart:182:18: Error: 'PlaceActivity' isn't a type.
              as PlaceActivity,
                 ^^^^^^^^^^^^^
lib/features/recommendations/domain/entities/recommendation.freezed.dart:228:9: Error: 'PlaceActivity' isn't a type.
  final PlaceActivity activity;
        ^^^^^^^^^^^^^
lib/features/recommendations/domain/entities/recommendation.freezed.dart:295:22: Error: 'PlaceActivity' isn't a type.
      required final PlaceActivity activity,
                     ^^^^^^^^^^^^^
lib/features/recommendations/domain/usecases/get_personalized_recommendations.dart:28:42: Error: Too many positional arguments: 0 allowed, but 1 found.
Try removing the extra positional arguments.
      return left(const ValidationFailure(
                                         ^
lib/core/error/failures.dart:204:9: Context: Found this candidate, but the arguments don't match.
  const ValidationFailure({
        ^^^^^^^^^^^^^^^^^
lib/features/recommendations/domain/usecases/get_personalized_recommendations.dart:28:14: Error: The method 'left' isn't defined for the type 'GetPersonalizedRecommendations'.
 - 'GetPersonalizedRecommendations' is from 'package:soloadventurer/features/recommendations/domain/usecases/get_personalized_recommendations.dart' ('lib/features/recommendations/domain/usecases/get_personalized_recommendations.dart').
Try correcting the name to the name of an existing method, or defining a method named 'left'.
      return left(const ValidationFailure(
             ^^^^
00:54 +131 -55: loading /Users/anthonyforan/SoloAdventurer_app/test/features/recommendations/domain/usecases/get_personalized_recommendations_test.dart [E]                                            
  Failed to load "/Users/anthonyforan/SoloAdventurer_app/test/features/recommendations/domain/usecases/get_personalized_recommendations_test.dart":
  Compilation failed for testPath=/Users/anthonyforan/SoloAdventurer_app/test/features/recommendations/domain/usecases/get_personalized_recommendations_test.dart: Error: Couldn't resolve the package 'dartz' in 'package:dartz/dartz.dart'.
  test/features/recommendations/domain/usecases/get_personalized_recommendations_test.dart:1:8: Error: Not found: 'package:dartz/dartz.dart'
  import 'package:dartz/dartz.dart';
         ^
  lib/features/recommendations/domain/services/recommendation_service.dart:1:8: Error: Not found: 'package:dartz/dartz.dart'
  import 'package:dartz/dartz.dart';
         ^
  lib/features/recommendations/domain/usecases/get_personalized_recommendations.dart:1:8: Error: Not found: 'package:dartz/dartz.dart'
  import 'package:dartz/dartz.dart';
         ^
  lib/features/recommendations/domain/entities/recommendation.dart:27:14: Error: Type 'PlaceActivity' not found.
      required PlaceActivity activity,
               ^^^^^^^^^^^^^
  lib/features/recommendations/domain/entities/recommendation.freezed.dart:20:3: Error: Type 'PlaceActivity' not found.
    PlaceActivity get activity => throw _privateConstructorUsedError;
    ^^^^^^^^^^^^^
  lib/features/recommendations/domain/entities/recommendation.freezed.dart:44:7: Error: Type 'PlaceActivity' not found.
        PlaceActivity activity,
        ^^^^^^^^^^^^^
  lib/features/recommendations/domain/entities/recommendation.freezed.dart:138:7: Error: Type 'PlaceActivity' not found.
        PlaceActivity activity,
        ^^^^^^^^^^^^^
  lib/features/recommendations/domain/entities/recommendation.freezed.dart:228:9: Error: Type 'PlaceActivity' not found.
    final PlaceActivity activity;
          ^^^^^^^^^^^^^
  lib/features/recommendations/domain/entities/recommendation.freezed.dart:295:22: Error: Type 'PlaceActivity' not found.
        required final PlaceActivity activity,
                       ^^^^^^^^^^^^^
  lib/features/recommendations/domain/entities/recommendation.freezed.dart:307:3: Error: Type 'PlaceActivity' not found.
    PlaceActivity get activity;
    ^^^^^^^^^^^^^
  lib/features/recommendations/domain/services/recommendation_service.dart:18:10: Error: Type 'Either' not found.
    Future<Either<Failure, List<PersonalizedRecommendation>>>
           ^^^^^^
  lib/features/recommendations/domain/services/recommendation_service.dart:28:10: Error: Type 'Either' not found.
    Future<Either<Failure, List<PersonalizedRecommendation>>>
           ^^^^^^
  lib/features/recommendations/domain/services/recommendation_service.dart:45:10: Error: Type 'Either' not found.
    Future<Either<Failure, List<PersonalizedRecommendation>>>
           ^^^^^^
  lib/features/recommendations/domain/services/recommendation_service.dart:62:10: Error: Type 'Either' not found.
    Future<Either<Failure, List<PersonalizedRecommendation>>>
           ^^^^^^
  lib/features/recommendations/domain/usecases/get_personalized_recommendations.dart:23:10: Error: Type 'Either' not found.
    Future<Either<Failure, List<PersonalizedRecommendation>>> call(
           ^^^^^^
  test/features/recommendations/domain/usecases/get_personalized_recommendations_test.dart:43:22: Error: Member not found: 'museums'.
        TravelInterest.museums,
                       ^^^^^^^
  test/features/recommendations/domain/usecases/get_personalized_recommendations_test.dart:42:22: Error: Member not found: 'foodTours'.
        TravelInterest.foodTours,
                       ^^^^^^^^^
  test/features/recommendations/domain/usecases/get_personalized_recommendations_test.dart:62:23: Error: Undefined name 'RecommendationCategory'.
              category: RecommendationCategory.attraction,
                        ^^^^^^^^^^^^^^^^^^^^^^
  test/features/recommendations/domain/usecases/get_personalized_recommendations_test.dart:59:27: Error: Couldn't find constructor 'PlaceActivity'.
            activity: const PlaceActivity(
                            ^^^^^^^^^^^^^
  test/features/recommendations/domain/usecases/get_personalized_recommendations_test.dart:79:36: Error: Method not found: 'Right'.
            .thenAnswer((_) async => Right(recommendations));
                                     ^^^^^
  test/features/recommendations/domain/usecases/get_personalized_recommendations_test.dart:218:17: Error: No named parameter with the name 'code'.
                  code: '500',
                  ^^^^
  lib/core/error/failures.dart:130:9: Context: Found this candidate, but the arguments don't match.
    const ServerFailure({
          ^^^^^^^^^^^^^
  test/features/recommendations/domain/usecases/get_personalized_recommendations_test.dart:216:42: Error: Couldn't find constructor 'Left'.
            .thenAnswer((_) async => const Left(ServerFailure(
                                           ^^^^
  test/features/recommendations/domain/usecases/get_personalized_recommendations_test.dart:242:42: Error: Couldn't find constructor 'Right'.
            .thenAnswer((_) async => const Right([]));
                                           ^^^^^
  test/features/recommendations/domain/usecases/get_personalized_recommendations_test.dart:265:23: Error: Undefined name 'RecommendationCategory'.
              category: RecommendationCategory.attraction,
                        ^^^^^^^^^^^^^^^^^^^^^^
  test/features/recommendations/domain/usecases/get_personalized_recommendations_test.dart:262:27: Error: Couldn't find constructor 'PlaceActivity'.
            activity: const PlaceActivity(
                            ^^^^^^^^^^^^^
  test/features/recommendations/domain/usecases/get_personalized_recommendations_test.dart:283:23: Error: Undefined name 'RecommendationCategory'.
              category: RecommendationCategory.attraction,
                        ^^^^^^^^^^^^^^^^^^^^^^
  test/features/recommendations/domain/usecases/get_personalized_recommendations_test.dart:280:27: Error: Couldn't find constructor 'PlaceActivity'.
            activity: const PlaceActivity(
                            ^^^^^^^^^^^^^
  test/features/recommendations/domain/usecases/get_personalized_recommendations_test.dart:299:36: Error: Method not found: 'Right'.
            .thenAnswer((_) async => Right(recommendations));
                                     ^^^^^
  test/features/recommendations/domain/usecases/get_personalized_recommendations_test.dart:50:18: Error: The argument type 'Set<dynamic>' can't be assigned to the parameter type 'Set<TravelInterest>'.
   - 'Set' is from 'dart:core'.
   - 'TravelInterest' is from 'package:soloadventurer/features/onboarding/domain/entities/travel_interest.dart' ('lib/features/onboarding/domain/entities/travel_interest.dart').
        interests: interests,
                   ^
  test/features/recommendations/domain/usecases/get_personalized_recommendations_test.dart:66:31: Error: The argument type 'Set<dynamic>' can't be assigned to the parameter type 'Set<TravelInterest>'.
   - 'Set' is from 'dart:core'.
   - 'TravelInterest' is from 'package:soloadventurer/features/onboarding/domain/entities/travel_interest.dart' ('lib/features/onboarding/domain/entities/travel_interest.dart').
              matchedInterests: interests,
                                ^
  test/features/recommendations/domain/usecases/get_personalized_recommendations_test.dart:107:20: Error: The argument type 'Set<dynamic>' can't be assigned to the parameter type 'Set<TravelInterest>'.
   - 'Set' is from 'dart:core'.
   - 'TravelInterest' is from 'package:soloadventurer/features/onboarding/domain/entities/travel_interest.dart' ('lib/features/onboarding/domain/entities/travel_interest.dart').
          interests: interests,
                     ^
  test/features/recommendations/domain/usecases/get_personalized_recommendations_test.dart:140:20: Error: The argument type 'Set<dynamic>' can't be assigned to the parameter type 'Set<TravelInterest>'.
   - 'Set' is from 'dart:core'.
   - 'TravelInterest' is from 'package:soloadventurer/features/onboarding/domain/entities/travel_interest.dart' ('lib/features/onboarding/domain/entities/travel_interest.dart').
          interests: interests,
                     ^
  test/features/recommendations/domain/usecases/get_personalized_recommendations_test.dart:170:20: Error: The argument type 'Set<dynamic>' can't be assigned to the parameter type 'Set<TravelInterest>'.
   - 'Set' is from 'dart:core'.
   - 'TravelInterest' is from 'package:soloadventurer/features/onboarding/domain/entities/travel_interest.dart' ('lib/features/onboarding/domain/entities/travel_interest.dart').
          interests: interests,
                     ^
  test/features/recommendations/domain/usecases/get_personalized_recommendations_test.dart:268:31: Error: The argument type 'Set<dynamic>' can't be assigned to the parameter type 'Set<TravelInterest>'.
   - 'Set' is from 'dart:core'.
   - 'TravelInterest' is from 'package:soloadventurer/features/onboarding/domain/entities/travel_interest.dart' ('lib/features/onboarding/domain/entities/travel_interest.dart').
              matchedInterests: interests,
                                ^
  test/features/recommendations/domain/usecases/get_personalized_recommendations_test.dart:286:31: Error: The argument type 'Set<dynamic>' can't be assigned to the parameter type 'Set<TravelInterest>'.
   - 'Set' is from 'dart:core'.
   - 'TravelInterest' is from 'package:soloadventurer/features/onboarding/domain/entities/travel_interest.dart' ('lib/features/onboarding/domain/entities/travel_interest.dart').
              matchedInterests: interests,
                                ^
  lib/features/recommendations/domain/entities/recommendation.dart:27:14: Error: 'PlaceActivity' isn't a type.
      required PlaceActivity activity,
               ^^^^^^^^^^^^^
  lib/features/recommendations/domain/entities/recommendation.freezed.dart:44:7: Error: 'PlaceActivity' isn't a type.
        PlaceActivity activity,
        ^^^^^^^^^^^^^
  lib/features/recommendations/domain/entities/recommendation.freezed.dart:88:18: Error: 'PlaceActivity' isn't a type.
                as PlaceActivity,
                   ^^^^^^^^^^^^^
  lib/features/recommendations/domain/entities/recommendation.freezed.dart:138:7: Error: 'PlaceActivity' isn't a type.
        PlaceActivity activity,
        ^^^^^^^^^^^^^
  lib/features/recommendations/domain/entities/recommendation.freezed.dart:182:18: Error: 'PlaceActivity' isn't a type.
                as PlaceActivity,
                   ^^^^^^^^^^^^^
  lib/features/recommendations/domain/entities/recommendation.freezed.dart:228:9: Error: 'PlaceActivity' isn't a type.
    final PlaceActivity activity;
          ^^^^^^^^^^^^^
  lib/features/recommendations/domain/entities/recommendation.freezed.dart:295:22: Error: 'PlaceActivity' isn't a type.
        required final PlaceActivity activity,
                       ^^^^^^^^^^^^^
  lib/features/recommendations/domain/usecases/get_personalized_recommendations.dart:28:42: Error: Too many positional arguments: 0 allowed, but 1 found.
  Try removing the extra positional arguments.
        return left(const ValidationFailure(
                                           ^
  lib/core/error/failures.dart:204:9: Context: Found this candidate, but the arguments don't match.
    const ValidationFailure({
          ^^^^^^^^^^^^^^^^^
  lib/features/recommendations/domain/usecases/get_personalized_recommendations.dart:28:14: Error: The method 'left' isn't defined for the type 'GetPersonalizedRecommendations'.
   - 'GetPersonalizedRecommendations' is from 'package:soloadventurer/features/recommendations/domain/usecases/get_personalized_recommendations.dart' ('lib/features/recommendations/domain/usecases/get_personalized_recommendations.dart').
  Try correcting the name to the name of an existing method, or defining a method named 'left'.
        return left(const ValidationFailure(
               ^^^^
  .

To run this test again: /opt/homebrew/Caskroom/flutter/3.32.5/flutter/bin/cache/dart-sdk/bin/dart test /Users/anthonyforan/SoloAdventurer_app/test/features/recommendations/domain/usecases/get_personalized_recommendations_test.dart -p vm --plain-name 'loading /Users/anthonyforan/SoloAdventurer_app/test/features/recommendations/domain/usecases/get_personalized_recommendations_test.dart'
Error: Couldn't resolve the package 'dartz' in 'package:dartz/dartz.dart'.
test/features/recommendations/domain/usecases/save_recommendation_test.dart:1:8: Error: Not found: 'package:dartz/dartz.dart'
import 'package:dartz/dartz.dart';
       ^
lib/features/recommendations/domain/repositories/recommendation_repository.dart:1:8: Error: Not found: 'package:dartz/dartz.dart'
import 'package:dartz/dartz.dart';
       ^
lib/features/recommendations/domain/usecases/save_recommendation.dart:1:8: Error: Not found: 'package:dartz/dartz.dart'
import 'package:dartz/dartz.dart';
       ^
lib/features/recommendations/domain/entities/recommendation.dart:27:14: Error: Type 'PlaceActivity' not found.
    required PlaceActivity activity,
             ^^^^^^^^^^^^^
lib/features/recommendations/domain/entities/recommendation.freezed.dart:20:3: Error: Type 'PlaceActivity' not found.
  PlaceActivity get activity => throw _privateConstructorUsedError;
  ^^^^^^^^^^^^^
lib/features/recommendations/domain/entities/recommendation.freezed.dart:44:7: Error: Type 'PlaceActivity' not found.
      PlaceActivity activity,
      ^^^^^^^^^^^^^
lib/features/recommendations/domain/entities/recommendation.freezed.dart:138:7: Error: Type 'PlaceActivity' not found.
      PlaceActivity activity,
      ^^^^^^^^^^^^^
lib/features/recommendations/domain/entities/recommendation.freezed.dart:228:9: Error: Type 'PlaceActivity' not found.
  final PlaceActivity activity;
        ^^^^^^^^^^^^^
lib/features/recommendations/domain/entities/recommendation.freezed.dart:295:22: Error: Type 'PlaceActivity' not found.
      required final PlaceActivity activity,
                     ^^^^^^^^^^^^^
lib/features/recommendations/domain/entities/recommendation.freezed.dart:307:3: Error: Type 'PlaceActivity' not found.
  PlaceActivity get activity;
  ^^^^^^^^^^^^^
lib/features/recommendations/domain/repositories/recommendation_repository.dart:18:10: Error: Type 'Either' not found.
  Future<Either<Failure, PersonalizedRecommendation>> saveRecommendation(
         ^^^^^^
lib/features/recommendations/domain/repositories/recommendation_repository.dart:29:10: Error: Type 'Either' not found.
  Future<Either<Failure, List<PersonalizedRecommendation>>>
         ^^^^^^
lib/features/recommendations/domain/repositories/recommendation_repository.dart:42:26: Error: Type 'Unit' not found.
  Future<Either<Failure, Unit>> dismissRecommendation(
                         ^^^^
lib/features/recommendations/domain/repositories/recommendation_repository.dart:42:10: Error: Type 'Either' not found.
  Future<Either<Failure, Unit>> dismissRecommendation(
         ^^^^^^
lib/features/recommendations/domain/repositories/recommendation_repository.dart:54:26: Error: Type 'Unit' not found.
  Future<Either<Failure, Unit>> recordFeedback(
                         ^^^^
lib/features/recommendations/domain/repositories/recommendation_repository.dart:54:10: Error: Type 'Either' not found.
  Future<Either<Failure, Unit>> recordFeedback(
         ^^^^^^
lib/features/recommendations/domain/repositories/recommendation_repository.dart:65:10: Error: Type 'Either' not found.
  Future<Either<Failure, Set<String>>> getDismissedRecommendations(
         ^^^^^^
lib/features/recommendations/domain/repositories/recommendation_repository.dart:78:10: Error: Type 'Either' not found.
  Future<Either<Failure, int>> clearOldDismissals({
         ^^^^^^
lib/features/recommendations/domain/usecases/save_recommendation.dart:22:10: Error: Type 'Either' not found.
  Future<Either<Failure, PersonalizedRecommendation>> call(
         ^^^^^^
test/features/recommendations/domain/usecases/save_recommendation_test.dart:36:43: Error: Member not found: 'foodTours'.
        matchedInterests: {TravelInterest.foodTours},
                                          ^^^^^^^^^
test/features/recommendations/domain/usecases/save_recommendation_test.dart:53:36: Error: Method not found: 'Right'.
          .thenAnswer((_) async => Right(savedRecommendation));
                                   ^^^^^
test/features/recommendations/domain/usecases/save_recommendation_test.dart:79:36: Error: Method not found: 'Right'.
          .thenAnswer((_) async => Right(savedRecommendation));
                                   ^^^^^
test/features/recommendations/domain/usecases/save_recommendation_test.dart:98:42: Error: Couldn't find constructor 'Left'.
          .thenAnswer((_) async => const Left(CacheFailure(
                                         ^^^^
test/features/recommendations/domain/usecases/save_recommendation_test.dart:121:42: Error: Couldn't find constructor 'Left'.
          .thenAnswer((_) async => const Left(NetworkFailure(
                                         ^^^^
test/features/recommendations/domain/usecases/save_recommendation_test.dart:143:36: Error: Method not found: 'Right'.
          .thenAnswer((_) async => Right(savedRecommendation));
                                   ^^^^^
test/features/recommendations/domain/usecases/save_recommendation_test.dart:170:36: Error: Method not found: 'Right'.
          .thenAnswer((_) async => Right(alreadySaved));
                                   ^^^^^
test/features/recommendations/domain/usecases/save_recommendation_test.dart:193:36: Error: Method not found: 'Right'.
          .thenAnswer((_) async => Right(addedToItinerary));
                                   ^^^^^
test/features/recommendations/domain/usecases/save_recommendation_test.dart:215:36: Error: Method not found: 'Right'.
          .thenAnswer((_) async => Right(savedRecommendation));
                                   ^^^^^
lib/features/recommendations/domain/entities/recommendation.dart:27:14: Error: 'PlaceActivity' isn't a type.
    required PlaceActivity activity,
             ^^^^^^^^^^^^^
lib/features/recommendations/domain/entities/recommendation.freezed.dart:44:7: Error: 'PlaceActivity' isn't a type.
      PlaceActivity activity,
      ^^^^^^^^^^^^^
lib/features/recommendations/domain/entities/recommendation.freezed.dart:88:18: Error: 'PlaceActivity' isn't a type.
              as PlaceActivity,
                 ^^^^^^^^^^^^^
lib/features/recommendations/domain/entities/recommendation.freezed.dart:138:7: Error: 'PlaceActivity' isn't a type.
      PlaceActivity activity,
      ^^^^^^^^^^^^^
lib/features/recommendations/domain/entities/recommendation.freezed.dart:182:18: Error: 'PlaceActivity' isn't a type.
              as PlaceActivity,
                 ^^^^^^^^^^^^^
lib/features/recommendations/domain/entities/recommendation.freezed.dart:228:9: Error: 'PlaceActivity' isn't a type.
  final PlaceActivity activity;
        ^^^^^^^^^^^^^
lib/features/recommendations/domain/entities/recommendation.freezed.dart:295:22: Error: 'PlaceActivity' isn't a type.
      required final PlaceActivity activity,
                     ^^^^^^^^^^^^^
00:55 +131 -56: loading /Users/anthonyforan/SoloAdventurer_app/test/features/recommendations/domain/usecases/save_recommendation_test.dart [E]                                                         
  Failed to load "/Users/anthonyforan/SoloAdventurer_app/test/features/recommendations/domain/usecases/save_recommendation_test.dart":
  Compilation failed for testPath=/Users/anthonyforan/SoloAdventurer_app/test/features/recommendations/domain/usecases/save_recommendation_test.dart: Error: Couldn't resolve the package 'dartz' in 'package:dartz/dartz.dart'.
  test/features/recommendations/domain/usecases/save_recommendation_test.dart:1:8: Error: Not found: 'package:dartz/dartz.dart'
  import 'package:dartz/dartz.dart';
         ^
  lib/features/recommendations/domain/repositories/recommendation_repository.dart:1:8: Error: Not found: 'package:dartz/dartz.dart'
  import 'package:dartz/dartz.dart';
         ^
  lib/features/recommendations/domain/usecases/save_recommendation.dart:1:8: Error: Not found: 'package:dartz/dartz.dart'
  import 'package:dartz/dartz.dart';
         ^
  lib/features/recommendations/domain/entities/recommendation.dart:27:14: Error: Type 'PlaceActivity' not found.
      required PlaceActivity activity,
               ^^^^^^^^^^^^^
  lib/features/recommendations/domain/entities/recommendation.freezed.dart:20:3: Error: Type 'PlaceActivity' not found.
    PlaceActivity get activity => throw _privateConstructorUsedError;
    ^^^^^^^^^^^^^
  lib/features/recommendations/domain/entities/recommendation.freezed.dart:44:7: Error: Type 'PlaceActivity' not found.
        PlaceActivity activity,
        ^^^^^^^^^^^^^
  lib/features/recommendations/domain/entities/recommendation.freezed.dart:138:7: Error: Type 'PlaceActivity' not found.
        PlaceActivity activity,
        ^^^^^^^^^^^^^
  lib/features/recommendations/domain/entities/recommendation.freezed.dart:228:9: Error: Type 'PlaceActivity' not found.
    final PlaceActivity activity;
          ^^^^^^^^^^^^^
  lib/features/recommendations/domain/entities/recommendation.freezed.dart:295:22: Error: Type 'PlaceActivity' not found.
        required final PlaceActivity activity,
                       ^^^^^^^^^^^^^
  lib/features/recommendations/domain/entities/recommendation.freezed.dart:307:3: Error: Type 'PlaceActivity' not found.
    PlaceActivity get activity;
    ^^^^^^^^^^^^^
  lib/features/recommendations/domain/repositories/recommendation_repository.dart:18:10: Error: Type 'Either' not found.
    Future<Either<Failure, PersonalizedRecommendation>> saveRecommendation(
           ^^^^^^
  lib/features/recommendations/domain/repositories/recommendation_repository.dart:29:10: Error: Type 'Either' not found.
    Future<Either<Failure, List<PersonalizedRecommendation>>>
           ^^^^^^
  lib/features/recommendations/domain/repositories/recommendation_repository.dart:42:26: Error: Type 'Unit' not found.
    Future<Either<Failure, Unit>> dismissRecommendation(
                           ^^^^
  lib/features/recommendations/domain/repositories/recommendation_repository.dart:42:10: Error: Type 'Either' not found.
    Future<Either<Failure, Unit>> dismissRecommendation(
           ^^^^^^
  lib/features/recommendations/domain/repositories/recommendation_repository.dart:54:26: Error: Type 'Unit' not found.
    Future<Either<Failure, Unit>> recordFeedback(
                           ^^^^
  lib/features/recommendations/domain/repositories/recommendation_repository.dart:54:10: Error: Type 'Either' not found.
    Future<Either<Failure, Unit>> recordFeedback(
           ^^^^^^
  lib/features/recommendations/domain/repositories/recommendation_repository.dart:65:10: Error: Type 'Either' not found.
    Future<Either<Failure, Set<String>>> getDismissedRecommendations(
           ^^^^^^
  lib/features/recommendations/domain/repositories/recommendation_repository.dart:78:10: Error: Type 'Either' not found.
    Future<Either<Failure, int>> clearOldDismissals({
           ^^^^^^
  lib/features/recommendations/domain/usecases/save_recommendation.dart:22:10: Error: Type 'Either' not found.
    Future<Either<Failure, PersonalizedRecommendation>> call(
           ^^^^^^
  test/features/recommendations/domain/usecases/save_recommendation_test.dart:36:43: Error: Member not found: 'foodTours'.
          matchedInterests: {TravelInterest.foodTours},
                                            ^^^^^^^^^
  test/features/recommendations/domain/usecases/save_recommendation_test.dart:53:36: Error: Method not found: 'Right'.
            .thenAnswer((_) async => Right(savedRecommendation));
                                     ^^^^^
  test/features/recommendations/domain/usecases/save_recommendation_test.dart:79:36: Error: Method not found: 'Right'.
            .thenAnswer((_) async => Right(savedRecommendation));
                                     ^^^^^
  test/features/recommendations/domain/usecases/save_recommendation_test.dart:98:42: Error: Couldn't find constructor 'Left'.
            .thenAnswer((_) async => const Left(CacheFailure(
                                           ^^^^
  test/features/recommendations/domain/usecases/save_recommendation_test.dart:121:42: Error: Couldn't find constructor 'Left'.
            .thenAnswer((_) async => const Left(NetworkFailure(
                                           ^^^^
  test/features/recommendations/domain/usecases/save_recommendation_test.dart:143:36: Error: Method not found: 'Right'.
            .thenAnswer((_) async => Right(savedRecommendation));
                                     ^^^^^
  test/features/recommendations/domain/usecases/save_recommendation_test.dart:170:36: Error: Method not found: 'Right'.
            .thenAnswer((_) async => Right(alreadySaved));
                                     ^^^^^
  test/features/recommendations/domain/usecases/save_recommendation_test.dart:193:36: Error: Method not found: 'Right'.
            .thenAnswer((_) async => Right(addedToItinerary));
                                     ^^^^^
  test/features/recommendations/domain/usecases/save_recommendation_test.dart:215:36: Error: Method not found: 'Right'.
            .thenAnswer((_) async => Right(savedRecommendation));
                                     ^^^^^
  lib/features/recommendations/domain/entities/recommendation.dart:27:14: Error: 'PlaceActivity' isn't a type.
      required PlaceActivity activity,
               ^^^^^^^^^^^^^
  lib/features/recommendations/domain/entities/recommendation.freezed.dart:44:7: Error: 'PlaceActivity' isn't a type.
        PlaceActivity activity,
        ^^^^^^^^^^^^^
  lib/features/recommendations/domain/entities/recommendation.freezed.dart:88:18: Error: 'PlaceActivity' isn't a type.
                as PlaceActivity,
                   ^^^^^^^^^^^^^
  lib/features/recommendations/domain/entities/recommendation.freezed.dart:138:7: Error: 'PlaceActivity' isn't a type.
        PlaceActivity activity,
        ^^^^^^^^^^^^^
  lib/features/recommendations/domain/entities/recommendation.freezed.dart:182:18: Error: 'PlaceActivity' isn't a type.
                as PlaceActivity,
                   ^^^^^^^^^^^^^
  lib/features/recommendations/domain/entities/recommendation.freezed.dart:228:9: Error: 'PlaceActivity' isn't a type.
    final PlaceActivity activity;
          ^^^^^^^^^^^^^
  lib/features/recommendations/domain/entities/recommendation.freezed.dart:295:22: Error: 'PlaceActivity' isn't a type.
        required final PlaceActivity activity,
                       ^^^^^^^^^^^^^
  .

To run this test again: /opt/homebrew/Caskroom/flutter/3.32.5/flutter/bin/cache/dart-sdk/bin/dart test /Users/anthonyforan/SoloAdventurer_app/test/features/recommendations/domain/usecases/save_recommendation_test.dart -p vm --plain-name 'loading /Users/anthonyforan/SoloAdventurer_app/test/features/recommendations/domain/usecases/save_recommendation_test.dart'
Error: Couldn't resolve the package 'dartz' in 'package:dartz/dartz.dart'.
test/features/recommendations/domain/usecases/dismiss_recommendation_test.dart:1:8: Error: Not found: 'package:dartz/dartz.dart'
import 'package:dartz/dartz.dart';
       ^
lib/features/recommendations/domain/repositories/recommendation_repository.dart:1:8: Error: Not found: 'package:dartz/dartz.dart'
import 'package:dartz/dartz.dart';
       ^
lib/features/recommendations/domain/usecases/dismiss_recommendation.dart:1:8: Error: Not found: 'package:dartz/dartz.dart'
import 'package:dartz/dartz.dart';
       ^
lib/features/recommendations/domain/repositories/recommendation_repository.dart:18:10: Error: Type 'Either' not found.
  Future<Either<Failure, PersonalizedRecommendation>> saveRecommendation(
         ^^^^^^
lib/features/recommendations/domain/repositories/recommendation_repository.dart:29:10: Error: Type 'Either' not found.
  Future<Either<Failure, List<PersonalizedRecommendation>>>
         ^^^^^^
lib/features/recommendations/domain/repositories/recommendation_repository.dart:42:26: Error: Type 'Unit' not found.
  Future<Either<Failure, Unit>> dismissRecommendation(
                         ^^^^
lib/features/recommendations/domain/repositories/recommendation_repository.dart:42:10: Error: Type 'Either' not found.
  Future<Either<Failure, Unit>> dismissRecommendation(
         ^^^^^^
lib/features/recommendations/domain/repositories/recommendation_repository.dart:54:26: Error: Type 'Unit' not found.
  Future<Either<Failure, Unit>> recordFeedback(
                         ^^^^
lib/features/recommendations/domain/repositories/recommendation_repository.dart:54:10: Error: Type 'Either' not found.
  Future<Either<Failure, Unit>> recordFeedback(
         ^^^^^^
lib/features/recommendations/domain/repositories/recommendation_repository.dart:65:10: Error: Type 'Either' not found.
  Future<Either<Failure, Set<String>>> getDismissedRecommendations(
         ^^^^^^
lib/features/recommendations/domain/repositories/recommendation_repository.dart:78:10: Error: Type 'Either' not found.
  Future<Either<Failure, int>> clearOldDismissals({
         ^^^^^^
lib/features/recommendations/domain/usecases/dismiss_recommendation.dart:21:26: Error: Type 'Unit' not found.
  Future<Either<Failure, Unit>> call(
                         ^^^^
lib/features/recommendations/domain/usecases/dismiss_recommendation.dart:21:10: Error: Type 'Either' not found.
  Future<Either<Failure, Unit>> call(
         ^^^^^^
lib/features/recommendations/domain/entities/recommendation.dart:27:14: Error: Type 'PlaceActivity' not found.
    required PlaceActivity activity,
             ^^^^^^^^^^^^^
lib/features/recommendations/domain/entities/recommendation.freezed.dart:20:3: Error: Type 'PlaceActivity' not found.
  PlaceActivity get activity => throw _privateConstructorUsedError;
  ^^^^^^^^^^^^^
lib/features/recommendations/domain/entities/recommendation.freezed.dart:44:7: Error: Type 'PlaceActivity' not found.
      PlaceActivity activity,
      ^^^^^^^^^^^^^
lib/features/recommendations/domain/entities/recommendation.freezed.dart:138:7: Error: Type 'PlaceActivity' not found.
      PlaceActivity activity,
      ^^^^^^^^^^^^^
lib/features/recommendations/domain/entities/recommendation.freezed.dart:228:9: Error: Type 'PlaceActivity' not found.
  final PlaceActivity activity;
        ^^^^^^^^^^^^^
lib/features/recommendations/domain/entities/recommendation.freezed.dart:295:22: Error: Type 'PlaceActivity' not found.
      required final PlaceActivity activity,
                     ^^^^^^^^^^^^^
lib/features/recommendations/domain/entities/recommendation.freezed.dart:307:3: Error: Type 'PlaceActivity' not found.
  PlaceActivity get activity;
  ^^^^^^^^^^^^^
test/features/recommendations/domain/usecases/dismiss_recommendation_test.dart:30:48: Error: Undefined name 'unit'.
          .thenAnswer((_) async => const Right(unit));
                                               ^^^^
test/features/recommendations/domain/usecases/dismiss_recommendation_test.dart:30:42: Error: Couldn't find constructor 'Right'.
          .thenAnswer((_) async => const Right(unit));
                                         ^^^^^
test/features/recommendations/domain/usecases/dismiss_recommendation_test.dart:40:29: Error: Undefined name 'unit'.
          expect(unitValue, unit);
                            ^^^^
test/features/recommendations/domain/usecases/dismiss_recommendation_test.dart:55:48: Error: Undefined name 'unit'.
          .thenAnswer((_) async => const Right(unit));
                                               ^^^^
test/features/recommendations/domain/usecases/dismiss_recommendation_test.dart:55:42: Error: Couldn't find constructor 'Right'.
          .thenAnswer((_) async => const Right(unit));
                                         ^^^^^
test/features/recommendations/domain/usecases/dismiss_recommendation_test.dart:77:42: Error: Couldn't find constructor 'Left'.
          .thenAnswer((_) async => const Left(CacheFailure(
                                         ^^^^
test/features/recommendations/domain/usecases/dismiss_recommendation_test.dart:105:42: Error: Couldn't find constructor 'Left'.
          .thenAnswer((_) async => const Left(NetworkFailure(
                                         ^^^^
test/features/recommendations/domain/usecases/dismiss_recommendation_test.dart:132:17: Error: No named parameter with the name 'code'.
                code: '500',
                ^^^^
lib/core/error/failures.dart:130:9: Context: Found this candidate, but the arguments don't match.
  const ServerFailure({
        ^^^^^^^^^^^^^
test/features/recommendations/domain/usecases/dismiss_recommendation_test.dart:130:42: Error: Couldn't find constructor 'Left'.
          .thenAnswer((_) async => const Left(ServerFailure(
                                         ^^^^
test/features/recommendations/domain/usecases/dismiss_recommendation_test.dart:156:48: Error: Undefined name 'unit'.
          .thenAnswer((_) async => const Right(unit));
                                               ^^^^
test/features/recommendations/domain/usecases/dismiss_recommendation_test.dart:156:42: Error: Couldn't find constructor 'Right'.
          .thenAnswer((_) async => const Right(unit));
                                         ^^^^^
test/features/recommendations/domain/usecases/dismiss_recommendation_test.dart:174:48: Error: Undefined name 'unit'.
          .thenAnswer((_) async => const Right(unit));
                                               ^^^^
test/features/recommendations/domain/usecases/dismiss_recommendation_test.dart:174:42: Error: Couldn't find constructor 'Right'.
          .thenAnswer((_) async => const Right(unit));
                                         ^^^^^
test/features/recommendations/domain/usecases/dismiss_recommendation_test.dart:192:42: Error: Couldn't find constructor 'Left'.
          .thenAnswer((_) async => const Left(UnknownFailure(
                                         ^^^^
test/features/recommendations/domain/usecases/dismiss_recommendation_test.dart:217:48: Error: Undefined name 'unit'.
          .thenAnswer((_) async => const Right(unit));
                                               ^^^^
test/features/recommendations/domain/usecases/dismiss_recommendation_test.dart:217:42: Error: Couldn't find constructor 'Right'.
          .thenAnswer((_) async => const Right(unit));
                                         ^^^^^
test/features/recommendations/domain/usecases/dismiss_recommendation_test.dart:238:48: Error: Undefined name 'unit'.
          .thenAnswer((_) async => const Right(unit));
                                               ^^^^
test/features/recommendations/domain/usecases/dismiss_recommendation_test.dart:238:42: Error: Couldn't find constructor 'Right'.
          .thenAnswer((_) async => const Right(unit));
                                         ^^^^^
lib/features/recommendations/domain/entities/recommendation.dart:27:14: Error: 'PlaceActivity' isn't a type.
    required PlaceActivity activity,
             ^^^^^^^^^^^^^
lib/features/recommendations/domain/entities/recommendation.freezed.dart:44:7: Error: 'PlaceActivity' isn't a type.
      PlaceActivity activity,
      ^^^^^^^^^^^^^
lib/features/recommendations/domain/entities/recommendation.freezed.dart:88:18: Error: 'PlaceActivity' isn't a type.
              as PlaceActivity,
                 ^^^^^^^^^^^^^
lib/features/recommendations/domain/entities/recommendation.freezed.dart:138:7: Error: 'PlaceActivity' isn't a type.
      PlaceActivity activity,
      ^^^^^^^^^^^^^
lib/features/recommendations/domain/entities/recommendation.freezed.dart:182:18: Error: 'PlaceActivity' isn't a type.
              as PlaceActivity,
                 ^^^^^^^^^^^^^
lib/features/recommendations/domain/entities/recommendation.freezed.dart:228:9: Error: 'PlaceActivity' isn't a type.
  final PlaceActivity activity;
        ^^^^^^^^^^^^^
lib/features/recommendations/domain/entities/recommendation.freezed.dart:295:22: Error: 'PlaceActivity' isn't a type.
      required final PlaceActivity activity,
                     ^^^^^^^^^^^^^
00:56 +131 -57: loading /Users/anthonyforan/SoloAdventurer_app/test/features/recommendations/domain/usecases/dismiss_recommendation_test.dart [E]                                                      
  Failed to load "/Users/anthonyforan/SoloAdventurer_app/test/features/recommendations/domain/usecases/dismiss_recommendation_test.dart":
  Compilation failed for testPath=/Users/anthonyforan/SoloAdventurer_app/test/features/recommendations/domain/usecases/dismiss_recommendation_test.dart: Error: Couldn't resolve the package 'dartz' in 'package:dartz/dartz.dart'.
  test/features/recommendations/domain/usecases/dismiss_recommendation_test.dart:1:8: Error: Not found: 'package:dartz/dartz.dart'
  import 'package:dartz/dartz.dart';
         ^
  lib/features/recommendations/domain/repositories/recommendation_repository.dart:1:8: Error: Not found: 'package:dartz/dartz.dart'
  import 'package:dartz/dartz.dart';
         ^
  lib/features/recommendations/domain/usecases/dismiss_recommendation.dart:1:8: Error: Not found: 'package:dartz/dartz.dart'
  import 'package:dartz/dartz.dart';
         ^
  lib/features/recommendations/domain/repositories/recommendation_repository.dart:18:10: Error: Type 'Either' not found.
    Future<Either<Failure, PersonalizedRecommendation>> saveRecommendation(
           ^^^^^^
  lib/features/recommendations/domain/repositories/recommendation_repository.dart:29:10: Error: Type 'Either' not found.
    Future<Either<Failure, List<PersonalizedRecommendation>>>
           ^^^^^^
  lib/features/recommendations/domain/repositories/recommendation_repository.dart:42:26: Error: Type 'Unit' not found.
    Future<Either<Failure, Unit>> dismissRecommendation(
                           ^^^^
  lib/features/recommendations/domain/repositories/recommendation_repository.dart:42:10: Error: Type 'Either' not found.
    Future<Either<Failure, Unit>> dismissRecommendation(
           ^^^^^^
  lib/features/recommendations/domain/repositories/recommendation_repository.dart:54:26: Error: Type 'Unit' not found.
    Future<Either<Failure, Unit>> recordFeedback(
                           ^^^^
  lib/features/recommendations/domain/repositories/recommendation_repository.dart:54:10: Error: Type 'Either' not found.
    Future<Either<Failure, Unit>> recordFeedback(
           ^^^^^^
  lib/features/recommendations/domain/repositories/recommendation_repository.dart:65:10: Error: Type 'Either' not found.
    Future<Either<Failure, Set<String>>> getDismissedRecommendations(
           ^^^^^^
  lib/features/recommendations/domain/repositories/recommendation_repository.dart:78:10: Error: Type 'Either' not found.
    Future<Either<Failure, int>> clearOldDismissals({
           ^^^^^^
  lib/features/recommendations/domain/usecases/dismiss_recommendation.dart:21:26: Error: Type 'Unit' not found.
    Future<Either<Failure, Unit>> call(
                           ^^^^
  lib/features/recommendations/domain/usecases/dismiss_recommendation.dart:21:10: Error: Type 'Either' not found.
    Future<Either<Failure, Unit>> call(
           ^^^^^^
  lib/features/recommendations/domain/entities/recommendation.dart:27:14: Error: Type 'PlaceActivity' not found.
      required PlaceActivity activity,
               ^^^^^^^^^^^^^
  lib/features/recommendations/domain/entities/recommendation.freezed.dart:20:3: Error: Type 'PlaceActivity' not found.
    PlaceActivity get activity => throw _privateConstructorUsedError;
    ^^^^^^^^^^^^^
  lib/features/recommendations/domain/entities/recommendation.freezed.dart:44:7: Error: Type 'PlaceActivity' not found.
        PlaceActivity activity,
        ^^^^^^^^^^^^^
  lib/features/recommendations/domain/entities/recommendation.freezed.dart:138:7: Error: Type 'PlaceActivity' not found.
        PlaceActivity activity,
        ^^^^^^^^^^^^^
  lib/features/recommendations/domain/entities/recommendation.freezed.dart:228:9: Error: Type 'PlaceActivity' not found.
    final PlaceActivity activity;
          ^^^^^^^^^^^^^
  lib/features/recommendations/domain/entities/recommendation.freezed.dart:295:22: Error: Type 'PlaceActivity' not found.
        required final PlaceActivity activity,
                       ^^^^^^^^^^^^^
  lib/features/recommendations/domain/entities/recommendation.freezed.dart:307:3: Error: Type 'PlaceActivity' not found.
    PlaceActivity get activity;
    ^^^^^^^^^^^^^
  test/features/recommendations/domain/usecases/dismiss_recommendation_test.dart:30:48: Error: Undefined name 'unit'.
            .thenAnswer((_) async => const Right(unit));
                                                 ^^^^
  test/features/recommendations/domain/usecases/dismiss_recommendation_test.dart:30:42: Error: Couldn't find constructor 'Right'.
            .thenAnswer((_) async => const Right(unit));
                                           ^^^^^
  test/features/recommendations/domain/usecases/dismiss_recommendation_test.dart:40:29: Error: Undefined name 'unit'.
            expect(unitValue, unit);
                              ^^^^
  test/features/recommendations/domain/usecases/dismiss_recommendation_test.dart:55:48: Error: Undefined name 'unit'.
            .thenAnswer((_) async => const Right(unit));
                                                 ^^^^
  test/features/recommendations/domain/usecases/dismiss_recommendation_test.dart:55:42: Error: Couldn't find constructor 'Right'.
            .thenAnswer((_) async => const Right(unit));
                                           ^^^^^
  test/features/recommendations/domain/usecases/dismiss_recommendation_test.dart:77:42: Error: Couldn't find constructor 'Left'.
            .thenAnswer((_) async => const Left(CacheFailure(
                                           ^^^^
  test/features/recommendations/domain/usecases/dismiss_recommendation_test.dart:105:42: Error: Couldn't find constructor 'Left'.
            .thenAnswer((_) async => const Left(NetworkFailure(
                                           ^^^^
  test/features/recommendations/domain/usecases/dismiss_recommendation_test.dart:132:17: Error: No named parameter with the name 'code'.
                  code: '500',
                  ^^^^
  lib/core/error/failures.dart:130:9: Context: Found this candidate, but the arguments don't match.
    const ServerFailure({
          ^^^^^^^^^^^^^
  test/features/recommendations/domain/usecases/dismiss_recommendation_test.dart:130:42: Error: Couldn't find constructor 'Left'.
            .thenAnswer((_) async => const Left(ServerFailure(
                                           ^^^^
  test/features/recommendations/domain/usecases/dismiss_recommendation_test.dart:156:48: Error: Undefined name 'unit'.
            .thenAnswer((_) async => const Right(unit));
                                                 ^^^^
  test/features/recommendations/domain/usecases/dismiss_recommendation_test.dart:156:42: Error: Couldn't find constructor 'Right'.
            .thenAnswer((_) async => const Right(unit));
                                           ^^^^^
  test/features/recommendations/domain/usecases/dismiss_recommendation_test.dart:174:48: Error: Undefined name 'unit'.
            .thenAnswer((_) async => const Right(unit));
                                                 ^^^^
  test/features/recommendations/domain/usecases/dismiss_recommendation_test.dart:174:42: Error: Couldn't find constructor 'Right'.
            .thenAnswer((_) async => const Right(unit));
                                           ^^^^^
  test/features/recommendations/domain/usecases/dismiss_recommendation_test.dart:192:42: Error: Couldn't find constructor 'Left'.
            .thenAnswer((_) async => const Left(UnknownFailure(
                                           ^^^^
  test/features/recommendations/domain/usecases/dismiss_recommendation_test.dart:217:48: Error: Undefined name 'unit'.
            .thenAnswer((_) async => const Right(unit));
                                                 ^^^^
  test/features/recommendations/domain/usecases/dismiss_recommendation_test.dart:217:42: Error: Couldn't find constructor 'Right'.
            .thenAnswer((_) async => const Right(unit));
                                           ^^^^^
  test/features/recommendations/domain/usecases/dismiss_recommendation_test.dart:238:48: Error: Undefined name 'unit'.
            .thenAnswer((_) async => const Right(unit));
                                                 ^^^^
  test/features/recommendations/domain/usecases/dismiss_recommendation_test.dart:238:42: Error: Couldn't find constructor 'Right'.
            .thenAnswer((_) async => const Right(unit));
                                           ^^^^^
  lib/features/recommendations/domain/entities/recommendation.dart:27:14: Error: 'PlaceActivity' isn't a type.
      required PlaceActivity activity,
               ^^^^^^^^^^^^^
  lib/features/recommendations/domain/entities/recommendation.freezed.dart:44:7: Error: 'PlaceActivity' isn't a type.
        PlaceActivity activity,
        ^^^^^^^^^^^^^
  lib/features/recommendations/domain/entities/recommendation.freezed.dart:88:18: Error: 'PlaceActivity' isn't a type.
                as PlaceActivity,
                   ^^^^^^^^^^^^^
  lib/features/recommendations/domain/entities/recommendation.freezed.dart:138:7: Error: 'PlaceActivity' isn't a type.
        PlaceActivity activity,
        ^^^^^^^^^^^^^
  lib/features/recommendations/domain/entities/recommendation.freezed.dart:182:18: Error: 'PlaceActivity' isn't a type.
                as PlaceActivity,
                   ^^^^^^^^^^^^^
  lib/features/recommendations/domain/entities/recommendation.freezed.dart:228:9: Error: 'PlaceActivity' isn't a type.
    final PlaceActivity activity;
          ^^^^^^^^^^^^^
  lib/features/recommendations/domain/entities/recommendation.freezed.dart:295:22: Error: 'PlaceActivity' isn't a type.
        required final PlaceActivity activity,
                       ^^^^^^^^^^^^^
  .

To run this test again: /opt/homebrew/Caskroom/flutter/3.32.5/flutter/bin/cache/dart-sdk/bin/dart test /Users/anthonyforan/SoloAdventurer_app/test/features/recommendations/domain/usecases/dismiss_recommendation_test.dart -p vm --plain-name 'loading /Users/anthonyforan/SoloAdventurer_app/test/features/recommendations/domain/usecases/dismiss_recommendation_test.dart'
lib/features/recommendations/domain/entities/recommendation.dart:27:14: Error: Type 'PlaceActivity' not found.
    required PlaceActivity activity,
             ^^^^^^^^^^^^^
lib/features/recommendations/domain/entities/recommendation.freezed.dart:20:3: Error: Type 'PlaceActivity' not found.
  PlaceActivity get activity => throw _privateConstructorUsedError;
  ^^^^^^^^^^^^^
lib/features/recommendations/domain/entities/recommendation.freezed.dart:44:7: Error: Type 'PlaceActivity' not found.
      PlaceActivity activity,
      ^^^^^^^^^^^^^
lib/features/recommendations/domain/entities/recommendation.freezed.dart:138:7: Error: Type 'PlaceActivity' not found.
      PlaceActivity activity,
      ^^^^^^^^^^^^^
lib/features/recommendations/domain/entities/recommendation.freezed.dart:228:9: Error: Type 'PlaceActivity' not found.
  final PlaceActivity activity;
        ^^^^^^^^^^^^^
lib/features/recommendations/domain/entities/recommendation.freezed.dart:295:22: Error: Type 'PlaceActivity' not found.
      required final PlaceActivity activity,
                     ^^^^^^^^^^^^^
lib/features/recommendations/domain/entities/recommendation.freezed.dart:307:3: Error: Type 'PlaceActivity' not found.
  PlaceActivity get activity;
  ^^^^^^^^^^^^^
test/features/recommendations/domain/entities/recommendation_test.dart:16:41: Error: Member not found: 'foodTours'.
      matchedInterests: {TravelInterest.foodTours},
                                        ^^^^^^^^^
test/features/recommendations/domain/entities/recommendation_test.dart:29:21: Error: Not a constant expression.
          metadata: metadata,
                    ^^^^^^^^
test/features/recommendations/domain/entities/recommendation_test.dart:43:21: Error: Not a constant expression.
          metadata: metadata,
                    ^^^^^^^^
test/features/recommendations/domain/entities/recommendation_test.dart:57:21: Error: Not a constant expression.
          metadata: metadata,
                    ^^^^^^^^
test/features/recommendations/domain/entities/recommendation_test.dart:83:32: Error: Undefined name 'TravelIndexer'.
          'matchedInterests': [TravelIndexer.foodTours.index],
                               ^^^^^^^^^^^^^
test/features/recommendations/domain/entities/recommendation_test.dart:97:68: Error: Member not found: 'foodTours'.
            deserialized.matchedInterests, contains(TravelInterest.foodTours));
                                                                   ^^^^^^^^^
test/features/recommendations/domain/entities/recommendation_test.dart:143:21: Error: Not a constant expression.
          metadata: metadata,
                    ^^^^^^^^
test/features/recommendations/domain/entities/recommendation_test.dart:155:21: Error: Not a constant expression.
          metadata: metadata,
                    ^^^^^^^^
test/features/recommendations/domain/entities/recommendation_test.dart:167:21: Error: Not a constant expression.
          metadata: metadata,
                    ^^^^^^^^
test/features/recommendations/domain/entities/recommendation_test.dart:179:21: Error: Not a constant expression.
          metadata: metadata,
                    ^^^^^^^^
test/features/recommendations/domain/entities/recommendation_test.dart:191:21: Error: Not a constant expression.
          metadata: metadata,
                    ^^^^^^^^
test/features/recommendations/domain/entities/recommendation_test.dart:203:21: Error: Not a constant expression.
          metadata: metadata,
                    ^^^^^^^^
test/features/recommendations/domain/entities/recommendation_test.dart:215:21: Error: Not a constant expression.
          metadata: metadata,
                    ^^^^^^^^
lib/features/recommendations/domain/entities/recommendation.dart:27:14: Error: 'PlaceActivity' isn't a type.
    required PlaceActivity activity,
             ^^^^^^^^^^^^^
lib/features/recommendations/domain/entities/recommendation.freezed.dart:44:7: Error: 'PlaceActivity' isn't a type.
      PlaceActivity activity,
      ^^^^^^^^^^^^^
lib/features/recommendations/domain/entities/recommendation.freezed.dart:88:18: Error: 'PlaceActivity' isn't a type.
              as PlaceActivity,
                 ^^^^^^^^^^^^^
lib/features/recommendations/domain/entities/recommendation.freezed.dart:138:7: Error: 'PlaceActivity' isn't a type.
      PlaceActivity activity,
      ^^^^^^^^^^^^^
lib/features/recommendations/domain/entities/recommendation.freezed.dart:182:18: Error: 'PlaceActivity' isn't a type.
              as PlaceActivity,
                 ^^^^^^^^^^^^^
lib/features/recommendations/domain/entities/recommendation.freezed.dart:228:9: Error: 'PlaceActivity' isn't a type.
  final PlaceActivity activity;
        ^^^^^^^^^^^^^
lib/features/recommendations/domain/entities/recommendation.freezed.dart:295:22: Error: 'PlaceActivity' isn't a type.
      required final PlaceActivity activity,
                     ^^^^^^^^^^^^^
00:57 +131 -58: loading /Users/anthonyforan/SoloAdventurer_app/test/features/recommendations/domain/entities/recommendation_test.dart [E]                                                              
  Failed to load "/Users/anthonyforan/SoloAdventurer_app/test/features/recommendations/domain/entities/recommendation_test.dart":
  Compilation failed for testPath=/Users/anthonyforan/SoloAdventurer_app/test/features/recommendations/domain/entities/recommendation_test.dart: lib/features/recommendations/domain/entities/recommendation.dart:27:14: Error: Type 'PlaceActivity' not found.
      required PlaceActivity activity,
               ^^^^^^^^^^^^^
  lib/features/recommendations/domain/entities/recommendation.freezed.dart:20:3: Error: Type 'PlaceActivity' not found.
    PlaceActivity get activity => throw _privateConstructorUsedError;
    ^^^^^^^^^^^^^
  lib/features/recommendations/domain/entities/recommendation.freezed.dart:44:7: Error: Type 'PlaceActivity' not found.
        PlaceActivity activity,
        ^^^^^^^^^^^^^
  lib/features/recommendations/domain/entities/recommendation.freezed.dart:138:7: Error: Type 'PlaceActivity' not found.
        PlaceActivity activity,
        ^^^^^^^^^^^^^
  lib/features/recommendations/domain/entities/recommendation.freezed.dart:228:9: Error: Type 'PlaceActivity' not found.
    final PlaceActivity activity;
          ^^^^^^^^^^^^^
  lib/features/recommendations/domain/entities/recommendation.freezed.dart:295:22: Error: Type 'PlaceActivity' not found.
        required final PlaceActivity activity,
                       ^^^^^^^^^^^^^
  lib/features/recommendations/domain/entities/recommendation.freezed.dart:307:3: Error: Type 'PlaceActivity' not found.
    PlaceActivity get activity;
    ^^^^^^^^^^^^^
  test/features/recommendations/domain/entities/recommendation_test.dart:16:41: Error: Member not found: 'foodTours'.
        matchedInterests: {TravelInterest.foodTours},
                                          ^^^^^^^^^
  test/features/recommendations/domain/entities/recommendation_test.dart:29:21: Error: Not a constant expression.
            metadata: metadata,
                      ^^^^^^^^
  test/features/recommendations/domain/entities/recommendation_test.dart:43:21: Error: Not a constant expression.
            metadata: metadata,
                      ^^^^^^^^
  test/features/recommendations/domain/entities/recommendation_test.dart:57:21: Error: Not a constant expression.
            metadata: metadata,
                      ^^^^^^^^
  test/features/recommendations/domain/entities/recommendation_test.dart:83:32: Error: Undefined name 'TravelIndexer'.
            'matchedInterests': [TravelIndexer.foodTours.index],
                                 ^^^^^^^^^^^^^
  test/features/recommendations/domain/entities/recommendation_test.dart:97:68: Error: Member not found: 'foodTours'.
              deserialized.matchedInterests, contains(TravelInterest.foodTours));
                                                                     ^^^^^^^^^
  test/features/recommendations/domain/entities/recommendation_test.dart:143:21: Error: Not a constant expression.
            metadata: metadata,
                      ^^^^^^^^
  test/features/recommendations/domain/entities/recommendation_test.dart:155:21: Error: Not a constant expression.
            metadata: metadata,
                      ^^^^^^^^
  test/features/recommendations/domain/entities/recommendation_test.dart:167:21: Error: Not a constant expression.
            metadata: metadata,
                      ^^^^^^^^
  test/features/recommendations/domain/entities/recommendation_test.dart:179:21: Error: Not a constant expression.
            metadata: metadata,
                      ^^^^^^^^
  test/features/recommendations/domain/entities/recommendation_test.dart:191:21: Error: Not a constant expression.
            metadata: metadata,
                      ^^^^^^^^
  test/features/recommendations/domain/entities/recommendation_test.dart:203:21: Error: Not a constant expression.
            metadata: metadata,
                      ^^^^^^^^
  test/features/recommendations/domain/entities/recommendation_test.dart:215:21: Error: Not a constant expression.
            metadata: metadata,
                      ^^^^^^^^
  lib/features/recommendations/domain/entities/recommendation.dart:27:14: Error: 'PlaceActivity' isn't a type.
      required PlaceActivity activity,
               ^^^^^^^^^^^^^
  lib/features/recommendations/domain/entities/recommendation.freezed.dart:44:7: Error: 'PlaceActivity' isn't a type.
        PlaceActivity activity,
        ^^^^^^^^^^^^^
  lib/features/recommendations/domain/entities/recommendation.freezed.dart:88:18: Error: 'PlaceActivity' isn't a type.
                as PlaceActivity,
                   ^^^^^^^^^^^^^
  lib/features/recommendations/domain/entities/recommendation.freezed.dart:138:7: Error: 'PlaceActivity' isn't a type.
        PlaceActivity activity,
        ^^^^^^^^^^^^^
  lib/features/recommendations/domain/entities/recommendation.freezed.dart:182:18: Error: 'PlaceActivity' isn't a type.
                as PlaceActivity,
                   ^^^^^^^^^^^^^
  lib/features/recommendations/domain/entities/recommendation.freezed.dart:228:9: Error: 'PlaceActivity' isn't a type.
    final PlaceActivity activity;
          ^^^^^^^^^^^^^
  lib/features/recommendations/domain/entities/recommendation.freezed.dart:295:22: Error: 'PlaceActivity' isn't a type.
        required final PlaceActivity activity,
                       ^^^^^^^^^^^^^
  .

To run this test again: /opt/homebrew/Caskroom/flutter/3.32.5/flutter/bin/cache/dart-sdk/bin/dart test /Users/anthonyforan/SoloAdventurer_app/test/features/recommendations/domain/entities/recommendation_test.dart -p vm --plain-name 'loading /Users/anthonyforan/SoloAdventurer_app/test/features/recommendations/domain/entities/recommendation_test.dart'
test/features/recommendations/domain/entities/place_activity_test.dart:24:44: Error: Member not found: 'restaurant'.
          category: RecommendationCategory.restaurant,
                                           ^^^^^^^^^^
test/features/recommendations/domain/entities/place_activity_test.dart:44:63: Error: Member not found: 'restaurant'.
        expect(placeActivity.category, RecommendationCategory.restaurant);
                                                              ^^^^^^^^^^
00:58 +131 -59: loading /Users/anthonyforan/SoloAdventurer_app/test/features/recommendations/domain/entities/place_activity_test.dart [E]                                                              
  Failed to load "/Users/anthonyforan/SoloAdventurer_app/test/features/recommendations/domain/entities/place_activity_test.dart":
  Compilation failed for testPath=/Users/anthonyforan/SoloAdventurer_app/test/features/recommendations/domain/entities/place_activity_test.dart: test/features/recommendations/domain/entities/place_activity_test.dart:24:44: Error: Member not found: 'restaurant'.
            category: RecommendationCategory.restaurant,
                                             ^^^^^^^^^^
  test/features/recommendations/domain/entities/place_activity_test.dart:44:63: Error: Member not found: 'restaurant'.
          expect(placeActivity.category, RecommendationCategory.restaurant);
                                                                ^^^^^^^^^^
  .

To run this test again: /opt/homebrew/Caskroom/flutter/3.32.5/flutter/bin/cache/dart-sdk/bin/dart test /Users/anthonyforan/SoloAdventurer_app/test/features/recommendations/domain/entities/place_activity_test.dart -p vm --plain-name 'loading /Users/anthonyforan/SoloAdventurer_app/test/features/recommendations/domain/entities/place_activity_test.dart'
lib/features/recommendations/domain/entities/recommendation.dart:27:14: Error: Type 'PlaceActivity' not found.
    required PlaceActivity activity,
             ^^^^^^^^^^^^^
lib/features/recommendations/domain/entities/recommendation.freezed.dart:20:3: Error: Type 'PlaceActivity' not found.
  PlaceActivity get activity => throw _privateConstructorUsedError;
  ^^^^^^^^^^^^^
lib/features/recommendations/domain/entities/recommendation.freezed.dart:44:7: Error: Type 'PlaceActivity' not found.
      PlaceActivity activity,
      ^^^^^^^^^^^^^
lib/features/recommendations/domain/entities/recommendation.freezed.dart:138:7: Error: Type 'PlaceActivity' not found.
      PlaceActivity activity,
      ^^^^^^^^^^^^^
lib/features/recommendations/domain/entities/recommendation.freezed.dart:228:9: Error: Type 'PlaceActivity' not found.
  final PlaceActivity activity;
        ^^^^^^^^^^^^^
lib/features/recommendations/domain/entities/recommendation.freezed.dart:295:22: Error: Type 'PlaceActivity' not found.
      required final PlaceActivity activity,
                     ^^^^^^^^^^^^^
lib/features/recommendations/domain/entities/recommendation.freezed.dart:307:3: Error: Type 'PlaceActivity' not found.
  PlaceActivity get activity;
  ^^^^^^^^^^^^^
test/features/recommendations/domain/entities/recommendation_request_test.dart:25:22: Error: Member not found: 'hiking'.
      TravelInterest.hiking,
                     ^^^^^^
test/features/recommendations/domain/entities/recommendation_request_test.dart:24:22: Error: Member not found: 'museums'.
      TravelInterest.museums,
                     ^^^^^^^
test/features/recommendations/domain/entities/recommendation_request_test.dart:23:22: Error: Member not found: 'foodTours'.
      TravelInterest.foodTours,
                     ^^^^^^^^^
test/features/recommendations/domain/entities/recommendation_request_test.dart:75:11: Error: Undefined name 'WeatherContext'.
          WeatherContext.anyWeather,
          ^^^^^^^^^^^^^^
test/features/recommendations/domain/entities/recommendation_request_test.dart:76:11: Error: Undefined name 'WeatherContext'.
          WeatherContext.indoor,
          ^^^^^^^^^^^^^^
test/features/recommendations/domain/entities/recommendation_request_test.dart:88:24: Error: Undefined name 'DistanceFromHotel'.
          maxDistance: DistanceFromHotel.shortTrip,
                       ^^^^^^^^^^^^^^^^^
test/features/recommendations/domain/entities/recommendation_request_test.dart:97:37: Error: Undefined name 'DistanceFromHotel'.
        expect(request.maxDistance, DistanceFromHotel.shortTrip);
                                    ^^^^^^^^^^^^^^^^^
test/features/recommendations/domain/entities/recommendation_request_test.dart:223:38: Error: Member not found: 'foodTours'.
          interests: {TravelInterest.foodTours},
                                     ^^^^^^^^^
test/features/recommendations/domain/entities/recommendation_request_test.dart:234:64: Error: Member not found: 'museums'.
          interests: {TravelInterest.foodTours, TravelInterest.museums},
                                                               ^^^^^^^
test/features/recommendations/domain/entities/recommendation_request_test.dart:234:38: Error: Member not found: 'foodTours'.
          interests: {TravelInterest.foodTours, TravelInterest.museums},
                                     ^^^^^^^^^
test/features/recommendations/domain/entities/recommendation_request_test.dart:34:22: Error: The argument type 'Set<dynamic>' can't be assigned to the parameter type 'Set<TravelInterest>'.
 - 'Set' is from 'dart:core'.
 - 'TravelInterest' is from 'package:soloadventurer/features/onboarding/domain/entities/travel_interest.dart' ('lib/features/onboarding/domain/entities/travel_interest.dart').
          interests: interests,
                     ^
test/features/recommendations/domain/entities/recommendation_request_test.dart:48:22: Error: The argument type 'Set<dynamic>' can't be assigned to the parameter type 'Set<TravelInterest>'.
 - 'Set' is from 'dart:core'.
 - 'TravelInterest' is from 'package:soloadventurer/features/onboarding/domain/entities/travel_interest.dart' ('lib/features/onboarding/domain/entities/travel_interest.dart').
          interests: interests,
                     ^
test/features/recommendations/domain/entities/recommendation_request_test.dart:83:22: Error: The argument type 'Set<dynamic>' can't be assigned to the parameter type 'Set<TravelInterest>'.
 - 'Set' is from 'dart:core'.
 - 'TravelInterest' is from 'package:soloadventurer/features/onboarding/domain/entities/travel_interest.dart' ('lib/features/onboarding/domain/entities/travel_interest.dart').
          interests: interests,
                     ^
test/features/recommendations/domain/entities/recommendation_request_test.dart:87:30: Error: The argument type 'Set<dynamic>' can't be assigned to the parameter type 'Set<WeatherContext>?'.
 - 'Set' is from 'dart:core'.
 - 'WeatherContext' is from 'package:soloadventurer/features/recommendations/domain/entities/recommendation.dart' ('lib/features/recommendations/domain/entities/recommendation.dart').
          weatherPreference: weatherPreferences,
                             ^
test/features/recommendations/domain/entities/recommendation_request_test.dart:109:22: Error: The argument type 'Set<dynamic>' can't be assigned to the parameter type 'Set<TravelInterest>'.
 - 'Set' is from 'dart:core'.
 - 'TravelInterest' is from 'package:soloadventurer/features/onboarding/domain/entities/travel_interest.dart' ('lib/features/onboarding/domain/entities/travel_interest.dart').
          interests: interests,
                     ^
test/features/recommendations/domain/entities/recommendation_request_test.dart:143:22: Error: The argument type 'Set<dynamic>' can't be assigned to the parameter type 'Set<TravelInterest>'.
 - 'Set' is from 'dart:core'.
 - 'TravelInterest' is from 'package:soloadventurer/features/onboarding/domain/entities/travel_interest.dart' ('lib/features/onboarding/domain/entities/travel_interest.dart').
          interests: interests,
                     ^
test/features/recommendations/domain/entities/recommendation_request_test.dart:154:22: Error: The argument type 'Set<dynamic>' can't be assigned to the parameter type 'Set<TravelInterest>'.
 - 'Set' is from 'dart:core'.
 - 'TravelInterest' is from 'package:soloadventurer/features/onboarding/domain/entities/travel_interest.dart' ('lib/features/onboarding/domain/entities/travel_interest.dart').
          interests: interests,
                     ^
test/features/recommendations/domain/entities/recommendation_request_test.dart:172:22: Error: The argument type 'Set<dynamic>' can't be assigned to the parameter type 'Set<TravelInterest>'.
 - 'Set' is from 'dart:core'.
 - 'TravelInterest' is from 'package:soloadventurer/features/onboarding/domain/entities/travel_interest.dart' ('lib/features/onboarding/domain/entities/travel_interest.dart').
          interests: interests,
                     ^
test/features/recommendations/domain/entities/recommendation_request_test.dart:188:22: Error: The argument type 'Set<dynamic>' can't be assigned to the parameter type 'Set<TravelInterest>'.
 - 'Set' is from 'dart:core'.
 - 'TravelInterest' is from 'package:soloadventurer/features/onboarding/domain/entities/travel_interest.dart' ('lib/features/onboarding/domain/entities/travel_interest.dart').
          interests: interests,
                     ^
test/features/recommendations/domain/entities/recommendation_request_test.dart:245:22: Error: The argument type 'Set<dynamic>' can't be assigned to the parameter type 'Set<TravelInterest>'.
 - 'Set' is from 'dart:core'.
 - 'TravelInterest' is from 'package:soloadventurer/features/onboarding/domain/entities/travel_interest.dart' ('lib/features/onboarding/domain/entities/travel_interest.dart').
          interests: interests,
                     ^
lib/features/recommendations/domain/entities/recommendation.dart:27:14: Error: 'PlaceActivity' isn't a type.
    required PlaceActivity activity,
             ^^^^^^^^^^^^^
lib/features/recommendations/domain/entities/recommendation.freezed.dart:44:7: Error: 'PlaceActivity' isn't a type.
      PlaceActivity activity,
      ^^^^^^^^^^^^^
lib/features/recommendations/domain/entities/recommendation.freezed.dart:88:18: Error: 'PlaceActivity' isn't a type.
              as PlaceActivity,
                 ^^^^^^^^^^^^^
lib/features/recommendations/domain/entities/recommendation.freezed.dart:138:7: Error: 'PlaceActivity' isn't a type.
      PlaceActivity activity,
      ^^^^^^^^^^^^^
lib/features/recommendations/domain/entities/recommendation.freezed.dart:182:18: Error: 'PlaceActivity' isn't a type.
              as PlaceActivity,
                 ^^^^^^^^^^^^^
lib/features/recommendations/domain/entities/recommendation.freezed.dart:228:9: Error: 'PlaceActivity' isn't a type.
  final PlaceActivity activity;
        ^^^^^^^^^^^^^
lib/features/recommendations/domain/entities/recommendation.freezed.dart:295:22: Error: 'PlaceActivity' isn't a type.
      required final PlaceActivity activity,
                     ^^^^^^^^^^^^^
00:59 +131 -60: loading /Users/anthonyforan/SoloAdventurer_app/test/features/recommendations/domain/entities/recommendation_request_test.dart [E]                                                      
  Failed to load "/Users/anthonyforan/SoloAdventurer_app/test/features/recommendations/domain/entities/recommendation_request_test.dart":
  Compilation failed for testPath=/Users/anthonyforan/SoloAdventurer_app/test/features/recommendations/domain/entities/recommendation_request_test.dart: lib/features/recommendations/domain/entities/recommendation.dart:27:14: Error: Type 'PlaceActivity' not found.
      required PlaceActivity activity,
               ^^^^^^^^^^^^^
  lib/features/recommendations/domain/entities/recommendation.freezed.dart:20:3: Error: Type 'PlaceActivity' not found.
    PlaceActivity get activity => throw _privateConstructorUsedError;
    ^^^^^^^^^^^^^
  lib/features/recommendations/domain/entities/recommendation.freezed.dart:44:7: Error: Type 'PlaceActivity' not found.
        PlaceActivity activity,
        ^^^^^^^^^^^^^
  lib/features/recommendations/domain/entities/recommendation.freezed.dart:138:7: Error: Type 'PlaceActivity' not found.
        PlaceActivity activity,
        ^^^^^^^^^^^^^
  lib/features/recommendations/domain/entities/recommendation.freezed.dart:228:9: Error: Type 'PlaceActivity' not found.
    final PlaceActivity activity;
          ^^^^^^^^^^^^^
  lib/features/recommendations/domain/entities/recommendation.freezed.dart:295:22: Error: Type 'PlaceActivity' not found.
        required final PlaceActivity activity,
                       ^^^^^^^^^^^^^
  lib/features/recommendations/domain/entities/recommendation.freezed.dart:307:3: Error: Type 'PlaceActivity' not found.
    PlaceActivity get activity;
    ^^^^^^^^^^^^^
  test/features/recommendations/domain/entities/recommendation_request_test.dart:25:22: Error: Member not found: 'hiking'.
        TravelInterest.hiking,
                       ^^^^^^
  test/features/recommendations/domain/entities/recommendation_request_test.dart:24:22: Error: Member not found: 'museums'.
        TravelInterest.museums,
                       ^^^^^^^
  test/features/recommendations/domain/entities/recommendation_request_test.dart:23:22: Error: Member not found: 'foodTours'.
        TravelInterest.foodTours,
                       ^^^^^^^^^
  test/features/recommendations/domain/entities/recommendation_request_test.dart:75:11: Error: Undefined name 'WeatherContext'.
            WeatherContext.anyWeather,
            ^^^^^^^^^^^^^^
  test/features/recommendations/domain/entities/recommendation_request_test.dart:76:11: Error: Undefined name 'WeatherContext'.
            WeatherContext.indoor,
            ^^^^^^^^^^^^^^
  test/features/recommendations/domain/entities/recommendation_request_test.dart:88:24: Error: Undefined name 'DistanceFromHotel'.
            maxDistance: DistanceFromHotel.shortTrip,
                         ^^^^^^^^^^^^^^^^^
  test/features/recommendations/domain/entities/recommendation_request_test.dart:97:37: Error: Undefined name 'DistanceFromHotel'.
          expect(request.maxDistance, DistanceFromHotel.shortTrip);
                                      ^^^^^^^^^^^^^^^^^
  test/features/recommendations/domain/entities/recommendation_request_test.dart:223:38: Error: Member not found: 'foodTours'.
            interests: {TravelInterest.foodTours},
                                       ^^^^^^^^^
  test/features/recommendations/domain/entities/recommendation_request_test.dart:234:64: Error: Member not found: 'museums'.
            interests: {TravelInterest.foodTours, TravelInterest.museums},
                                                                 ^^^^^^^
  test/features/recommendations/domain/entities/recommendation_request_test.dart:234:38: Error: Member not found: 'foodTours'.
            interests: {TravelInterest.foodTours, TravelInterest.museums},
                                       ^^^^^^^^^
  test/features/recommendations/domain/entities/recommendation_request_test.dart:34:22: Error: The argument type 'Set<dynamic>' can't be assigned to the parameter type 'Set<TravelInterest>'.
   - 'Set' is from 'dart:core'.
   - 'TravelInterest' is from 'package:soloadventurer/features/onboarding/domain/entities/travel_interest.dart' ('lib/features/onboarding/domain/entities/travel_interest.dart').
            interests: interests,
                       ^
  test/features/recommendations/domain/entities/recommendation_request_test.dart:48:22: Error: The argument type 'Set<dynamic>' can't be assigned to the parameter type 'Set<TravelInterest>'.
   - 'Set' is from 'dart:core'.
   - 'TravelInterest' is from 'package:soloadventurer/features/onboarding/domain/entities/travel_interest.dart' ('lib/features/onboarding/domain/entities/travel_interest.dart').
            interests: interests,
                       ^
  test/features/recommendations/domain/entities/recommendation_request_test.dart:83:22: Error: The argument type 'Set<dynamic>' can't be assigned to the parameter type 'Set<TravelInterest>'.
   - 'Set' is from 'dart:core'.
   - 'TravelInterest' is from 'package:soloadventurer/features/onboarding/domain/entities/travel_interest.dart' ('lib/features/onboarding/domain/entities/travel_interest.dart').
            interests: interests,
                       ^
  test/features/recommendations/domain/entities/recommendation_request_test.dart:87:30: Error: The argument type 'Set<dynamic>' can't be assigned to the parameter type 'Set<WeatherContext>?'.
   - 'Set' is from 'dart:core'.
   - 'WeatherContext' is from 'package:soloadventurer/features/recommendations/domain/entities/recommendation.dart' ('lib/features/recommendations/domain/entities/recommendation.dart').
            weatherPreference: weatherPreferences,
                               ^
  test/features/recommendations/domain/entities/recommendation_request_test.dart:109:22: Error: The argument type 'Set<dynamic>' can't be assigned to the parameter type 'Set<TravelInterest>'.
   - 'Set' is from 'dart:core'.
   - 'TravelInterest' is from 'package:soloadventurer/features/onboarding/domain/entities/travel_interest.dart' ('lib/features/onboarding/domain/entities/travel_interest.dart').
            interests: interests,
                       ^
  test/features/recommendations/domain/entities/recommendation_request_test.dart:143:22: Error: The argument type 'Set<dynamic>' can't be assigned to the parameter type 'Set<TravelInterest>'.
   - 'Set' is from 'dart:core'.
   - 'TravelInterest' is from 'package:soloadventurer/features/onboarding/domain/entities/travel_interest.dart' ('lib/features/onboarding/domain/entities/travel_interest.dart').
            interests: interests,
                       ^
  test/features/recommendations/domain/entities/recommendation_request_test.dart:154:22: Error: The argument type 'Set<dynamic>' can't be assigned to the parameter type 'Set<TravelInterest>'.
   - 'Set' is from 'dart:core'.
   - 'TravelInterest' is from 'package:soloadventurer/features/onboarding/domain/entities/travel_interest.dart' ('lib/features/onboarding/domain/entities/travel_interest.dart').
            interests: interests,
                       ^
  test/features/recommendations/domain/entities/recommendation_request_test.dart:172:22: Error: The argument type 'Set<dynamic>' can't be assigned to the parameter type 'Set<TravelInterest>'.
   - 'Set' is from 'dart:core'.
   - 'TravelInterest' is from 'package:soloadventurer/features/onboarding/domain/entities/travel_interest.dart' ('lib/features/onboarding/domain/entities/travel_interest.dart').
            interests: interests,
                       ^
  test/features/recommendations/domain/entities/recommendation_request_test.dart:188:22: Error: The argument type 'Set<dynamic>' can't be assigned to the parameter type 'Set<TravelInterest>'.
   - 'Set' is from 'dart:core'.
   - 'TravelInterest' is from 'package:soloadventurer/features/onboarding/domain/entities/travel_interest.dart' ('lib/features/onboarding/domain/entities/travel_interest.dart').
            interests: interests,
                       ^
  test/features/recommendations/domain/entities/recommendation_request_test.dart:245:22: Error: The argument type 'Set<dynamic>' can't be assigned to the parameter type 'Set<TravelInterest>'.
   - 'Set' is from 'dart:core'.
   - 'TravelInterest' is from 'package:soloadventurer/features/onboarding/domain/entities/travel_interest.dart' ('lib/features/onboarding/domain/entities/travel_interest.dart').
            interests: interests,
                       ^
  lib/features/recommendations/domain/entities/recommendation.dart:27:14: Error: 'PlaceActivity' isn't a type.
      required PlaceActivity activity,
               ^^^^^^^^^^^^^
  lib/features/recommendations/domain/entities/recommendation.freezed.dart:44:7: Error: 'PlaceActivity' isn't a type.
        PlaceActivity activity,
        ^^^^^^^^^^^^^
  lib/features/recommendations/domain/entities/recommendation.freezed.dart:88:18: Error: 'PlaceActivity' isn't a type.
                as PlaceActivity,
                   ^^^^^^^^^^^^^
  lib/features/recommendations/domain/entities/recommendation.freezed.dart:138:7: Error: 'PlaceActivity' isn't a type.
        PlaceActivity activity,
        ^^^^^^^^^^^^^
  lib/features/recommendations/domain/entities/recommendation.freezed.dart:182:18: Error: 'PlaceActivity' isn't a type.
                as PlaceActivity,
                   ^^^^^^^^^^^^^
  lib/features/recommendations/domain/entities/recommendation.freezed.dart:228:9: Error: 'PlaceActivity' isn't a type.
    final PlaceActivity activity;
          ^^^^^^^^^^^^^
  lib/features/recommendations/domain/entities/recommendation.freezed.dart:295:22: Error: 'PlaceActivity' isn't a type.
        required final PlaceActivity activity,
                       ^^^^^^^^^^^^^
  .

To run this test again: /opt/homebrew/Caskroom/flutter/3.32.5/flutter/bin/cache/dart-sdk/bin/dart test /Users/anthonyforan/SoloAdventurer_app/test/features/recommendations/domain/entities/recommendation_request_test.dart -p vm --plain-name 'loading /Users/anthonyforan/SoloAdventurer_app/test/features/recommendations/domain/entities/recommendation_request_test.dart'
Error: Couldn't resolve the package 'dartz' in 'package:dartz/dartz.dart'.
lib/features/recommendations/domain/repositories/recommendation_repository.dart:1:8: Error: Not found: 'package:dartz/dartz.dart'
import 'package:dartz/dartz.dart';
       ^
lib/features/recommendations/data/repositories/itinerary_repository_impl.dart:1:8: Error: Not found: 'package:dartz/dartz.dart'
import 'package:dartz/dartz.dart';
       ^
lib/features/recommendations/data/repositories/places_repository_impl.dart:1:8: Error: Not found: 'package:dartz/dartz.dart'
import 'package:dartz/dartz.dart';
       ^
lib/features/recommendations/data/repositories/recommendation_repository_impl.dart:1:8: Error: Not found: 'package:dartz/dartz.dart'
import 'package:dartz/dartz.dart';
       ^
lib/features/recommendations/data/services/personalized_recommendation_service.dart:1:8: Error: Not found: 'package:dartz/dartz.dart'
import 'package:dartz/dartz.dart';
       ^
lib/features/recommendations/domain/repositories/itinerary_repository.dart:1:8: Error: Not found: 'package:dartz/dartz.dart'
import 'package:dartz/dartz.dart';
       ^
lib/features/recommendations/domain/repositories/places_repository.dart:1:8: Error: Not found: 'package:dartz/dartz.dart'
import 'package:dartz/dartz.dart';
       ^
lib/features/recommendations/domain/services/recommendation_service.dart:1:8: Error: Not found: 'package:dartz/dartz.dart'
import 'package:dartz/dartz.dart';
       ^
lib/features/recommendations/domain/usecases/add_recommendation_to_itinerary.dart:1:8: Error: Not found: 'package:dartz/dartz.dart'
import 'package:dartz/dartz.dart';
       ^
lib/features/recommendations/domain/usecases/dismiss_recommendation.dart:1:8: Error: Not found: 'package:dartz/dartz.dart'
import 'package:dartz/dartz.dart';
       ^
lib/features/recommendations/domain/usecases/get_personalized_recommendations.dart:1:8: Error: Not found: 'package:dartz/dartz.dart'
import 'package:dartz/dartz.dart';
       ^
lib/features/recommendations/domain/usecases/get_recommendations_for_date.dart:1:8: Error: Not found: 'package:dartz/dartz.dart'
import 'package:dartz/dartz.dart';
       ^
lib/features/recommendations/domain/usecases/provide_recommendation_feedback.dart:1:8: Error: Not found: 'package:dartz/dartz.dart'
import 'package:dartz/dartz.dart';
       ^
lib/features/recommendations/domain/usecases/save_recommendation.dart:1:8: Error: Not found: 'package:dartz/dartz.dart'
import 'package:dartz/dartz.dart';
       ^
lib/features/recommendations/domain/repositories/recommendation_repository.dart:18:10: Error: Type 'Either' not found.
  Future<Either<Failure, PersonalizedRecommendation>> saveRecommendation(
         ^^^^^^
lib/features/recommendations/domain/repositories/recommendation_repository.dart:29:10: Error: Type 'Either' not found.
  Future<Either<Failure, List<PersonalizedRecommendation>>>
         ^^^^^^
lib/features/recommendations/domain/repositories/recommendation_repository.dart:42:26: Error: Type 'Unit' not found.
  Future<Either<Failure, Unit>> dismissRecommendation(
                         ^^^^
lib/features/recommendations/domain/repositories/recommendation_repository.dart:42:10: Error: Type 'Either' not found.
  Future<Either<Failure, Unit>> dismissRecommendation(
         ^^^^^^
lib/features/recommendations/domain/repositories/recommendation_repository.dart:54:26: Error: Type 'Unit' not found.
  Future<Either<Failure, Unit>> recordFeedback(
                         ^^^^
lib/features/recommendations/domain/repositories/recommendation_repository.dart:54:10: Error: Type 'Either' not found.
  Future<Either<Failure, Unit>> recordFeedback(
         ^^^^^^
lib/features/recommendations/domain/repositories/recommendation_repository.dart:65:10: Error: Type 'Either' not found.
  Future<Either<Failure, Set<String>>> getDismissedRecommendations(
         ^^^^^^
lib/features/recommendations/domain/repositories/recommendation_repository.dart:78:10: Error: Type 'Either' not found.
  Future<Either<Failure, int>> clearOldDismissals({
         ^^^^^^
lib/features/recommendations/domain/entities/recommendation.dart:27:14: Error: Type 'PlaceActivity' not found.
    required PlaceActivity activity,
             ^^^^^^^^^^^^^
lib/features/recommendations/domain/entities/recommendation.freezed.dart:20:3: Error: Type 'PlaceActivity' not found.
  PlaceActivity get activity => throw _privateConstructorUsedError;
  ^^^^^^^^^^^^^
lib/features/recommendations/domain/entities/recommendation.freezed.dart:44:7: Error: Type 'PlaceActivity' not found.
      PlaceActivity activity,
      ^^^^^^^^^^^^^
lib/features/recommendations/domain/entities/recommendation.freezed.dart:138:7: Error: Type 'PlaceActivity' not found.
      PlaceActivity activity,
      ^^^^^^^^^^^^^
lib/features/recommendations/domain/entities/recommendation.freezed.dart:228:9: Error: Type 'PlaceActivity' not found.
  final PlaceActivity activity;
        ^^^^^^^^^^^^^
lib/features/recommendations/domain/entities/recommendation.freezed.dart:295:22: Error: Type 'PlaceActivity' not found.
      required final PlaceActivity activity,
                     ^^^^^^^^^^^^^
lib/features/recommendations/domain/entities/recommendation.freezed.dart:307:3: Error: Type 'PlaceActivity' not found.
  PlaceActivity get activity;
  ^^^^^^^^^^^^^
lib/core/services/location_service_impl.dart:186:3: Error: 'geolocator.LocationAccuracy' can't be used as a type because 'geolocator' doesn't refer to an import prefix.
  geolocator.LocationAccuracy _mapAccuracy(LocationAccuracy accuracy) {
  ^^^^^^^^^^^^^^^^^^^^^^^^^^^
lib/core/services/location_service_impl.dart:223:5: Error: 'geolocator.LocationPermission' can't be used as a type because 'geolocator' doesn't refer to an import prefix.
    geolocator.LocationPermission permission,
    ^^^^^^^^^^^^^^^^^^^^^^^^^^^^^
lib/core/services/weather_service.dart:49:31: Error: Type 'Ref' not found.
WeatherService weatherService(Ref ref) {
                              ^^^
lib/features/recommendations/data/repositories/itinerary_repository_impl.dart:18:10: Error: Type 'Either' not found.
  Future<Either<Failure, ItineraryItem>> addItem(
         ^^^^^^
lib/features/recommendations/data/repositories/itinerary_repository_impl.dart:34:10: Error: Type 'Either' not found.
  Future<Either<Failure, dynamic>> getItinerary(String itineraryId) async {
         ^^^^^^
lib/features/recommendations/data/repositories/places_repository_impl.dart:20:10: Error: Type 'Either' not found.
  Future<Either<Failure, List<PlaceActivity>>> findPlacesByInterest({
         ^^^^^^
lib/features/recommendations/data/repositories/places_repository_impl.dart:45:10: Error: Type 'Either' not found.
  Future<Either<Failure, List<PlaceActivity>>> searchPlaces({
         ^^^^^^
lib/features/recommendations/data/repositories/places_repository_impl.dart:68:10: Error: Type 'Either' not found.
  Future<Either<Failure, PlaceActivity>> getPlaceDetails(
         ^^^^^^
lib/features/recommendations/data/repositories/places_repository_impl.dart:84:10: Error: Type 'Either' not found.
  Future<Either<Failure, List<PlaceActivity>>> getNearbyPlaces({
         ^^^^^^
lib/features/recommendations/data/repositories/places_repository_impl.dart:111:10: Error: Type 'Either' not found.
  Future<Either<Failure, List<PlaceActivity>>> getPopularPlaces({
         ^^^^^^
lib/features/recommendations/data/repositories/recommendation_repository_impl.dart:18:10: Error: Type 'Either' not found.
  Future<Either<Failure, PersonalizedRecommendation>> saveRecommendation(
         ^^^^^^
lib/features/recommendations/data/repositories/recommendation_repository_impl.dart:36:10: Error: Type 'Either' not found.
  Future<Either<Failure, List<PersonalizedRecommendation>>>
         ^^^^^^
lib/features/recommendations/data/repositories/recommendation_repository_impl.dart:49:26: Error: Type 'Unit' not found.
  Future<Either<Failure, Unit>> dismissRecommendation(
                         ^^^^
lib/features/recommendations/data/repositories/recommendation_repository_impl.dart:49:10: Error: Type 'Either' not found.
  Future<Either<Failure, Unit>> dismissRecommendation(
         ^^^^^^
lib/features/recommendations/data/repositories/recommendation_repository_impl.dart:64:26: Error: Type 'Unit' not found.
  Future<Either<Failure, Unit>> recordFeedback(
                         ^^^^
lib/features/recommendations/data/repositories/recommendation_repository_impl.dart:64:10: Error: Type 'Either' not found.
  Future<Either<Failure, Unit>> recordFeedback(
         ^^^^^^
lib/features/recommendations/data/repositories/recommendation_repository_impl.dart:79:10: Error: Type 'Either' not found.
  Future<Either<Failure, Set<String>>> getDismissedRecommendations(
         ^^^^^^
lib/features/recommendations/data/repositories/recommendation_repository_impl.dart:94:10: Error: Type 'Either' not found.
  Future<Either<Failure, int>> clearOldDismissals({
         ^^^^^^
lib/features/recommendations/data/services/personalized_recommendation_service.dart:43:10: Error: Type 'Either' not found.
  Future<Either<Failure, List<PersonalizedRecommendation>>>
         ^^^^^^
lib/features/recommendations/data/services/personalized_recommendation_service.dart:147:10: Error: Type 'Either' not found.
  Future<Either<Failure, List<PersonalizedRecommendation>>>
         ^^^^^^
lib/features/recommendations/data/services/personalized_recommendation_service.dart:168:10: Error: Type 'Either' not found.
  Future<Either<Failure, List<PersonalizedRecommendation>>>
         ^^^^^^
lib/features/recommendations/data/services/personalized_recommendation_service.dart:180:10: Error: Type 'Either' not found.
  Future<Either<Failure, List<PersonalizedRecommendation>>>
         ^^^^^^
lib/features/recommendations/domain/repositories/itinerary_repository.dart:17:10: Error: Type 'Either' not found.
  Future<Either<Failure, ItineraryItem>> addItem(
         ^^^^^^
lib/features/recommendations/domain/repositories/itinerary_repository.dart:28:10: Error: Type 'Either' not found.
  Future<Either<Failure, dynamic>> getItinerary(String itineraryId);
         ^^^^^^
lib/features/recommendations/domain/repositories/places_repository.dart:21:10: Error: Type 'Either' not found.
  Future<Either<Failure, List<PlaceActivity>>> findPlacesByInterest({
         ^^^^^^
lib/features/recommendations/domain/repositories/places_repository.dart:36:10: Error: Type 'Either' not found.
  Future<Either<Failure, List<PlaceActivity>>> searchPlaces({
         ^^^^^^
lib/features/recommendations/domain/repositories/places_repository.dart:48:10: Error: Type 'Either' not found.
  Future<Either<Failure, PlaceActivity>> getPlaceDetails(
         ^^^^^^
lib/features/recommendations/domain/repositories/places_repository.dart:62:10: Error: Type 'Either' not found.
  Future<Either<Failure, List<PlaceActivity>>> getNearbyPlaces({
         ^^^^^^
lib/features/recommendations/domain/repositories/places_repository.dart:77:10: Error: Type 'Either' not found.
  Future<Either<Failure, List<PlaceActivity>>> getPopularPlaces({
         ^^^^^^
lib/features/recommendations/domain/services/recommendation_service.dart:18:10: Error: Type 'Either' not found.
  Future<Either<Failure, List<PersonalizedRecommendation>>>
         ^^^^^^
lib/features/recommendations/domain/services/recommendation_service.dart:28:10: Error: Type 'Either' not found.
  Future<Either<Failure, List<PersonalizedRecommendation>>>
         ^^^^^^
lib/features/recommendations/domain/services/recommendation_service.dart:45:10: Error: Type 'Either' not found.
  Future<Either<Failure, List<PersonalizedRecommendation>>>
         ^^^^^^
lib/features/recommendations/domain/services/recommendation_service.dart:62:10: Error: Type 'Either' not found.
  Future<Either<Failure, List<PersonalizedRecommendation>>>
         ^^^^^^
lib/features/recommendations/domain/usecases/add_recommendation_to_itinerary.dart:24:10: Error: Type 'Either' not found.
  Future<Either<Failure, ItineraryItem>> call({
         ^^^^^^
lib/features/recommendations/domain/usecases/dismiss_recommendation.dart:21:26: Error: Type 'Unit' not found.
  Future<Either<Failure, Unit>> call(
                         ^^^^
lib/features/recommendations/domain/usecases/dismiss_recommendation.dart:21:10: Error: Type 'Either' not found.
  Future<Either<Failure, Unit>> call(
         ^^^^^^
lib/features/recommendations/domain/usecases/get_personalized_recommendations.dart:23:10: Error: Type 'Either' not found.
  Future<Either<Failure, List<PersonalizedRecommendation>>> call(
         ^^^^^^
lib/features/recommendations/domain/usecases/get_recommendations_for_date.dart:23:10: Error: Type 'Either' not found.
  Future<Either<Failure, List<PersonalizedRecommendation>>> call({
         ^^^^^^
lib/features/recommendations/domain/usecases/provide_recommendation_feedback.dart:22:26: Error: Type 'Unit' not found.
  Future<Either<Failure, Unit>> call({
                         ^^^^
lib/features/recommendations/domain/usecases/provide_recommendation_feedback.dart:22:10: Error: Type 'Either' not found.
  Future<Either<Failure, Unit>> call({
         ^^^^^^
lib/features/recommendations/domain/usecases/save_recommendation.dart:22:10: Error: Type 'Either' not found.
  Future<Either<Failure, PersonalizedRecommendation>> call(
         ^^^^^^
lib/features/offline/infrastructure/database/dao/itinerary_dao.dart:26:10: Error: Type 'LocalItinerary' not found.
  Future<LocalItinerary> insertItinerary(ItinerariesCompanion itinerary) async {
         ^^^^^^^^^^^^^^
lib/features/offline/infrastructure/database/dao/itinerary_dao.dart:26:42: Error: Type 'ItinerariesCompanion' not found.
  Future<LocalItinerary> insertItinerary(ItinerariesCompanion itinerary) async {
                                         ^^^^^^^^^^^^^^^^^^^^
lib/features/offline/infrastructure/database/dao/itinerary_dao.dart:34:31: Error: Type 'LocalItinerary' not found.
  Future<int> updateItinerary(LocalItinerary itinerary) async {
                              ^^^^^^^^^^^^^^
lib/features/offline/infrastructure/database/dao/itinerary_dao.dart:64:10: Error: Type 'LocalItinerary' not found.
  Future<LocalItinerary?> getItineraryById(String id) {
         ^^^^^^^^^^^^^^
lib/features/offline/infrastructure/database/dao/itinerary_dao.dart:75:15: Error: Type 'LocalItinerary' not found.
  Future<List<LocalItinerary>> getItinerariesByUserId(String userId) {
              ^^^^^^^^^^^^^^
lib/features/offline/infrastructure/database/dao/itinerary_dao.dart:88:15: Error: Type 'LocalItinerary' not found.
  Future<List<LocalItinerary>> getAllItineraries() {
              ^^^^^^^^^^^^^^
lib/features/offline/infrastructure/database/dao/itinerary_dao.dart:98:15: Error: Type 'LocalItinerary' not found.
  Future<List<LocalItinerary>> getStarterItineraries() {
              ^^^^^^^^^^^^^^
lib/features/offline/infrastructure/database/dao/itinerary_dao.dart:109:15: Error: Type 'LocalItinerary' not found.
  Future<List<LocalItinerary>> getItinerariesNeedingSync() {
              ^^^^^^^^^^^^^^
lib/features/offline/infrastructure/database/dao/itinerary_dao.dart:126:10: Error: Type 'LocalItineraryItem' not found.
  Future<LocalItineraryItem> insertItineraryItem(
         ^^^^^^^^^^^^^^^^^^
lib/features/offline/infrastructure/database/dao/itinerary_dao.dart:127:7: Error: Type 'ItineraryItemsCompanion' not found.
      ItineraryItemsCompanion item) async {
      ^^^^^^^^^^^^^^^^^^^^^^^
lib/features/offline/infrastructure/database/dao/itinerary_dao.dart:135:41: Error: Type 'ItineraryItemsCompanion' not found.
  Future<int> insertItineraryItems(List<ItineraryItemsCompanion> items) async {
                                        ^^^^^^^^^^^^^^^^^^^^^^^
lib/features/offline/infrastructure/database/dao/itinerary_dao.dart:150:35: Error: Type 'LocalItineraryItem' not found.
  Future<int> updateItineraryItem(LocalItineraryItem item) async {
                                  ^^^^^^^^^^^^^^^^^^
lib/features/offline/infrastructure/database/dao/itinerary_dao.dart:185:10: Error: Type 'LocalItineraryItem' not found.
  Future<LocalItineraryItem?> getItineraryItemById(String id) {
         ^^^^^^^^^^^^^^^^^^
lib/features/offline/infrastructure/database/dao/itinerary_dao.dart:196:15: Error: Type 'LocalItineraryItem' not found.
  Future<List<LocalItineraryItem>> getItemsByItineraryId(String itineraryId) {
              ^^^^^^^^^^^^^^^^^^
lib/features/offline/infrastructure/database/dao/itinerary_dao.dart:212:15: Error: Type 'LocalItineraryItem' not found.
  Future<List<LocalItineraryItem>> getItemsByDay(
              ^^^^^^^^^^^^^^^^^^
lib/features/offline/infrastructure/database/dao/itinerary_dao.dart:228:24: Error: Type 'LocalItineraryItem' not found.
  Future<Map<int, List<LocalItineraryItem>>> getItemsGroupedByDay(
                       ^^^^^^^^^^^^^^^^^^
lib/features/offline/infrastructure/database/dao/itinerary_dao.dart:259:10: Error: Type 'LocalItineraryItem' not found.
  Future<LocalItineraryItem?> toggleItemCompletion(String itemId) async {
         ^^^^^^^^^^^^^^^^^^
lib/features/offline/infrastructure/database/dao/itinerary_dao.dart:271:15: Error: Type 'LocalItineraryItem' not found.
  Future<List<LocalItineraryItem>> getUncompletedItems(String itineraryId) {
              ^^^^^^^^^^^^^^^^^^
lib/features/offline/infrastructure/database/dao/itinerary_dao.dart:287:15: Error: Type 'LocalItineraryItem' not found.
  Future<List<LocalItineraryItem>> getCompletedItems(String itineraryId) {
              ^^^^^^^^^^^^^^^^^^
lib/features/offline/infrastructure/database/dao/itinerary_dao.dart:302:15: Error: Type 'LocalItineraryItem' not found.
  Future<List<LocalItineraryItem>> getItemsNeedingSync() {
              ^^^^^^^^^^^^^^^^^^
lib/features/travel/data/models/itinerary_local_model.dart:8:38: Error: Type 'LocalItinerary' not found.
extension ItineraryModelExtension on LocalItinerary {
                                     ^^^^^^^^^^^^^^
lib/features/travel/data/models/itinerary_local_model.dart:10:33: Error: Type 'LocalItineraryItem' not found.
  Itinerary toDomainEntity(List<LocalItineraryItem> items) {
                                ^^^^^^^^^^^^^^^^^^
lib/features/travel/data/models/itinerary_local_model.dart:38:3: Error: Type 'LocalItinerary' not found.
  LocalItinerary toDatabaseEntity() {
  ^^^^^^^^^^^^^^
lib/features/travel/data/models/itinerary_local_model.dart:68:42: Error: Type 'LocalItineraryItem' not found.
extension ItineraryItemModelExtension on LocalItineraryItem {
                                         ^^^^^^^^^^^^^^^^^^
lib/features/travel/data/models/itinerary_local_model.dart:155:3: Error: Type 'LocalItineraryItem' not found.
  LocalItineraryItem toDatabaseEntity({
  ^^^^^^^^^^^^^^^^^^
lib/core/services/location_service_impl.dart:5:1: Error: 'LocationAccuracy' is imported from both 'package:geolocator_platform_interface/src/enums/location_accuracy.dart' and 'package:soloadventurer/core/services/location_service.dart'.
import 'location_service.dart';
^^^^^^^^^^^^^^^^
lib/features/recommendations/data/repositories/places_repository_impl.dart:87:21: Error: The required named parameter 'radiusKm' in method 'PlacesRepositoryImpl.getNearbyPlaces' is not required in overridden method 'PlacesRepository.getNearbyPlaces'.
    required double radiusKm,
                    ^
lib/features/recommendations/domain/repositories/places_repository.dart:62:48: Context: This is the overridden method ('getNearbyPlaces').
  Future<Either<Failure, List<PlaceActivity>>> getNearbyPlaces({
                                               ^
lib/core/services/location_service_impl.dart:25:33: Error: Not a constant expression.
    LocationAccuracy accuracy = LocationAccuracy.balanced,
                                ^^^^^^^^^^^^^^^^
lib/core/services/location_service_impl.dart:25:33: Error: 'LocationAccuracy' is imported from both 'package:geolocator_platform_interface/src/enums/location_accuracy.dart' and 'package:soloadventurer/core/services/location_service.dart'.
    LocationAccuracy accuracy = LocationAccuracy.balanced,
                                ^^^^^^^^^^^^^^^^
lib/core/services/location_service_impl.dart:82:33: Error: Not a constant expression.
    LocationAccuracy accuracy = LocationAccuracy.balanced,
                                ^^^^^^^^^^^^^^^^
lib/core/services/location_service_impl.dart:82:33: Error: 'LocationAccuracy' is imported from both 'package:geolocator_platform_interface/src/enums/location_accuracy.dart' and 'package:soloadventurer/core/services/location_service.dart'.
    LocationAccuracy accuracy = LocationAccuracy.balanced,
                                ^^^^^^^^^^^^^^^^
test/features/recommendations/presentation/providers/recommendation_providers_test.dart:71:13: Error: 'RecommendationLocalDataSourceImpl' isn't a type.
        isA<RecommendationLocalDataSourceImpl>(),
            ^^^^^^^^^^^^^^^^^^^^^^^^^^^^^^^^^
test/features/recommendations/presentation/providers/recommendation_providers_test.dart:84:13: Error: 'RecommendationRepositoryImpl' isn't a type.
        isA<RecommendationRepositoryImpl>(),
            ^^^^^^^^^^^^^^^^^^^^^^^^^^^^
test/features/recommendations/presentation/providers/recommendation_providers_test.dart:134:29: Error: 'SaveRecommendation' isn't a type.
        expect(useCase, isA<SaveRecommendation>());
                            ^^^^^^^^^^^^^^^^^^
test/features/recommendations/presentation/providers/recommendation_providers_test.dart:173:29: Error: 'DismissRecommendation' isn't a type.
        expect(useCase, isA<DismissRecommendation>());
                            ^^^^^^^^^^^^^^^^^^^^^
lib/features/recommendations/presentation/providers/recommendation_providers.dart:40:37: Error: The argument type 'ApiClient/*1*/' can't be assigned to the parameter type 'ApiClient/*2*/'.
 - 'ApiClient/*1*/' is from 'package:soloadventurer/core/network/api_client.dart' ('lib/core/network/api_client.dart').
 - 'ApiClient/*2*/' is from 'package:soloadventurer/core/api/client/api_client.dart' ('lib/core/api/client/api_client.dart').
  return PlacesRemoteDataSourceImpl(apiClient);
                                    ^
lib/features/recommendations/presentation/providers/recommendation_providers.dart:68:34: Error: Undefined name 'itineraryDaoProvider'.
  final itineraryDao = ref.watch(itineraryDaoProvider);
                                 ^^^^^^^^^^^^^^^^^^^^
lib/features/recommendations/domain/entities/recommendation.dart:27:14: Error: 'PlaceActivity' isn't a type.
    required PlaceActivity activity,
             ^^^^^^^^^^^^^
lib/features/recommendations/domain/entities/recommendation.freezed.dart:44:7: Error: 'PlaceActivity' isn't a type.
      PlaceActivity activity,
      ^^^^^^^^^^^^^
lib/features/recommendations/domain/entities/recommendation.freezed.dart:88:18: Error: 'PlaceActivity' isn't a type.
              as PlaceActivity,
                 ^^^^^^^^^^^^^
lib/features/recommendations/domain/entities/recommendation.freezed.dart:138:7: Error: 'PlaceActivity' isn't a type.
      PlaceActivity activity,
      ^^^^^^^^^^^^^
lib/features/recommendations/domain/entities/recommendation.freezed.dart:182:18: Error: 'PlaceActivity' isn't a type.
              as PlaceActivity,
                 ^^^^^^^^^^^^^
lib/features/recommendations/domain/entities/recommendation.freezed.dart:228:9: Error: 'PlaceActivity' isn't a type.
  final PlaceActivity activity;
        ^^^^^^^^^^^^^
lib/features/recommendations/domain/entities/recommendation.freezed.dart:295:22: Error: 'PlaceActivity' isn't a type.
      required final PlaceActivity activity,
                     ^^^^^^^^^^^^^
lib/core/services/location_service_impl.dart:188:12: Error: Not a constant expression.
      case LocationAccuracy.low:
           ^^^^^^^^^^^^^^^^
lib/core/services/location_service_impl.dart:188:12: Error: 'LocationAccuracy' is imported from both 'package:geolocator_platform_interface/src/enums/location_accuracy.dart' and 'package:soloadventurer/core/services/location_service.dart'.
      case LocationAccuracy.low:
           ^^^^^^^^^^^^^^^^
lib/core/services/location_service_impl.dart:190:12: Error: Not a constant expression.
      case LocationAccuracy.balanced:
           ^^^^^^^^^^^^^^^^
lib/core/services/location_service_impl.dart:190:12: Error: 'LocationAccuracy' is imported from both 'package:geolocator_platform_interface/src/enums/location_accuracy.dart' and 'package:soloadventurer/core/services/location_service.dart'.
      case LocationAccuracy.balanced:
           ^^^^^^^^^^^^^^^^
lib/core/services/location_service_impl.dart:192:12: Error: Not a constant expression.
      case LocationAccuracy.high:
           ^^^^^^^^^^^^^^^^
lib/core/services/location_service_impl.dart:192:12: Error: 'LocationAccuracy' is imported from both 'package:geolocator_platform_interface/src/enums/location_accuracy.dart' and 'package:soloadventurer/core/services/location_service.dart'.
      case LocationAccuracy.high:
           ^^^^^^^^^^^^^^^^
lib/core/services/location_service_impl.dart:194:12: Error: Not a constant expression.
      case LocationAccuracy.best:
           ^^^^^^^^^^^^^^^^
lib/core/services/location_service_impl.dart:194:12: Error: 'LocationAccuracy' is imported from both 'package:geolocator_platform_interface/src/enums/location_accuracy.dart' and 'package:soloadventurer/core/services/location_service.dart'.
      case LocationAccuracy.best:
           ^^^^^^^^^^^^^^^^
lib/core/services/location_service_impl.dart:189:16: Error: The getter 'geolocator' isn't defined for the type 'LocationServiceImpl'.
 - 'LocationServiceImpl' is from 'package:soloadventurer/core/services/location_service_impl.dart' ('lib/core/services/location_service_impl.dart').
Try correcting the name to the name of an existing getter, or defining a getter or field named 'geolocator'.
        return geolocator.LocationAccuracy.low;
               ^^^^^^^^^^
lib/core/services/location_service_impl.dart:191:16: Error: The getter 'geolocator' isn't defined for the type 'LocationServiceImpl'.
 - 'LocationServiceImpl' is from 'package:soloadventurer/core/services/location_service_impl.dart' ('lib/core/services/location_service_impl.dart').
Try correcting the name to the name of an existing getter, or defining a getter or field named 'geolocator'.
        return geolocator.LocationAccuracy.medium;
               ^^^^^^^^^^
lib/core/services/location_service_impl.dart:193:16: Error: The getter 'geolocator' isn't defined for the type 'LocationServiceImpl'.
 - 'LocationServiceImpl' is from 'package:soloadventurer/core/services/location_service_impl.dart' ('lib/core/services/location_service_impl.dart').
Try correcting the name to the name of an existing getter, or defining a getter or field named 'geolocator'.
        return geolocator.LocationAccuracy.high;
               ^^^^^^^^^^
lib/core/services/location_service_impl.dart:195:16: Error: The getter 'geolocator' isn't defined for the type 'LocationServiceImpl'.
 - 'LocationServiceImpl' is from 'package:soloadventurer/core/services/location_service_impl.dart' ('lib/core/services/location_service_impl.dart').
Try correcting the name to the name of an existing getter, or defining a getter or field named 'geolocator'.
        return geolocator.LocationAccuracy.best;
               ^^^^^^^^^^
lib/core/services/location_service_impl.dart:226:12: Error: Not a constant expression.
      case geolocator.LocationPermission.always:
           ^^^^^^^^^^
lib/core/services/location_service_impl.dart:226:23: Error: Not a constant expression.
      case geolocator.LocationPermission.always:
                      ^^^^^^^^^^^^^^^^^^
lib/core/services/location_service_impl.dart:227:12: Error: Not a constant expression.
      case geolocator.LocationPermission.whileInUse:
           ^^^^^^^^^^
lib/core/services/location_service_impl.dart:227:23: Error: Not a constant expression.
      case geolocator.LocationPermission.whileInUse:
                      ^^^^^^^^^^^^^^^^^^
lib/core/services/location_service_impl.dart:229:12: Error: Not a constant expression.
      case geolocator.LocationPermission.denied:
           ^^^^^^^^^^
lib/core/services/location_service_impl.dart:229:23: Error: Not a constant expression.
      case geolocator.LocationPermission.denied:
                      ^^^^^^^^^^^^^^^^^^
lib/core/services/location_service_impl.dart:231:12: Error: Not a constant expression.
      case geolocator.LocationPermission.deniedForever:
           ^^^^^^^^^^
lib/core/services/location_service_impl.dart:231:23: Error: Not a constant expression.
      case geolocator.LocationPermission.deniedForever:
                      ^^^^^^^^^^^^^^^^^^
lib/core/services/location_service_impl.dart:233:12: Error: Not a constant expression.
      case geolocator.LocationPermission.unableToDetermine:
           ^^^^^^^^^^
lib/core/services/location_service_impl.dart:233:23: Error: Not a constant expression.
      case geolocator.LocationPermission.unableToDetermine:
                      ^^^^^^^^^^^^^^^^^^
lib/core/services/location_service_impl.dart:222:28: Error: A non-null value must be returned since the return type 'LocationPermissionStatus' doesn't allow null.
 - 'LocationPermissionStatus' is from 'package:soloadventurer/core/services/location_service.dart' ('lib/core/services/location_service.dart').
  LocationPermissionStatus _mapPermissionStatus(
                           ^
lib/core/services/weather_service.dart:49:31: Error: 'Ref' isn't a type.
WeatherService weatherService(Ref ref) {
                              ^^^
lib/features/recommendations/data/datasources/itinerary_local_data_source_impl.dart:44:35: Error: The getter 'sortOrder' isn't defined for the type 'Object?'.
 - 'Object' is from 'dart:core'.
Try correcting the name to the name of an existing getter, or defining a getter or field named 'sortOrder'.
          : dayItems.map((i) => i.sortOrder).reduce((a, b) => a > b ? a : b);
                                  ^^^^^^^^^
lib/features/recommendations/data/datasources/itinerary_local_data_source_impl.dart:55:9: Error: The method 'ItineraryItemsCompanion' isn't defined for the type 'ItineraryLocalDataSourceImpl'.
 - 'ItineraryLocalDataSourceImpl' is from 'package:soloadventurer/features/recommendations/data/datasources/itinerary_local_data_source_impl.dart' ('lib/features/recommendations/data/datasources/itinerary_local_data_source_impl.dart').
Try correcting the name to the name of an existing method, or defining a method named 'ItineraryItemsCompanion'.
        ItineraryItemsCompanion(
        ^^^^^^^^^^^^^^^^^^^^^^^
lib/features/recommendations/data/datasources/places_remote_data_source.dart:122:35: Error: Not a constant expression.
      message: 'Place not found: $placeId',
                                  ^^^^^^^
lib/features/recommendations/data/datasources/places_remote_data_source.dart:123:7: Error: No named parameter with the name 'statusCode'.
      statusCode: 404,
      ^^^^^^^^^^
lib/core/errors/exceptions.dart:113:9: Context: Found this candidate, but the arguments don't match.
  const ServerException({
        ^^^^^^^^^^^^^^^
lib/features/recommendations/data/datasources/places_remote_data_source.dart:140:24: Error: Required named parameter 'placeId' must be provided.
      const Destination(
                       ^
lib/features/onboarding/domain/entities/destination.dart:26:17: Context: Found this candidate, but the arguments don't match.
  const factory Destination({
                ^
lib/features/recommendations/data/datasources/places_remote_data_source_impl.dart:38:9: Error: No named parameter with the name 'statusCode'.
        statusCode: 500,
        ^^^^^^^^^^
lib/core/errors/exceptions.dart:113:9: Context: Found this candidate, but the arguments don't match.
  const ServerException({
        ^^^^^^^^^^^^^^^
lib/features/recommendations/data/datasources/places_remote_data_source_impl.dart:60:9: Error: No named parameter with the name 'statusCode'.
        statusCode: 500,
        ^^^^^^^^^^
lib/core/errors/exceptions.dart:113:9: Context: Found this candidate, but the arguments don't match.
  const ServerException({
        ^^^^^^^^^^^^^^^
lib/features/recommendations/data/datasources/places_remote_data_source_impl.dart:78:9: Error: No named parameter with the name 'statusCode'.
        statusCode: 500,
        ^^^^^^^^^^
lib/core/errors/exceptions.dart:113:9: Context: Found this candidate, but the arguments don't match.
  const ServerException({
        ^^^^^^^^^^^^^^^
lib/features/recommendations/data/datasources/places_remote_data_source_impl.dart:102:9: Error: No named parameter with the name 'statusCode'.
        statusCode: 500,
        ^^^^^^^^^^
lib/core/errors/exceptions.dart:113:9: Context: Found this candidate, but the arguments don't match.
  const ServerException({
        ^^^^^^^^^^^^^^^
lib/features/recommendations/data/datasources/places_remote_data_source_impl.dart:123:9: Error: No named parameter with the name 'statusCode'.
        statusCode: 500,
        ^^^^^^^^^^
lib/core/errors/exceptions.dart:113:9: Context: Found this candidate, but the arguments don't match.
  const ServerException({
        ^^^^^^^^^^^^^^^
lib/features/recommendations/data/repositories/itinerary_repository_impl.dart:24:14: Error: The method 'right' isn't defined for the type 'ItineraryRepositoryImpl'.
 - 'ItineraryRepositoryImpl' is from 'package:soloadventurer/features/recommendations/data/repositories/itinerary_repository_impl.dart' ('lib/features/recommendations/data/repositories/itinerary_repository_impl.dart').
Try correcting the name to the name of an existing method, or defining a method named 'right'.
      return right(addedItem);
             ^^^^^
lib/features/recommendations/data/repositories/itinerary_repository_impl.dart:26:14: Error: The method 'left' isn't defined for the type 'ItineraryRepositoryImpl'.
 - 'ItineraryRepositoryImpl' is from 'package:soloadventurer/features/recommendations/data/repositories/itinerary_repository_impl.dart' ('lib/features/recommendations/data/repositories/itinerary_repository_impl.dart').
Try correcting the name to the name of an existing method, or defining a method named 'left'.
      return left(Failure.cache(message: e.message));
             ^^^^
lib/features/recommendations/data/repositories/itinerary_repository_impl.dart:28:14: Error: The method 'left' isn't defined for the type 'ItineraryRepositoryImpl'.
 - 'ItineraryRepositoryImpl' is from 'package:soloadventurer/features/recommendations/data/repositories/itinerary_repository_impl.dart' ('lib/features/recommendations/data/repositories/itinerary_repository_impl.dart').
Try correcting the name to the name of an existing method, or defining a method named 'left'.
      return left(Failure.unknown(message: e.toString()));
             ^^^^
lib/features/recommendations/data/repositories/itinerary_repository_impl.dart:37:14: Error: The method 'right' isn't defined for the type 'ItineraryRepositoryImpl'.
 - 'ItineraryRepositoryImpl' is from 'package:soloadventurer/features/recommendations/data/repositories/itinerary_repository_impl.dart' ('lib/features/recommendations/data/repositories/itinerary_repository_impl.dart').
Try correcting the name to the name of an existing method, or defining a method named 'right'.
      return right(itinerary);
             ^^^^^
lib/features/recommendations/data/repositories/itinerary_repository_impl.dart:39:14: Error: The method 'left' isn't defined for the type 'ItineraryRepositoryImpl'.
 - 'ItineraryRepositoryImpl' is from 'package:soloadventurer/features/recommendations/data/repositories/itinerary_repository_impl.dart' ('lib/features/recommendations/data/repositories/itinerary_repository_impl.dart').
Try correcting the name to the name of an existing method, or defining a method named 'left'.
      return left(Failure.cache(message: e.message));
             ^^^^
lib/features/recommendations/data/repositories/itinerary_repository_impl.dart:41:14: Error: The method 'left' isn't defined for the type 'ItineraryRepositoryImpl'.
 - 'ItineraryRepositoryImpl' is from 'package:soloadventurer/features/recommendations/data/repositories/itinerary_repository_impl.dart' ('lib/features/recommendations/data/repositories/itinerary_repository_impl.dart').
Try correcting the name to the name of an existing method, or defining a method named 'left'.
      return left(Failure.unknown(message: e.toString()));
             ^^^^
lib/features/recommendations/data/repositories/places_repository_impl.dart:37:10: Error: 'RepositoryException' isn't a type.
    } on RepositoryException catch (e) {
         ^^^^^^^^^^^^^^^^^^^
lib/features/recommendations/data/repositories/places_repository_impl.dart:34:14: Error: The method 'right' isn't defined for the type 'PlacesRepositoryImpl'.
 - 'PlacesRepositoryImpl' is from 'package:soloadventurer/features/recommendations/data/repositories/places_repository_impl.dart' ('lib/features/recommendations/data/repositories/places_repository_impl.dart').
Try correcting the name to the name of an existing method, or defining a method named 'right'.
      return right(places);
             ^^^^^
lib/features/recommendations/data/repositories/places_repository_impl.dart:36:14: Error: The method 'left' isn't defined for the type 'PlacesRepositoryImpl'.
 - 'PlacesRepositoryImpl' is from 'package:soloadventurer/features/recommendations/data/repositories/places_repository_impl.dart' ('lib/features/recommendations/data/repositories/places_repository_impl.dart').
Try correcting the name to the name of an existing method, or defining a method named 'left'.
      return left(Failure.server(message: e.message, statusCode: e.statusCode));
             ^^^^
lib/features/recommendations/data/repositories/places_repository_impl.dart:36:68: Error: The getter 'statusCode' isn't defined for the type 'ServerException'.
 - 'ServerException' is from 'package:soloadventurer/core/errors/exceptions.dart' ('lib/core/errors/exceptions.dart').
Try correcting the name to the name of an existing getter, or defining a getter or field named 'statusCode'.
      return left(Failure.server(message: e.message, statusCode: e.statusCode));
                                                                   ^^^^^^^^^^
lib/features/recommendations/data/repositories/places_repository_impl.dart:38:14: Error: The method 'left' isn't defined for the type 'PlacesRepositoryImpl'.
 - 'PlacesRepositoryImpl' is from 'package:soloadventurer/features/recommendations/data/repositories/places_repository_impl.dart' ('lib/features/recommendations/data/repositories/places_repository_impl.dart').
Try correcting the name to the name of an existing method, or defining a method named 'left'.
      return left(Failure.cache(message: e.message));
             ^^^^
lib/features/recommendations/data/repositories/places_repository_impl.dart:40:14: Error: The method 'left' isn't defined for the type 'PlacesRepositoryImpl'.
 - 'PlacesRepositoryImpl' is from 'package:soloadventurer/features/recommendations/data/repositories/places_repository_impl.dart' ('lib/features/recommendations/data/repositories/places_repository_impl.dart').
Try correcting the name to the name of an existing method, or defining a method named 'left'.
      return left(Failure.unknown(message: e.toString()));
             ^^^^
lib/features/recommendations/data/repositories/places_repository_impl.dart:60:10: Error: 'RepositoryException' isn't a type.
    } on RepositoryException catch (e) {
         ^^^^^^^^^^^^^^^^^^^
lib/features/recommendations/data/repositories/places_repository_impl.dart:57:14: Error: The method 'right' isn't defined for the type 'PlacesRepositoryImpl'.
 - 'PlacesRepositoryImpl' is from 'package:soloadventurer/features/recommendations/data/repositories/places_repository_impl.dart' ('lib/features/recommendations/data/repositories/places_repository_impl.dart').
Try correcting the name to the name of an existing method, or defining a method named 'right'.
      return right(places);
             ^^^^^
lib/features/recommendations/data/repositories/places_repository_impl.dart:59:14: Error: The method 'left' isn't defined for the type 'PlacesRepositoryImpl'.
 - 'PlacesRepositoryImpl' is from 'package:soloadventurer/features/recommendations/data/repositories/places_repository_impl.dart' ('lib/features/recommendations/data/repositories/places_repository_impl.dart').
Try correcting the name to the name of an existing method, or defining a method named 'left'.
      return left(Failure.server(message: e.message, statusCode: e.statusCode));
             ^^^^
lib/features/recommendations/data/repositories/places_repository_impl.dart:59:68: Error: The getter 'statusCode' isn't defined for the type 'ServerException'.
 - 'ServerException' is from 'package:soloadventurer/core/errors/exceptions.dart' ('lib/core/errors/exceptions.dart').
Try correcting the name to the name of an existing getter, or defining a getter or field named 'statusCode'.
      return left(Failure.server(message: e.message, statusCode: e.statusCode));
                                                                   ^^^^^^^^^^
lib/features/recommendations/data/repositories/places_repository_impl.dart:61:14: Error: The method 'left' isn't defined for the type 'PlacesRepositoryImpl'.
 - 'PlacesRepositoryImpl' is from 'package:soloadventurer/features/recommendations/data/repositories/places_repository_impl.dart' ('lib/features/recommendations/data/repositories/places_repository_impl.dart').
Try correcting the name to the name of an existing method, or defining a method named 'left'.
      return left(Failure.cache(message: e.message));
             ^^^^
lib/features/recommendations/data/repositories/places_repository_impl.dart:63:14: Error: The method 'left' isn't defined for the type 'PlacesRepositoryImpl'.
 - 'PlacesRepositoryImpl' is from 'package:soloadventurer/features/recommendations/data/repositories/places_repository_impl.dart' ('lib/features/recommendations/data/repositories/places_repository_impl.dart').
Try correcting the name to the name of an existing method, or defining a method named 'left'.
      return left(Failure.unknown(message: e.toString()));
             ^^^^
lib/features/recommendations/data/repositories/places_repository_impl.dart:76:10: Error: 'RepositoryException' isn't a type.
    } on RepositoryException catch (e) {
         ^^^^^^^^^^^^^^^^^^^
lib/features/recommendations/data/repositories/places_repository_impl.dart:73:14: Error: The method 'right' isn't defined for the type 'PlacesRepositoryImpl'.
 - 'PlacesRepositoryImpl' is from 'package:soloadventurer/features/recommendations/data/repositories/places_repository_impl.dart' ('lib/features/recommendations/data/repositories/places_repository_impl.dart').
Try correcting the name to the name of an existing method, or defining a method named 'right'.
      return right(place);
             ^^^^^
lib/features/recommendations/data/repositories/places_repository_impl.dart:75:14: Error: The method 'left' isn't defined for the type 'PlacesRepositoryImpl'.
 - 'PlacesRepositoryImpl' is from 'package:soloadventurer/features/recommendations/data/repositories/places_repository_impl.dart' ('lib/features/recommendations/data/repositories/places_repository_impl.dart').
Try correcting the name to the name of an existing method, or defining a method named 'left'.
      return left(Failure.server(message: e.message, statusCode: e.statusCode));
             ^^^^
lib/features/recommendations/data/repositories/places_repository_impl.dart:75:68: Error: The getter 'statusCode' isn't defined for the type 'ServerException'.
 - 'ServerException' is from 'package:soloadventurer/core/errors/exceptions.dart' ('lib/core/errors/exceptions.dart').
Try correcting the name to the name of an existing getter, or defining a getter or field named 'statusCode'.
      return left(Failure.server(message: e.message, statusCode: e.statusCode));
                                                                   ^^^^^^^^^^
lib/features/recommendations/data/repositories/places_repository_impl.dart:77:14: Error: The method 'left' isn't defined for the type 'PlacesRepositoryImpl'.
 - 'PlacesRepositoryImpl' is from 'package:soloadventurer/features/recommendations/data/repositories/places_repository_impl.dart' ('lib/features/recommendations/data/repositories/places_repository_impl.dart').
Try correcting the name to the name of an existing method, or defining a method named 'left'.
      return left(Failure.cache(message: e.message));
             ^^^^
lib/features/recommendations/data/repositories/places_repository_impl.dart:79:14: Error: The method 'left' isn't defined for the type 'PlacesRepositoryImpl'.
 - 'PlacesRepositoryImpl' is from 'package:soloadventurer/features/recommendations/data/repositories/places_repository_impl.dart' ('lib/features/recommendations/data/repositories/places_repository_impl.dart').
Try correcting the name to the name of an existing method, or defining a method named 'left'.
      return left(Failure.unknown(message: e.toString()));
             ^^^^
lib/features/recommendations/data/repositories/places_repository_impl.dart:103:10: Error: 'RepositoryException' isn't a type.
    } on RepositoryException catch (e) {
         ^^^^^^^^^^^^^^^^^^^
lib/features/recommendations/data/repositories/places_repository_impl.dart:100:14: Error: The method 'right' isn't defined for the type 'PlacesRepositoryImpl'.
 - 'PlacesRepositoryImpl' is from 'package:soloadventurer/features/recommendations/data/repositories/places_repository_impl.dart' ('lib/features/recommendations/data/repositories/places_repository_impl.dart').
Try correcting the name to the name of an existing method, or defining a method named 'right'.
      return right(places);
             ^^^^^
lib/features/recommendations/data/repositories/places_repository_impl.dart:102:14: Error: The method 'left' isn't defined for the type 'PlacesRepositoryImpl'.
 - 'PlacesRepositoryImpl' is from 'package:soloadventurer/features/recommendations/data/repositories/places_repository_impl.dart' ('lib/features/recommendations/data/repositories/places_repository_impl.dart').
Try correcting the name to the name of an existing method, or defining a method named 'left'.
      return left(Failure.server(message: e.message, statusCode: e.statusCode));
             ^^^^
lib/features/recommendations/data/repositories/places_repository_impl.dart:102:68: Error: The getter 'statusCode' isn't defined for the type 'ServerException'.
 - 'ServerException' is from 'package:soloadventurer/core/errors/exceptions.dart' ('lib/core/errors/exceptions.dart').
Try correcting the name to the name of an existing getter, or defining a getter or field named 'statusCode'.
      return left(Failure.server(message: e.message, statusCode: e.statusCode));
                                                                   ^^^^^^^^^^
lib/features/recommendations/data/repositories/places_repository_impl.dart:104:14: Error: The method 'left' isn't defined for the type 'PlacesRepositoryImpl'.
 - 'PlacesRepositoryImpl' is from 'package:soloadventurer/features/recommendations/data/repositories/places_repository_impl.dart' ('lib/features/recommendations/data/repositories/places_repository_impl.dart').
Try correcting the name to the name of an existing method, or defining a method named 'left'.
      return left(Failure.cache(message: e.message));
             ^^^^
lib/features/recommendations/data/repositories/places_repository_impl.dart:106:14: Error: The method 'left' isn't defined for the type 'PlacesRepositoryImpl'.
 - 'PlacesRepositoryImpl' is from 'package:soloadventurer/features/recommendations/data/repositories/places_repository_impl.dart' ('lib/features/recommendations/data/repositories/places_repository_impl.dart').
Try correcting the name to the name of an existing method, or defining a method named 'left'.
      return left(Failure.unknown(message: e.toString()));
             ^^^^
lib/features/recommendations/data/repositories/places_repository_impl.dart:124:10: Error: 'RepositoryException' isn't a type.
    } on RepositoryException catch (e) {
         ^^^^^^^^^^^^^^^^^^^
lib/features/recommendations/data/repositories/places_repository_impl.dart:121:14: Error: The method 'right' isn't defined for the type 'PlacesRepositoryImpl'.
 - 'PlacesRepositoryImpl' is from 'package:soloadventurer/features/recommendations/data/repositories/places_repository_impl.dart' ('lib/features/recommendations/data/repositories/places_repository_impl.dart').
Try correcting the name to the name of an existing method, or defining a method named 'right'.
      return right(places);
             ^^^^^
lib/features/recommendations/data/repositories/places_repository_impl.dart:123:14: Error: The method 'left' isn't defined for the type 'PlacesRepositoryImpl'.
 - 'PlacesRepositoryImpl' is from 'package:soloadventurer/features/recommendations/data/repositories/places_repository_impl.dart' ('lib/features/recommendations/data/repositories/places_repository_impl.dart').
Try correcting the name to the name of an existing method, or defining a method named 'left'.
      return left(Failure.server(message: e.message, statusCode: e.statusCode));
             ^^^^
lib/features/recommendations/data/repositories/places_repository_impl.dart:123:68: Error: The getter 'statusCode' isn't defined for the type 'ServerException'.
 - 'ServerException' is from 'package:soloadventurer/core/errors/exceptions.dart' ('lib/core/errors/exceptions.dart').
Try correcting the name to the name of an existing getter, or defining a getter or field named 'statusCode'.
      return left(Failure.server(message: e.message, statusCode: e.statusCode));
                                                                   ^^^^^^^^^^
lib/features/recommendations/data/repositories/places_repository_impl.dart:125:14: Error: The method 'left' isn't defined for the type 'PlacesRepositoryImpl'.
 - 'PlacesRepositoryImpl' is from 'package:soloadventurer/features/recommendations/data/repositories/places_repository_impl.dart' ('lib/features/recommendations/data/repositories/places_repository_impl.dart').
Try correcting the name to the name of an existing method, or defining a method named 'left'.
      return left(Failure.cache(message: e.message));
             ^^^^
lib/features/recommendations/data/repositories/places_repository_impl.dart:127:14: Error: The method 'left' isn't defined for the type 'PlacesRepositoryImpl'.
 - 'PlacesRepositoryImpl' is from 'package:soloadventurer/features/recommendations/data/repositories/places_repository_impl.dart' ('lib/features/recommendations/data/repositories/places_repository_impl.dart').
Try correcting the name to the name of an existing method, or defining a method named 'left'.
      return left(Failure.unknown(message: e.toString()));
             ^^^^
lib/features/recommendations/data/repositories/recommendation_repository_impl.dart:28:10: Error: 'RepositoryException' isn't a type.
    } on RepositoryException catch (e) {
         ^^^^^^^^^^^^^^^^^^^
lib/features/recommendations/data/repositories/recommendation_repository_impl.dart:27:14: Error: The method 'right' isn't defined for the type 'RecommendationRepositoryImpl'.
 - 'RecommendationRepositoryImpl' is from 'package:soloadventurer/features/recommendations/data/repositories/recommendation_repository_impl.dart' ('lib/features/recommendations/data/repositories/recommendation_repository_impl.dart').
Try correcting the name to the name of an existing method, or defining a method named 'right'.
      return right(saved);
             ^^^^^
lib/features/recommendations/data/repositories/recommendation_repository_impl.dart:29:14: Error: The method 'left' isn't defined for the type 'RecommendationRepositoryImpl'.
 - 'RecommendationRepositoryImpl' is from 'package:soloadventurer/features/recommendations/data/repositories/recommendation_repository_impl.dart' ('lib/features/recommendations/data/repositories/recommendation_repository_impl.dart').
Try correcting the name to the name of an existing method, or defining a method named 'left'.
      return left(Failure.cache(message: e.message));
             ^^^^
lib/features/recommendations/data/repositories/recommendation_repository_impl.dart:31:14: Error: The method 'left' isn't defined for the type 'RecommendationRepositoryImpl'.
 - 'RecommendationRepositoryImpl' is from 'package:soloadventurer/features/recommendations/data/repositories/recommendation_repository_impl.dart' ('lib/features/recommendations/data/repositories/recommendation_repository_impl.dart').
Try correcting the name to the name of an existing method, or defining a method named 'left'.
      return left(Failure.unknown(message: e.toString()));
             ^^^^
lib/features/recommendations/data/repositories/recommendation_repository_impl.dart:41:10: Error: 'RepositoryException' isn't a type.
    } on RepositoryException catch (e) {
         ^^^^^^^^^^^^^^^^^^^
lib/features/recommendations/data/repositories/recommendation_repository_impl.dart:40:14: Error: The method 'right' isn't defined for the type 'RecommendationRepositoryImpl'.
 - 'RecommendationRepositoryImpl' is from 'package:soloadventurer/features/recommendations/data/repositories/recommendation_repository_impl.dart' ('lib/features/recommendations/data/repositories/recommendation_repository_impl.dart').
Try correcting the name to the name of an existing method, or defining a method named 'right'.
      return right(saved);
             ^^^^^
lib/features/recommendations/data/repositories/recommendation_repository_impl.dart:42:14: Error: The method 'left' isn't defined for the type 'RecommendationRepositoryImpl'.
 - 'RecommendationRepositoryImpl' is from 'package:soloadventurer/features/recommendations/data/repositories/recommendation_repository_impl.dart' ('lib/features/recommendations/data/repositories/recommendation_repository_impl.dart').
Try correcting the name to the name of an existing method, or defining a method named 'left'.
      return left(Failure.cache(message: e.message));
             ^^^^
lib/features/recommendations/data/repositories/recommendation_repository_impl.dart:44:14: Error: The method 'left' isn't defined for the type 'RecommendationRepositoryImpl'.
 - 'RecommendationRepositoryImpl' is from 'package:soloadventurer/features/recommendations/data/repositories/recommendation_repository_impl.dart' ('lib/features/recommendations/data/repositories/recommendation_repository_impl.dart').
Try correcting the name to the name of an existing method, or defining a method named 'left'.
      return left(Failure.unknown(message: e.toString()));
             ^^^^
lib/features/recommendations/data/repositories/recommendation_repository_impl.dart:56:10: Error: 'RepositoryException' isn't a type.
    } on RepositoryException catch (e) {
         ^^^^^^^^^^^^^^^^^^^
lib/features/recommendations/data/repositories/recommendation_repository_impl.dart:55:14: Error: The method 'right' isn't defined for the type 'RecommendationRepositoryImpl'.
 - 'RecommendationRepositoryImpl' is from 'package:soloadventurer/features/recommendations/data/repositories/recommendation_repository_impl.dart' ('lib/features/recommendations/data/repositories/recommendation_repository_impl.dart').
Try correcting the name to the name of an existing method, or defining a method named 'right'.
      return right(unit);
             ^^^^^
lib/features/recommendations/data/repositories/recommendation_repository_impl.dart:55:20: Error: The getter 'unit' isn't defined for the type 'RecommendationRepositoryImpl'.
 - 'RecommendationRepositoryImpl' is from 'package:soloadventurer/features/recommendations/data/repositories/recommendation_repository_impl.dart' ('lib/features/recommendations/data/repositories/recommendation_repository_impl.dart').
Try correcting the name to the name of an existing getter, or defining a getter or field named 'unit'.
      return right(unit);
                   ^^^^
lib/features/recommendations/data/repositories/recommendation_repository_impl.dart:57:14: Error: The method 'left' isn't defined for the type 'RecommendationRepositoryImpl'.
 - 'RecommendationRepositoryImpl' is from 'package:soloadventurer/features/recommendations/data/repositories/recommendation_repository_impl.dart' ('lib/features/recommendations/data/repositories/recommendation_repository_impl.dart').
Try correcting the name to the name of an existing method, or defining a method named 'left'.
      return left(Failure.cache(message: e.message));
             ^^^^
lib/features/recommendations/data/repositories/recommendation_repository_impl.dart:59:14: Error: The method 'left' isn't defined for the type 'RecommendationRepositoryImpl'.
 - 'RecommendationRepositoryImpl' is from 'package:soloadventurer/features/recommendations/data/repositories/recommendation_repository_impl.dart' ('lib/features/recommendations/data/repositories/recommendation_repository_impl.dart').
Try correcting the name to the name of an existing method, or defining a method named 'left'.
      return left(Failure.unknown(message: e.toString()));
             ^^^^
lib/features/recommendations/data/repositories/recommendation_repository_impl.dart:71:10: Error: 'RepositoryException' isn't a type.
    } on RepositoryException catch (e) {
         ^^^^^^^^^^^^^^^^^^^
lib/features/recommendations/data/repositories/recommendation_repository_impl.dart:70:14: Error: The method 'right' isn't defined for the type 'RecommendationRepositoryImpl'.
 - 'RecommendationRepositoryImpl' is from 'package:soloadventurer/features/recommendations/data/repositories/recommendation_repository_impl.dart' ('lib/features/recommendations/data/repositories/recommendation_repository_impl.dart').
Try correcting the name to the name of an existing method, or defining a method named 'right'.
      return right(unit);
             ^^^^^
lib/features/recommendations/data/repositories/recommendation_repository_impl.dart:70:20: Error: The getter 'unit' isn't defined for the type 'RecommendationRepositoryImpl'.
 - 'RecommendationRepositoryImpl' is from 'package:soloadventurer/features/recommendations/data/repositories/recommendation_repository_impl.dart' ('lib/features/recommendations/data/repositories/recommendation_repository_impl.dart').
Try correcting the name to the name of an existing getter, or defining a getter or field named 'unit'.
      return right(unit);
                   ^^^^
lib/features/recommendations/data/repositories/recommendation_repository_impl.dart:72:14: Error: The method 'left' isn't defined for the type 'RecommendationRepositoryImpl'.
 - 'RecommendationRepositoryImpl' is from 'package:soloadventurer/features/recommendations/data/repositories/recommendation_repository_impl.dart' ('lib/features/recommendations/data/repositories/recommendation_repository_impl.dart').
Try correcting the name to the name of an existing method, or defining a method named 'left'.
      return left(Failure.cache(message: e.message));
             ^^^^
lib/features/recommendations/data/repositories/recommendation_repository_impl.dart:74:14: Error: The method 'left' isn't defined for the type 'RecommendationRepositoryImpl'.
 - 'RecommendationRepositoryImpl' is from 'package:soloadventurer/features/recommendations/data/repositories/recommendation_repository_impl.dart' ('lib/features/recommendations/data/repositories/recommendation_repository_impl.dart').
Try correcting the name to the name of an existing method, or defining a method named 'left'.
      return left(Failure.unknown(message: e.toString()));
             ^^^^
lib/features/recommendations/data/repositories/recommendation_repository_impl.dart:86:10: Error: 'RepositoryException' isn't a type.
    } on RepositoryException catch (e) {
         ^^^^^^^^^^^^^^^^^^^
lib/features/recommendations/data/repositories/recommendation_repository_impl.dart:85:14: Error: The method 'right' isn't defined for the type 'RecommendationRepositoryImpl'.
 - 'RecommendationRepositoryImpl' is from 'package:soloadventurer/features/recommendations/data/repositories/recommendation_repository_impl.dart' ('lib/features/recommendations/data/repositories/recommendation_repository_impl.dart').
Try correcting the name to the name of an existing method, or defining a method named 'right'.
      return right(dismissed);
             ^^^^^
lib/features/recommendations/data/repositories/recommendation_repository_impl.dart:87:14: Error: The method 'left' isn't defined for the type 'RecommendationRepositoryImpl'.
 - 'RecommendationRepositoryImpl' is from 'package:soloadventurer/features/recommendations/data/repositories/recommendation_repository_impl.dart' ('lib/features/recommendations/data/repositories/recommendation_repository_impl.dart').
Try correcting the name to the name of an existing method, or defining a method named 'left'.
      return left(Failure.cache(message: e.message));
             ^^^^
lib/features/recommendations/data/repositories/recommendation_repository_impl.dart:89:14: Error: The method 'left' isn't defined for the type 'RecommendationRepositoryImpl'.
 - 'RecommendationRepositoryImpl' is from 'package:soloadventurer/features/recommendations/data/repositories/recommendation_repository_impl.dart' ('lib/features/recommendations/data/repositories/recommendation_repository_impl.dart').
Try correcting the name to the name of an existing method, or defining a method named 'left'.
      return left(Failure.unknown(message: e.toString()));
             ^^^^
lib/features/recommendations/data/repositories/recommendation_repository_impl.dart:104:10: Error: 'RepositoryException' isn't a type.
    } on RepositoryException catch (e) {
         ^^^^^^^^^^^^^^^^^^^
lib/features/recommendations/data/repositories/recommendation_repository_impl.dart:103:14: Error: The method 'right' isn't defined for the type 'RecommendationRepositoryImpl'.
 - 'RecommendationRepositoryImpl' is from 'package:soloadventurer/features/recommendations/data/repositories/recommendation_repository_impl.dart' ('lib/features/recommendations/data/repositories/recommendation_repository_impl.dart').
Try correcting the name to the name of an existing method, or defining a method named 'right'.
      return right(count);
             ^^^^^
lib/features/recommendations/data/repositories/recommendation_repository_impl.dart:105:14: Error: The method 'left' isn't defined for the type 'RecommendationRepositoryImpl'.
 - 'RecommendationRepositoryImpl' is from 'package:soloadventurer/features/recommendations/data/repositories/recommendation_repository_impl.dart' ('lib/features/recommendations/data/repositories/recommendation_repository_impl.dart').
Try correcting the name to the name of an existing method, or defining a method named 'left'.
      return left(Failure.cache(message: e.message));
             ^^^^
lib/features/recommendations/data/repositories/recommendation_repository_impl.dart:107:14: Error: The method 'left' isn't defined for the type 'RecommendationRepositoryImpl'.
 - 'RecommendationRepositoryImpl' is from 'package:soloadventurer/features/recommendations/data/repositories/recommendation_repository_impl.dart' ('lib/features/recommendations/data/repositories/recommendation_repository_impl.dart').
Try correcting the name to the name of an existing method, or defining a method named 'left'.
      return left(Failure.unknown(message: e.toString()));
             ^^^^
lib/features/recommendations/data/services/personalized_recommendation_service.dart:80:46: Error: A value of type 'Null Function(dynamic)' can't be assigned to a variable of type 'List<WeatherForecast>'.
 - 'List' is from 'dart:core'.
 - 'WeatherForecast' is from 'package:soloadventurer/features/travel/domain/models/weather_forecast.dart' ('lib/features/travel/domain/models/weather_forecast.dart').
        (forecasts) => weatherByDate[date] = forecasts,
                                             ^
lib/features/recommendations/data/services/personalized_recommendation_service.dart:80:9: Error: The argument type 'Null Function(dynamic) Function(Null Function(dynamic))' can't be assigned to the parameter type 'Null Function(dynamic) Function(Null Function(dynamic), WeatherForecast)'.
 - 'WeatherForecast' is from 'package:soloadventurer/features/travel/domain/models/weather_forecast.dart' ('lib/features/travel/domain/models/weather_forecast.dart').
        (forecasts) => weatherByDate[date] = forecasts,
        ^
lib/features/recommendations/data/services/personalized_recommendation_service.dart:143:12: Error: The method 'right' isn't defined for the type 'PersonalizedRecommendationService'.
 - 'PersonalizedRecommendationService' is from 'package:soloadventurer/features/recommendations/data/services/personalized_recommendation_service.dart' ('lib/features/recommendations/data/services/personalized_recommendation_service.dart').
Try correcting the name to the name of an existing method, or defining a method named 'right'.
    return right(recommendations.take(request.limit).toList());
           ^^^^^
lib/features/recommendations/data/services/personalized_recommendation_service.dart:156:20: Error: The method 'left' isn't defined for the type 'PersonalizedRecommendationService'.
 - 'PersonalizedRecommendationService' is from 'package:soloadventurer/features/recommendations/data/services/personalized_recommendation_service.dart' ('lib/features/recommendations/data/services/personalized_recommendation_service.dart').
Try correcting the name to the name of an existing method, or defining a method named 'left'.
      (failure) => left(failure),
                   ^^^^
lib/features/recommendations/data/services/personalized_recommendation_service.dart:162:16: Error: The method 'right' isn't defined for the type 'PersonalizedRecommendationService'.
 - 'PersonalizedRecommendationService' is from 'package:soloadventurer/features/recommendations/data/services/personalized_recommendation_service.dart' ('lib/features/recommendations/data/services/personalized_recommendation_service.dart').
Try correcting the name to the name of an existing method, or defining a method named 'right'.
        return right(dateSpecific);
               ^^^^^
lib/features/recommendations/data/services/personalized_recommendation_service.dart:176:12: Error: The method 'right' isn't defined for the type 'PersonalizedRecommendationService'.
 - 'PersonalizedRecommendationService' is from 'package:soloadventurer/features/recommendations/data/services/personalized_recommendation_service.dart' ('lib/features/recommendations/data/services/personalized_recommendation_service.dart').
Try correcting the name to the name of an existing method, or defining a method named 'right'.
    return right([]);
           ^^^^^
lib/features/recommendations/data/services/personalized_recommendation_service.dart:187:12: Error: The method 'right' isn't defined for the type 'PersonalizedRecommendationService'.
 - 'PersonalizedRecommendationService' is from 'package:soloadventurer/features/recommendations/data/services/personalized_recommendation_service.dart' ('lib/features/recommendations/data/services/personalized_recommendation_service.dart').
Try correcting the name to the name of an existing method, or defining a method named 'right'.
    return right([]);
           ^^^^^
lib/features/recommendations/data/services/personalized_recommendation_service.dart:454:27: Error: Member not found: 'entertainment'.
      case TravelInterest.entertainment:
                          ^^^^^^^^^^^^^
lib/features/recommendations/domain/repositories/places_repository.dart:65:6: Error: Couldn't find constructor 'Default'.
    @Default(5.0) double radiusKm,
     ^^^^^^^
lib/features/recommendations/domain/usecases/add_recommendation_to_itinerary.dart:44:34: Error: Required named parameter 'id' must be provided.
    return ItineraryItem.activity(
                                 ^
lib/features/travel/domain/models/itinerary_item.dart:110:17: Context: Found this candidate, but the arguments don't match.
  const factory ItineraryItem.activity({
                ^^^^^^^^
lib/features/recommendations/domain/usecases/get_personalized_recommendations.dart:28:42: Error: Too many positional arguments: 0 allowed, but 1 found.
Try removing the extra positional arguments.
      return left(const ValidationFailure(
                                         ^
lib/core/error/failures.dart:204:9: Context: Found this candidate, but the arguments don't match.
  const ValidationFailure({
        ^^^^^^^^^^^^^^^^^
lib/features/recommendations/domain/usecases/get_personalized_recommendations.dart:28:14: Error: The method 'left' isn't defined for the type 'GetPersonalizedRecommendations'.
 - 'GetPersonalizedRecommendations' is from 'package:soloadventurer/features/recommendations/domain/usecases/get_personalized_recommendations.dart' ('lib/features/recommendations/domain/usecases/get_personalized_recommendations.dart').
Try correcting the name to the name of an existing method, or defining a method named 'left'.
      return left(const ValidationFailure(
             ^^^^
lib/features/recommendations/domain/usecases/get_recommendations_for_date.dart:30:42: Error: Too many positional arguments: 0 allowed, but 1 found.
Try removing the extra positional arguments.
      return left(const ValidationFailure(
                                         ^
lib/core/error/failures.dart:204:9: Context: Found this candidate, but the arguments don't match.
  const ValidationFailure({
        ^^^^^^^^^^^^^^^^^
lib/features/recommendations/domain/usecases/get_recommendations_for_date.dart:30:14: Error: The method 'left' isn't defined for the type 'GetRecommendationsForDate'.
 - 'GetRecommendationsForDate' is from 'package:soloadventurer/features/recommendations/domain/usecases/get_recommendations_for_date.dart' ('lib/features/recommendations/domain/usecases/get_recommendations_for_date.dart').
Try correcting the name to the name of an existing method, or defining a method named 'left'.
      return left(const ValidationFailure(
             ^^^^
lib/features/offline/infrastructure/database/dao/itinerary_dao.dart:26:42: Error: 'ItinerariesCompanion' isn't a type.
  Future<LocalItinerary> insertItinerary(ItinerariesCompanion itinerary) async {
                                         ^^^^^^^^^^^^^^^^^^^^
lib/features/offline/infrastructure/database/dao/itinerary_dao.dart:27:20: Error: The getter 'itineraries' isn't defined for the type 'AppDatabase'.
 - 'AppDatabase' is from 'package:soloadventurer/features/offline/infrastructure/database/database.dart' ('lib/features/offline/infrastructure/database/database.dart').
Try correcting the name to the name of an existing getter, or defining a getter or field named 'itineraries'.
    return into(db.itineraries).insert(itinerary);
                   ^^^^^^^^^^^
lib/features/offline/infrastructure/database/dao/itinerary_dao.dart:34:31: Error: 'LocalItinerary' isn't a type.
  Future<int> updateItinerary(LocalItinerary itinerary) async {
                              ^^^^^^^^^^^^^^
lib/features/offline/infrastructure/database/dao/itinerary_dao.dart:35:21: Error: The getter 'itineraries' isn't defined for the type 'AppDatabase'.
 - 'AppDatabase' is from 'package:soloadventurer/features/offline/infrastructure/database/database.dart' ('lib/features/offline/infrastructure/database/database.dart').
Try correcting the name to the name of an existing getter, or defining a getter or field named 'itineraries'.
    return await db.itineraries.update.replace(itinerary);
                    ^^^^^^^^^^^
lib/features/offline/infrastructure/database/dao/itinerary_dao.dart:48:22: Error: The getter 'itineraries' isn't defined for the type 'AppDatabase'.
 - 'AppDatabase' is from 'package:soloadventurer/features/offline/infrastructure/database/database.dart' ('lib/features/offline/infrastructure/database/database.dart').
Try correcting the name to the name of an existing getter, or defining a getter or field named 'itineraries'.
    return await (db.itineraries.delete..where((i) => i.id.equals(id))).go();
                     ^^^^^^^^^^^
lib/features/offline/infrastructure/database/dao/itinerary_dao.dart:57:22: Error: Not a constant expression.
        .write(const ItinerariesCompanion(isDeleted: Value(true)));
                     ^^^^^^^^^^^^^^^^^^^^
lib/features/offline/infrastructure/database/dao/itinerary_dao.dart:56:22: Error: The getter 'itineraries' isn't defined for the type 'AppDatabase'.
 - 'AppDatabase' is from 'package:soloadventurer/features/offline/infrastructure/database/database.dart' ('lib/features/offline/infrastructure/database/database.dart').
Try correcting the name to the name of an existing getter, or defining a getter or field named 'itineraries'.
    return await (db.itineraries.update..where((i) => i.id.equals(id)))
                     ^^^^^^^^^^^
lib/features/offline/infrastructure/database/dao/itinerary_dao.dart:65:23: Error: The getter 'itineraries' isn't defined for the type 'AppDatabase'.
 - 'AppDatabase' is from 'package:soloadventurer/features/offline/infrastructure/database/database.dart' ('lib/features/offline/infrastructure/database/database.dart').
Try correcting the name to the name of an existing getter, or defining a getter or field named 'itineraries'.
    return (select(db.itineraries)..where((i) => i.id.equals(id)))
                      ^^^^^^^^^^^
lib/features/offline/infrastructure/database/dao/itinerary_dao.dart:65:52: Error: The getter 'id' isn't defined for the type 'HasResultSet'.
 - 'HasResultSet' is from 'package:drift/src/dsl/dsl.dart' ('../.pub-cache/hosted/pub.dev/drift-2.28.2/lib/src/dsl/dsl.dart').
Try correcting the name to the name of an existing getter, or defining a getter or field named 'id'.
    return (select(db.itineraries)..where((i) => i.id.equals(id)))
                                                   ^^
lib/features/offline/infrastructure/database/dao/itinerary_dao.dart:76:23: Error: The getter 'itineraries' isn't defined for the type 'AppDatabase'.
 - 'AppDatabase' is from 'package:soloadventurer/features/offline/infrastructure/database/database.dart' ('lib/features/offline/infrastructure/database/database.dart').
Try correcting the name to the name of an existing getter, or defining a getter or field named 'itineraries'.
    return (select(db.itineraries)
                      ^^^^^^^^^^^
lib/features/offline/infrastructure/database/dao/itinerary_dao.dart:77:28: Error: The getter 'userId' isn't defined for the type 'HasResultSet'.
 - 'HasResultSet' is from 'package:drift/src/dsl/dsl.dart' ('../.pub-cache/hosted/pub.dev/drift-2.28.2/lib/src/dsl/dsl.dart').
Try correcting the name to the name of an existing getter, or defining a getter or field named 'userId'.
          ..where((i) => i.userId.equals(userId))
                           ^^^^^^
lib/features/offline/infrastructure/database/dao/itinerary_dao.dart:78:28: Error: The getter 'isDeleted' isn't defined for the type 'HasResultSet'.
 - 'HasResultSet' is from 'package:drift/src/dsl/dsl.dart' ('../.pub-cache/hosted/pub.dev/drift-2.28.2/lib/src/dsl/dsl.dart').
Try correcting the name to the name of an existing getter, or defining a getter or field named 'isDeleted'.
          ..where((i) => i.isDeleted.equals(false))
                           ^^^^^^^^^
lib/features/offline/infrastructure/database/dao/itinerary_dao.dart:79:49: Error: The getter 'createdAt' isn't defined for the type 'HasResultSet'.
 - 'HasResultSet' is from 'package:drift/src/dsl/dsl.dart' ('../.pub-cache/hosted/pub.dev/drift-2.28.2/lib/src/dsl/dsl.dart').
Try correcting the name to the name of an existing getter, or defining a getter or field named 'createdAt'.
          ..orderBy([(i) => OrderingTerm.desc(i.createdAt)]))
                                                ^^^^^^^^^
lib/features/offline/infrastructure/database/dao/itinerary_dao.dart:89:23: Error: The getter 'itineraries' isn't defined for the type 'AppDatabase'.
 - 'AppDatabase' is from 'package:soloadventurer/features/offline/infrastructure/database/database.dart' ('lib/features/offline/infrastructure/database/database.dart').
Try correcting the name to the name of an existing getter, or defining a getter or field named 'itineraries'.
    return (select(db.itineraries)
                      ^^^^^^^^^^^
lib/features/offline/infrastructure/database/dao/itinerary_dao.dart:90:28: Error: The getter 'isDeleted' isn't defined for the type 'HasResultSet'.
 - 'HasResultSet' is from 'package:drift/src/dsl/dsl.dart' ('../.pub-cache/hosted/pub.dev/drift-2.28.2/lib/src/dsl/dsl.dart').
Try correcting the name to the name of an existing getter, or defining a getter or field named 'isDeleted'.
          ..where((i) => i.isDeleted.equals(false))
                           ^^^^^^^^^
lib/features/offline/infrastructure/database/dao/itinerary_dao.dart:91:49: Error: The getter 'createdAt' isn't defined for the type 'HasResultSet'.
 - 'HasResultSet' is from 'package:drift/src/dsl/dsl.dart' ('../.pub-cache/hosted/pub.dev/drift-2.28.2/lib/src/dsl/dsl.dart').
Try correcting the name to the name of an existing getter, or defining a getter or field named 'createdAt'.
          ..orderBy([(i) => OrderingTerm.desc(i.createdAt)]))
                                                ^^^^^^^^^
lib/features/offline/infrastructure/database/dao/itinerary_dao.dart:99:23: Error: The getter 'itineraries' isn't defined for the type 'AppDatabase'.
 - 'AppDatabase' is from 'package:soloadventurer/features/offline/infrastructure/database/database.dart' ('lib/features/offline/infrastructure/database/database.dart').
Try correcting the name to the name of an existing getter, or defining a getter or field named 'itineraries'.
    return (select(db.itineraries)
                      ^^^^^^^^^^^
lib/features/offline/infrastructure/database/dao/itinerary_dao.dart:100:28: Error: The getter 'isStarter' isn't defined for the type 'HasResultSet'.
 - 'HasResultSet' is from 'package:drift/src/dsl/dsl.dart' ('../.pub-cache/hosted/pub.dev/drift-2.28.2/lib/src/dsl/dsl.dart').
Try correcting the name to the name of an existing getter, or defining a getter or field named 'isStarter'.
          ..where((i) => i.isStarter.equals(true))
                           ^^^^^^^^^
lib/features/offline/infrastructure/database/dao/itinerary_dao.dart:101:28: Error: The getter 'isDeleted' isn't defined for the type 'HasResultSet'.
 - 'HasResultSet' is from 'package:drift/src/dsl/dsl.dart' ('../.pub-cache/hosted/pub.dev/drift-2.28.2/lib/src/dsl/dsl.dart').
Try correcting the name to the name of an existing getter, or defining a getter or field named 'isDeleted'.
          ..where((i) => i.isDeleted.equals(false))
                           ^^^^^^^^^
lib/features/offline/infrastructure/database/dao/itinerary_dao.dart:102:49: Error: The getter 'createdAt' isn't defined for the type 'HasResultSet'.
 - 'HasResultSet' is from 'package:drift/src/dsl/dsl.dart' ('../.pub-cache/hosted/pub.dev/drift-2.28.2/lib/src/dsl/dsl.dart').
Try correcting the name to the name of an existing getter, or defining a getter or field named 'createdAt'.
          ..orderBy([(i) => OrderingTerm.desc(i.createdAt)]))
                                                ^^^^^^^^^
lib/features/offline/infrastructure/database/dao/itinerary_dao.dart:110:23: Error: The getter 'itineraries' isn't defined for the type 'AppDatabase'.
 - 'AppDatabase' is from 'package:soloadventurer/features/offline/infrastructure/database/database.dart' ('lib/features/offline/infrastructure/database/database.dart').
Try correcting the name to the name of an existing getter, or defining a getter or field named 'itineraries'.
    return (select(db.itineraries)
                      ^^^^^^^^^^^
lib/features/offline/infrastructure/database/dao/itinerary_dao.dart:112:17: Error: The getter 'isSynced' isn't defined for the type 'HasResultSet'.
 - 'HasResultSet' is from 'package:drift/src/dsl/dsl.dart' ('../.pub-cache/hosted/pub.dev/drift-2.28.2/lib/src/dsl/dsl.dart').
Try correcting the name to the name of an existing getter, or defining a getter or field named 'isSynced'.
              i.isSynced.equals(false) | i.hasPendingChanges.equals(true))
                ^^^^^^^^
lib/features/offline/infrastructure/database/dao/itinerary_dao.dart:112:44: Error: The getter 'hasPendingChanges' isn't defined for the type 'HasResultSet'.
 - 'HasResultSet' is from 'package:drift/src/dsl/dsl.dart' ('../.pub-cache/hosted/pub.dev/drift-2.28.2/lib/src/dsl/dsl.dart').
Try correcting the name to the name of an existing getter, or defining a getter or field named 'hasPendingChanges'.
              i.isSynced.equals(false) | i.hasPendingChanges.equals(true))
                                           ^^^^^^^^^^^^^^^^^
lib/features/offline/infrastructure/database/dao/itinerary_dao.dart:113:28: Error: The getter 'isDeleted' isn't defined for the type 'HasResultSet'.
 - 'HasResultSet' is from 'package:drift/src/dsl/dsl.dart' ('../.pub-cache/hosted/pub.dev/drift-2.28.2/lib/src/dsl/dsl.dart').
Try correcting the name to the name of an existing getter, or defining a getter or field named 'isDeleted'.
          ..where((i) => i.isDeleted.equals(false))
                           ^^^^^^^^^
lib/features/offline/infrastructure/database/dao/itinerary_dao.dart:114:48: Error: The getter 'updatedAt' isn't defined for the type 'HasResultSet'.
 - 'HasResultSet' is from 'package:drift/src/dsl/dsl.dart' ('../.pub-cache/hosted/pub.dev/drift-2.28.2/lib/src/dsl/dsl.dart').
Try correcting the name to the name of an existing getter, or defining a getter or field named 'updatedAt'.
          ..orderBy([(i) => OrderingTerm.asc(i.updatedAt)]))
                                               ^^^^^^^^^
lib/features/offline/infrastructure/database/dao/itinerary_dao.dart:127:7: Error: 'ItineraryItemsCompanion' isn't a type.
      ItineraryItemsCompanion item) async {
      ^^^^^^^^^^^^^^^^^^^^^^^
lib/features/offline/infrastructure/database/dao/itinerary_dao.dart:128:20: Error: The getter 'itineraryItems' isn't defined for the type 'AppDatabase'.
 - 'AppDatabase' is from 'package:soloadventurer/features/offline/infrastructure/database/database.dart' ('lib/features/offline/infrastructure/database/database.dart').
Try correcting the name to the name of an existing getter, or defining a getter or field named 'itineraryItems'.
    return into(db.itineraryItems).insert(item);
                   ^^^^^^^^^^^^^^
lib/features/offline/infrastructure/database/dao/itinerary_dao.dart:135:41: Error: 'ItineraryItemsCompanion' isn't a type.
  Future<int> insertItineraryItems(List<ItineraryItemsCompanion> items) async {
                                        ^^^^^^^^^^^^^^^^^^^^^^^
lib/features/offline/infrastructure/database/dao/itinerary_dao.dart:139:17: Error: The getter 'itineraryItems' isn't defined for the type 'AppDatabase'.
 - 'AppDatabase' is from 'package:soloadventurer/features/offline/infrastructure/database/database.dart' ('lib/features/offline/infrastructure/database/database.dart').
Try correcting the name to the name of an existing getter, or defining a getter or field named 'itineraryItems'.
        into(db.itineraryItems).insert(item);
                ^^^^^^^^^^^^^^
lib/features/offline/infrastructure/database/dao/itinerary_dao.dart:150:35: Error: 'LocalItineraryItem' isn't a type.
  Future<int> updateItineraryItem(LocalItineraryItem item) async {
                                  ^^^^^^^^^^^^^^^^^^
lib/features/offline/infrastructure/database/dao/itinerary_dao.dart:151:21: Error: The getter 'itineraryItems' isn't defined for the type 'AppDatabase'.
 - 'AppDatabase' is from 'package:soloadventurer/features/offline/infrastructure/database/database.dart' ('lib/features/offline/infrastructure/database/database.dart').
Try correcting the name to the name of an existing getter, or defining a getter or field named 'itineraryItems'.
    return await db.itineraryItems.update.replace(item);
                    ^^^^^^^^^^^^^^
lib/features/offline/infrastructure/database/dao/itinerary_dao.dart:159:22: Error: The getter 'itineraryItems' isn't defined for the type 'AppDatabase'.
 - 'AppDatabase' is from 'package:soloadventurer/features/offline/infrastructure/database/database.dart' ('lib/features/offline/infrastructure/database/database.dart').
Try correcting the name to the name of an existing getter, or defining a getter or field named 'itineraryItems'.
    return await (db.itineraryItems.delete..where((i) => i.id.equals(id))).go();
                     ^^^^^^^^^^^^^^
lib/features/offline/infrastructure/database/dao/itinerary_dao.dart:167:22: Error: The getter 'itineraryItems' isn't defined for the type 'AppDatabase'.
 - 'AppDatabase' is from 'package:soloadventurer/features/offline/infrastructure/database/database.dart' ('lib/features/offline/infrastructure/database/database.dart').
Try correcting the name to the name of an existing getter, or defining a getter or field named 'itineraryItems'.
    return await (db.itineraryItems.delete
                     ^^^^^^^^^^^^^^
lib/features/offline/infrastructure/database/dao/itinerary_dao.dart:178:22: Error: Not a constant expression.
        .write(const ItineraryItemsCompanion(isDeleted: Value(true)));
                     ^^^^^^^^^^^^^^^^^^^^^^^
lib/features/offline/infrastructure/database/dao/itinerary_dao.dart:177:22: Error: The getter 'itineraryItems' isn't defined for the type 'AppDatabase'.
 - 'AppDatabase' is from 'package:soloadventurer/features/offline/infrastructure/database/database.dart' ('lib/features/offline/infrastructure/database/database.dart').
Try correcting the name to the name of an existing getter, or defining a getter or field named 'itineraryItems'.
    return await (db.itineraryItems.update..where((i) => i.id.equals(id)))
                     ^^^^^^^^^^^^^^
lib/features/offline/infrastructure/database/dao/itinerary_dao.dart:186:23: Error: The getter 'itineraryItems' isn't defined for the type 'AppDatabase'.
 - 'AppDatabase' is from 'package:soloadventurer/features/offline/infrastructure/database/database.dart' ('lib/features/offline/infrastructure/database/database.dart').
Try correcting the name to the name of an existing getter, or defining a getter or field named 'itineraryItems'.
    return (select(db.itineraryItems)..where((i) => i.id.equals(id)))
                      ^^^^^^^^^^^^^^
lib/features/offline/infrastructure/database/dao/itinerary_dao.dart:186:55: Error: The getter 'id' isn't defined for the type 'HasResultSet'.
 - 'HasResultSet' is from 'package:drift/src/dsl/dsl.dart' ('../.pub-cache/hosted/pub.dev/drift-2.28.2/lib/src/dsl/dsl.dart').
Try correcting the name to the name of an existing getter, or defining a getter or field named 'id'.
    return (select(db.itineraryItems)..where((i) => i.id.equals(id)))
                                                      ^^
lib/features/offline/infrastructure/database/dao/itinerary_dao.dart:197:23: Error: The getter 'itineraryItems' isn't defined for the type 'AppDatabase'.
 - 'AppDatabase' is from 'package:soloadventurer/features/offline/infrastructure/database/database.dart' ('lib/features/offline/infrastructure/database/database.dart').
Try correcting the name to the name of an existing getter, or defining a getter or field named 'itineraryItems'.
    return (select(db.itineraryItems)
                      ^^^^^^^^^^^^^^
lib/features/offline/infrastructure/database/dao/itinerary_dao.dart:198:28: Error: The getter 'itineraryId' isn't defined for the type 'HasResultSet'.
 - 'HasResultSet' is from 'package:drift/src/dsl/dsl.dart' ('../.pub-cache/hosted/pub.dev/drift-2.28.2/lib/src/dsl/dsl.dart').
Try correcting the name to the name of an existing getter, or defining a getter or field named 'itineraryId'.
          ..where((i) => i.itineraryId.equals(itineraryId))
                           ^^^^^^^^^^^
lib/features/offline/infrastructure/database/dao/itinerary_dao.dart:199:28: Error: The getter 'isDeleted' isn't defined for the type 'HasResultSet'.
 - 'HasResultSet' is from 'package:drift/src/dsl/dsl.dart' ('../.pub-cache/hosted/pub.dev/drift-2.28.2/lib/src/dsl/dsl.dart').
Try correcting the name to the name of an existing getter, or defining a getter or field named 'isDeleted'.
          ..where((i) => i.isDeleted.equals(false))
                           ^^^^^^^^^
lib/features/offline/infrastructure/database/dao/itinerary_dao.dart:201:39: Error: The getter 'dayNumber' isn't defined for the type 'HasResultSet'.
 - 'HasResultSet' is from 'package:drift/src/dsl/dsl.dart' ('../.pub-cache/hosted/pub.dev/drift-2.28.2/lib/src/dsl/dsl.dart').
Try correcting the name to the name of an existing getter, or defining a getter or field named 'dayNumber'.
            (i) => OrderingTerm.asc(i.dayNumber),
                                      ^^^^^^^^^
lib/features/offline/infrastructure/database/dao/itinerary_dao.dart:202:39: Error: The getter 'sortOrder' isn't defined for the type 'HasResultSet'.
 - 'HasResultSet' is from 'package:drift/src/dsl/dsl.dart' ('../.pub-cache/hosted/pub.dev/drift-2.28.2/lib/src/dsl/dsl.dart').
Try correcting the name to the name of an existing getter, or defining a getter or field named 'sortOrder'.
            (i) => OrderingTerm.asc(i.sortOrder)
                                      ^^^^^^^^^
lib/features/offline/infrastructure/database/dao/itinerary_dao.dart:216:23: Error: The getter 'itineraryItems' isn't defined for the type 'AppDatabase'.
 - 'AppDatabase' is from 'package:soloadventurer/features/offline/infrastructure/database/database.dart' ('lib/features/offline/infrastructure/database/database.dart').
Try correcting the name to the name of an existing getter, or defining a getter or field named 'itineraryItems'.
    return (select(db.itineraryItems)
                      ^^^^^^^^^^^^^^
lib/features/offline/infrastructure/database/dao/itinerary_dao.dart:217:28: Error: The getter 'itineraryId' isn't defined for the type 'HasResultSet'.
 - 'HasResultSet' is from 'package:drift/src/dsl/dsl.dart' ('../.pub-cache/hosted/pub.dev/drift-2.28.2/lib/src/dsl/dsl.dart').
Try correcting the name to the name of an existing getter, or defining a getter or field named 'itineraryId'.
          ..where((i) => i.itineraryId.equals(itineraryId))
                           ^^^^^^^^^^^
lib/features/offline/infrastructure/database/dao/itinerary_dao.dart:218:28: Error: The getter 'dayNumber' isn't defined for the type 'HasResultSet'.
 - 'HasResultSet' is from 'package:drift/src/dsl/dsl.dart' ('../.pub-cache/hosted/pub.dev/drift-2.28.2/lib/src/dsl/dsl.dart').
Try correcting the name to the name of an existing getter, or defining a getter or field named 'dayNumber'.
          ..where((i) => i.dayNumber.equals(dayNumber))
                           ^^^^^^^^^
lib/features/offline/infrastructure/database/dao/itinerary_dao.dart:219:28: Error: The getter 'isDeleted' isn't defined for the type 'HasResultSet'.
 - 'HasResultSet' is from 'package:drift/src/dsl/dsl.dart' ('../.pub-cache/hosted/pub.dev/drift-2.28.2/lib/src/dsl/dsl.dart').
Try correcting the name to the name of an existing getter, or defining a getter or field named 'isDeleted'.
          ..where((i) => i.isDeleted.equals(false))
                           ^^^^^^^^^
lib/features/offline/infrastructure/database/dao/itinerary_dao.dart:220:48: Error: The getter 'sortOrder' isn't defined for the type 'HasResultSet'.
 - 'HasResultSet' is from 'package:drift/src/dsl/dsl.dart' ('../.pub-cache/hosted/pub.dev/drift-2.28.2/lib/src/dsl/dsl.dart').
Try correcting the name to the name of an existing getter, or defining a getter or field named 'sortOrder'.
          ..orderBy([(i) => OrderingTerm.asc(i.sortOrder)]))
                                               ^^^^^^^^^
lib/features/offline/infrastructure/database/dao/itinerary_dao.dart:232:25: Error: 'LocalItineraryItem' isn't a type.
    final Map<int, List<LocalItineraryItem>> grouped = {};
                        ^^^^^^^^^^^^^^^^^^
lib/features/offline/infrastructure/database/dao/itinerary_dao.dart:248:22: Error: The getter 'itineraryItems' isn't defined for the type 'AppDatabase'.
 - 'AppDatabase' is from 'package:soloadventurer/features/offline/infrastructure/database/database.dart' ('lib/features/offline/infrastructure/database/database.dart').
Try correcting the name to the name of an existing getter, or defining a getter or field named 'itineraryItems'.
    return await (db.itineraryItems.update..where((i) => i.id.equals(itemId)))
                     ^^^^^^^^^^^^^^
lib/features/offline/infrastructure/database/dao/itinerary_dao.dart:249:16: Error: The method 'ItineraryItemsCompanion' isn't defined for the type 'ItineraryDao'.
 - 'ItineraryDao' is from 'package:soloadventurer/features/offline/infrastructure/database/dao/itinerary_dao.dart' ('lib/features/offline/infrastructure/database/dao/itinerary_dao.dart').
Try correcting the name to the name of an existing method, or defining a method named 'ItineraryItemsCompanion'.
        .write(ItineraryItemsCompanion(
               ^^^^^^^^^^^^^^^^^^^^^^^
lib/features/offline/infrastructure/database/dao/itinerary_dao.dart:272:23: Error: The getter 'itineraryItems' isn't defined for the type 'AppDatabase'.
 - 'AppDatabase' is from 'package:soloadventurer/features/offline/infrastructure/database/database.dart' ('lib/features/offline/infrastructure/database/database.dart').
Try correcting the name to the name of an existing getter, or defining a getter or field named 'itineraryItems'.
    return (select(db.itineraryItems)
                      ^^^^^^^^^^^^^^
lib/features/offline/infrastructure/database/dao/itinerary_dao.dart:273:28: Error: The getter 'itineraryId' isn't defined for the type 'HasResultSet'.
 - 'HasResultSet' is from 'package:drift/src/dsl/dsl.dart' ('../.pub-cache/hosted/pub.dev/drift-2.28.2/lib/src/dsl/dsl.dart').
Try correcting the name to the name of an existing getter, or defining a getter or field named 'itineraryId'.
          ..where((i) => i.itineraryId.equals(itineraryId))
                           ^^^^^^^^^^^
lib/features/offline/infrastructure/database/dao/itinerary_dao.dart:274:28: Error: The getter 'isCompleted' isn't defined for the type 'HasResultSet'.
 - 'HasResultSet' is from 'package:drift/src/dsl/dsl.dart' ('../.pub-cache/hosted/pub.dev/drift-2.28.2/lib/src/dsl/dsl.dart').
Try correcting the name to the name of an existing getter, or defining a getter or field named 'isCompleted'.
          ..where((i) => i.isCompleted.equals(false))
                           ^^^^^^^^^^^
lib/features/offline/infrastructure/database/dao/itinerary_dao.dart:275:28: Error: The getter 'isDeleted' isn't defined for the type 'HasResultSet'.
 - 'HasResultSet' is from 'package:drift/src/dsl/dsl.dart' ('../.pub-cache/hosted/pub.dev/drift-2.28.2/lib/src/dsl/dsl.dart').
Try correcting the name to the name of an existing getter, or defining a getter or field named 'isDeleted'.
          ..where((i) => i.isDeleted.equals(false))
                           ^^^^^^^^^
lib/features/offline/infrastructure/database/dao/itinerary_dao.dart:277:39: Error: The getter 'dayNumber' isn't defined for the type 'HasResultSet'.
 - 'HasResultSet' is from 'package:drift/src/dsl/dsl.dart' ('../.pub-cache/hosted/pub.dev/drift-2.28.2/lib/src/dsl/dsl.dart').
Try correcting the name to the name of an existing getter, or defining a getter or field named 'dayNumber'.
            (i) => OrderingTerm.asc(i.dayNumber),
                                      ^^^^^^^^^
lib/features/offline/infrastructure/database/dao/itinerary_dao.dart:278:39: Error: The getter 'sortOrder' isn't defined for the type 'HasResultSet'.
 - 'HasResultSet' is from 'package:drift/src/dsl/dsl.dart' ('../.pub-cache/hosted/pub.dev/drift-2.28.2/lib/src/dsl/dsl.dart').
Try correcting the name to the name of an existing getter, or defining a getter or field named 'sortOrder'.
            (i) => OrderingTerm.asc(i.sortOrder)
                                      ^^^^^^^^^
lib/features/offline/infrastructure/database/dao/itinerary_dao.dart:288:23: Error: The getter 'itineraryItems' isn't defined for the type 'AppDatabase'.
 - 'AppDatabase' is from 'package:soloadventurer/features/offline/infrastructure/database/database.dart' ('lib/features/offline/infrastructure/database/database.dart').
Try correcting the name to the name of an existing getter, or defining a getter or field named 'itineraryItems'.
    return (select(db.itineraryItems)
                      ^^^^^^^^^^^^^^
lib/features/offline/infrastructure/database/dao/itinerary_dao.dart:289:28: Error: The getter 'itineraryId' isn't defined for the type 'HasResultSet'.
 - 'HasResultSet' is from 'package:drift/src/dsl/dsl.dart' ('../.pub-cache/hosted/pub.dev/drift-2.28.2/lib/src/dsl/dsl.dart').
Try correcting the name to the name of an existing getter, or defining a getter or field named 'itineraryId'.
          ..where((i) => i.itineraryId.equals(itineraryId))
                           ^^^^^^^^^^^
lib/features/offline/infrastructure/database/dao/itinerary_dao.dart:290:28: Error: The getter 'isCompleted' isn't defined for the type 'HasResultSet'.
 - 'HasResultSet' is from 'package:drift/src/dsl/dsl.dart' ('../.pub-cache/hosted/pub.dev/drift-2.28.2/lib/src/dsl/dsl.dart').
Try correcting the name to the name of an existing getter, or defining a getter or field named 'isCompleted'.
          ..where((i) => i.isCompleted.equals(true))
                           ^^^^^^^^^^^
lib/features/offline/infrastructure/database/dao/itinerary_dao.dart:291:28: Error: The getter 'isDeleted' isn't defined for the type 'HasResultSet'.
 - 'HasResultSet' is from 'package:drift/src/dsl/dsl.dart' ('../.pub-cache/hosted/pub.dev/drift-2.28.2/lib/src/dsl/dsl.dart').
Try correcting the name to the name of an existing getter, or defining a getter or field named 'isDeleted'.
          ..where((i) => i.isDeleted.equals(false))
                           ^^^^^^^^^
lib/features/offline/infrastructure/database/dao/itinerary_dao.dart:293:40: Error: The getter 'dayNumber' isn't defined for the type 'HasResultSet'.
 - 'HasResultSet' is from 'package:drift/src/dsl/dsl.dart' ('../.pub-cache/hosted/pub.dev/drift-2.28.2/lib/src/dsl/dsl.dart').
Try correcting the name to the name of an existing getter, or defining a getter or field named 'dayNumber'.
            (i) => OrderingTerm.desc(i.dayNumber),
                                       ^^^^^^^^^
lib/features/offline/infrastructure/database/dao/itinerary_dao.dart:294:40: Error: The getter 'sortOrder' isn't defined for the type 'HasResultSet'.
 - 'HasResultSet' is from 'package:drift/src/dsl/dsl.dart' ('../.pub-cache/hosted/pub.dev/drift-2.28.2/lib/src/dsl/dsl.dart').
Try correcting the name to the name of an existing getter, or defining a getter or field named 'sortOrder'.
            (i) => OrderingTerm.desc(i.sortOrder)
                                       ^^^^^^^^^
lib/features/offline/infrastructure/database/dao/itinerary_dao.dart:303:23: Error: The getter 'itineraryItems' isn't defined for the type 'AppDatabase'.
 - 'AppDatabase' is from 'package:soloadventurer/features/offline/infrastructure/database/database.dart' ('lib/features/offline/infrastructure/database/database.dart').
Try correcting the name to the name of an existing getter, or defining a getter or field named 'itineraryItems'.
    return (select(db.itineraryItems)
                      ^^^^^^^^^^^^^^
lib/features/offline/infrastructure/database/dao/itinerary_dao.dart:305:17: Error: The getter 'isSynced' isn't defined for the type 'HasResultSet'.
 - 'HasResultSet' is from 'package:drift/src/dsl/dsl.dart' ('../.pub-cache/hosted/pub.dev/drift-2.28.2/lib/src/dsl/dsl.dart').
Try correcting the name to the name of an existing getter, or defining a getter or field named 'isSynced'.
              i.isSynced.equals(false) | i.hasPendingChanges.equals(true))
                ^^^^^^^^
lib/features/offline/infrastructure/database/dao/itinerary_dao.dart:305:44: Error: The getter 'hasPendingChanges' isn't defined for the type 'HasResultSet'.
 - 'HasResultSet' is from 'package:drift/src/dsl/dsl.dart' ('../.pub-cache/hosted/pub.dev/drift-2.28.2/lib/src/dsl/dsl.dart').
Try correcting the name to the name of an existing getter, or defining a getter or field named 'hasPendingChanges'.
              i.isSynced.equals(false) | i.hasPendingChanges.equals(true))
                                           ^^^^^^^^^^^^^^^^^
lib/features/offline/infrastructure/database/dao/itinerary_dao.dart:306:28: Error: The getter 'isDeleted' isn't defined for the type 'HasResultSet'.
 - 'HasResultSet' is from 'package:drift/src/dsl/dsl.dart' ('../.pub-cache/hosted/pub.dev/drift-2.28.2/lib/src/dsl/dsl.dart').
Try correcting the name to the name of an existing getter, or defining a getter or field named 'isDeleted'.
          ..where((i) => i.isDeleted.equals(false))
                           ^^^^^^^^^
lib/features/offline/infrastructure/database/dao/itinerary_dao.dart:307:48: Error: The getter 'updatedAt' isn't defined for the type 'HasResultSet'.
 - 'HasResultSet' is from 'package:drift/src/dsl/dsl.dart' ('../.pub-cache/hosted/pub.dev/drift-2.28.2/lib/src/dsl/dsl.dart').
Try correcting the name to the name of an existing getter, or defining a getter or field named 'updatedAt'.
          ..orderBy([(i) => OrderingTerm.asc(i.updatedAt)]))
                                               ^^^^^^^^^
lib/features/offline/infrastructure/database/dao/itinerary_dao.dart:321:16: Error: The getter 'itineraries' isn't defined for the type 'AppDatabase'.
 - 'AppDatabase' is from 'package:soloadventurer/features/offline/infrastructure/database/database.dart' ('lib/features/offline/infrastructure/database/database.dart').
Try correcting the name to the name of an existing getter, or defining a getter or field named 'itineraries'.
    return (db.itineraries.update..where((i) => i.id.equals(id))).write(
               ^^^^^^^^^^^
lib/features/offline/infrastructure/database/dao/itinerary_dao.dart:322:7: Error: The method 'ItinerariesCompanion' isn't defined for the type 'ItineraryDao'.
 - 'ItineraryDao' is from 'package:soloadventurer/features/offline/infrastructure/database/dao/itinerary_dao.dart' ('lib/features/offline/infrastructure/database/dao/itinerary_dao.dart').
Try correcting the name to the name of an existing method, or defining a method named 'ItinerariesCompanion'.
      ItinerariesCompanion(
      ^^^^^^^^^^^^^^^^^^^^
lib/features/offline/infrastructure/database/dao/itinerary_dao.dart:336:16: Error: The getter 'itineraryItems' isn't defined for the type 'AppDatabase'.
 - 'AppDatabase' is from 'package:soloadventurer/features/offline/infrastructure/database/database.dart' ('lib/features/offline/infrastructure/database/database.dart').
Try correcting the name to the name of an existing getter, or defining a getter or field named 'itineraryItems'.
    return (db.itineraryItems.update..where((i) => i.id.equals(id))).write(
               ^^^^^^^^^^^^^^
lib/features/offline/infrastructure/database/dao/itinerary_dao.dart:337:7: Error: The method 'ItineraryItemsCompanion' isn't defined for the type 'ItineraryDao'.
 - 'ItineraryDao' is from 'package:soloadventurer/features/offline/infrastructure/database/dao/itinerary_dao.dart' ('lib/features/offline/infrastructure/database/dao/itinerary_dao.dart').
Try correcting the name to the name of an existing method, or defining a method named 'ItineraryItemsCompanion'.
      ItineraryItemsCompanion(
      ^^^^^^^^^^^^^^^^^^^^^^^
lib/features/offline/infrastructure/database/dao/itinerary_dao.dart:351:52: Error: The getter 'isCompleted' isn't defined for the type 'Object?'.
 - 'Object' is from 'dart:core'.
Try correcting the name to the name of an existing getter, or defining a getter or field named 'isCompleted'.
    final completedItems = allItems.where((i) => i.isCompleted).toList();
                                                   ^^^^^^^^^^^
lib/features/offline/infrastructure/database/dao/itinerary_dao.dart:357:16: Error: The getter 'itineraries' isn't defined for the type 'AppDatabase'.
 - 'AppDatabase' is from 'package:soloadventurer/features/offline/infrastructure/database/database.dart' ('lib/features/offline/infrastructure/database/database.dart').
Try correcting the name to the name of an existing getter, or defining a getter or field named 'itineraries'.
    return (db.itineraries.update..where((i) => i.id.equals(itineraryId)))
               ^^^^^^^^^^^
lib/features/offline/infrastructure/database/dao/itinerary_dao.dart:359:7: Error: The method 'ItinerariesCompanion' isn't defined for the type 'ItineraryDao'.
 - 'ItineraryDao' is from 'package:soloadventurer/features/offline/infrastructure/database/dao/itinerary_dao.dart' ('lib/features/offline/infrastructure/database/dao/itinerary_dao.dart').
Try correcting the name to the name of an existing method, or defining a method named 'ItinerariesCompanion'.
      ItinerariesCompanion(
      ^^^^^^^^^^^^^^^^^^^^
lib/features/travel/data/models/itinerary_local_model.dart:10:33: Error: 'LocalItineraryItem' isn't a type.
  Itinerary toDomainEntity(List<LocalItineraryItem> items) {
                                ^^^^^^^^^^^^^^^^^^
lib/features/travel/data/models/itinerary_local_model.dart:23:34: Error: The getter 'isDeleted' isn't defined for the type 'Object?'.
 - 'Object' is from 'dart:core'.
Try correcting the name to the name of an existing getter, or defining a getter or field named 'isDeleted'.
          .where((item) => !item.isDeleted)
                                 ^^^^^^^^^
lib/features/travel/data/models/itinerary_local_model.dart:24:31: Error: The method 'toDomainEntity' is defined in multiple extensions for 'Object?' and neither is more specific.
 - 'Object' is from 'dart:core'.
Try using an explicit extension application of the wanted extension or hiding unwanted extensions from scope.
          .map((item) => item.toDomainEntity())
                              ^^^^^^^^^^^^^^
lib/features/travel/data/models/itinerary_local_model.dart:10:13: Context: This is one of the extension members.
  Itinerary toDomainEntity(List<LocalItineraryItem> items) {
            ^^^^^^^^^^^^^^
lib/features/travel/data/models/itinerary_local_model.dart:70:17: Context: This is one of the extension members.
  ItineraryItem toDomainEntity() {
                ^^^^^^^^^^^^^^
lib/features/travel/data/models/itinerary_local_model.dart:25:12: Error: The argument type 'List<dynamic>' can't be assigned to the parameter type 'List<ItineraryItem>'.
 - 'List' is from 'dart:core'.
 - 'ItineraryItem' is from 'package:soloadventurer/features/travel/domain/models/itinerary_item.dart' ('lib/features/travel/domain/models/itinerary_item.dart').
          .toList(),
           ^
lib/features/travel/data/models/itinerary_local_model.dart:39:12: Error: The method 'LocalItinerary' isn't defined for the type 'Itinerary'.
 - 'Itinerary' is from 'package:soloadventurer/features/travel/domain/models/itinerary.dart' ('lib/features/travel/domain/models/itinerary.dart').
Try correcting the name to the name of an existing method, or defining a method named 'LocalItinerary'.
    return LocalItinerary(
           ^^^^^^^^^^^^^^
lib/features/travel/data/models/itinerary_local_model.dart:163:32: Error: The method 'LocalItineraryItem' isn't defined for the type 'ItineraryItem'.
 - 'ItineraryItem' is from 'package:soloadventurer/features/travel/domain/models/itinerary_item.dart' ('lib/features/travel/domain/models/itinerary_item.dart').
Try correcting the name to the name of an existing method, or defining a method named 'LocalItineraryItem'.
      flightArrival: (item) => LocalItineraryItem(
                               ^^^^^^^^^^^^^^^^^^
lib/features/travel/data/models/itinerary_local_model.dart:184:34: Error: The method 'LocalItineraryItem' isn't defined for the type 'ItineraryItem'.
 - 'ItineraryItem' is from 'package:soloadventurer/features/travel/domain/models/itinerary_item.dart' ('lib/features/travel/domain/models/itinerary_item.dart').
Try correcting the name to the name of an existing method, or defining a method named 'LocalItineraryItem'.
      flightDeparture: (item) => LocalItineraryItem(
                                 ^^^^^^^^^^^^^^^^^^
lib/features/travel/data/models/itinerary_local_model.dart:205:31: Error: The method 'LocalItineraryItem' isn't defined for the type 'ItineraryItem'.
 - 'ItineraryItem' is from 'package:soloadventurer/features/travel/domain/models/itinerary_item.dart' ('lib/features/travel/domain/models/itinerary_item.dart').
Try correcting the name to the name of an existing method, or defining a method named 'LocalItineraryItem'.
      hotelCheckIn: (item) => LocalItineraryItem(
                              ^^^^^^^^^^^^^^^^^^
lib/features/travel/data/models/itinerary_local_model.dart:226:32: Error: The method 'LocalItineraryItem' isn't defined for the type 'ItineraryItem'.
 - 'ItineraryItem' is from 'package:soloadventurer/features/travel/domain/models/itinerary_item.dart' ('lib/features/travel/domain/models/itinerary_item.dart').
Try correcting the name to the name of an existing method, or defining a method named 'LocalItineraryItem'.
      hotelCheckOut: (item) => LocalItineraryItem(
                               ^^^^^^^^^^^^^^^^^^
lib/features/travel/data/models/itinerary_local_model.dart:247:27: Error: The method 'LocalItineraryItem' isn't defined for the type 'ItineraryItem'.
 - 'ItineraryItem' is from 'package:soloadventurer/features/travel/domain/models/itinerary_item.dart' ('lib/features/travel/domain/models/itinerary_item.dart').
Try correcting the name to the name of an existing method, or defining a method named 'LocalItineraryItem'.
      activity: (item) => LocalItineraryItem(
                          ^^^^^^^^^^^^^^^^^^
lib/features/travel/data/models/itinerary_local_model.dart:268:24: Error: The method 'LocalItineraryItem' isn't defined for the type 'ItineraryItem'.
 - 'ItineraryItem' is from 'package:soloadventurer/features/travel/domain/models/itinerary_item.dart' ('lib/features/travel/domain/models/itinerary_item.dart').
Try correcting the name to the name of an existing method, or defining a method named 'LocalItineraryItem'.
      lunch: (item) => LocalItineraryItem(
                       ^^^^^^^^^^^^^^^^^^
lib/features/travel/data/models/itinerary_local_model.dart:289:25: Error: The method 'LocalItineraryItem' isn't defined for the type 'ItineraryItem'.
 - 'ItineraryItem' is from 'package:soloadventurer/features/travel/domain/models/itinerary_item.dart' ('lib/features/travel/domain/models/itinerary_item.dart').
Try correcting the name to the name of an existing method, or defining a method named 'LocalItineraryItem'.
      dinner: (item) => LocalItineraryItem(
                        ^^^^^^^^^^^^^^^^^^
lib/app/di/modules/core_module.dart:13:11: Error: Method not found: 'SecurityManagerImpl'.
    () => SecurityManagerImpl(
          ^^^^^^^^^^^^^^^^^^^
lib/features/auth/data/datasources/mock_auth_remote_data_source.dart:241:21: Error: The getter 'email' isn't defined for the type 'Credentials'.
 - 'Credentials' is from 'package:soloadventurer/features/auth/data/models/credentials.dart' ('lib/features/auth/data/models/credentials.dart').
Try correcting the name to the name of an existing getter, or defining a getter or field named 'email'.
    if (credentials.email != 'test@example.com' || credentials.password != 'password123') {
                    ^^^^^
lib/features/offline/data/repositories/offline_aware_repository.dart:492:19: Error: The getter 'timestamp_' isn't defined for the type 'OfflineAwareRepository<Entity, Model, CreateModel, UpdateModel>'.
 - 'OfflineAwareRepository' is from 'package:soloadventurer/features/offline/data/repositories/offline_aware_repository.dart' ('lib/features/offline/data/repositories/offline_aware_repository.dart').
Try correcting the name to the name of an existing getter, or defining a getter or field named 'timestamp_'.
    return 'temp_$timestamp_$random';
                  ^^^^^^^^^^
lib/features/offline/data/repositories/sync_queue_repository_impl.dart:36:52: Error: The argument type 'int' can't be assigned to the parameter type 'SyncQueueItem'.
 - 'SyncQueueItem' is from 'package:soloadventurer/features/offline/infrastructure/database/database.dart' ('lib/features/offline/infrastructure/database/database.dart').
      return model.SyncOperationModel.fromDatabase(item).toDomainEntity();
                                                   ^
lib/features/offline/infrastructure/sync/background_sync_service.dart:154:11: Error: No named parameter with the name 'requiresNotRoaming'.
          requiresNotRoaming: false, // Allow sync while roaming
          ^^^^^^^^^^^^^^^^^^
../.pub-cache/hosted/pub.dev/workmanager-0.5.2/lib/src/options.dart:96:3: Context: Found this candidate, but the arguments don't match.
  Constraints({
  ^^^^^^^^^^^
lib/features/offline/infrastructure/sync/background_sync_service.dart:164:9: Error: No named parameter with the name 'backoffDelay'.
        backoffDelay: const Duration(minutes: 15), // Initial backoff delay
        ^^^^^^^^^^^^
lib/features/offline/infrastructure/sync/background_sync_service.dart:229:27: Error: The method 'cancelTaskByTag' isn't defined for the type 'Workmanager'.
 - 'Workmanager' is from 'package:workmanager/src/workmanager.dart' ('../.pub-cache/hosted/pub.dev/workmanager-0.5.2/lib/src/workmanager.dart').
Try correcting the name to the name of an existing method, or defining a method named 'cancelTaskByTag'.
      await Workmanager().cancelTaskByTag(periodicSyncTaskName);
                          ^^^^^^^^^^^^^^^
lib/features/offline/infrastructure/sync/conflict_resolver_impl.dart:385:33: Error: The getter 'tripDao' isn't defined for the type 'AppDatabase'.
 - 'AppDatabase' is from 'package:soloadventurer/features/offline/infrastructure/database/database.dart' ('lib/features/offline/infrastructure/database/database.dart').
Try correcting the name to the name of an existing getter, or defining a getter or field named 'tripDao'.
      final tripDao = _database.tripDao;
                                ^^^^^^^
lib/features/offline/infrastructure/sync/conflict_resolver_impl.dart:411:33: Error: The getter 'tripDao' isn't defined for the type 'AppDatabase'.
 - 'AppDatabase' is from 'package:soloadventurer/features/offline/infrastructure/database/database.dart' ('lib/features/offline/infrastructure/database/database.dart').
Try correcting the name to the name of an existing getter, or defining a getter or field named 'tripDao'.
      final tripDao = _database.tripDao;
                                ^^^^^^^
lib/features/offline/infrastructure/sync/conflict_resolver_impl.dart:437:36: Error: The getter 'journalDao' isn't defined for the type 'AppDatabase'.
 - 'AppDatabase' is from 'package:soloadventurer/features/offline/infrastructure/database/database.dart' ('lib/features/offline/infrastructure/database/database.dart').
Try correcting the name to the name of an existing getter, or defining a getter or field named 'journalDao'.
      final journalDao = _database.journalDao;
                                   ^^^^^^^^^^
lib/features/offline/infrastructure/sync/conflict_resolver_impl.dart:460:36: Error: The getter 'journalDao' isn't defined for the type 'AppDatabase'.
 - 'AppDatabase' is from 'package:soloadventurer/features/offline/infrastructure/database/database.dart' ('lib/features/offline/infrastructure/database/database.dart').
Try correcting the name to the name of an existing getter, or defining a getter or field named 'journalDao'.
      final journalDao = _database.journalDao;
                                   ^^^^^^^^^^
lib/features/offline/infrastructure/sync/conflict_resolver_impl.dart:485:33: Error: The getter 'userDao' isn't defined for the type 'AppDatabase'.
 - 'AppDatabase' is from 'package:soloadventurer/features/offline/infrastructure/database/database.dart' ('lib/features/offline/infrastructure/database/database.dart').
Try correcting the name to the name of an existing getter, or defining a getter or field named 'userDao'.
      final userDao = _database.userDao;
                                ^^^^^^^
lib/features/offline/infrastructure/sync/conflict_resolver_impl.dart:508:33: Error: The getter 'userDao' isn't defined for the type 'AppDatabase'.
 - 'AppDatabase' is from 'package:soloadventurer/features/offline/infrastructure/database/database.dart' ('lib/features/offline/infrastructure/database/database.dart').
Try correcting the name to the name of an existing getter, or defining a getter or field named 'userDao'.
      final userDao = _database.userDao;
                                ^^^^^^^
lib/features/offline/infrastructure/sync/download_sync.dart:254:33: Error: The getter 'tripDao' isn't defined for the type 'AppDatabase'.
 - 'AppDatabase' is from 'package:soloadventurer/features/offline/infrastructure/database/database.dart' ('lib/features/offline/infrastructure/database/database.dart').
Try correcting the name to the name of an existing getter, or defining a getter or field named 'tripDao'.
      final tripDao = _database.tripDao;
                                ^^^^^^^
lib/features/offline/infrastructure/sync/download_sync.dart:372:33: Error: The getter 'tripDao' isn't defined for the type 'AppDatabase'.
 - 'AppDatabase' is from 'package:soloadventurer/features/offline/infrastructure/database/database.dart' ('lib/features/offline/infrastructure/database/database.dart').
Try correcting the name to the name of an existing getter, or defining a getter or field named 'tripDao'.
      final tripDao = _database.tripDao;
                                ^^^^^^^
lib/features/offline/infrastructure/sync/download_sync.dart:430:40: Error: The getter 'journalDao' isn't defined for the type 'AppDatabase'.
 - 'AppDatabase' is from 'package:soloadventurer/features/offline/infrastructure/database/database.dart' ('lib/features/offline/infrastructure/database/database.dart').
Try correcting the name to the name of an existing getter, or defining a getter or field named 'journalDao'.
          final journalDao = _database.journalDao;
                                       ^^^^^^^^^^
lib/features/offline/infrastructure/sync/download_sync.dart:568:33: Error: The getter 'userDao' isn't defined for the type 'AppDatabase'.
 - 'AppDatabase' is from 'package:soloadventurer/features/offline/infrastructure/database/database.dart' ('lib/features/offline/infrastructure/database/database.dart').
Try correcting the name to the name of an existing getter, or defining a getter or field named 'userDao'.
      final userDao = _database.userDao;
                                ^^^^^^^
lib/features/offline/infrastructure/sync/download_sync.dart:677:17: Error: No named parameter with the name 'userId'.
                userId: userId,
                ^^^^^^
lib/features/offline/infrastructure/database/database.g.dart:3735:3: Context: Found this candidate, but the arguments don't match.
  SyncMetadataTableCompanion.insert({
  ^^^^^^^^^^^^^^^^^^^^^^^^^^^^^^^^^
lib/features/offline/infrastructure/sync/download_sync.dart:669:40: Error: The getter 'userId' isn't defined for the type '$SyncMetadataTableTable'.
 - '$SyncMetadataTableTable' is from 'package:soloadventurer/features/offline/infrastructure/database/database.dart' ('lib/features/offline/infrastructure/database/database.dart').
Try correcting the name to the name of an existing getter, or defining a getter or field named 'userId'.
                  ..where((tbl) => tbl.userId.equals(userId)))
                                       ^^^^^^
lib/features/offline/infrastructure/sync/download_sync.dart:687:24: Error: The method 'SyncMetadataTable' isn't defined for the type 'DownloadSync'.
 - 'DownloadSync' is from 'package:soloadventurer/features/offline/infrastructure/sync/download_sync.dart' ('lib/features/offline/infrastructure/sync/download_sync.dart').
Try correcting the name to the name of an existing method, or defining a method named 'SyncMetadataTable'.
              .replace(SyncMetadataTable(
                       ^^^^^^^^^^^^^^^^^
lib/features/offline/infrastructure/sync/download_sync.dart:688:30: Error: The getter 'id' isn't defined for the type 'SyncMetadata'.
 - 'SyncMetadata' is from 'package:soloadventurer/features/offline/infrastructure/database/database.dart' ('lib/features/offline/infrastructure/database/database.dart').
Try correcting the name to the name of an existing getter, or defining a getter or field named 'id'.
                id: metadata.id,
                             ^^
lib/features/offline/infrastructure/sync/download_sync.dart:775:7: Error: No named parameter with the name 'firstName'.
      firstName: Value(serverUser['firstName'] as String?),
      ^^^^^^^^^
lib/features/offline/infrastructure/database/database.g.dart:2407:9: Context: Found this candidate, but the arguments don't match.
  const UsersCompanion({
        ^^^^^^^^^^^^^^
lib/features/offline/infrastructure/sync/incremental_sync.dart:262:38: Error: Required named parameter 'userId' must be provided.
        return syncIncrementalChanges(
                                     ^
lib/features/offline/infrastructure/sync/incremental_sync.dart:286:40: Error: The getter 'userId' isn't defined for the type '$SyncMetadataTableTable'.
 - '$SyncMetadataTableTable' is from 'package:soloadventurer/features/offline/infrastructure/database/database.dart' ('lib/features/offline/infrastructure/database/database.dart').
Try correcting the name to the name of an existing getter, or defining a getter or field named 'userId'.
                  ..where((tbl) => tbl.userId.equals(userId)))
                                       ^^^^^^
lib/features/offline/infrastructure/sync/incremental_sync.dart:290:32: Error: The getter 'lastIncrementalSyncAt' isn't defined for the type 'SyncMetadata'.
 - 'SyncMetadata' is from 'package:soloadventurer/features/offline/infrastructure/database/database.dart' ('lib/features/offline/infrastructure/database/database.dart').
Try correcting the name to the name of an existing getter, or defining a getter or field named 'lastIncrementalSyncAt'.
            metadataList.first.lastIncrementalSyncAt == null) {
                               ^^^^^^^^^^^^^^^^^^^^^
lib/features/offline/infrastructure/sync/incremental_sync.dart:309:34: Error: The getter 'userId' isn't defined for the type '$SyncMetadataTableTable'.
 - '$SyncMetadataTableTable' is from 'package:soloadventurer/features/offline/infrastructure/database/database.dart' ('lib/features/offline/infrastructure/database/database.dart').
Try correcting the name to the name of an existing getter, or defining a getter or field named 'userId'.
            ..where((tbl) => tbl.userId.equals(userId)))
                                 ^^^^^^
lib/features/offline/infrastructure/sync/incremental_sync.dart:316:33: Error: The getter 'lastIncrementalSyncAt' isn't defined for the type 'SyncMetadata'.
 - 'SyncMetadata' is from 'package:soloadventurer/features/offline/infrastructure/database/database.dart' ('lib/features/offline/infrastructure/database/database.dart').
Try correcting the name to the name of an existing getter, or defining a getter or field named 'lastIncrementalSyncAt'.
      return metadataList.first.lastIncrementalSyncAt;
                                ^^^^^^^^^^^^^^^^^^^^^
lib/features/offline/infrastructure/sync/incremental_sync.dart:389:33: Error: The getter 'tripDao' isn't defined for the type 'AppDatabase'.
 - 'AppDatabase' is from 'package:soloadventurer/features/offline/infrastructure/database/database.dart' ('lib/features/offline/infrastructure/database/database.dart').
Try correcting the name to the name of an existing getter, or defining a getter or field named 'tripDao'.
      final tripDao = _database.tripDao;
                                ^^^^^^^
lib/features/offline/infrastructure/sync/incremental_sync.dart:553:31: Error: The getter 'tripDao' isn't defined for the type 'AppDatabase'.
 - 'AppDatabase' is from 'package:soloadventurer/features/offline/infrastructure/database/database.dart' ('lib/features/offline/infrastructure/database/database.dart').
Try correcting the name to the name of an existing getter, or defining a getter or field named 'tripDao'.
    final tripDao = _database.tripDao;
                              ^^^^^^^
lib/features/offline/infrastructure/sync/incremental_sync.dart:605:34: Error: The getter 'journalDao' isn't defined for the type 'AppDatabase'.
 - 'AppDatabase' is from 'package:soloadventurer/features/offline/infrastructure/database/database.dart' ('lib/features/offline/infrastructure/database/database.dart').
Try correcting the name to the name of an existing getter, or defining a getter or field named 'journalDao'.
    final journalDao = _database.journalDao;
                                 ^^^^^^^^^^
lib/features/offline/infrastructure/sync/incremental_sync.dart:660:31: Error: The getter 'userDao' isn't defined for the type 'AppDatabase'.
 - 'AppDatabase' is from 'package:soloadventurer/features/offline/infrastructure/database/database.dart' ('lib/features/offline/infrastructure/database/database.dart').
Try correcting the name to the name of an existing getter, or defining a getter or field named 'userDao'.
    final userDao = _database.userDao;
                              ^^^^^^^
lib/features/offline/infrastructure/sync/incremental_sync.dart:727:17: Error: No named parameter with the name 'userId'.
                userId: userId,
                ^^^^^^
lib/features/offline/infrastructure/database/database.g.dart:3723:9: Context: Found this candidate, but the arguments don't match.
  const SyncMetadataTableCompanion({
        ^^^^^^^^^^^^^^^^^^^^^^^^^^
lib/features/offline/infrastructure/sync/incremental_sync.dart:719:40: Error: The getter 'userId' isn't defined for the type '$SyncMetadataTableTable'.
 - '$SyncMetadataTableTable' is from 'package:soloadventurer/features/offline/infrastructure/database/database.dart' ('lib/features/offline/infrastructure/database/database.dart').
Try correcting the name to the name of an existing getter, or defining a getter or field named 'userId'.
                  ..where((tbl) => tbl.userId.equals(userId)))
                                       ^^^^^^
lib/features/offline/infrastructure/sync/incremental_sync.dart:739:24: Error: The method 'SyncMetadataTable' isn't defined for the type 'IncrementalSync'.
 - 'IncrementalSync' is from 'package:soloadventurer/features/offline/infrastructure/sync/incremental_sync.dart' ('lib/features/offline/infrastructure/sync/incremental_sync.dart').
Try correcting the name to the name of an existing method, or defining a method named 'SyncMetadataTable'.
              .replace(SyncMetadataTable(
                       ^^^^^^^^^^^^^^^^^
lib/features/offline/infrastructure/sync/incremental_sync.dart:740:30: Error: The getter 'id' isn't defined for the type 'SyncMetadata'.
 - 'SyncMetadata' is from 'package:soloadventurer/features/offline/infrastructure/database/database.dart' ('lib/features/offline/infrastructure/database/database.dart').
Try correcting the name to the name of an existing getter, or defining a getter or field named 'id'.
                id: metadata.id,
                             ^^
lib/features/offline/infrastructure/sync/incremental_sync.dart:746:54: Error: The getter 'lastIncrementalSyncAt' isn't defined for the type 'SyncMetadata'.
 - 'SyncMetadata' is from 'package:soloadventurer/features/offline/infrastructure/database/database.dart' ('lib/features/offline/infrastructure/database/database.dart').
Try correcting the name to the name of an existing getter, or defining a getter or field named 'lastIncrementalSyncAt'.
                    usedIncremental ? now : metadata.lastIncrementalSyncAt,
                                                     ^^^^^^^^^^^^^^^^^^^^^
lib/features/offline/infrastructure/sync/incremental_sync.dart:891:7: Error: No named parameter with the name 'firstName'.
      firstName: Value(serverUser['firstName'] as String?),
      ^^^^^^^^^
lib/features/offline/infrastructure/database/database.g.dart:2407:9: Context: Found this candidate, but the arguments don't match.
  const UsersCompanion({
        ^^^^^^^^^^^^^^
lib/features/offline/infrastructure/sync/offline_interceptor.dart:348:21: Error: The method 'call' isn't defined for the type 'Future<T>'.
 - 'Future' is from 'dart:async'.
Try correcting the name to the name of an existing method, or defining a method named 'call'.
      await executor();
                    ^
lib/features/offline/infrastructure/sync/offline_interceptor.dart:352:26: Error: The method 'call' isn't defined for the type 'Future<void>'.
 - 'Future' is from 'dart:async'.
Try correcting the name to the name of an existing method, or defining a method named 'call'.
        await localUpdate();
                         ^
lib/features/offline/infrastructure/sync/offline_interceptor.dart:382:24: Error: The method 'call' isn't defined for the type 'Future<void>'.
 - 'Future' is from 'dart:async'.
Try correcting the name to the name of an existing method, or defining a method named 'call'.
      await localUpdate();
                       ^
lib/features/offline/infrastructure/sync/mutation_interceptor.dart:263:66: Error: The argument type 'ErrorInterceptorHandler' can't be assigned to the parameter type 'RequestInterceptorHandler'.
 - 'ErrorInterceptorHandler' is from 'package:dio/src/dio_mixin.dart' ('../.pub-cache/hosted/pub.dev/dio-5.8.0+1/lib/src/dio_mixin.dart').
 - 'RequestInterceptorHandler' is from 'package:dio/src/dio_mixin.dart' ('../.pub-cache/hosted/pub.dev/dio-5.8.0+1/lib/src/dio_mixin.dart').
      await _handleOfflineMutation(metadata, err.requestOptions, handler);
                                                                 ^
01:01 +131 -61: loading /Users/anthonyforan/SoloAdventurer_app/test/features/recommendations/presentation/providers/recommendation_providers_test.dart [E]                                             
  Failed to load "/Users/anthonyforan/SoloAdventurer_app/test/features/recommendations/presentation/providers/recommendation_providers_test.dart":
  Compilation failed for testPath=/Users/anthonyforan/SoloAdventurer_app/test/features/recommendations/presentation/providers/recommendation_providers_test.dart: Error: Couldn't resolve the package 'dartz' in 'package:dartz/dartz.dart'.
  lib/features/recommendations/domain/repositories/recommendation_repository.dart:1:8: Error: Not found: 'package:dartz/dartz.dart'
  import 'package:dartz/dartz.dart';
         ^
  lib/features/recommendations/data/repositories/itinerary_repository_impl.dart:1:8: Error: Not found: 'package:dartz/dartz.dart'
  import 'package:dartz/dartz.dart';
         ^
  lib/features/recommendations/data/repositories/places_repository_impl.dart:1:8: Error: Not found: 'package:dartz/dartz.dart'
  import 'package:dartz/dartz.dart';
         ^
  lib/features/recommendations/data/repositories/recommendation_repository_impl.dart:1:8: Error: Not found: 'package:dartz/dartz.dart'
  import 'package:dartz/dartz.dart';
         ^
  lib/features/recommendations/data/services/personalized_recommendation_service.dart:1:8: Error: Not found: 'package:dartz/dartz.dart'
  import 'package:dartz/dartz.dart';
         ^
  lib/features/recommendations/domain/repositories/itinerary_repository.dart:1:8: Error: Not found: 'package:dartz/dartz.dart'
  import 'package:dartz/dartz.dart';
         ^
  lib/features/recommendations/domain/repositories/places_repository.dart:1:8: Error: Not found: 'package:dartz/dartz.dart'
  import 'package:dartz/dartz.dart';
         ^
  lib/features/recommendations/domain/services/recommendation_service.dart:1:8: Error: Not found: 'package:dartz/dartz.dart'
  import 'package:dartz/dartz.dart';
         ^
  lib/features/recommendations/domain/usecases/add_recommendation_to_itinerary.dart:1:8: Error: Not found: 'package:dartz/dartz.dart'
  import 'package:dartz/dartz.dart';
         ^
  lib/features/recommendations/domain/usecases/dismiss_recommendation.dart:1:8: Error: Not found: 'package:dartz/dartz.dart'
  import 'package:dartz/dartz.dart';
         ^
  lib/features/recommendations/domain/usecases/get_personalized_recommendations.dart:1:8: Error: Not found: 'package:dartz/dartz.dart'
  import 'package:dartz/dartz.dart';
         ^
  lib/features/recommendations/domain/usecases/get_recommendations_for_date.dart:1:8: Error: Not found: 'package:dartz/dartz.dart'
  import 'package:dartz/dartz.dart';
         ^
  lib/features/recommendations/domain/usecases/provide_recommendation_feedback.dart:1:8: Error: Not found: 'package:dartz/dartz.dart'
  import 'package:dartz/dartz.dart';
         ^
  lib/features/recommendations/domain/usecases/save_recommendation.dart:1:8: Error: Not found: 'package:dartz/dartz.dart'
  import 'package:dartz/dartz.dart';
         ^
  lib/features/recommendations/domain/repositories/recommendation_repository.dart:18:10: Error: Type 'Either' not found.
    Future<Either<Failure, PersonalizedRecommendation>> saveRecommendation(
           ^^^^^^
  lib/features/recommendations/domain/repositories/recommendation_repository.dart:29:10: Error: Type 'Either' not found.
    Future<Either<Failure, List<PersonalizedRecommendation>>>
           ^^^^^^
  lib/features/recommendations/domain/repositories/recommendation_repository.dart:42:26: Error: Type 'Unit' not found.
    Future<Either<Failure, Unit>> dismissRecommendation(
                           ^^^^
  lib/features/recommendations/domain/repositories/recommendation_repository.dart:42:10: Error: Type 'Either' not found.
    Future<Either<Failure, Unit>> dismissRecommendation(
           ^^^^^^
  lib/features/recommendations/domain/repositories/recommendation_repository.dart:54:26: Error: Type 'Unit' not found.
    Future<Either<Failure, Unit>> recordFeedback(
                           ^^^^
  lib/features/recommendations/domain/repositories/recommendation_repository.dart:54:10: Error: Type 'Either' not found.
    Future<Either<Failure, Unit>> recordFeedback(
           ^^^^^^
  lib/features/recommendations/domain/repositories/recommendation_repository.dart:65:10: Error: Type 'Either' not found.
    Future<Either<Failure, Set<String>>> getDismissedRecommendations(
           ^^^^^^
  lib/features/recommendations/domain/repositories/recommendation_repository.dart:78:10: Error: Type 'Either' not found.
    Future<Either<Failure, int>> clearOldDismissals({
           ^^^^^^
  lib/features/recommendations/domain/entities/recommendation.dart:27:14: Error: Type 'PlaceActivity' not found.
      required PlaceActivity activity,
               ^^^^^^^^^^^^^
  lib/features/recommendations/domain/entities/recommendation.freezed.dart:20:3: Error: Type 'PlaceActivity' not found.
    PlaceActivity get activity => throw _privateConstructorUsedError;
    ^^^^^^^^^^^^^
  lib/features/recommendations/domain/entities/recommendation.freezed.dart:44:7: Error: Type 'PlaceActivity' not found.
        PlaceActivity activity,
        ^^^^^^^^^^^^^
  lib/features/recommendations/domain/entities/recommendation.freezed.dart:138:7: Error: Type 'PlaceActivity' not found.
        PlaceActivity activity,
        ^^^^^^^^^^^^^
  lib/features/recommendations/domain/entities/recommendation.freezed.dart:228:9: Error: Type 'PlaceActivity' not found.
    final PlaceActivity activity;
          ^^^^^^^^^^^^^
  lib/features/recommendations/domain/entities/recommendation.freezed.dart:295:22: Error: Type 'PlaceActivity' not found.
        required final PlaceActivity activity,
                       ^^^^^^^^^^^^^
  lib/features/recommendations/domain/entities/recommendation.freezed.dart:307:3: Error: Type 'PlaceActivity' not found.
    PlaceActivity get activity;
    ^^^^^^^^^^^^^
  lib/core/services/location_service_impl.dart:186:3: Error: 'geolocator.LocationAccuracy' can't be used as a type because 'geolocator' doesn't refer to an import prefix.
    geolocator.LocationAccuracy _mapAccuracy(LocationAccuracy accuracy) {
    ^^^^^^^^^^^^^^^^^^^^^^^^^^^
  lib/core/services/location_service_impl.dart:223:5: Error: 'geolocator.LocationPermission' can't be used as a type because 'geolocator' doesn't refer to an import prefix.
      geolocator.LocationPermission permission,
      ^^^^^^^^^^^^^^^^^^^^^^^^^^^^^
  lib/core/services/weather_service.dart:49:31: Error: Type 'Ref' not found.
  WeatherService weatherService(Ref ref) {
                                ^^^
  lib/features/recommendations/data/repositories/itinerary_repository_impl.dart:18:10: Error: Type 'Either' not found.
    Future<Either<Failure, ItineraryItem>> addItem(
           ^^^^^^
  lib/features/recommendations/data/repositories/itinerary_repository_impl.dart:34:10: Error: Type 'Either' not found.
    Future<Either<Failure, dynamic>> getItinerary(String itineraryId) async {
           ^^^^^^
  lib/features/recommendations/data/repositories/places_repository_impl.dart:20:10: Error: Type 'Either' not found.
    Future<Either<Failure, List<PlaceActivity>>> findPlacesByInterest({
           ^^^^^^
  lib/features/recommendations/data/repositories/places_repository_impl.dart:45:10: Error: Type 'Either' not found.
    Future<Either<Failure, List<PlaceActivity>>> searchPlaces({
           ^^^^^^
  lib/features/recommendations/data/repositories/places_repository_impl.dart:68:10: Error: Type 'Either' not found.
    Future<Either<Failure, PlaceActivity>> getPlaceDetails(
           ^^^^^^
  lib/features/recommendations/data/repositories/places_repository_impl.dart:84:10: Error: Type 'Either' not found.
    Future<Either<Failure, List<PlaceActivity>>> getNearbyPlaces({
           ^^^^^^
  lib/features/recommendations/data/repositories/places_repository_impl.dart:111:10: Error: Type 'Either' not found.
    Future<Either<Failure, List<PlaceActivity>>> getPopularPlaces({
           ^^^^^^
  lib/features/recommendations/data/repositories/recommendation_repository_impl.dart:18:10: Error: Type 'Either' not found.
    Future<Either<Failure, PersonalizedRecommendation>> saveRecommendation(
           ^^^^^^
  lib/features/recommendations/data/repositories/recommendation_repository_impl.dart:36:10: Error: Type 'Either' not found.
    Future<Either<Failure, List<PersonalizedRecommendation>>>
           ^^^^^^
  lib/features/recommendations/data/repositories/recommendation_repository_impl.dart:49:26: Error: Type 'Unit' not found.
    Future<Either<Failure, Unit>> dismissRecommendation(
                           ^^^^
  lib/features/recommendations/data/repositories/recommendation_repository_impl.dart:49:10: Error: Type 'Either' not found.
    Future<Either<Failure, Unit>> dismissRecommendation(
           ^^^^^^
  lib/features/recommendations/data/repositories/recommendation_repository_impl.dart:64:26: Error: Type 'Unit' not found.
    Future<Either<Failure, Unit>> recordFeedback(
                           ^^^^
  lib/features/recommendations/data/repositories/recommendation_repository_impl.dart:64:10: Error: Type 'Either' not found.
    Future<Either<Failure, Unit>> recordFeedback(
           ^^^^^^
  lib/features/recommendations/data/repositories/recommendation_repository_impl.dart:79:10: Error: Type 'Either' not found.
    Future<Either<Failure, Set<String>>> getDismissedRecommendations(
           ^^^^^^
  lib/features/recommendations/data/repositories/recommendation_repository_impl.dart:94:10: Error: Type 'Either' not found.
    Future<Either<Failure, int>> clearOldDismissals({
           ^^^^^^
  lib/features/recommendations/data/services/personalized_recommendation_service.dart:43:10: Error: Type 'Either' not found.
    Future<Either<Failure, List<PersonalizedRecommendation>>>
           ^^^^^^
  lib/features/recommendations/data/services/personalized_recommendation_service.dart:147:10: Error: Type 'Either' not found.
    Future<Either<Failure, List<PersonalizedRecommendation>>>
           ^^^^^^
  lib/features/recommendations/data/services/personalized_recommendation_service.dart:168:10: Error: Type 'Either' not found.
    Future<Either<Failure, List<PersonalizedRecommendation>>>
           ^^^^^^
  lib/features/recommendations/data/services/personalized_recommendation_service.dart:180:10: Error: Type 'Either' not found.
    Future<Either<Failure, List<PersonalizedRecommendation>>>
           ^^^^^^
  lib/features/recommendations/domain/repositories/itinerary_repository.dart:17:10: Error: Type 'Either' not found.
    Future<Either<Failure, ItineraryItem>> addItem(
           ^^^^^^
  lib/features/recommendations/domain/repositories/itinerary_repository.dart:28:10: Error: Type 'Either' not found.
    Future<Either<Failure, dynamic>> getItinerary(String itineraryId);
           ^^^^^^
  lib/features/recommendations/domain/repositories/places_repository.dart:21:10: Error: Type 'Either' not found.
    Future<Either<Failure, List<PlaceActivity>>> findPlacesByInterest({
           ^^^^^^
  lib/features/recommendations/domain/repositories/places_repository.dart:36:10: Error: Type 'Either' not found.
    Future<Either<Failure, List<PlaceActivity>>> searchPlaces({
           ^^^^^^
  lib/features/recommendations/domain/repositories/places_repository.dart:48:10: Error: Type 'Either' not found.
    Future<Either<Failure, PlaceActivity>> getPlaceDetails(
           ^^^^^^
  lib/features/recommendations/domain/repositories/places_repository.dart:62:10: Error: Type 'Either' not found.
    Future<Either<Failure, List<PlaceActivity>>> getNearbyPlaces({
           ^^^^^^
  lib/features/recommendations/domain/repositories/places_repository.dart:77:10: Error: Type 'Either' not found.
    Future<Either<Failure, List<PlaceActivity>>> getPopularPlaces({
           ^^^^^^
  lib/features/recommendations/domain/services/recommendation_service.dart:18:10: Error: Type 'Either' not found.
    Future<Either<Failure, List<PersonalizedRecommendation>>>
           ^^^^^^
  lib/features/recommendations/domain/services/recommendation_service.dart:28:10: Error: Type 'Either' not found.
    Future<Either<Failure, List<PersonalizedRecommendation>>>
           ^^^^^^
  lib/features/recommendations/domain/services/recommendation_service.dart:45:10: Error: Type 'Either' not found.
    Future<Either<Failure, List<PersonalizedRecommendation>>>
           ^^^^^^
  lib/features/recommendations/domain/services/recommendation_service.dart:62:10: Error: Type 'Either' not found.
    Future<Either<Failure, List<PersonalizedRecommendation>>>
           ^^^^^^
  lib/features/recommendations/domain/usecases/add_recommendation_to_itinerary.dart:24:10: Error: Type 'Either' not found.
    Future<Either<Failure, ItineraryItem>> call({
           ^^^^^^
  lib/features/recommendations/domain/usecases/dismiss_recommendation.dart:21:26: Error: Type 'Unit' not found.
    Future<Either<Failure, Unit>> call(
                           ^^^^
  lib/features/recommendations/domain/usecases/dismiss_recommendation.dart:21:10: Error: Type 'Either' not found.
    Future<Either<Failure, Unit>> call(
           ^^^^^^
  lib/features/recommendations/domain/usecases/get_personalized_recommendations.dart:23:10: Error: Type 'Either' not found.
    Future<Either<Failure, List<PersonalizedRecommendation>>> call(
           ^^^^^^
  lib/features/recommendations/domain/usecases/get_recommendations_for_date.dart:23:10: Error: Type 'Either' not found.
    Future<Either<Failure, List<PersonalizedRecommendation>>> call({
           ^^^^^^
  lib/features/recommendations/domain/usecases/provide_recommendation_feedback.dart:22:26: Error: Type 'Unit' not found.
    Future<Either<Failure, Unit>> call({
                           ^^^^
  lib/features/recommendations/domain/usecases/provide_recommendation_feedback.dart:22:10: Error: Type 'Either' not found.
    Future<Either<Failure, Unit>> call({
           ^^^^^^
  lib/features/recommendations/domain/usecases/save_recommendation.dart:22:10: Error: Type 'Either' not found.
    Future<Either<Failure, PersonalizedRecommendation>> call(
           ^^^^^^
  lib/features/offline/infrastructure/database/dao/itinerary_dao.dart:26:10: Error: Type 'LocalItinerary' not found.
    Future<LocalItinerary> insertItinerary(ItinerariesCompanion itinerary) async {
           ^^^^^^^^^^^^^^
  lib/features/offline/infrastructure/database/dao/itinerary_dao.dart:26:42: Error: Type 'ItinerariesCompanion' not found.
    Future<LocalItinerary> insertItinerary(ItinerariesCompanion itinerary) async {
                                           ^^^^^^^^^^^^^^^^^^^^
  lib/features/offline/infrastructure/database/dao/itinerary_dao.dart:34:31: Error: Type 'LocalItinerary' not found.
    Future<int> updateItinerary(LocalItinerary itinerary) async {
                                ^^^^^^^^^^^^^^
  lib/features/offline/infrastructure/database/dao/itinerary_dao.dart:64:10: Error: Type 'LocalItinerary' not found.
    Future<LocalItinerary?> getItineraryById(String id) {
           ^^^^^^^^^^^^^^
  lib/features/offline/infrastructure/database/dao/itinerary_dao.dart:75:15: Error: Type 'LocalItinerary' not found.
    Future<List<LocalItinerary>> getItinerariesByUserId(String userId) {
                ^^^^^^^^^^^^^^
  lib/features/offline/infrastructure/database/dao/itinerary_dao.dart:88:15: Error: Type 'LocalItinerary' not found.
    Future<List<LocalItinerary>> getAllItineraries() {
                ^^^^^^^^^^^^^^
  lib/features/offline/infrastructure/database/dao/itinerary_dao.dart:98:15: Error: Type 'LocalItinerary' not found.
    Future<List<LocalItinerary>> getStarterItineraries() {
                ^^^^^^^^^^^^^^
  lib/features/offline/infrastructure/database/dao/itinerary_dao.dart:109:15: Error: Type 'LocalItinerary' not found.
    Future<List<LocalItinerary>> getItinerariesNeedingSync() {
                ^^^^^^^^^^^^^^
  lib/features/offline/infrastructure/database/dao/itinerary_dao.dart:126:10: Error: Type 'LocalItineraryItem' not found.
    Future<LocalItineraryItem> insertItineraryItem(
           ^^^^^^^^^^^^^^^^^^
  lib/features/offline/infrastructure/database/dao/itinerary_dao.dart:127:7: Error: Type 'ItineraryItemsCompanion' not found.
        ItineraryItemsCompanion item) async {
        ^^^^^^^^^^^^^^^^^^^^^^^
  lib/features/offline/infrastructure/database/dao/itinerary_dao.dart:135:41: Error: Type 'ItineraryItemsCompanion' not found.
    Future<int> insertItineraryItems(List<ItineraryItemsCompanion> items) async {
                                          ^^^^^^^^^^^^^^^^^^^^^^^
  lib/features/offline/infrastructure/database/dao/itinerary_dao.dart:150:35: Error: Type 'LocalItineraryItem' not found.
    Future<int> updateItineraryItem(LocalItineraryItem item) async {
                                    ^^^^^^^^^^^^^^^^^^
  lib/features/offline/infrastructure/database/dao/itinerary_dao.dart:185:10: Error: Type 'LocalItineraryItem' not found.
    Future<LocalItineraryItem?> getItineraryItemById(String id) {
           ^^^^^^^^^^^^^^^^^^
  lib/features/offline/infrastructure/database/dao/itinerary_dao.dart:196:15: Error: Type 'LocalItineraryItem' not found.
    Future<List<LocalItineraryItem>> getItemsByItineraryId(String itineraryId) {
                ^^^^^^^^^^^^^^^^^^
  lib/features/offline/infrastructure/database/dao/itinerary_dao.dart:212:15: Error: Type 'LocalItineraryItem' not found.
    Future<List<LocalItineraryItem>> getItemsByDay(
                ^^^^^^^^^^^^^^^^^^
  lib/features/offline/infrastructure/database/dao/itinerary_dao.dart:228:24: Error: Type 'LocalItineraryItem' not found.
    Future<Map<int, List<LocalItineraryItem>>> getItemsGroupedByDay(
                         ^^^^^^^^^^^^^^^^^^
  lib/features/offline/infrastructure/database/dao/itinerary_dao.dart:259:10: Error: Type 'LocalItineraryItem' not found.
    Future<LocalItineraryItem?> toggleItemCompletion(String itemId) async {
           ^^^^^^^^^^^^^^^^^^
  lib/features/offline/infrastructure/database/dao/itinerary_dao.dart:271:15: Error: Type 'LocalItineraryItem' not found.
    Future<List<LocalItineraryItem>> getUncompletedItems(String itineraryId) {
                ^^^^^^^^^^^^^^^^^^
  lib/features/offline/infrastructure/database/dao/itinerary_dao.dart:287:15: Error: Type 'LocalItineraryItem' not found.
    Future<List<LocalItineraryItem>> getCompletedItems(String itineraryId) {
                ^^^^^^^^^^^^^^^^^^
  lib/features/offline/infrastructure/database/dao/itinerary_dao.dart:302:15: Error: Type 'LocalItineraryItem' not found.
    Future<List<LocalItineraryItem>> getItemsNeedingSync() {
                ^^^^^^^^^^^^^^^^^^
  lib/features/travel/data/models/itinerary_local_model.dart:8:38: Error: Type 'LocalItinerary' not found.
  extension ItineraryModelExtension on LocalItinerary {
                                       ^^^^^^^^^^^^^^
  lib/features/travel/data/models/itinerary_local_model.dart:10:33: Error: Type 'LocalItineraryItem' not found.
    Itinerary toDomainEntity(List<LocalItineraryItem> items) {
                                  ^^^^^^^^^^^^^^^^^^
  lib/features/travel/data/models/itinerary_local_model.dart:38:3: Error: Type 'LocalItinerary' not found.
    LocalItinerary toDatabaseEntity() {
    ^^^^^^^^^^^^^^
  lib/features/travel/data/models/itinerary_local_model.dart:68:42: Error: Type 'LocalItineraryItem' not found.
  extension ItineraryItemModelExtension on LocalItineraryItem {
                                           ^^^^^^^^^^^^^^^^^^
  lib/features/travel/data/models/itinerary_local_model.dart:155:3: Error: Type 'LocalItineraryItem' not found.
    LocalItineraryItem toDatabaseEntity({
    ^^^^^^^^^^^^^^^^^^
  lib/core/services/location_service_impl.dart:5:1: Error: 'LocationAccuracy' is imported from both 'package:geolocator_platform_interface/src/enums/location_accuracy.dart' and 'package:soloadventurer/core/services/location_service.dart'.
  import 'location_service.dart';
  ^^^^^^^^^^^^^^^^
  lib/features/recommendations/data/repositories/places_repository_impl.dart:87:21: Error: The required named parameter 'radiusKm' in method 'PlacesRepositoryImpl.getNearbyPlaces' is not required in overridden method 'PlacesRepository.getNearbyPlaces'.
      required double radiusKm,
                      ^
  lib/features/recommendations/domain/repositories/places_repository.dart:62:48: Context: This is the overridden method ('getNearbyPlaces').
    Future<Either<Failure, List<PlaceActivity>>> getNearbyPlaces({
                                                 ^
  lib/core/services/location_service_impl.dart:25:33: Error: Not a constant expression.
      LocationAccuracy accuracy = LocationAccuracy.balanced,
                                  ^^^^^^^^^^^^^^^^
  lib/core/services/location_service_impl.dart:25:33: Error: 'LocationAccuracy' is imported from both 'package:geolocator_platform_interface/src/enums/location_accuracy.dart' and 'package:soloadventurer/core/services/location_service.dart'.
      LocationAccuracy accuracy = LocationAccuracy.balanced,
                                  ^^^^^^^^^^^^^^^^
  lib/core/services/location_service_impl.dart:82:33: Error: Not a constant expression.
      LocationAccuracy accuracy = LocationAccuracy.balanced,
                                  ^^^^^^^^^^^^^^^^
  lib/core/services/location_service_impl.dart:82:33: Error: 'LocationAccuracy' is imported from both 'package:geolocator_platform_interface/src/enums/location_accuracy.dart' and 'package:soloadventurer/core/services/location_service.dart'.
      LocationAccuracy accuracy = LocationAccuracy.balanced,
                                  ^^^^^^^^^^^^^^^^
  test/features/recommendations/presentation/providers/recommendation_providers_test.dart:71:13: Error: 'RecommendationLocalDataSourceImpl' isn't a type.
          isA<RecommendationLocalDataSourceImpl>(),
              ^^^^^^^^^^^^^^^^^^^^^^^^^^^^^^^^^
  test/features/recommendations/presentation/providers/recommendation_providers_test.dart:84:13: Error: 'RecommendationRepositoryImpl' isn't a type.
          isA<RecommendationRepositoryImpl>(),
              ^^^^^^^^^^^^^^^^^^^^^^^^^^^^
  test/features/recommendations/presentation/providers/recommendation_providers_test.dart:134:29: Error: 'SaveRecommendation' isn't a type.
          expect(useCase, isA<SaveRecommendation>());
                              ^^^^^^^^^^^^^^^^^^
  test/features/recommendations/presentation/providers/recommendation_providers_test.dart:173:29: Error: 'DismissRecommendation' isn't a type.
          expect(useCase, isA<DismissRecommendation>());
                              ^^^^^^^^^^^^^^^^^^^^^
  lib/features/recommendations/presentation/providers/recommendation_providers.dart:40:37: Error: The argument type 'ApiClient/*1*/' can't be assigned to the parameter type 'ApiClient/*2*/'.
   - 'ApiClient/*1*/' is from 'package:soloadventurer/core/network/api_client.dart' ('lib/core/network/api_client.dart').
   - 'ApiClient/*2*/' is from 'package:soloadventurer/core/api/client/api_client.dart' ('lib/core/api/client/api_client.dart').
    return PlacesRemoteDataSourceImpl(apiClient);
                                      ^
  lib/features/recommendations/presentation/providers/recommendation_providers.dart:68:34: Error: Undefined name 'itineraryDaoProvider'.
    final itineraryDao = ref.watch(itineraryDaoProvider);
                                   ^^^^^^^^^^^^^^^^^^^^
  lib/features/recommendations/domain/entities/recommendation.dart:27:14: Error: 'PlaceActivity' isn't a type.
      required PlaceActivity activity,
               ^^^^^^^^^^^^^
  lib/features/recommendations/domain/entities/recommendation.freezed.dart:44:7: Error: 'PlaceActivity' isn't a type.
        PlaceActivity activity,
        ^^^^^^^^^^^^^
  lib/features/recommendations/domain/entities/recommendation.freezed.dart:88:18: Error: 'PlaceActivity' isn't a type.
                as PlaceActivity,
                   ^^^^^^^^^^^^^
  lib/features/recommendations/domain/entities/recommendation.freezed.dart:138:7: Error: 'PlaceActivity' isn't a type.
        PlaceActivity activity,
        ^^^^^^^^^^^^^
  lib/features/recommendations/domain/entities/recommendation.freezed.dart:182:18: Error: 'PlaceActivity' isn't a type.
                as PlaceActivity,
                   ^^^^^^^^^^^^^
  lib/features/recommendations/domain/entities/recommendation.freezed.dart:228:9: Error: 'PlaceActivity' isn't a type.
    final PlaceActivity activity;
          ^^^^^^^^^^^^^
  lib/features/recommendations/domain/entities/recommendation.freezed.dart:295:22: Error: 'PlaceActivity' isn't a type.
        required final PlaceActivity activity,
                       ^^^^^^^^^^^^^
  lib/core/services/location_service_impl.dart:188:12: Error: Not a constant expression.
        case LocationAccuracy.low:
             ^^^^^^^^^^^^^^^^
  lib/core/services/location_service_impl.dart:188:12: Error: 'LocationAccuracy' is imported from both 'package:geolocator_platform_interface/src/enums/location_accuracy.dart' and 'package:soloadventurer/core/services/location_service.dart'.
        case LocationAccuracy.low:
             ^^^^^^^^^^^^^^^^
  lib/core/services/location_service_impl.dart:190:12: Error: Not a constant expression.
        case LocationAccuracy.balanced:
             ^^^^^^^^^^^^^^^^
  lib/core/services/location_service_impl.dart:190:12: Error: 'LocationAccuracy' is imported from both 'package:geolocator_platform_interface/src/enums/location_accuracy.dart' and 'package:soloadventurer/core/services/location_service.dart'.
        case LocationAccuracy.balanced:
             ^^^^^^^^^^^^^^^^
  lib/core/services/location_service_impl.dart:192:12: Error: Not a constant expression.
        case LocationAccuracy.high:
             ^^^^^^^^^^^^^^^^
  lib/core/services/location_service_impl.dart:192:12: Error: 'LocationAccuracy' is imported from both 'package:geolocator_platform_interface/src/enums/location_accuracy.dart' and 'package:soloadventurer/core/services/location_service.dart'.
        case LocationAccuracy.high:
             ^^^^^^^^^^^^^^^^
  lib/core/services/location_service_impl.dart:194:12: Error: Not a constant expression.
        case LocationAccuracy.best:
             ^^^^^^^^^^^^^^^^
  lib/core/services/location_service_impl.dart:194:12: Error: 'LocationAccuracy' is imported from both 'package:geolocator_platform_interface/src/enums/location_accuracy.dart' and 'package:soloadventurer/core/services/location_service.dart'.
        case LocationAccuracy.best:
             ^^^^^^^^^^^^^^^^
  lib/core/services/location_service_impl.dart:189:16: Error: The getter 'geolocator' isn't defined for the type 'LocationServiceImpl'.
   - 'LocationServiceImpl' is from 'package:soloadventurer/core/services/location_service_impl.dart' ('lib/core/services/location_service_impl.dart').
  Try correcting the name to the name of an existing getter, or defining a getter or field named 'geolocator'.
          return geolocator.LocationAccuracy.low;
                 ^^^^^^^^^^
  lib/core/services/location_service_impl.dart:191:16: Error: The getter 'geolocator' isn't defined for the type 'LocationServiceImpl'.
   - 'LocationServiceImpl' is from 'package:soloadventurer/core/services/location_service_impl.dart' ('lib/core/services/location_service_impl.dart').
  Try correcting the name to the name of an existing getter, or defining a getter or field named 'geolocator'.
          return geolocator.LocationAccuracy.medium;
                 ^^^^^^^^^^
  lib/core/services/location_service_impl.dart:193:16: Error: The getter 'geolocator' isn't defined for the type 'LocationServiceImpl'.
   - 'LocationServiceImpl' is from 'package:soloadventurer/core/services/location_service_impl.dart' ('lib/core/services/location_service_impl.dart').
  Try correcting the name to the name of an existing getter, or defining a getter or field named 'geolocator'.
          return geolocator.LocationAccuracy.high;
                 ^^^^^^^^^^
  lib/core/services/location_service_impl.dart:195:16: Error: The getter 'geolocator' isn't defined for the type 'LocationServiceImpl'.
   - 'LocationServiceImpl' is from 'package:soloadventurer/core/services/location_service_impl.dart' ('lib/core/services/location_service_impl.dart').
  Try correcting the name to the name of an existing getter, or defining a getter or field named 'geolocator'.
          return geolocator.LocationAccuracy.best;
                 ^^^^^^^^^^
  lib/core/services/location_service_impl.dart:226:12: Error: Not a constant expression.
        case geolocator.LocationPermission.always:
             ^^^^^^^^^^
  lib/core/services/location_service_impl.dart:226:23: Error: Not a constant expression.
        case geolocator.LocationPermission.always:
                        ^^^^^^^^^^^^^^^^^^
  lib/core/services/location_service_impl.dart:227:12: Error: Not a constant expression.
        case geolocator.LocationPermission.whileInUse:
             ^^^^^^^^^^
  lib/core/services/location_service_impl.dart:227:23: Error: Not a constant expression.
        case geolocator.LocationPermission.whileInUse:
                        ^^^^^^^^^^^^^^^^^^
  lib/core/services/location_service_impl.dart:229:12: Error: Not a constant expression.
        case geolocator.LocationPermission.denied:
             ^^^^^^^^^^
  lib/core/services/location_service_impl.dart:229:23: Error: Not a constant expression.
        case geolocator.LocationPermission.denied:
                        ^^^^^^^^^^^^^^^^^^
  lib/core/services/location_service_impl.dart:231:12: Error: Not a constant expression.
        case geolocator.LocationPermission.deniedForever:
             ^^^^^^^^^^
  lib/core/services/location_service_impl.dart:231:23: Error: Not a constant expression.
        case geolocator.LocationPermission.deniedForever:
                        ^^^^^^^^^^^^^^^^^^
  lib/core/services/location_service_impl.dart:233:12: Error: Not a constant expression.
        case geolocator.LocationPermission.unableToDetermine:
             ^^^^^^^^^^
  lib/core/services/location_service_impl.dart:233:23: Error: Not a constant expression.
        case geolocator.LocationPermission.unableToDetermine:
                        ^^^^^^^^^^^^^^^^^^
  lib/core/services/location_service_impl.dart:222:28: Error: A non-null value must be returned since the return type 'LocationPermissionStatus' doesn't allow null.
   - 'LocationPermissionStatus' is from 'package:soloadventurer/core/services/location_service.dart' ('lib/core/services/location_service.dart').
    LocationPermissionStatus _mapPermissionStatus(
                             ^
  lib/core/services/weather_service.dart:49:31: Error: 'Ref' isn't a type.
  WeatherService weatherService(Ref ref) {
                                ^^^
  lib/features/recommendations/data/datasources/itinerary_local_data_source_impl.dart:44:35: Error: The getter 'sortOrder' isn't defined for the type 'Object?'.
   - 'Object' is from 'dart:core'.
  Try correcting the name to the name of an existing getter, or defining a getter or field named 'sortOrder'.
            : dayItems.map((i) => i.sortOrder).reduce((a, b) => a > b ? a : b);
                                    ^^^^^^^^^
  lib/features/recommendations/data/datasources/itinerary_local_data_source_impl.dart:55:9: Error: The method 'ItineraryItemsCompanion' isn't defined for the type 'ItineraryLocalDataSourceImpl'.
   - 'ItineraryLocalDataSourceImpl' is from 'package:soloadventurer/features/recommendations/data/datasources/itinerary_local_data_source_impl.dart' ('lib/features/recommendations/data/datasources/itinerary_local_data_source_impl.dart').
  Try correcting the name to the name of an existing method, or defining a method named 'ItineraryItemsCompanion'.
          ItineraryItemsCompanion(
          ^^^^^^^^^^^^^^^^^^^^^^^
  lib/features/recommendations/data/datasources/places_remote_data_source.dart:122:35: Error: Not a constant expression.
        message: 'Place not found: $placeId',
                                    ^^^^^^^
  lib/features/recommendations/data/datasources/places_remote_data_source.dart:123:7: Error: No named parameter with the name 'statusCode'.
        statusCode: 404,
        ^^^^^^^^^^
  lib/core/errors/exceptions.dart:113:9: Context: Found this candidate, but the arguments don't match.
    const ServerException({
          ^^^^^^^^^^^^^^^
  lib/features/recommendations/data/datasources/places_remote_data_source.dart:140:24: Error: Required named parameter 'placeId' must be provided.
        const Destination(
                         ^
  lib/features/onboarding/domain/entities/destination.dart:26:17: Context: Found this candidate, but the arguments don't match.
    const factory Destination({
                  ^
  lib/features/recommendations/data/datasources/places_remote_data_source_impl.dart:38:9: Error: No named parameter with the name 'statusCode'.
          statusCode: 500,
          ^^^^^^^^^^
  lib/core/errors/exceptions.dart:113:9: Context: Found this candidate, but the arguments don't match.
    const ServerException({
          ^^^^^^^^^^^^^^^
  lib/features/recommendations/data/datasources/places_remote_data_source_impl.dart:60:9: Error: No named parameter with the name 'statusCode'.
          statusCode: 500,
          ^^^^^^^^^^
  lib/core/errors/exceptions.dart:113:9: Context: Found this candidate, but the arguments don't match.
    const ServerException({
          ^^^^^^^^^^^^^^^
  lib/features/recommendations/data/datasources/places_remote_data_source_impl.dart:78:9: Error: No named parameter with the name 'statusCode'.
          statusCode: 500,
          ^^^^^^^^^^
  lib/core/errors/exceptions.dart:113:9: Context: Found this candidate, but the arguments don't match.
    const ServerException({
          ^^^^^^^^^^^^^^^
  lib/features/recommendations/data/datasources/places_remote_data_source_impl.dart:102:9: Error: No named parameter with the name 'statusCode'.
          statusCode: 500,
          ^^^^^^^^^^
  lib/core/errors/exceptions.dart:113:9: Context: Found this candidate, but the arguments don't match.
    const ServerException({
          ^^^^^^^^^^^^^^^
  lib/features/recommendations/data/datasources/places_remote_data_source_impl.dart:123:9: Error: No named parameter with the name 'statusCode'.
          statusCode: 500,
          ^^^^^^^^^^
  lib/core/errors/exceptions.dart:113:9: Context: Found this candidate, but the arguments don't match.
    const ServerException({
          ^^^^^^^^^^^^^^^
  lib/features/recommendations/data/repositories/itinerary_repository_impl.dart:24:14: Error: The method 'right' isn't defined for the type 'ItineraryRepositoryImpl'.
   - 'ItineraryRepositoryImpl' is from 'package:soloadventurer/features/recommendations/data/repositories/itinerary_repository_impl.dart' ('lib/features/recommendations/data/repositories/itinerary_repository_impl.dart').
  Try correcting the name to the name of an existing method, or defining a method named 'right'.
        return right(addedItem);
               ^^^^^
  lib/features/recommendations/data/repositories/itinerary_repository_impl.dart:26:14: Error: The method 'left' isn't defined for the type 'ItineraryRepositoryImpl'.
   - 'ItineraryRepositoryImpl' is from 'package:soloadventurer/features/recommendations/data/repositories/itinerary_repository_impl.dart' ('lib/features/recommendations/data/repositories/itinerary_repository_impl.dart').
  Try correcting the name to the name of an existing method, or defining a method named 'left'.
        return left(Failure.cache(message: e.message));
               ^^^^
  lib/features/recommendations/data/repositories/itinerary_repository_impl.dart:28:14: Error: The method 'left' isn't defined for the type 'ItineraryRepositoryImpl'.
   - 'ItineraryRepositoryImpl' is from 'package:soloadventurer/features/recommendations/data/repositories/itinerary_repository_impl.dart' ('lib/features/recommendations/data/repositories/itinerary_repository_impl.dart').
  Try correcting the name to the name of an existing method, or defining a method named 'left'.
        return left(Failure.unknown(message: e.toString()));
               ^^^^
  lib/features/recommendations/data/repositories/itinerary_repository_impl.dart:37:14: Error: The method 'right' isn't defined for the type 'ItineraryRepositoryImpl'.
   - 'ItineraryRepositoryImpl' is from 'package:soloadventurer/features/recommendations/data/repositories/itinerary_repository_impl.dart' ('lib/features/recommendations/data/repositories/itinerary_repository_impl.dart').
  Try correcting the name to the name of an existing method, or defining a method named 'right'.
        return right(itinerary);
               ^^^^^
  lib/features/recommendations/data/repositories/itinerary_repository_impl.dart:39:14: Error: The method 'left' isn't defined for the type 'ItineraryRepositoryImpl'.
   - 'ItineraryRepositoryImpl' is from 'package:soloadventurer/features/recommendations/data/repositories/itinerary_repository_impl.dart' ('lib/features/recommendations/data/repositories/itinerary_repository_impl.dart').
  Try correcting the name to the name of an existing method, or defining a method named 'left'.
        return left(Failure.cache(message: e.message));
               ^^^^
  lib/features/recommendations/data/repositories/itinerary_repository_impl.dart:41:14: Error: The method 'left' isn't defined for the type 'ItineraryRepositoryImpl'.
   - 'ItineraryRepositoryImpl' is from 'package:soloadventurer/features/recommendations/data/repositories/itinerary_repository_impl.dart' ('lib/features/recommendations/data/repositories/itinerary_repository_impl.dart').
  Try correcting the name to the name of an existing method, or defining a method named 'left'.
        return left(Failure.unknown(message: e.toString()));
               ^^^^
  lib/features/recommendations/data/repositories/places_repository_impl.dart:37:10: Error: 'RepositoryException' isn't a type.
      } on RepositoryException catch (e) {
           ^^^^^^^^^^^^^^^^^^^
  lib/features/recommendations/data/repositories/places_repository_impl.dart:34:14: Error: The method 'right' isn't defined for the type 'PlacesRepositoryImpl'.
   - 'PlacesRepositoryImpl' is from 'package:soloadventurer/features/recommendations/data/repositories/places_repository_impl.dart' ('lib/features/recommendations/data/repositories/places_repository_impl.dart').
  Try correcting the name to the name of an existing method, or defining a method named 'right'.
        return right(places);
               ^^^^^
  lib/features/recommendations/data/repositories/places_repository_impl.dart:36:14: Error: The method 'left' isn't defined for the type 'PlacesRepositoryImpl'.
   - 'PlacesRepositoryImpl' is from 'package:soloadventurer/features/recommendations/data/repositories/places_repository_impl.dart' ('lib/features/recommendations/data/repositories/places_repository_impl.dart').
  Try correcting the name to the name of an existing method, or defining a method named 'left'.
        return left(Failure.server(message: e.message, statusCode: e.statusCode));
               ^^^^
  lib/features/recommendations/data/repositories/places_repository_impl.dart:36:68: Error: The getter 'statusCode' isn't defined for the type 'ServerException'.
   - 'ServerException' is from 'package:soloadventurer/core/errors/exceptions.dart' ('lib/core/errors/exceptions.dart').
  Try correcting the name to the name of an existing getter, or defining a getter or field named 'statusCode'.
        return left(Failure.server(message: e.message, statusCode: e.statusCode));
                                                                     ^^^^^^^^^^
  lib/features/recommendations/data/repositories/places_repository_impl.dart:38:14: Error: The method 'left' isn't defined for the type 'PlacesRepositoryImpl'.
   - 'PlacesRepositoryImpl' is from 'package:soloadventurer/features/recommendations/data/repositories/places_repository_impl.dart' ('lib/features/recommendations/data/repositories/places_repository_impl.dart').
  Try correcting the name to the name of an existing method, or defining a method named 'left'.
        return left(Failure.cache(message: e.message));
               ^^^^
  lib/features/recommendations/data/repositories/places_repository_impl.dart:40:14: Error: The method 'left' isn't defined for the type 'PlacesRepositoryImpl'.
   - 'PlacesRepositoryImpl' is from 'package:soloadventurer/features/recommendations/data/repositories/places_repository_impl.dart' ('lib/features/recommendations/data/repositories/places_repository_impl.dart').
  Try correcting the name to the name of an existing method, or defining a method named 'left'.
        return left(Failure.unknown(message: e.toString()));
               ^^^^
  lib/features/recommendations/data/repositories/places_repository_impl.dart:60:10: Error: 'RepositoryException' isn't a type.
      } on RepositoryException catch (e) {
           ^^^^^^^^^^^^^^^^^^^
  lib/features/recommendations/data/repositories/places_repository_impl.dart:57:14: Error: The method 'right' isn't defined for the type 'PlacesRepositoryImpl'.
   - 'PlacesRepositoryImpl' is from 'package:soloadventurer/features/recommendations/data/repositories/places_repository_impl.dart' ('lib/features/recommendations/data/repositories/places_repository_impl.dart').
  Try correcting the name to the name of an existing method, or defining a method named 'right'.
        return right(places);
               ^^^^^
  lib/features/recommendations/data/repositories/places_repository_impl.dart:59:14: Error: The method 'left' isn't defined for the type 'PlacesRepositoryImpl'.
   - 'PlacesRepositoryImpl' is from 'package:soloadventurer/features/recommendations/data/repositories/places_repository_impl.dart' ('lib/features/recommendations/data/repositories/places_repository_impl.dart').
  Try correcting the name to the name of an existing method, or defining a method named 'left'.
        return left(Failure.server(message: e.message, statusCode: e.statusCode));
               ^^^^
  lib/features/recommendations/data/repositories/places_repository_impl.dart:59:68: Error: The getter 'statusCode' isn't defined for the type 'ServerException'.
   - 'ServerException' is from 'package:soloadventurer/core/errors/exceptions.dart' ('lib/core/errors/exceptions.dart').
  Try correcting the name to the name of an existing getter, or defining a getter or field named 'statusCode'.
        return left(Failure.server(message: e.message, statusCode: e.statusCode));
                                                                     ^^^^^^^^^^
  lib/features/recommendations/data/repositories/places_repository_impl.dart:61:14: Error: The method 'left' isn't defined for the type 'PlacesRepositoryImpl'.
   - 'PlacesRepositoryImpl' is from 'package:soloadventurer/features/recommendations/data/repositories/places_repository_impl.dart' ('lib/features/recommendations/data/repositories/places_repository_impl.dart').
  Try correcting the name to the name of an existing method, or defining a method named 'left'.
        return left(Failure.cache(message: e.message));
               ^^^^
  lib/features/recommendations/data/repositories/places_repository_impl.dart:63:14: Error: The method 'left' isn't defined for the type 'PlacesRepositoryImpl'.
   - 'PlacesRepositoryImpl' is from 'package:soloadventurer/features/recommendations/data/repositories/places_repository_impl.dart' ('lib/features/recommendations/data/repositories/places_repository_impl.dart').
  Try correcting the name to the name of an existing method, or defining a method named 'left'.
        return left(Failure.unknown(message: e.toString()));
               ^^^^
  lib/features/recommendations/data/repositories/places_repository_impl.dart:76:10: Error: 'RepositoryException' isn't a type.
      } on RepositoryException catch (e) {
           ^^^^^^^^^^^^^^^^^^^
  lib/features/recommendations/data/repositories/places_repository_impl.dart:73:14: Error: The method 'right' isn't defined for the type 'PlacesRepositoryImpl'.
   - 'PlacesRepositoryImpl' is from 'package:soloadventurer/features/recommendations/data/repositories/places_repository_impl.dart' ('lib/features/recommendations/data/repositories/places_repository_impl.dart').
  Try correcting the name to the name of an existing method, or defining a method named 'right'.
        return right(place);
               ^^^^^
  lib/features/recommendations/data/repositories/places_repository_impl.dart:75:14: Error: The method 'left' isn't defined for the type 'PlacesRepositoryImpl'.
   - 'PlacesRepositoryImpl' is from 'package:soloadventurer/features/recommendations/data/repositories/places_repository_impl.dart' ('lib/features/recommendations/data/repositories/places_repository_impl.dart').
  Try correcting the name to the name of an existing method, or defining a method named 'left'.
        return left(Failure.server(message: e.message, statusCode: e.statusCode));
               ^^^^
  lib/features/recommendations/data/repositories/places_repository_impl.dart:75:68: Error: The getter 'statusCode' isn't defined for the type 'ServerException'.
   - 'ServerException' is from 'package:soloadventurer/core/errors/exceptions.dart' ('lib/core/errors/exceptions.dart').
  Try correcting the name to the name of an existing getter, or defining a getter or field named 'statusCode'.
        return left(Failure.server(message: e.message, statusCode: e.statusCode));
                                                                     ^^^^^^^^^^
  lib/features/recommendations/data/repositories/places_repository_impl.dart:77:14: Error: The method 'left' isn't defined for the type 'PlacesRepositoryImpl'.
   - 'PlacesRepositoryImpl' is from 'package:soloadventurer/features/recommendations/data/repositories/places_repository_impl.dart' ('lib/features/recommendations/data/repositories/places_repository_impl.dart').
  Try correcting the name to the name of an existing method, or defining a method named 'left'.
        return left(Failure.cache(message: e.message));
               ^^^^
  lib/features/recommendations/data/repositories/places_repository_impl.dart:79:14: Error: The method 'left' isn't defined for the type 'PlacesRepositoryImpl'.
   - 'PlacesRepositoryImpl' is from 'package:soloadventurer/features/recommendations/data/repositories/places_repository_impl.dart' ('lib/features/recommendations/data/repositories/places_repository_impl.dart').
  Try correcting the name to the name of an existing method, or defining a method named 'left'.
        return left(Failure.unknown(message: e.toString()));
               ^^^^
  lib/features/recommendations/data/repositories/places_repository_impl.dart:103:10: Error: 'RepositoryException' isn't a type.
      } on RepositoryException catch (e) {
           ^^^^^^^^^^^^^^^^^^^
  lib/features/recommendations/data/repositories/places_repository_impl.dart:100:14: Error: The method 'right' isn't defined for the type 'PlacesRepositoryImpl'.
   - 'PlacesRepositoryImpl' is from 'package:soloadventurer/features/recommendations/data/repositories/places_repository_impl.dart' ('lib/features/recommendations/data/repositories/places_repository_impl.dart').
  Try correcting the name to the name of an existing method, or defining a method named 'right'.
        return right(places);
               ^^^^^
  lib/features/recommendations/data/repositories/places_repository_impl.dart:102:14: Error: The method 'left' isn't defined for the type 'PlacesRepositoryImpl'.
   - 'PlacesRepositoryImpl' is from 'package:soloadventurer/features/recommendations/data/repositories/places_repository_impl.dart' ('lib/features/recommendations/data/repositories/places_repository_impl.dart').
  Try correcting the name to the name of an existing method, or defining a method named 'left'.
        return left(Failure.server(message: e.message, statusCode: e.statusCode));
               ^^^^
  lib/features/recommendations/data/repositories/places_repository_impl.dart:102:68: Error: The getter 'statusCode' isn't defined for the type 'ServerException'.
   - 'ServerException' is from 'package:soloadventurer/core/errors/exceptions.dart' ('lib/core/errors/exceptions.dart').
  Try correcting the name to the name of an existing getter, or defining a getter or field named 'statusCode'.
        return left(Failure.server(message: e.message, statusCode: e.statusCode));
                                                                     ^^^^^^^^^^
  lib/features/recommendations/data/repositories/places_repository_impl.dart:104:14: Error: The method 'left' isn't defined for the type 'PlacesRepositoryImpl'.
   - 'PlacesRepositoryImpl' is from 'package:soloadventurer/features/recommendations/data/repositories/places_repository_impl.dart' ('lib/features/recommendations/data/repositories/places_repository_impl.dart').
  Try correcting the name to the name of an existing method, or defining a method named 'left'.
        return left(Failure.cache(message: e.message));
               ^^^^
  lib/features/recommendations/data/repositories/places_repository_impl.dart:106:14: Error: The method 'left' isn't defined for the type 'PlacesRepositoryImpl'.
   - 'PlacesRepositoryImpl' is from 'package:soloadventurer/features/recommendations/data/repositories/places_repository_impl.dart' ('lib/features/recommendations/data/repositories/places_repository_impl.dart').
  Try correcting the name to the name of an existing method, or defining a method named 'left'.
        return left(Failure.unknown(message: e.toString()));
               ^^^^
  lib/features/recommendations/data/repositories/places_repository_impl.dart:124:10: Error: 'RepositoryException' isn't a type.
      } on RepositoryException catch (e) {
           ^^^^^^^^^^^^^^^^^^^
  lib/features/recommendations/data/repositories/places_repository_impl.dart:121:14: Error: The method 'right' isn't defined for the type 'PlacesRepositoryImpl'.
   - 'PlacesRepositoryImpl' is from 'package:soloadventurer/features/recommendations/data/repositories/places_repository_impl.dart' ('lib/features/recommendations/data/repositories/places_repository_impl.dart').
  Try correcting the name to the name of an existing method, or defining a method named 'right'.
        return right(places);
               ^^^^^
  lib/features/recommendations/data/repositories/places_repository_impl.dart:123:14: Error: The method 'left' isn't defined for the type 'PlacesRepositoryImpl'.
   - 'PlacesRepositoryImpl' is from 'package:soloadventurer/features/recommendations/data/repositories/places_repository_impl.dart' ('lib/features/recommendations/data/repositories/places_repository_impl.dart').
  Try correcting the name to the name of an existing method, or defining a method named 'left'.
        return left(Failure.server(message: e.message, statusCode: e.statusCode));
               ^^^^
  lib/features/recommendations/data/repositories/places_repository_impl.dart:123:68: Error: The getter 'statusCode' isn't defined for the type 'ServerException'.
   - 'ServerException' is from 'package:soloadventurer/core/errors/exceptions.dart' ('lib/core/errors/exceptions.dart').
  Try correcting the name to the name of an existing getter, or defining a getter or field named 'statusCode'.
        return left(Failure.server(message: e.message, statusCode: e.statusCode));
                                                                     ^^^^^^^^^^
  lib/features/recommendations/data/repositories/places_repository_impl.dart:125:14: Error: The method 'left' isn't defined for the type 'PlacesRepositoryImpl'.
   - 'PlacesRepositoryImpl' is from 'package:soloadventurer/features/recommendations/data/repositories/places_repository_impl.dart' ('lib/features/recommendations/data/repositories/places_repository_impl.dart').
  Try correcting the name to the name of an existing method, or defining a method named 'left'.
        return left(Failure.cache(message: e.message));
               ^^^^
  lib/features/recommendations/data/repositories/places_repository_impl.dart:127:14: Error: The method 'left' isn't defined for the type 'PlacesRepositoryImpl'.
   - 'PlacesRepositoryImpl' is from 'package:soloadventurer/features/recommendations/data/repositories/places_repository_impl.dart' ('lib/features/recommendations/data/repositories/places_repository_impl.dart').
  Try correcting the name to the name of an existing method, or defining a method named 'left'.
        return left(Failure.unknown(message: e.toString()));
               ^^^^
  lib/features/recommendations/data/repositories/recommendation_repository_impl.dart:28:10: Error: 'RepositoryException' isn't a type.
      } on RepositoryException catch (e) {
           ^^^^^^^^^^^^^^^^^^^
  lib/features/recommendations/data/repositories/recommendation_repository_impl.dart:27:14: Error: The method 'right' isn't defined for the type 'RecommendationRepositoryImpl'.
   - 'RecommendationRepositoryImpl' is from 'package:soloadventurer/features/recommendations/data/repositories/recommendation_repository_impl.dart' ('lib/features/recommendations/data/repositories/recommendation_repository_impl.dart').
  Try correcting the name to the name of an existing method, or defining a method named 'right'.
        return right(saved);
               ^^^^^
  lib/features/recommendations/data/repositories/recommendation_repository_impl.dart:29:14: Error: The method 'left' isn't defined for the type 'RecommendationRepositoryImpl'.
   - 'RecommendationRepositoryImpl' is from 'package:soloadventurer/features/recommendations/data/repositories/recommendation_repository_impl.dart' ('lib/features/recommendations/data/repositories/recommendation_repository_impl.dart').
  Try correcting the name to the name of an existing method, or defining a method named 'left'.
        return left(Failure.cache(message: e.message));
               ^^^^
  lib/features/recommendations/data/repositories/recommendation_repository_impl.dart:31:14: Error: The method 'left' isn't defined for the type 'RecommendationRepositoryImpl'.
   - 'RecommendationRepositoryImpl' is from 'package:soloadventurer/features/recommendations/data/repositories/recommendation_repository_impl.dart' ('lib/features/recommendations/data/repositories/recommendation_repository_impl.dart').
  Try correcting the name to the name of an existing method, or defining a method named 'left'.
        return left(Failure.unknown(message: e.toString()));
               ^^^^
  lib/features/recommendations/data/repositories/recommendation_repository_impl.dart:41:10: Error: 'RepositoryException' isn't a type.
      } on RepositoryException catch (e) {
           ^^^^^^^^^^^^^^^^^^^
  lib/features/recommendations/data/repositories/recommendation_repository_impl.dart:40:14: Error: The method 'right' isn't defined for the type 'RecommendationRepositoryImpl'.
   - 'RecommendationRepositoryImpl' is from 'package:soloadventurer/features/recommendations/data/repositories/recommendation_repository_impl.dart' ('lib/features/recommendations/data/repositories/recommendation_repository_impl.dart').
  Try correcting the name to the name of an existing method, or defining a method named 'right'.
        return right(saved);
               ^^^^^
  lib/features/recommendations/data/repositories/recommendation_repository_impl.dart:42:14: Error: The method 'left' isn't defined for the type 'RecommendationRepositoryImpl'.
   - 'RecommendationRepositoryImpl' is from 'package:soloadventurer/features/recommendations/data/repositories/recommendation_repository_impl.dart' ('lib/features/recommendations/data/repositories/recommendation_repository_impl.dart').
  Try correcting the name to the name of an existing method, or defining a method named 'left'.
        return left(Failure.cache(message: e.message));
               ^^^^
  lib/features/recommendations/data/repositories/recommendation_repository_impl.dart:44:14: Error: The method 'left' isn't defined for the type 'RecommendationRepositoryImpl'.
   - 'RecommendationRepositoryImpl' is from 'package:soloadventurer/features/recommendations/data/repositories/recommendation_repository_impl.dart' ('lib/features/recommendations/data/repositories/recommendation_repository_impl.dart').
  Try correcting the name to the name of an existing method, or defining a method named 'left'.
        return left(Failure.unknown(message: e.toString()));
               ^^^^
  lib/features/recommendations/data/repositories/recommendation_repository_impl.dart:56:10: Error: 'RepositoryException' isn't a type.
      } on RepositoryException catch (e) {
           ^^^^^^^^^^^^^^^^^^^
  lib/features/recommendations/data/repositories/recommendation_repository_impl.dart:55:14: Error: The method 'right' isn't defined for the type 'RecommendationRepositoryImpl'.
   - 'RecommendationRepositoryImpl' is from 'package:soloadventurer/features/recommendations/data/repositories/recommendation_repository_impl.dart' ('lib/features/recommendations/data/repositories/recommendation_repository_impl.dart').
  Try correcting the name to the name of an existing method, or defining a method named 'right'.
        return right(unit);
               ^^^^^
  lib/features/recommendations/data/repositories/recommendation_repository_impl.dart:55:20: Error: The getter 'unit' isn't defined for the type 'RecommendationRepositoryImpl'.
   - 'RecommendationRepositoryImpl' is from 'package:soloadventurer/features/recommendations/data/repositories/recommendation_repository_impl.dart' ('lib/features/recommendations/data/repositories/recommendation_repository_impl.dart').
  Try correcting the name to the name of an existing getter, or defining a getter or field named 'unit'.
        return right(unit);
                     ^^^^
  lib/features/recommendations/data/repositories/recommendation_repository_impl.dart:57:14: Error: The method 'left' isn't defined for the type 'RecommendationRepositoryImpl'.
   - 'RecommendationRepositoryImpl' is from 'package:soloadventurer/features/recommendations/data/repositories/recommendation_repository_impl.dart' ('lib/features/recommendations/data/repositories/recommendation_repository_impl.dart').
  Try correcting the name to the name of an existing method, or defining a method named 'left'.
        return left(Failure.cache(message: e.message));
               ^^^^
  lib/features/recommendations/data/repositories/recommendation_repository_impl.dart:59:14: Error: The method 'left' isn't defined for the type 'RecommendationRepositoryImpl'.
   - 'RecommendationRepositoryImpl' is from 'package:soloadventurer/features/recommendations/data/repositories/recommendation_repository_impl.dart' ('lib/features/recommendations/data/repositories/recommendation_repository_impl.dart').
  Try correcting the name to the name of an existing method, or defining a method named 'left'.
        return left(Failure.unknown(message: e.toString()));
               ^^^^
  lib/features/recommendations/data/repositories/recommendation_repository_impl.dart:71:10: Error: 'RepositoryException' isn't a type.
      } on RepositoryException catch (e) {
           ^^^^^^^^^^^^^^^^^^^
  lib/features/recommendations/data/repositories/recommendation_repository_impl.dart:70:14: Error: The method 'right' isn't defined for the type 'RecommendationRepositoryImpl'.
   - 'RecommendationRepositoryImpl' is from 'package:soloadventurer/features/recommendations/data/repositories/recommendation_repository_impl.dart' ('lib/features/recommendations/data/repositories/recommendation_repository_impl.dart').
  Try correcting the name to the name of an existing method, or defining a method named 'right'.
        return right(unit);
               ^^^^^
  lib/features/recommendations/data/repositories/recommendation_repository_impl.dart:70:20: Error: The getter 'unit' isn't defined for the type 'RecommendationRepositoryImpl'.
   - 'RecommendationRepositoryImpl' is from 'package:soloadventurer/features/recommendations/data/repositories/recommendation_repository_impl.dart' ('lib/features/recommendations/data/repositories/recommendation_repository_impl.dart').
  Try correcting the name to the name of an existing getter, or defining a getter or field named 'unit'.
        return right(unit);
                     ^^^^
  lib/features/recommendations/data/repositories/recommendation_repository_impl.dart:72:14: Error: The method 'left' isn't defined for the type 'RecommendationRepositoryImpl'.
   - 'RecommendationRepositoryImpl' is from 'package:soloadventurer/features/recommendations/data/repositories/recommendation_repository_impl.dart' ('lib/features/recommendations/data/repositories/recommendation_repository_impl.dart').
  Try correcting the name to the name of an existing method, or defining a method named 'left'.
        return left(Failure.cache(message: e.message));
               ^^^^
  lib/features/recommendations/data/repositories/recommendation_repository_impl.dart:74:14: Error: The method 'left' isn't defined for the type 'RecommendationRepositoryImpl'.
   - 'RecommendationRepositoryImpl' is from 'package:soloadventurer/features/recommendations/data/repositories/recommendation_repository_impl.dart' ('lib/features/recommendations/data/repositories/recommendation_repository_impl.dart').
  Try correcting the name to the name of an existing method, or defining a method named 'left'.
        return left(Failure.unknown(message: e.toString()));
               ^^^^
  lib/features/recommendations/data/repositories/recommendation_repository_impl.dart:86:10: Error: 'RepositoryException' isn't a type.
      } on RepositoryException catch (e) {
           ^^^^^^^^^^^^^^^^^^^
  lib/features/recommendations/data/repositories/recommendation_repository_impl.dart:85:14: Error: The method 'right' isn't defined for the type 'RecommendationRepositoryImpl'.
   - 'RecommendationRepositoryImpl' is from 'package:soloadventurer/features/recommendations/data/repositories/recommendation_repository_impl.dart' ('lib/features/recommendations/data/repositories/recommendation_repository_impl.dart').
  Try correcting the name to the name of an existing method, or defining a method named 'right'.
        return right(dismissed);
               ^^^^^
  lib/features/recommendations/data/repositories/recommendation_repository_impl.dart:87:14: Error: The method 'left' isn't defined for the type 'RecommendationRepositoryImpl'.
   - 'RecommendationRepositoryImpl' is from 'package:soloadventurer/features/recommendations/data/repositories/recommendation_repository_impl.dart' ('lib/features/recommendations/data/repositories/recommendation_repository_impl.dart').
  Try correcting the name to the name of an existing method, or defining a method named 'left'.
        return left(Failure.cache(message: e.message));
               ^^^^
  lib/features/recommendations/data/repositories/recommendation_repository_impl.dart:89:14: Error: The method 'left' isn't defined for the type 'RecommendationRepositoryImpl'.
   - 'RecommendationRepositoryImpl' is from 'package:soloadventurer/features/recommendations/data/repositories/recommendation_repository_impl.dart' ('lib/features/recommendations/data/repositories/recommendation_repository_impl.dart').
  Try correcting the name to the name of an existing method, or defining a method named 'left'.
        return left(Failure.unknown(message: e.toString()));
               ^^^^
  lib/features/recommendations/data/repositories/recommendation_repository_impl.dart:104:10: Error: 'RepositoryException' isn't a type.
      } on RepositoryException catch (e) {
           ^^^^^^^^^^^^^^^^^^^
  lib/features/recommendations/data/repositories/recommendation_repository_impl.dart:103:14: Error: The method 'right' isn't defined for the type 'RecommendationRepositoryImpl'.
   - 'RecommendationRepositoryImpl' is from 'package:soloadventurer/features/recommendations/data/repositories/recommendation_repository_impl.dart' ('lib/features/recommendations/data/repositories/recommendation_repository_impl.dart').
  Try correcting the name to the name of an existing method, or defining a method named 'right'.
        return right(count);
               ^^^^^
  lib/features/recommendations/data/repositories/recommendation_repository_impl.dart:105:14: Error: The method 'left' isn't defined for the type 'RecommendationRepositoryImpl'.
   - 'RecommendationRepositoryImpl' is from 'package:soloadventurer/features/recommendations/data/repositories/recommendation_repository_impl.dart' ('lib/features/recommendations/data/repositories/recommendation_repository_impl.dart').
  Try correcting the name to the name of an existing method, or defining a method named 'left'.
        return left(Failure.cache(message: e.message));
               ^^^^
  lib/features/recommendations/data/repositories/recommendation_repository_impl.dart:107:14: Error: The method 'left' isn't defined for the type 'RecommendationRepositoryImpl'.
   - 'RecommendationRepositoryImpl' is from 'package:soloadventurer/features/recommendations/data/repositories/recommendation_repository_impl.dart' ('lib/features/recommendations/data/repositories/recommendation_repository_impl.dart').
  Try correcting the name to the name of an existing method, or defining a method named 'left'.
        return left(Failure.unknown(message: e.toString()));
               ^^^^
  lib/features/recommendations/data/services/personalized_recommendation_service.dart:80:46: Error: A value of type 'Null Function(dynamic)' can't be assigned to a variable of type 'List<WeatherForecast>'.
   - 'List' is from 'dart:core'.
   - 'WeatherForecast' is from 'package:soloadventurer/features/travel/domain/models/weather_forecast.dart' ('lib/features/travel/domain/models/weather_forecast.dart').
          (forecasts) => weatherByDate[date] = forecasts,
                                               ^
  lib/features/recommendations/data/services/personalized_recommendation_service.dart:80:9: Error: The argument type 'Null Function(dynamic) Function(Null Function(dynamic))' can't be assigned to the parameter type 'Null Function(dynamic) Function(Null Function(dynamic), WeatherForecast)'.
   - 'WeatherForecast' is from 'package:soloadventurer/features/travel/domain/models/weather_forecast.dart' ('lib/features/travel/domain/models/weather_forecast.dart').
          (forecasts) => weatherByDate[date] = forecasts,
          ^
  lib/features/recommendations/data/services/personalized_recommendation_service.dart:143:12: Error: The method 'right' isn't defined for the type 'PersonalizedRecommendationService'.
   - 'PersonalizedRecommendationService' is from 'package:soloadventurer/features/recommendations/data/services/personalized_recommendation_service.dart' ('lib/features/recommendations/data/services/personalized_recommendation_service.dart').
  Try correcting the name to the name of an existing method, or defining a method named 'right'.
      return right(recommendations.take(request.limit).toList());
             ^^^^^
  lib/features/recommendations/data/services/personalized_recommendation_service.dart:156:20: Error: The method 'left' isn't defined for the type 'PersonalizedRecommendationService'.
   - 'PersonalizedRecommendationService' is from 'package:soloadventurer/features/recommendations/data/services/personalized_recommendation_service.dart' ('lib/features/recommendations/data/services/personalized_recommendation_service.dart').
  Try correcting the name to the name of an existing method, or defining a method named 'left'.
        (failure) => left(failure),
                     ^^^^
  lib/features/recommendations/data/services/personalized_recommendation_service.dart:162:16: Error: The method 'right' isn't defined for the type 'PersonalizedRecommendationService'.
   - 'PersonalizedRecommendationService' is from 'package:soloadventurer/features/recommendations/data/services/personalized_recommendation_service.dart' ('lib/features/recommendations/data/services/personalized_recommendation_service.dart').
  Try correcting the name to the name of an existing method, or defining a method named 'right'.
          return right(dateSpecific);
                 ^^^^^
  lib/features/recommendations/data/services/personalized_recommendation_service.dart:176:12: Error: The method 'right' isn't defined for the type 'PersonalizedRecommendationService'.
   - 'PersonalizedRecommendationService' is from 'package:soloadventurer/features/recommendations/data/services/personalized_recommendation_service.dart' ('lib/features/recommendations/data/services/personalized_recommendation_service.dart').
  Try correcting the name to the name of an existing method, or defining a method named 'right'.
      return right([]);
             ^^^^^
  lib/features/recommendations/data/services/personalized_recommendation_service.dart:187:12: Error: The method 'right' isn't defined for the type 'PersonalizedRecommendationService'.
   - 'PersonalizedRecommendationService' is from 'package:soloadventurer/features/recommendations/data/services/personalized_recommendation_service.dart' ('lib/features/recommendations/data/services/personalized_recommendation_service.dart').
  Try correcting the name to the name of an existing method, or defining a method named 'right'.
      return right([]);
             ^^^^^
  lib/features/recommendations/data/services/personalized_recommendation_service.dart:454:27: Error: Member not found: 'entertainment'.
        case TravelInterest.entertainment:
                            ^^^^^^^^^^^^^
  lib/features/recommendations/domain/repositories/places_repository.dart:65:6: Error: Couldn't find constructor 'Default'.
      @Default(5.0) double radiusKm,
       ^^^^^^^
  lib/features/recommendations/domain/usecases/add_recommendation_to_itinerary.dart:44:34: Error: Required named parameter 'id' must be provided.
      return ItineraryItem.activity(
                                   ^
  lib/features/travel/domain/models/itinerary_item.dart:110:17: Context: Found this candidate, but the arguments don't match.
    const factory ItineraryItem.activity({
                  ^^^^^^^^
  lib/features/recommendations/domain/usecases/get_personalized_recommendations.dart:28:42: Error: Too many positional arguments: 0 allowed, but 1 found.
  Try removing the extra positional arguments.
        return left(const ValidationFailure(
                                           ^
  lib/core/error/failures.dart:204:9: Context: Found this candidate, but the arguments don't match.
    const ValidationFailure({
          ^^^^^^^^^^^^^^^^^
  lib/features/recommendations/domain/usecases/get_personalized_recommendations.dart:28:14: Error: The method 'left' isn't defined for the type 'GetPersonalizedRecommendations'.
   - 'GetPersonalizedRecommendations' is from 'package:soloadventurer/features/recommendations/domain/usecases/get_personalized_recommendations.dart' ('lib/features/recommendations/domain/usecases/get_personalized_recommendations.dart').
  Try correcting the name to the name of an existing method, or defining a method named 'left'.
        return left(const ValidationFailure(
               ^^^^
  lib/features/recommendations/domain/usecases/get_recommendations_for_date.dart:30:42: Error: Too many positional arguments: 0 allowed, but 1 found.
  Try removing the extra positional arguments.
        return left(const ValidationFailure(
                                           ^
  lib/core/error/failures.dart:204:9: Context: Found this candidate, but the arguments don't match.
    const ValidationFailure({
          ^^^^^^^^^^^^^^^^^
  lib/features/recommendations/domain/usecases/get_recommendations_for_date.dart:30:14: Error: The method 'left' isn't defined for the type 'GetRecommendationsForDate'.
   - 'GetRecommendationsForDate' is from 'package:soloadventurer/features/recommendations/domain/usecases/get_recommendations_for_date.dart' ('lib/features/recommendations/domain/usecases/get_recommendations_for_date.dart').
  Try correcting the name to the name of an existing method, or defining a method named 'left'.
        return left(const ValidationFailure(
               ^^^^
  lib/features/offline/infrastructure/database/dao/itinerary_dao.dart:26:42: Error: 'ItinerariesCompanion' isn't a type.
    Future<LocalItinerary> insertItinerary(ItinerariesCompanion itinerary) async {
                                           ^^^^^^^^^^^^^^^^^^^^
  lib/features/offline/infrastructure/database/dao/itinerary_dao.dart:27:20: Error: The getter 'itineraries' isn't defined for the type 'AppDatabase'.
   - 'AppDatabase' is from 'package:soloadventurer/features/offline/infrastructure/database/database.dart' ('lib/features/offline/infrastructure/database/database.dart').
  Try correcting the name to the name of an existing getter, or defining a getter or field named 'itineraries'.
      return into(db.itineraries).insert(itinerary);
                     ^^^^^^^^^^^
  lib/features/offline/infrastructure/database/dao/itinerary_dao.dart:34:31: Error: 'LocalItinerary' isn't a type.
    Future<int> updateItinerary(LocalItinerary itinerary) async {
                                ^^^^^^^^^^^^^^
  lib/features/offline/infrastructure/database/dao/itinerary_dao.dart:35:21: Error: The getter 'itineraries' isn't defined for the type 'AppDatabase'.
   - 'AppDatabase' is from 'package:soloadventurer/features/offline/infrastructure/database/database.dart' ('lib/features/offline/infrastructure/database/database.dart').
  Try correcting the name to the name of an existing getter, or defining a getter or field named 'itineraries'.
      return await db.itineraries.update.replace(itinerary);
                      ^^^^^^^^^^^
  lib/features/offline/infrastructure/database/dao/itinerary_dao.dart:48:22: Error: The getter 'itineraries' isn't defined for the type 'AppDatabase'.
   - 'AppDatabase' is from 'package:soloadventurer/features/offline/infrastructure/database/database.dart' ('lib/features/offline/infrastructure/database/database.dart').
  Try correcting the name to the name of an existing getter, or defining a getter or field named 'itineraries'.
      return await (db.itineraries.delete..where((i) => i.id.equals(id))).go();
                       ^^^^^^^^^^^
  lib/features/offline/infrastructure/database/dao/itinerary_dao.dart:57:22: Error: Not a constant expression.
          .write(const ItinerariesCompanion(isDeleted: Value(true)));
                       ^^^^^^^^^^^^^^^^^^^^
  lib/features/offline/infrastructure/database/dao/itinerary_dao.dart:56:22: Error: The getter 'itineraries' isn't defined for the type 'AppDatabase'.
   - 'AppDatabase' is from 'package:soloadventurer/features/offline/infrastructure/database/database.dart' ('lib/features/offline/infrastructure/database/database.dart').
  Try correcting the name to the name of an existing getter, or defining a getter or field named 'itineraries'.
      return await (db.itineraries.update..where((i) => i.id.equals(id)))
                       ^^^^^^^^^^^
  lib/features/offline/infrastructure/database/dao/itinerary_dao.dart:65:23: Error: The getter 'itineraries' isn't defined for the type 'AppDatabase'.
   - 'AppDatabase' is from 'package:soloadventurer/features/offline/infrastructure/database/database.dart' ('lib/features/offline/infrastructure/database/database.dart').
  Try correcting the name to the name of an existing getter, or defining a getter or field named 'itineraries'.
      return (select(db.itineraries)..where((i) => i.id.equals(id)))
                        ^^^^^^^^^^^
  lib/features/offline/infrastructure/database/dao/itinerary_dao.dart:65:52: Error: The getter 'id' isn't defined for the type 'HasResultSet'.
   - 'HasResultSet' is from 'package:drift/src/dsl/dsl.dart' ('../.pub-cache/hosted/pub.dev/drift-2.28.2/lib/src/dsl/dsl.dart').
  Try correcting the name to the name of an existing getter, or defining a getter or field named 'id'.
      return (select(db.itineraries)..where((i) => i.id.equals(id)))
                                                     ^^
  lib/features/offline/infrastructure/database/dao/itinerary_dao.dart:76:23: Error: The getter 'itineraries' isn't defined for the type 'AppDatabase'.
   - 'AppDatabase' is from 'package:soloadventurer/features/offline/infrastructure/database/database.dart' ('lib/features/offline/infrastructure/database/database.dart').
  Try correcting the name to the name of an existing getter, or defining a getter or field named 'itineraries'.
      return (select(db.itineraries)
                        ^^^^^^^^^^^
  lib/features/offline/infrastructure/database/dao/itinerary_dao.dart:77:28: Error: The getter 'userId' isn't defined for the type 'HasResultSet'.
   - 'HasResultSet' is from 'package:drift/src/dsl/dsl.dart' ('../.pub-cache/hosted/pub.dev/drift-2.28.2/lib/src/dsl/dsl.dart').
  Try correcting the name to the name of an existing getter, or defining a getter or field named 'userId'.
            ..where((i) => i.userId.equals(userId))
                             ^^^^^^
  lib/features/offline/infrastructure/database/dao/itinerary_dao.dart:78:28: Error: The getter 'isDeleted' isn't defined for the type 'HasResultSet'.
   - 'HasResultSet' is from 'package:drift/src/dsl/dsl.dart' ('../.pub-cache/hosted/pub.dev/drift-2.28.2/lib/src/dsl/dsl.dart').
  Try correcting the name to the name of an existing getter, or defining a getter or field named 'isDeleted'.
            ..where((i) => i.isDeleted.equals(false))
                             ^^^^^^^^^
  lib/features/offline/infrastructure/database/dao/itinerary_dao.dart:79:49: Error: The getter 'createdAt' isn't defined for the type 'HasResultSet'.
   - 'HasResultSet' is from 'package:drift/src/dsl/dsl.dart' ('../.pub-cache/hosted/pub.dev/drift-2.28.2/lib/src/dsl/dsl.dart').
  Try correcting the name to the name of an existing getter, or defining a getter or field named 'createdAt'.
            ..orderBy([(i) => OrderingTerm.desc(i.createdAt)]))
                                                  ^^^^^^^^^
  lib/features/offline/infrastructure/database/dao/itinerary_dao.dart:89:23: Error: The getter 'itineraries' isn't defined for the type 'AppDatabase'.
   - 'AppDatabase' is from 'package:soloadventurer/features/offline/infrastructure/database/database.dart' ('lib/features/offline/infrastructure/database/database.dart').
  Try correcting the name to the name of an existing getter, or defining a getter or field named 'itineraries'.
      return (select(db.itineraries)
                        ^^^^^^^^^^^
  lib/features/offline/infrastructure/database/dao/itinerary_dao.dart:90:28: Error: The getter 'isDeleted' isn't defined for the type 'HasResultSet'.
   - 'HasResultSet' is from 'package:drift/src/dsl/dsl.dart' ('../.pub-cache/hosted/pub.dev/drift-2.28.2/lib/src/dsl/dsl.dart').
  Try correcting the name to the name of an existing getter, or defining a getter or field named 'isDeleted'.
            ..where((i) => i.isDeleted.equals(false))
                             ^^^^^^^^^
  lib/features/offline/infrastructure/database/dao/itinerary_dao.dart:91:49: Error: The getter 'createdAt' isn't defined for the type 'HasResultSet'.
   - 'HasResultSet' is from 'package:drift/src/dsl/dsl.dart' ('../.pub-cache/hosted/pub.dev/drift-2.28.2/lib/src/dsl/dsl.dart').
  Try correcting the name to the name of an existing getter, or defining a getter or field named 'createdAt'.
            ..orderBy([(i) => OrderingTerm.desc(i.createdAt)]))
                                                  ^^^^^^^^^
  lib/features/offline/infrastructure/database/dao/itinerary_dao.dart:99:23: Error: The getter 'itineraries' isn't defined for the type 'AppDatabase'.
   - 'AppDatabase' is from 'package:soloadventurer/features/offline/infrastructure/database/database.dart' ('lib/features/offline/infrastructure/database/database.dart').
  Try correcting the name to the name of an existing getter, or defining a getter or field named 'itineraries'.
      return (select(db.itineraries)
                        ^^^^^^^^^^^
  lib/features/offline/infrastructure/database/dao/itinerary_dao.dart:100:28: Error: The getter 'isStarter' isn't defined for the type 'HasResultSet'.
   - 'HasResultSet' is from 'package:drift/src/dsl/dsl.dart' ('../.pub-cache/hosted/pub.dev/drift-2.28.2/lib/src/dsl/dsl.dart').
  Try correcting the name to the name of an existing getter, or defining a getter or field named 'isStarter'.
            ..where((i) => i.isStarter.equals(true))
                             ^^^^^^^^^
  lib/features/offline/infrastructure/database/dao/itinerary_dao.dart:101:28: Error: The getter 'isDeleted' isn't defined for the type 'HasResultSet'.
   - 'HasResultSet' is from 'package:drift/src/dsl/dsl.dart' ('../.pub-cache/hosted/pub.dev/drift-2.28.2/lib/src/dsl/dsl.dart').
  Try correcting the name to the name of an existing getter, or defining a getter or field named 'isDeleted'.
            ..where((i) => i.isDeleted.equals(false))
                             ^^^^^^^^^
  lib/features/offline/infrastructure/database/dao/itinerary_dao.dart:102:49: Error: The getter 'createdAt' isn't defined for the type 'HasResultSet'.
   - 'HasResultSet' is from 'package:drift/src/dsl/dsl.dart' ('../.pub-cache/hosted/pub.dev/drift-2.28.2/lib/src/dsl/dsl.dart').
  Try correcting the name to the name of an existing getter, or defining a getter or field named 'createdAt'.
            ..orderBy([(i) => OrderingTerm.desc(i.createdAt)]))
                                                  ^^^^^^^^^
  lib/features/offline/infrastructure/database/dao/itinerary_dao.dart:110:23: Error: The getter 'itineraries' isn't defined for the type 'AppDatabase'.
   - 'AppDatabase' is from 'package:soloadventurer/features/offline/infrastructure/database/database.dart' ('lib/features/offline/infrastructure/database/database.dart').
  Try correcting the name to the name of an existing getter, or defining a getter or field named 'itineraries'.
      return (select(db.itineraries)
                        ^^^^^^^^^^^
  lib/features/offline/infrastructure/database/dao/itinerary_dao.dart:112:17: Error: The getter 'isSynced' isn't defined for the type 'HasResultSet'.
   - 'HasResultSet' is from 'package:drift/src/dsl/dsl.dart' ('../.pub-cache/hosted/pub.dev/drift-2.28.2/lib/src/dsl/dsl.dart').
  Try correcting the name to the name of an existing getter, or defining a getter or field named 'isSynced'.
                i.isSynced.equals(false) | i.hasPendingChanges.equals(true))
                  ^^^^^^^^
  lib/features/offline/infrastructure/database/dao/itinerary_dao.dart:112:44: Error: The getter 'hasPendingChanges' isn't defined for the type 'HasResultSet'.
   - 'HasResultSet' is from 'package:drift/src/dsl/dsl.dart' ('../.pub-cache/hosted/pub.dev/drift-2.28.2/lib/src/dsl/dsl.dart').
  Try correcting the name to the name of an existing getter, or defining a getter or field named 'hasPendingChanges'.
                i.isSynced.equals(false) | i.hasPendingChanges.equals(true))
                                             ^^^^^^^^^^^^^^^^^
  lib/features/offline/infrastructure/database/dao/itinerary_dao.dart:113:28: Error: The getter 'isDeleted' isn't defined for the type 'HasResultSet'.
   - 'HasResultSet' is from 'package:drift/src/dsl/dsl.dart' ('../.pub-cache/hosted/pub.dev/drift-2.28.2/lib/src/dsl/dsl.dart').
  Try correcting the name to the name of an existing getter, or defining a getter or field named 'isDeleted'.
            ..where((i) => i.isDeleted.equals(false))
                             ^^^^^^^^^
  lib/features/offline/infrastructure/database/dao/itinerary_dao.dart:114:48: Error: The getter 'updatedAt' isn't defined for the type 'HasResultSet'.
   - 'HasResultSet' is from 'package:drift/src/dsl/dsl.dart' ('../.pub-cache/hosted/pub.dev/drift-2.28.2/lib/src/dsl/dsl.dart').
  Try correcting the name to the name of an existing getter, or defining a getter or field named 'updatedAt'.
            ..orderBy([(i) => OrderingTerm.asc(i.updatedAt)]))
                                                 ^^^^^^^^^
  lib/features/offline/infrastructure/database/dao/itinerary_dao.dart:127:7: Error: 'ItineraryItemsCompanion' isn't a type.
        ItineraryItemsCompanion item) async {
        ^^^^^^^^^^^^^^^^^^^^^^^
  lib/features/offline/infrastructure/database/dao/itinerary_dao.dart:128:20: Error: The getter 'itineraryItems' isn't defined for the type 'AppDatabase'.
   - 'AppDatabase' is from 'package:soloadventurer/features/offline/infrastructure/database/database.dart' ('lib/features/offline/infrastructure/database/database.dart').
  Try correcting the name to the name of an existing getter, or defining a getter or field named 'itineraryItems'.
      return into(db.itineraryItems).insert(item);
                     ^^^^^^^^^^^^^^
  lib/features/offline/infrastructure/database/dao/itinerary_dao.dart:135:41: Error: 'ItineraryItemsCompanion' isn't a type.
    Future<int> insertItineraryItems(List<ItineraryItemsCompanion> items) async {
                                          ^^^^^^^^^^^^^^^^^^^^^^^
  lib/features/offline/infrastructure/database/dao/itinerary_dao.dart:139:17: Error: The getter 'itineraryItems' isn't defined for the type 'AppDatabase'.
   - 'AppDatabase' is from 'package:soloadventurer/features/offline/infrastructure/database/database.dart' ('lib/features/offline/infrastructure/database/database.dart').
  Try correcting the name to the name of an existing getter, or defining a getter or field named 'itineraryItems'.
          into(db.itineraryItems).insert(item);
                  ^^^^^^^^^^^^^^
  lib/features/offline/infrastructure/database/dao/itinerary_dao.dart:150:35: Error: 'LocalItineraryItem' isn't a type.
    Future<int> updateItineraryItem(LocalItineraryItem item) async {
                                    ^^^^^^^^^^^^^^^^^^
  lib/features/offline/infrastructure/database/dao/itinerary_dao.dart:151:21: Error: The getter 'itineraryItems' isn't defined for the type 'AppDatabase'.
   - 'AppDatabase' is from 'package:soloadventurer/features/offline/infrastructure/database/database.dart' ('lib/features/offline/infrastructure/database/database.dart').
  Try correcting the name to the name of an existing getter, or defining a getter or field named 'itineraryItems'.
      return await db.itineraryItems.update.replace(item);
                      ^^^^^^^^^^^^^^
  lib/features/offline/infrastructure/database/dao/itinerary_dao.dart:159:22: Error: The getter 'itineraryItems' isn't defined for the type 'AppDatabase'.
   - 'AppDatabase' is from 'package:soloadventurer/features/offline/infrastructure/database/database.dart' ('lib/features/offline/infrastructure/database/database.dart').
  Try correcting the name to the name of an existing getter, or defining a getter or field named 'itineraryItems'.
      return await (db.itineraryItems.delete..where((i) => i.id.equals(id))).go();
                       ^^^^^^^^^^^^^^
  lib/features/offline/infrastructure/database/dao/itinerary_dao.dart:167:22: Error: The getter 'itineraryItems' isn't defined for the type 'AppDatabase'.
   - 'AppDatabase' is from 'package:soloadventurer/features/offline/infrastructure/database/database.dart' ('lib/features/offline/infrastructure/database/database.dart').
  Try correcting the name to the name of an existing getter, or defining a getter or field named 'itineraryItems'.
      return await (db.itineraryItems.delete
                       ^^^^^^^^^^^^^^
  lib/features/offline/infrastructure/database/dao/itinerary_dao.dart:178:22: Error: Not a constant expression.
          .write(const ItineraryItemsCompanion(isDeleted: Value(true)));
                       ^^^^^^^^^^^^^^^^^^^^^^^
  lib/features/offline/infrastructure/database/dao/itinerary_dao.dart:177:22: Error: The getter 'itineraryItems' isn't defined for the type 'AppDatabase'.
   - 'AppDatabase' is from 'package:soloadventurer/features/offline/infrastructure/database/database.dart' ('lib/features/offline/infrastructure/database/database.dart').
  Try correcting the name to the name of an existing getter, or defining a getter or field named 'itineraryItems'.
      return await (db.itineraryItems.update..where((i) => i.id.equals(id)))
                       ^^^^^^^^^^^^^^
  lib/features/offline/infrastructure/database/dao/itinerary_dao.dart:186:23: Error: The getter 'itineraryItems' isn't defined for the type 'AppDatabase'.
   - 'AppDatabase' is from 'package:soloadventurer/features/offline/infrastructure/database/database.dart' ('lib/features/offline/infrastructure/database/database.dart').
  Try correcting the name to the name of an existing getter, or defining a getter or field named 'itineraryItems'.
      return (select(db.itineraryItems)..where((i) => i.id.equals(id)))
                        ^^^^^^^^^^^^^^
  lib/features/offline/infrastructure/database/dao/itinerary_dao.dart:186:55: Error: The getter 'id' isn't defined for the type 'HasResultSet'.
   - 'HasResultSet' is from 'package:drift/src/dsl/dsl.dart' ('../.pub-cache/hosted/pub.dev/drift-2.28.2/lib/src/dsl/dsl.dart').
  Try correcting the name to the name of an existing getter, or defining a getter or field named 'id'.
      return (select(db.itineraryItems)..where((i) => i.id.equals(id)))
                                                        ^^
  lib/features/offline/infrastructure/database/dao/itinerary_dao.dart:197:23: Error: The getter 'itineraryItems' isn't defined for the type 'AppDatabase'.
   - 'AppDatabase' is from 'package:soloadventurer/features/offline/infrastructure/database/database.dart' ('lib/features/offline/infrastructure/database/database.dart').
  Try correcting the name to the name of an existing getter, or defining a getter or field named 'itineraryItems'.
      return (select(db.itineraryItems)
                        ^^^^^^^^^^^^^^
  lib/features/offline/infrastructure/database/dao/itinerary_dao.dart:198:28: Error: The getter 'itineraryId' isn't defined for the type 'HasResultSet'.
   - 'HasResultSet' is from 'package:drift/src/dsl/dsl.dart' ('../.pub-cache/hosted/pub.dev/drift-2.28.2/lib/src/dsl/dsl.dart').
  Try correcting the name to the name of an existing getter, or defining a getter or field named 'itineraryId'.
            ..where((i) => i.itineraryId.equals(itineraryId))
                             ^^^^^^^^^^^
  lib/features/offline/infrastructure/database/dao/itinerary_dao.dart:199:28: Error: The getter 'isDeleted' isn't defined for the type 'HasResultSet'.
   - 'HasResultSet' is from 'package:drift/src/dsl/dsl.dart' ('../.pub-cache/hosted/pub.dev/drift-2.28.2/lib/src/dsl/dsl.dart').
  Try correcting the name to the name of an existing getter, or defining a getter or field named 'isDeleted'.
            ..where((i) => i.isDeleted.equals(false))
                             ^^^^^^^^^
  lib/features/offline/infrastructure/database/dao/itinerary_dao.dart:201:39: Error: The getter 'dayNumber' isn't defined for the type 'HasResultSet'.
   - 'HasResultSet' is from 'package:drift/src/dsl/dsl.dart' ('../.pub-cache/hosted/pub.dev/drift-2.28.2/lib/src/dsl/dsl.dart').
  Try correcting the name to the name of an existing getter, or defining a getter or field named 'dayNumber'.
              (i) => OrderingTerm.asc(i.dayNumber),
                                        ^^^^^^^^^
  lib/features/offline/infrastructure/database/dao/itinerary_dao.dart:202:39: Error: The getter 'sortOrder' isn't defined for the type 'HasResultSet'.
   - 'HasResultSet' is from 'package:drift/src/dsl/dsl.dart' ('../.pub-cache/hosted/pub.dev/drift-2.28.2/lib/src/dsl/dsl.dart').
  Try correcting the name to the name of an existing getter, or defining a getter or field named 'sortOrder'.
              (i) => OrderingTerm.asc(i.sortOrder)
                                        ^^^^^^^^^
  lib/features/offline/infrastructure/database/dao/itinerary_dao.dart:216:23: Error: The getter 'itineraryItems' isn't defined for the type 'AppDatabase'.
   - 'AppDatabase' is from 'package:soloadventurer/features/offline/infrastructure/database/database.dart' ('lib/features/offline/infrastructure/database/database.dart').
  Try correcting the name to the name of an existing getter, or defining a getter or field named 'itineraryItems'.
      return (select(db.itineraryItems)
                        ^^^^^^^^^^^^^^
  lib/features/offline/infrastructure/database/dao/itinerary_dao.dart:217:28: Error: The getter 'itineraryId' isn't defined for the type 'HasResultSet'.
   - 'HasResultSet' is from 'package:drift/src/dsl/dsl.dart' ('../.pub-cache/hosted/pub.dev/drift-2.28.2/lib/src/dsl/dsl.dart').
  Try correcting the name to the name of an existing getter, or defining a getter or field named 'itineraryId'.
            ..where((i) => i.itineraryId.equals(itineraryId))
                             ^^^^^^^^^^^
  lib/features/offline/infrastructure/database/dao/itinerary_dao.dart:218:28: Error: The getter 'dayNumber' isn't defined for the type 'HasResultSet'.
   - 'HasResultSet' is from 'package:drift/src/dsl/dsl.dart' ('../.pub-cache/hosted/pub.dev/drift-2.28.2/lib/src/dsl/dsl.dart').
  Try correcting the name to the name of an existing getter, or defining a getter or field named 'dayNumber'.
            ..where((i) => i.dayNumber.equals(dayNumber))
                             ^^^^^^^^^
  lib/features/offline/infrastructure/database/dao/itinerary_dao.dart:219:28: Error: The getter 'isDeleted' isn't defined for the type 'HasResultSet'.
   - 'HasResultSet' is from 'package:drift/src/dsl/dsl.dart' ('../.pub-cache/hosted/pub.dev/drift-2.28.2/lib/src/dsl/dsl.dart').
  Try correcting the name to the name of an existing getter, or defining a getter or field named 'isDeleted'.
            ..where((i) => i.isDeleted.equals(false))
                             ^^^^^^^^^
  lib/features/offline/infrastructure/database/dao/itinerary_dao.dart:220:48: Error: The getter 'sortOrder' isn't defined for the type 'HasResultSet'.
   - 'HasResultSet' is from 'package:drift/src/dsl/dsl.dart' ('../.pub-cache/hosted/pub.dev/drift-2.28.2/lib/src/dsl/dsl.dart').
  Try correcting the name to the name of an existing getter, or defining a getter or field named 'sortOrder'.
            ..orderBy([(i) => OrderingTerm.asc(i.sortOrder)]))
                                                 ^^^^^^^^^
  lib/features/offline/infrastructure/database/dao/itinerary_dao.dart:232:25: Error: 'LocalItineraryItem' isn't a type.
      final Map<int, List<LocalItineraryItem>> grouped = {};
                          ^^^^^^^^^^^^^^^^^^
  lib/features/offline/infrastructure/database/dao/itinerary_dao.dart:248:22: Error: The getter 'itineraryItems' isn't defined for the type 'AppDatabase'.
   - 'AppDatabase' is from 'package:soloadventurer/features/offline/infrastructure/database/database.dart' ('lib/features/offline/infrastructure/database/database.dart').
  Try correcting the name to the name of an existing getter, or defining a getter or field named 'itineraryItems'.
      return await (db.itineraryItems.update..where((i) => i.id.equals(itemId)))
                       ^^^^^^^^^^^^^^
  lib/features/offline/infrastructure/database/dao/itinerary_dao.dart:249:16: Error: The method 'ItineraryItemsCompanion' isn't defined for the type 'ItineraryDao'.
   - 'ItineraryDao' is from 'package:soloadventurer/features/offline/infrastructure/database/dao/itinerary_dao.dart' ('lib/features/offline/infrastructure/database/dao/itinerary_dao.dart').
  Try correcting the name to the name of an existing method, or defining a method named 'ItineraryItemsCompanion'.
          .write(ItineraryItemsCompanion(
                 ^^^^^^^^^^^^^^^^^^^^^^^
  lib/features/offline/infrastructure/database/dao/itinerary_dao.dart:272:23: Error: The getter 'itineraryItems' isn't defined for the type 'AppDatabase'.
   - 'AppDatabase' is from 'package:soloadventurer/features/offline/infrastructure/database/database.dart' ('lib/features/offline/infrastructure/database/database.dart').
  Try correcting the name to the name of an existing getter, or defining a getter or field named 'itineraryItems'.
      return (select(db.itineraryItems)
                        ^^^^^^^^^^^^^^
  lib/features/offline/infrastructure/database/dao/itinerary_dao.dart:273:28: Error: The getter 'itineraryId' isn't defined for the type 'HasResultSet'.
   - 'HasResultSet' is from 'package:drift/src/dsl/dsl.dart' ('../.pub-cache/hosted/pub.dev/drift-2.28.2/lib/src/dsl/dsl.dart').
  Try correcting the name to the name of an existing getter, or defining a getter or field named 'itineraryId'.
            ..where((i) => i.itineraryId.equals(itineraryId))
                             ^^^^^^^^^^^
  lib/features/offline/infrastructure/database/dao/itinerary_dao.dart:274:28: Error: The getter 'isCompleted' isn't defined for the type 'HasResultSet'.
   - 'HasResultSet' is from 'package:drift/src/dsl/dsl.dart' ('../.pub-cache/hosted/pub.dev/drift-2.28.2/lib/src/dsl/dsl.dart').
  Try correcting the name to the name of an existing getter, or defining a getter or field named 'isCompleted'.
            ..where((i) => i.isCompleted.equals(false))
                             ^^^^^^^^^^^
  lib/features/offline/infrastructure/database/dao/itinerary_dao.dart:275:28: Error: The getter 'isDeleted' isn't defined for the type 'HasResultSet'.
   - 'HasResultSet' is from 'package:drift/src/dsl/dsl.dart' ('../.pub-cache/hosted/pub.dev/drift-2.28.2/lib/src/dsl/dsl.dart').
  Try correcting the name to the name of an existing getter, or defining a getter or field named 'isDeleted'.
            ..where((i) => i.isDeleted.equals(false))
                             ^^^^^^^^^
  lib/features/offline/infrastructure/database/dao/itinerary_dao.dart:277:39: Error: The getter 'dayNumber' isn't defined for the type 'HasResultSet'.
   - 'HasResultSet' is from 'package:drift/src/dsl/dsl.dart' ('../.pub-cache/hosted/pub.dev/drift-2.28.2/lib/src/dsl/dsl.dart').
  Try correcting the name to the name of an existing getter, or defining a getter or field named 'dayNumber'.
              (i) => OrderingTerm.asc(i.dayNumber),
                                        ^^^^^^^^^
  lib/features/offline/infrastructure/database/dao/itinerary_dao.dart:278:39: Error: The getter 'sortOrder' isn't defined for the type 'HasResultSet'.
   - 'HasResultSet' is from 'package:drift/src/dsl/dsl.dart' ('../.pub-cache/hosted/pub.dev/drift-2.28.2/lib/src/dsl/dsl.dart').
  Try correcting the name to the name of an existing getter, or defining a getter or field named 'sortOrder'.
              (i) => OrderingTerm.asc(i.sortOrder)
                                        ^^^^^^^^^
  lib/features/offline/infrastructure/database/dao/itinerary_dao.dart:288:23: Error: The getter 'itineraryItems' isn't defined for the type 'AppDatabase'.
   - 'AppDatabase' is from 'package:soloadventurer/features/offline/infrastructure/database/database.dart' ('lib/features/offline/infrastructure/database/database.dart').
  Try correcting the name to the name of an existing getter, or defining a getter or field named 'itineraryItems'.
      return (select(db.itineraryItems)
                        ^^^^^^^^^^^^^^
  lib/features/offline/infrastructure/database/dao/itinerary_dao.dart:289:28: Error: The getter 'itineraryId' isn't defined for the type 'HasResultSet'.
   - 'HasResultSet' is from 'package:drift/src/dsl/dsl.dart' ('../.pub-cache/hosted/pub.dev/drift-2.28.2/lib/src/dsl/dsl.dart').
  Try correcting the name to the name of an existing getter, or defining a getter or field named 'itineraryId'.
            ..where((i) => i.itineraryId.equals(itineraryId))
                             ^^^^^^^^^^^
  lib/features/offline/infrastructure/database/dao/itinerary_dao.dart:290:28: Error: The getter 'isCompleted' isn't defined for the type 'HasResultSet'.
   - 'HasResultSet' is from 'package:drift/src/dsl/dsl.dart' ('../.pub-cache/hosted/pub.dev/drift-2.28.2/lib/src/dsl/dsl.dart').
  Try correcting the name to the name of an existing getter, or defining a getter or field named 'isCompleted'.
            ..where((i) => i.isCompleted.equals(true))
                             ^^^^^^^^^^^
  lib/features/offline/infrastructure/database/dao/itinerary_dao.dart:291:28: Error: The getter 'isDeleted' isn't defined for the type 'HasResultSet'.
   - 'HasResultSet' is from 'package:drift/src/dsl/dsl.dart' ('../.pub-cache/hosted/pub.dev/drift-2.28.2/lib/src/dsl/dsl.dart').
  Try correcting the name to the name of an existing getter, or defining a getter or field named 'isDeleted'.
            ..where((i) => i.isDeleted.equals(false))
                             ^^^^^^^^^
  lib/features/offline/infrastructure/database/dao/itinerary_dao.dart:293:40: Error: The getter 'dayNumber' isn't defined for the type 'HasResultSet'.
   - 'HasResultSet' is from 'package:drift/src/dsl/dsl.dart' ('../.pub-cache/hosted/pub.dev/drift-2.28.2/lib/src/dsl/dsl.dart').
  Try correcting the name to the name of an existing getter, or defining a getter or field named 'dayNumber'.
              (i) => OrderingTerm.desc(i.dayNumber),
                                         ^^^^^^^^^
  lib/features/offline/infrastructure/database/dao/itinerary_dao.dart:294:40: Error: The getter 'sortOrder' isn't defined for the type 'HasResultSet'.
   - 'HasResultSet' is from 'package:drift/src/dsl/dsl.dart' ('../.pub-cache/hosted/pub.dev/drift-2.28.2/lib/src/dsl/dsl.dart').
  Try correcting the name to the name of an existing getter, or defining a getter or field named 'sortOrder'.
              (i) => OrderingTerm.desc(i.sortOrder)
                                         ^^^^^^^^^
  lib/features/offline/infrastructure/database/dao/itinerary_dao.dart:303:23: Error: The getter 'itineraryItems' isn't defined for the type 'AppDatabase'.
   - 'AppDatabase' is from 'package:soloadventurer/features/offline/infrastructure/database/database.dart' ('lib/features/offline/infrastructure/database/database.dart').
  Try correcting the name to the name of an existing getter, or defining a getter or field named 'itineraryItems'.
      return (select(db.itineraryItems)
                        ^^^^^^^^^^^^^^
  lib/features/offline/infrastructure/database/dao/itinerary_dao.dart:305:17: Error: The getter 'isSynced' isn't defined for the type 'HasResultSet'.
   - 'HasResultSet' is from 'package:drift/src/dsl/dsl.dart' ('../.pub-cache/hosted/pub.dev/drift-2.28.2/lib/src/dsl/dsl.dart').
  Try correcting the name to the name of an existing getter, or defining a getter or field named 'isSynced'.
                i.isSynced.equals(false) | i.hasPendingChanges.equals(true))
                  ^^^^^^^^
  lib/features/offline/infrastructure/database/dao/itinerary_dao.dart:305:44: Error: The getter 'hasPendingChanges' isn't defined for the type 'HasResultSet'.
   - 'HasResultSet' is from 'package:drift/src/dsl/dsl.dart' ('../.pub-cache/hosted/pub.dev/drift-2.28.2/lib/src/dsl/dsl.dart').
  Try correcting the name to the name of an existing getter, or defining a getter or field named 'hasPendingChanges'.
                i.isSynced.equals(false) | i.hasPendingChanges.equals(true))
                                             ^^^^^^^^^^^^^^^^^
  lib/features/offline/infrastructure/database/dao/itinerary_dao.dart:306:28: Error: The getter 'isDeleted' isn't defined for the type 'HasResultSet'.
   - 'HasResultSet' is from 'package:drift/src/dsl/dsl.dart' ('../.pub-cache/hosted/pub.dev/drift-2.28.2/lib/src/dsl/dsl.dart').
  Try correcting the name to the name of an existing getter, or defining a getter or field named 'isDeleted'.
            ..where((i) => i.isDeleted.equals(false))
                             ^^^^^^^^^
  lib/features/offline/infrastructure/database/dao/itinerary_dao.dart:307:48: Error: The getter 'updatedAt' isn't defined for the type 'HasResultSet'.
   - 'HasResultSet' is from 'package:drift/src/dsl/dsl.dart' ('../.pub-cache/hosted/pub.dev/drift-2.28.2/lib/src/dsl/dsl.dart').
  Try correcting the name to the name of an existing getter, or defining a getter or field named 'updatedAt'.
            ..orderBy([(i) => OrderingTerm.asc(i.updatedAt)]))
                                                 ^^^^^^^^^
  lib/features/offline/infrastructure/database/dao/itinerary_dao.dart:321:16: Error: The getter 'itineraries' isn't defined for the type 'AppDatabase'.
   - 'AppDatabase' is from 'package:soloadventurer/features/offline/infrastructure/database/database.dart' ('lib/features/offline/infrastructure/database/database.dart').
  Try correcting the name to the name of an existing getter, or defining a getter or field named 'itineraries'.
      return (db.itineraries.update..where((i) => i.id.equals(id))).write(
                 ^^^^^^^^^^^
  lib/features/offline/infrastructure/database/dao/itinerary_dao.dart:322:7: Error: The method 'ItinerariesCompanion' isn't defined for the type 'ItineraryDao'.
   - 'ItineraryDao' is from 'package:soloadventurer/features/offline/infrastructure/database/dao/itinerary_dao.dart' ('lib/features/offline/infrastructure/database/dao/itinerary_dao.dart').
  Try correcting the name to the name of an existing method, or defining a method named 'ItinerariesCompanion'.
        ItinerariesCompanion(
        ^^^^^^^^^^^^^^^^^^^^
  lib/features/offline/infrastructure/database/dao/itinerary_dao.dart:336:16: Error: The getter 'itineraryItems' isn't defined for the type 'AppDatabase'.
   - 'AppDatabase' is from 'package:soloadventurer/features/offline/infrastructure/database/database.dart' ('lib/features/offline/infrastructure/database/database.dart').
  Try correcting the name to the name of an existing getter, or defining a getter or field named 'itineraryItems'.
      return (db.itineraryItems.update..where((i) => i.id.equals(id))).write(
                 ^^^^^^^^^^^^^^
  lib/features/offline/infrastructure/database/dao/itinerary_dao.dart:337:7: Error: The method 'ItineraryItemsCompanion' isn't defined for the type 'ItineraryDao'.
   - 'ItineraryDao' is from 'package:soloadventurer/features/offline/infrastructure/database/dao/itinerary_dao.dart' ('lib/features/offline/infrastructure/database/dao/itinerary_dao.dart').
  Try correcting the name to the name of an existing method, or defining a method named 'ItineraryItemsCompanion'.
        ItineraryItemsCompanion(
        ^^^^^^^^^^^^^^^^^^^^^^^
  lib/features/offline/infrastructure/database/dao/itinerary_dao.dart:351:52: Error: The getter 'isCompleted' isn't defined for the type 'Object?'.
   - 'Object' is from 'dart:core'.
  Try correcting the name to the name of an existing getter, or defining a getter or field named 'isCompleted'.
      final completedItems = allItems.where((i) => i.isCompleted).toList();
                                                     ^^^^^^^^^^^
  lib/features/offline/infrastructure/database/dao/itinerary_dao.dart:357:16: Error: The getter 'itineraries' isn't defined for the type 'AppDatabase'.
   - 'AppDatabase' is from 'package:soloadventurer/features/offline/infrastructure/database/database.dart' ('lib/features/offline/infrastructure/database/database.dart').
  Try correcting the name to the name of an existing getter, or defining a getter or field named 'itineraries'.
      return (db.itineraries.update..where((i) => i.id.equals(itineraryId)))
                 ^^^^^^^^^^^
  lib/features/offline/infrastructure/database/dao/itinerary_dao.dart:359:7: Error: The method 'ItinerariesCompanion' isn't defined for the type 'ItineraryDao'.
   - 'ItineraryDao' is from 'package:soloadventurer/features/offline/infrastructure/database/dao/itinerary_dao.dart' ('lib/features/offline/infrastructure/database/dao/itinerary_dao.dart').
  Try correcting the name to the name of an existing method, or defining a method named 'ItinerariesCompanion'.
        ItinerariesCompanion(
        ^^^^^^^^^^^^^^^^^^^^
  lib/features/travel/data/models/itinerary_local_model.dart:10:33: Error: 'LocalItineraryItem' isn't a type.
    Itinerary toDomainEntity(List<LocalItineraryItem> items) {
                                  ^^^^^^^^^^^^^^^^^^
  lib/features/travel/data/models/itinerary_local_model.dart:23:34: Error: The getter 'isDeleted' isn't defined for the type 'Object?'.
   - 'Object' is from 'dart:core'.
  Try correcting the name to the name of an existing getter, or defining a getter or field named 'isDeleted'.
            .where((item) => !item.isDeleted)
                                   ^^^^^^^^^
  lib/features/travel/data/models/itinerary_local_model.dart:24:31: Error: The method 'toDomainEntity' is defined in multiple extensions for 'Object?' and neither is more specific.
   - 'Object' is from 'dart:core'.
  Try using an explicit extension application of the wanted extension or hiding unwanted extensions from scope.
            .map((item) => item.toDomainEntity())
                                ^^^^^^^^^^^^^^
  lib/features/travel/data/models/itinerary_local_model.dart:10:13: Context: This is one of the extension members.
    Itinerary toDomainEntity(List<LocalItineraryItem> items) {
              ^^^^^^^^^^^^^^
  lib/features/travel/data/models/itinerary_local_model.dart:70:17: Context: This is one of the extension members.
    ItineraryItem toDomainEntity() {
                  ^^^^^^^^^^^^^^
  lib/features/travel/data/models/itinerary_local_model.dart:25:12: Error: The argument type 'List<dynamic>' can't be assigned to the parameter type 'List<ItineraryItem>'.
   - 'List' is from 'dart:core'.
   - 'ItineraryItem' is from 'package:soloadventurer/features/travel/domain/models/itinerary_item.dart' ('lib/features/travel/domain/models/itinerary_item.dart').
            .toList(),
             ^
  lib/features/travel/data/models/itinerary_local_model.dart:39:12: Error: The method 'LocalItinerary' isn't defined for the type 'Itinerary'.
   - 'Itinerary' is from 'package:soloadventurer/features/travel/domain/models/itinerary.dart' ('lib/features/travel/domain/models/itinerary.dart').
  Try correcting the name to the name of an existing method, or defining a method named 'LocalItinerary'.
      return LocalItinerary(
             ^^^^^^^^^^^^^^
  lib/features/travel/data/models/itinerary_local_model.dart:163:32: Error: The method 'LocalItineraryItem' isn't defined for the type 'ItineraryItem'.
   - 'ItineraryItem' is from 'package:soloadventurer/features/travel/domain/models/itinerary_item.dart' ('lib/features/travel/domain/models/itinerary_item.dart').
  Try correcting the name to the name of an existing method, or defining a method named 'LocalItineraryItem'.
        flightArrival: (item) => LocalItineraryItem(
                                 ^^^^^^^^^^^^^^^^^^
  lib/features/travel/data/models/itinerary_local_model.dart:184:34: Error: The method 'LocalItineraryItem' isn't defined for the type 'ItineraryItem'.
   - 'ItineraryItem' is from 'package:soloadventurer/features/travel/domain/models/itinerary_item.dart' ('lib/features/travel/domain/models/itinerary_item.dart').
  Try correcting the name to the name of an existing method, or defining a method named 'LocalItineraryItem'.
        flightDeparture: (item) => LocalItineraryItem(
                                   ^^^^^^^^^^^^^^^^^^
  lib/features/travel/data/models/itinerary_local_model.dart:205:31: Error: The method 'LocalItineraryItem' isn't defined for the type 'ItineraryItem'.
   - 'ItineraryItem' is from 'package:soloadventurer/features/travel/domain/models/itinerary_item.dart' ('lib/features/travel/domain/models/itinerary_item.dart').
  Try correcting the name to the name of an existing method, or defining a method named 'LocalItineraryItem'.
        hotelCheckIn: (item) => LocalItineraryItem(
                                ^^^^^^^^^^^^^^^^^^
  lib/features/travel/data/models/itinerary_local_model.dart:226:32: Error: The method 'LocalItineraryItem' isn't defined for the type 'ItineraryItem'.
   - 'ItineraryItem' is from 'package:soloadventurer/features/travel/domain/models/itinerary_item.dart' ('lib/features/travel/domain/models/itinerary_item.dart').
  Try correcting the name to the name of an existing method, or defining a method named 'LocalItineraryItem'.
        hotelCheckOut: (item) => LocalItineraryItem(
                                 ^^^^^^^^^^^^^^^^^^
  lib/features/travel/data/models/itinerary_local_model.dart:247:27: Error: The method 'LocalItineraryItem' isn't defined for the type 'ItineraryItem'.
   - 'ItineraryItem' is from 'package:soloadventurer/features/travel/domain/models/itinerary_item.dart' ('lib/features/travel/domain/models/itinerary_item.dart').
  Try correcting the name to the name of an existing method, or defining a method named 'LocalItineraryItem'.
        activity: (item) => LocalItineraryItem(
                            ^^^^^^^^^^^^^^^^^^
  lib/features/travel/data/models/itinerary_local_model.dart:268:24: Error: The method 'LocalItineraryItem' isn't defined for the type 'ItineraryItem'.
   - 'ItineraryItem' is from 'package:soloadventurer/features/travel/domain/models/itinerary_item.dart' ('lib/features/travel/domain/models/itinerary_item.dart').
  Try correcting the name to the name of an existing method, or defining a method named 'LocalItineraryItem'.
        lunch: (item) => LocalItineraryItem(
                         ^^^^^^^^^^^^^^^^^^
  lib/features/travel/data/models/itinerary_local_model.dart:289:25: Error: The method 'LocalItineraryItem' isn't defined for the type 'ItineraryItem'.
   - 'ItineraryItem' is from 'package:soloadventurer/features/travel/domain/models/itinerary_item.dart' ('lib/features/travel/domain/models/itinerary_item.dart').
  Try correcting the name to the name of an existing method, or defining a method named 'LocalItineraryItem'.
        dinner: (item) => LocalItineraryItem(
                          ^^^^^^^^^^^^^^^^^^
  lib/app/di/modules/core_module.dart:13:11: Error: Method not found: 'SecurityManagerImpl'.
      () => SecurityManagerImpl(
            ^^^^^^^^^^^^^^^^^^^
  lib/features/auth/data/datasources/mock_auth_remote_data_source.dart:241:21: Error: The getter 'email' isn't defined for the type 'Credentials'.
   - 'Credentials' is from 'package:soloadventurer/features/auth/data/models/credentials.dart' ('lib/features/auth/data/models/credentials.dart').
  Try correcting the name to the name of an existing getter, or defining a getter or field named 'email'.
      if (credentials.email != 'test@example.com' || credentials.password != 'password123') {
                      ^^^^^
  lib/features/offline/data/repositories/offline_aware_repository.dart:492:19: Error: The getter 'timestamp_' isn't defined for the type 'OfflineAwareRepository<Entity, Model, CreateModel, UpdateModel>'.
   - 'OfflineAwareRepository' is from 'package:soloadventurer/features/offline/data/repositories/offline_aware_repository.dart' ('lib/features/offline/data/repositories/offline_aware_repository.dart').
  Try correcting the name to the name of an existing getter, or defining a getter or field named 'timestamp_'.
      return 'temp_$timestamp_$random';
                    ^^^^^^^^^^
  lib/features/offline/data/repositories/sync_queue_repository_impl.dart:36:52: Error: The argument type 'int' can't be assigned to the parameter type 'SyncQueueItem'.
   - 'SyncQueueItem' is from 'package:soloadventurer/features/offline/infrastructure/database/database.dart' ('lib/features/offline/infrastructure/database/database.dart').
        return model.SyncOperationModel.fromDatabase(item).toDomainEntity();
                                                     ^
  lib/features/offline/infrastructure/sync/background_sync_service.dart:154:11: Error: No named parameter with the name 'requiresNotRoaming'.
            requiresNotRoaming: false, // Allow sync while roaming
            ^^^^^^^^^^^^^^^^^^
  ../.pub-cache/hosted/pub.dev/workmanager-0.5.2/lib/src/options.dart:96:3: Context: Found this candidate, but the arguments don't match.
    Constraints({
    ^^^^^^^^^^^
  lib/features/offline/infrastructure/sync/background_sync_service.dart:164:9: Error: No named parameter with the name 'backoffDelay'.
          backoffDelay: const Duration(minutes: 15), // Initial backoff delay
          ^^^^^^^^^^^^
  lib/features/offline/infrastructure/sync/background_sync_service.dart:229:27: Error: The method 'cancelTaskByTag' isn't defined for the type 'Workmanager'.
   - 'Workmanager' is from 'package:workmanager/src/workmanager.dart' ('../.pub-cache/hosted/pub.dev/workmanager-0.5.2/lib/src/workmanager.dart').
  Try correcting the name to the name of an existing method, or defining a method named 'cancelTaskByTag'.
        await Workmanager().cancelTaskByTag(periodicSyncTaskName);
                            ^^^^^^^^^^^^^^^
  lib/features/offline/infrastructure/sync/conflict_resolver_impl.dart:385:33: Error: The getter 'tripDao' isn't defined for the type 'AppDatabase'.
   - 'AppDatabase' is from 'package:soloadventurer/features/offline/infrastructure/database/database.dart' ('lib/features/offline/infrastructure/database/database.dart').
  Try correcting the name to the name of an existing getter, or defining a getter or field named 'tripDao'.
        final tripDao = _database.tripDao;
                                  ^^^^^^^
  lib/features/offline/infrastructure/sync/conflict_resolver_impl.dart:411:33: Error: The getter 'tripDao' isn't defined for the type 'AppDatabase'.
   - 'AppDatabase' is from 'package:soloadventurer/features/offline/infrastructure/database/database.dart' ('lib/features/offline/infrastructure/database/database.dart').
  Try correcting the name to the name of an existing getter, or defining a getter or field named 'tripDao'.
        final tripDao = _database.tripDao;
                                  ^^^^^^^
  lib/features/offline/infrastructure/sync/conflict_resolver_impl.dart:437:36: Error: The getter 'journalDao' isn't defined for the type 'AppDatabase'.
   - 'AppDatabase' is from 'package:soloadventurer/features/offline/infrastructure/database/database.dart' ('lib/features/offline/infrastructure/database/database.dart').
  Try correcting the name to the name of an existing getter, or defining a getter or field named 'journalDao'.
        final journalDao = _database.journalDao;
                                     ^^^^^^^^^^
  lib/features/offline/infrastructure/sync/conflict_resolver_impl.dart:460:36: Error: The getter 'journalDao' isn't defined for the type 'AppDatabase'.
   - 'AppDatabase' is from 'package:soloadventurer/features/offline/infrastructure/database/database.dart' ('lib/features/offline/infrastructure/database/database.dart').
  Try correcting the name to the name of an existing getter, or defining a getter or field named 'journalDao'.
        final journalDao = _database.journalDao;
                                     ^^^^^^^^^^
  lib/features/offline/infrastructure/sync/conflict_resolver_impl.dart:485:33: Error: The getter 'userDao' isn't defined for the type 'AppDatabase'.
   - 'AppDatabase' is from 'package:soloadventurer/features/offline/infrastructure/database/database.dart' ('lib/features/offline/infrastructure/database/database.dart').
  Try correcting the name to the name of an existing getter, or defining a getter or field named 'userDao'.
        final userDao = _database.userDao;
                                  ^^^^^^^
  lib/features/offline/infrastructure/sync/conflict_resolver_impl.dart:508:33: Error: The getter 'userDao' isn't defined for the type 'AppDatabase'.
   - 'AppDatabase' is from 'package:soloadventurer/features/offline/infrastructure/database/database.dart' ('lib/features/offline/infrastructure/database/database.dart').
  Try correcting the name to the name of an existing getter, or defining a getter or field named 'userDao'.
        final userDao = _database.userDao;
                                  ^^^^^^^
  lib/features/offline/infrastructure/sync/download_sync.dart:254:33: Error: The getter 'tripDao' isn't defined for the type 'AppDatabase'.
   - 'AppDatabase' is from 'package:soloadventurer/features/offline/infrastructure/database/database.dart' ('lib/features/offline/infrastructure/database/database.dart').
  Try correcting the name to the name of an existing getter, or defining a getter or field named 'tripDao'.
        final tripDao = _database.tripDao;
                                  ^^^^^^^
  lib/features/offline/infrastructure/sync/download_sync.dart:372:33: Error: The getter 'tripDao' isn't defined for the type 'AppDatabase'.
   - 'AppDatabase' is from 'package:soloadventurer/features/offline/infrastructure/database/database.dart' ('lib/features/offline/infrastructure/database/database.dart').
  Try correcting the name to the name of an existing getter, or defining a getter or field named 'tripDao'.
        final tripDao = _database.tripDao;
                                  ^^^^^^^
  lib/features/offline/infrastructure/sync/download_sync.dart:430:40: Error: The getter 'journalDao' isn't defined for the type 'AppDatabase'.
   - 'AppDatabase' is from 'package:soloadventurer/features/offline/infrastructure/database/database.dart' ('lib/features/offline/infrastructure/database/database.dart').
  Try correcting the name to the name of an existing getter, or defining a getter or field named 'journalDao'.
            final journalDao = _database.journalDao;
                                         ^^^^^^^^^^
  lib/features/offline/infrastructure/sync/download_sync.dart:568:33: Error: The getter 'userDao' isn't defined for the type 'AppDatabase'.
   - 'AppDatabase' is from 'package:soloadventurer/features/offline/infrastructure/database/database.dart' ('lib/features/offline/infrastructure/database/database.dart').
  Try correcting the name to the name of an existing getter, or defining a getter or field named 'userDao'.
        final userDao = _database.userDao;
                                  ^^^^^^^
  lib/features/offline/infrastructure/sync/download_sync.dart:677:17: Error: No named parameter with the name 'userId'.
                  userId: userId,
                  ^^^^^^
  lib/features/offline/infrastructure/database/database.g.dart:3735:3: Context: Found this candidate, but the arguments don't match.
    SyncMetadataTableCompanion.insert({
    ^^^^^^^^^^^^^^^^^^^^^^^^^^^^^^^^^
  lib/features/offline/infrastructure/sync/download_sync.dart:669:40: Error: The getter 'userId' isn't defined for the type '$SyncMetadataTableTable'.
   - '$SyncMetadataTableTable' is from 'package:soloadventurer/features/offline/infrastructure/database/database.dart' ('lib/features/offline/infrastructure/database/database.dart').
  Try correcting the name to the name of an existing getter, or defining a getter or field named 'userId'.
                    ..where((tbl) => tbl.userId.equals(userId)))
                                         ^^^^^^
  lib/features/offline/infrastructure/sync/download_sync.dart:687:24: Error: The method 'SyncMetadataTable' isn't defined for the type 'DownloadSync'.
   - 'DownloadSync' is from 'package:soloadventurer/features/offline/infrastructure/sync/download_sync.dart' ('lib/features/offline/infrastructure/sync/download_sync.dart').
  Try correcting the name to the name of an existing method, or defining a method named 'SyncMetadataTable'.
                .replace(SyncMetadataTable(
                         ^^^^^^^^^^^^^^^^^
  lib/features/offline/infrastructure/sync/download_sync.dart:688:30: Error: The getter 'id' isn't defined for the type 'SyncMetadata'.
   - 'SyncMetadata' is from 'package:soloadventurer/features/offline/infrastructure/database/database.dart' ('lib/features/offline/infrastructure/database/database.dart').
  Try correcting the name to the name of an existing getter, or defining a getter or field named 'id'.
                  id: metadata.id,
                               ^^
  lib/features/offline/infrastructure/sync/download_sync.dart:775:7: Error: No named parameter with the name 'firstName'.
        firstName: Value(serverUser['firstName'] as String?),
        ^^^^^^^^^
  lib/features/offline/infrastructure/database/database.g.dart:2407:9: Context: Found this candidate, but the arguments don't match.
    const UsersCompanion({
          ^^^^^^^^^^^^^^
  lib/features/offline/infrastructure/sync/incremental_sync.dart:262:38: Error: Required named parameter 'userId' must be provided.
          return syncIncrementalChanges(
                                       ^
  lib/features/offline/infrastructure/sync/incremental_sync.dart:286:40: Error: The getter 'userId' isn't defined for the type '$SyncMetadataTableTable'.
   - '$SyncMetadataTableTable' is from 'package:soloadventurer/features/offline/infrastructure/database/database.dart' ('lib/features/offline/infrastructure/database/database.dart').
  Try correcting the name to the name of an existing getter, or defining a getter or field named 'userId'.
                    ..where((tbl) => tbl.userId.equals(userId)))
                                         ^^^^^^
  lib/features/offline/infrastructure/sync/incremental_sync.dart:290:32: Error: The getter 'lastIncrementalSyncAt' isn't defined for the type 'SyncMetadata'.
   - 'SyncMetadata' is from 'package:soloadventurer/features/offline/infrastructure/database/database.dart' ('lib/features/offline/infrastructure/database/database.dart').
  Try correcting the name to the name of an existing getter, or defining a getter or field named 'lastIncrementalSyncAt'.
              metadataList.first.lastIncrementalSyncAt == null) {
                                 ^^^^^^^^^^^^^^^^^^^^^
  lib/features/offline/infrastructure/sync/incremental_sync.dart:309:34: Error: The getter 'userId' isn't defined for the type '$SyncMetadataTableTable'.
   - '$SyncMetadataTableTable' is from 'package:soloadventurer/features/offline/infrastructure/database/database.dart' ('lib/features/offline/infrastructure/database/database.dart').
  Try correcting the name to the name of an existing getter, or defining a getter or field named 'userId'.
              ..where((tbl) => tbl.userId.equals(userId)))
                                   ^^^^^^
  lib/features/offline/infrastructure/sync/incremental_sync.dart:316:33: Error: The getter 'lastIncrementalSyncAt' isn't defined for the type 'SyncMetadata'.
   - 'SyncMetadata' is from 'package:soloadventurer/features/offline/infrastructure/database/database.dart' ('lib/features/offline/infrastructure/database/database.dart').
  Try correcting the name to the name of an existing getter, or defining a getter or field named 'lastIncrementalSyncAt'.
        return metadataList.first.lastIncrementalSyncAt;
                                  ^^^^^^^^^^^^^^^^^^^^^
  lib/features/offline/infrastructure/sync/incremental_sync.dart:389:33: Error: The getter 'tripDao' isn't defined for the type 'AppDatabase'.
   - 'AppDatabase' is from 'package:soloadventurer/features/offline/infrastructure/database/database.dart' ('lib/features/offline/infrastructure/database/database.dart').
  Try correcting the name to the name of an existing getter, or defining a getter or field named 'tripDao'.
        final tripDao = _database.tripDao;
                                  ^^^^^^^
  lib/features/offline/infrastructure/sync/incremental_sync.dart:553:31: Error: The getter 'tripDao' isn't defined for the type 'AppDatabase'.
   - 'AppDatabase' is from 'package:soloadventurer/features/offline/infrastructure/database/database.dart' ('lib/features/offline/infrastructure/database/database.dart').
  Try correcting the name to the name of an existing getter, or defining a getter or field named 'tripDao'.
      final tripDao = _database.tripDao;
                                ^^^^^^^
  lib/features/offline/infrastructure/sync/incremental_sync.dart:605:34: Error: The getter 'journalDao' isn't defined for the type 'AppDatabase'.
   - 'AppDatabase' is from 'package:soloadventurer/features/offline/infrastructure/database/database.dart' ('lib/features/offline/infrastructure/database/database.dart').
  Try correcting the name to the name of an existing getter, or defining a getter or field named 'journalDao'.
      final journalDao = _database.journalDao;
                                   ^^^^^^^^^^
  lib/features/offline/infrastructure/sync/incremental_sync.dart:660:31: Error: The getter 'userDao' isn't defined for the type 'AppDatabase'.
   - 'AppDatabase' is from 'package:soloadventurer/features/offline/infrastructure/database/database.dart' ('lib/features/offline/infrastructure/database/database.dart').
  Try correcting the name to the name of an existing getter, or defining a getter or field named 'userDao'.
      final userDao = _database.userDao;
                                ^^^^^^^
  lib/features/offline/infrastructure/sync/incremental_sync.dart:727:17: Error: No named parameter with the name 'userId'.
                  userId: userId,
                  ^^^^^^
  lib/features/offline/infrastructure/database/database.g.dart:3723:9: Context: Found this candidate, but the arguments don't match.
    const SyncMetadataTableCompanion({
          ^^^^^^^^^^^^^^^^^^^^^^^^^^
  lib/features/offline/infrastructure/sync/incremental_sync.dart:719:40: Error: The getter 'userId' isn't defined for the type '$SyncMetadataTableTable'.
   - '$SyncMetadataTableTable' is from 'package:soloadventurer/features/offline/infrastructure/database/database.dart' ('lib/features/offline/infrastructure/database/database.dart').
  Try correcting the name to the name of an existing getter, or defining a getter or field named 'userId'.
                    ..where((tbl) => tbl.userId.equals(userId)))
                                         ^^^^^^
  lib/features/offline/infrastructure/sync/incremental_sync.dart:739:24: Error: The method 'SyncMetadataTable' isn't defined for the type 'IncrementalSync'.
   - 'IncrementalSync' is from 'package:soloadventurer/features/offline/infrastructure/sync/incremental_sync.dart' ('lib/features/offline/infrastructure/sync/incremental_sync.dart').
  Try correcting the name to the name of an existing method, or defining a method named 'SyncMetadataTable'.
                .replace(SyncMetadataTable(
                         ^^^^^^^^^^^^^^^^^
  lib/features/offline/infrastructure/sync/incremental_sync.dart:740:30: Error: The getter 'id' isn't defined for the type 'SyncMetadata'.
   - 'SyncMetadata' is from 'package:soloadventurer/features/offline/infrastructure/database/database.dart' ('lib/features/offline/infrastructure/database/database.dart').
  Try correcting the name to the name of an existing getter, or defining a getter or field named 'id'.
                  id: metadata.id,
                               ^^
  lib/features/offline/infrastructure/sync/incremental_sync.dart:746:54: Error: The getter 'lastIncrementalSyncAt' isn't defined for the type 'SyncMetadata'.
   - 'SyncMetadata' is from 'package:soloadventurer/features/offline/infrastructure/database/database.dart' ('lib/features/offline/infrastructure/database/database.dart').
  Try correcting the name to the name of an existing getter, or defining a getter or field named 'lastIncrementalSyncAt'.
                      usedIncremental ? now : metadata.lastIncrementalSyncAt,
                                                       ^^^^^^^^^^^^^^^^^^^^^
  lib/features/offline/infrastructure/sync/incremental_sync.dart:891:7: Error: No named parameter with the name 'firstName'.
        firstName: Value(serverUser['firstName'] as String?),
        ^^^^^^^^^
  lib/features/offline/infrastructure/database/database.g.dart:2407:9: Context: Found this candidate, but the arguments don't match.
    const UsersCompanion({
          ^^^^^^^^^^^^^^
  lib/features/offline/infrastructure/sync/offline_interceptor.dart:348:21: Error: The method 'call' isn't defined for the type 'Future<T>'.
   - 'Future' is from 'dart:async'.
  Try correcting the name to the name of an existing method, or defining a method named 'call'.
        await executor();
                      ^
  lib/features/offline/infrastructure/sync/offline_interceptor.dart:352:26: Error: The method 'call' isn't defined for the type 'Future<void>'.
   - 'Future' is from 'dart:async'.
  Try correcting the name to the name of an existing method, or defining a method named 'call'.
          await localUpdate();
                           ^
  lib/features/offline/infrastructure/sync/offline_interceptor.dart:382:24: Error: The method 'call' isn't defined for the type 'Future<void>'.
   - 'Future' is from 'dart:async'.
  Try correcting the name to the name of an existing method, or defining a method named 'call'.
        await localUpdate();
                         ^
  lib/features/offline/infrastructure/sync/mutation_interceptor.dart:263:66: Error: The argument type 'ErrorInterceptorHandler' can't be assigned to the parameter type 'RequestInterceptorHandler'.
   - 'ErrorInterceptorHandler' is from 'package:dio/src/dio_mixin.dart' ('../.pub-cache/hosted/pub.dev/dio-5.8.0+1/lib/src/dio_mixin.dart').
   - 'RequestInterceptorHandler' is from 'package:dio/src/dio_mixin.dart' ('../.pub-cache/hosted/pub.dev/dio-5.8.0+1/lib/src/dio_mixin.dart').
        await _handleOfflineMutation(metadata, err.requestOptions, handler);
                                                                   ^
  .

To run this test again: /opt/homebrew/Caskroom/flutter/3.32.5/flutter/bin/cache/dart-sdk/bin/dart test /Users/anthonyforan/SoloAdventurer_app/test/features/recommendations/presentation/providers/recommendation_providers_test.dart -p vm --plain-name 'loading /Users/anthonyforan/SoloAdventurer_app/test/features/recommendations/presentation/providers/recommendation_providers_test.dart'
lib/features/recommendations/domain/entities/recommendation.dart:27:14: Error: Type 'PlaceActivity' not found.
    required PlaceActivity activity,
             ^^^^^^^^^^^^^
lib/features/recommendations/domain/entities/recommendation.freezed.dart:20:3: Error: Type 'PlaceActivity' not found.
  PlaceActivity get activity => throw _privateConstructorUsedError;
  ^^^^^^^^^^^^^
lib/features/recommendations/domain/entities/recommendation.freezed.dart:44:7: Error: Type 'PlaceActivity' not found.
      PlaceActivity activity,
      ^^^^^^^^^^^^^
lib/features/recommendations/domain/entities/recommendation.freezed.dart:138:7: Error: Type 'PlaceActivity' not found.
      PlaceActivity activity,
      ^^^^^^^^^^^^^
lib/features/recommendations/domain/entities/recommendation.freezed.dart:228:9: Error: Type 'PlaceActivity' not found.
  final PlaceActivity activity;
        ^^^^^^^^^^^^^
lib/features/recommendations/domain/entities/recommendation.freezed.dart:295:22: Error: Type 'PlaceActivity' not found.
      required final PlaceActivity activity,
                     ^^^^^^^^^^^^^
lib/features/recommendations/domain/entities/recommendation.freezed.dart:307:3: Error: Type 'PlaceActivity' not found.
  PlaceActivity get activity;
  ^^^^^^^^^^^^^
test/features/recommendations/presentation/widgets/recommendation_card_test.dart:27:45: Error: Member not found: 'foodTours'.
          matchedInterests: {TravelInterest.foodTours},
                                            ^^^^^^^^^
test/features/recommendations/presentation/widgets/recommendation_card_test.dart:29:32: Error: 'TimeOfDay' is imported from both 'package:flutter/src/material/time.dart' and 'package:soloadventurer/features/recommendations/domain/entities/recommendation.dart'.
          suggestedTime: const TimeOfDay(hour: 12, minute: 30),
                               ^^^^^^^^^
lib/features/recommendations/domain/entities/recommendation.dart:27:14: Error: 'PlaceActivity' isn't a type.
    required PlaceActivity activity,
             ^^^^^^^^^^^^^
lib/features/recommendations/domain/entities/recommendation.freezed.dart:44:7: Error: 'PlaceActivity' isn't a type.
      PlaceActivity activity,
      ^^^^^^^^^^^^^
lib/features/recommendations/domain/entities/recommendation.freezed.dart:88:18: Error: 'PlaceActivity' isn't a type.
              as PlaceActivity,
                 ^^^^^^^^^^^^^
lib/features/recommendations/domain/entities/recommendation.freezed.dart:138:7: Error: 'PlaceActivity' isn't a type.
      PlaceActivity activity,
      ^^^^^^^^^^^^^
lib/features/recommendations/domain/entities/recommendation.freezed.dart:182:18: Error: 'PlaceActivity' isn't a type.
              as PlaceActivity,
                 ^^^^^^^^^^^^^
lib/features/recommendations/domain/entities/recommendation.freezed.dart:228:9: Error: 'PlaceActivity' isn't a type.
  final PlaceActivity activity;
        ^^^^^^^^^^^^^
lib/features/recommendations/domain/entities/recommendation.freezed.dart:295:22: Error: 'PlaceActivity' isn't a type.
      required final PlaceActivity activity,
                     ^^^^^^^^^^^^^
01:02 +131 -62: loading /Users/anthonyforan/SoloAdventurer_app/test/features/recommendations/presentation/widgets/recommendation_card_test.dart [E]                                                    
  Failed to load "/Users/anthonyforan/SoloAdventurer_app/test/features/recommendations/presentation/widgets/recommendation_card_test.dart":
  Compilation failed for testPath=/Users/anthonyforan/SoloAdventurer_app/test/features/recommendations/presentation/widgets/recommendation_card_test.dart: lib/features/recommendations/domain/entities/recommendation.dart:27:14: Error: Type 'PlaceActivity' not found.
      required PlaceActivity activity,
               ^^^^^^^^^^^^^
  lib/features/recommendations/domain/entities/recommendation.freezed.dart:20:3: Error: Type 'PlaceActivity' not found.
    PlaceActivity get activity => throw _privateConstructorUsedError;
    ^^^^^^^^^^^^^
  lib/features/recommendations/domain/entities/recommendation.freezed.dart:44:7: Error: Type 'PlaceActivity' not found.
        PlaceActivity activity,
        ^^^^^^^^^^^^^
  lib/features/recommendations/domain/entities/recommendation.freezed.dart:138:7: Error: Type 'PlaceActivity' not found.
        PlaceActivity activity,
        ^^^^^^^^^^^^^
  lib/features/recommendations/domain/entities/recommendation.freezed.dart:228:9: Error: Type 'PlaceActivity' not found.
    final PlaceActivity activity;
          ^^^^^^^^^^^^^
  lib/features/recommendations/domain/entities/recommendation.freezed.dart:295:22: Error: Type 'PlaceActivity' not found.
        required final PlaceActivity activity,
                       ^^^^^^^^^^^^^
  lib/features/recommendations/domain/entities/recommendation.freezed.dart:307:3: Error: Type 'PlaceActivity' not found.
    PlaceActivity get activity;
    ^^^^^^^^^^^^^
  test/features/recommendations/presentation/widgets/recommendation_card_test.dart:27:45: Error: Member not found: 'foodTours'.
            matchedInterests: {TravelInterest.foodTours},
                                              ^^^^^^^^^
  test/features/recommendations/presentation/widgets/recommendation_card_test.dart:29:32: Error: 'TimeOfDay' is imported from both 'package:flutter/src/material/time.dart' and 'package:soloadventurer/features/recommendations/domain/entities/recommendation.dart'.
            suggestedTime: const TimeOfDay(hour: 12, minute: 30),
                                 ^^^^^^^^^
  lib/features/recommendations/domain/entities/recommendation.dart:27:14: Error: 'PlaceActivity' isn't a type.
      required PlaceActivity activity,
               ^^^^^^^^^^^^^
  lib/features/recommendations/domain/entities/recommendation.freezed.dart:44:7: Error: 'PlaceActivity' isn't a type.
        PlaceActivity activity,
        ^^^^^^^^^^^^^
  lib/features/recommendations/domain/entities/recommendation.freezed.dart:88:18: Error: 'PlaceActivity' isn't a type.
                as PlaceActivity,
                   ^^^^^^^^^^^^^
  lib/features/recommendations/domain/entities/recommendation.freezed.dart:138:7: Error: 'PlaceActivity' isn't a type.
        PlaceActivity activity,
        ^^^^^^^^^^^^^
  lib/features/recommendations/domain/entities/recommendation.freezed.dart:182:18: Error: 'PlaceActivity' isn't a type.
                as PlaceActivity,
                   ^^^^^^^^^^^^^
  lib/features/recommendations/domain/entities/recommendation.freezed.dart:228:9: Error: 'PlaceActivity' isn't a type.
    final PlaceActivity activity;
          ^^^^^^^^^^^^^
  lib/features/recommendations/domain/entities/recommendation.freezed.dart:295:22: Error: 'PlaceActivity' isn't a type.
        required final PlaceActivity activity,
                       ^^^^^^^^^^^^^
  .

To run this test again: /opt/homebrew/Caskroom/flutter/3.32.5/flutter/bin/cache/dart-sdk/bin/dart test /Users/anthonyforan/SoloAdventurer_app/test/features/recommendations/presentation/widgets/recommendation_card_test.dart -p vm --plain-name 'loading /Users/anthonyforan/SoloAdventurer_app/test/features/recommendations/presentation/widgets/recommendation_card_test.dart'
lib/core/error/safety_exceptions.dart:5:31: Error: The super constructor has no corresponding positional parameter.
  const SafetyException(super.message, {required super.code});
                              ^
test/features/safety/data/datasources/safety_local_data_source_test.dart:383:9: Error: No named parameter with the name 'timestamp'.
        timestamp: testDateTime,
        ^^^^^^^^^
lib/features/safety/data/models/location_update_model.dart:12:17: Context: Found this candidate, but the arguments don't match.
  const factory LocationUpdateModel({
                ^
test/features/safety/data/datasources/safety_local_data_source_test.dart:392:9: Error: No named parameter with the name 'timestamp'.
        timestamp: testDateTime,
        ^^^^^^^^^
lib/features/safety/data/models/location_update_model.dart:12:17: Context: Found this candidate, but the arguments don't match.
  const factory LocationUpdateModel({
                ^
test/features/safety/data/datasources/safety_local_data_source_test.dart:455:9: Error: No named parameter with the name 'timestamp'.
        timestamp: testDateTime,
        ^^^^^^^^^
lib/features/safety/data/models/location_update_model.dart:12:17: Context: Found this candidate, but the arguments don't match.
  const factory LocationUpdateModel({
                ^
test/features/safety/data/datasources/safety_local_data_source_test.dart:616:7: Error: No named parameter with the name 'status'.
      status: SafetyStatusType.safe,
      ^^^^^^
lib/features/safety/data/models/safety_status_model.dart:12:17: Context: Found this candidate, but the arguments don't match.
  const factory SafetyStatusModel({
                ^
test/features/safety/data/datasources/safety_local_data_source_test.dart:103:12: Error: This expression has type 'void' and can't be used.
          .thenReturn(jsonEncode(jsonList))
           ^
test/features/safety/data/datasources/safety_local_data_source_test.dart:104:12: Error: The method 'thenReturn' isn't defined for the type 'void'.
Try correcting the name to the name of an existing method, or defining a method named 'thenReturn'.
          .thenReturn(jsonEncode([...jsonList, newContact.toJson()]));
           ^^^^^^^^^^
test/features/safety/data/datasources/safety_local_data_source_test.dart:129:12: Error: This expression has type 'void' and can't be used.
          .thenReturn(jsonEncode(jsonList))
           ^
test/features/safety/data/datasources/safety_local_data_source_test.dart:130:12: Error: The method 'thenReturn' isn't defined for the type 'void'.
Try correcting the name to the name of an existing method, or defining a method named 'thenReturn'.
          .thenReturn(jsonEncode([updatedContact.toJson()]));
           ^^^^^^^^^^
test/features/safety/data/datasources/safety_local_data_source_test.dart:189:12: Error: This expression has type 'void' and can't be used.
          .thenReturn(jsonEncode(jsonList))
           ^
test/features/safety/data/datasources/safety_local_data_source_test.dart:190:12: Error: The method 'thenReturn' isn't defined for the type 'void'.
Try correcting the name to the name of an existing method, or defining a method named 'thenReturn'.
          .thenReturn(jsonEncode(remainingJson));
           ^^^^^^^^^^
test/features/safety/data/datasources/safety_local_data_source_test.dart:315:12: Error: This expression has type 'void' and can't be used.
          .thenReturn(jsonEncode(jsonList))
           ^
test/features/safety/data/datasources/safety_local_data_source_test.dart:316:12: Error: The method 'thenReturn' isn't defined for the type 'void'.
Try correcting the name to the name of an existing method, or defining a method named 'thenReturn'.
          .thenReturn(jsonEncode([...jsonList, newCheckIn.toJson()]));
           ^^^^^^^^^^
test/features/safety/data/datasources/safety_local_data_source_test.dart:357:12: Error: This expression has type 'void' and can't be used.
          .thenReturn(jsonEncode(jsonList))
           ^
test/features/safety/data/datasources/safety_local_data_source_test.dart:358:12: Error: The method 'thenReturn' isn't defined for the type 'void'.
Try correcting the name to the name of an existing method, or defining a method named 'thenReturn'.
          .thenReturn(jsonEncode(remainingJson));
           ^^^^^^^^^^
test/features/safety/data/datasources/safety_local_data_source_test.dart:405:45: Error: The argument type 'List<dynamic>' can't be assigned to the parameter type 'List<LocationUpdate>'.
 - 'List' is from 'dart:core'.
 - 'LocationUpdate' is from 'package:soloadventurer/features/safety/domain/entities/location_update.dart' ('lib/features/safety/domain/entities/location_update.dart').
      await dataSource.cacheLocationUpdates(testLocationUpdates);
                                            ^
test/features/safety/data/datasources/safety_local_data_source_test.dart:461:12: Error: This expression has type 'void' and can't be used.
          .thenReturn(jsonEncode(jsonList))
           ^
test/features/safety/data/datasources/safety_local_data_source_test.dart:462:12: Error: The method 'thenReturn' isn't defined for the type 'void'.
Try correcting the name to the name of an existing method, or defining a method named 'thenReturn'.
          .thenReturn(jsonEncode([...jsonList, newUpdate.toJson()]));
           ^^^^^^^^^^
test/features/safety/data/datasources/safety_local_data_source_test.dart:552:12: Error: This expression has type 'void' and can't be used.
          .thenReturn(jsonEncode(jsonList))
           ^
test/features/safety/data/datasources/safety_local_data_source_test.dart:553:12: Error: The method 'thenReturn' isn't defined for the type 'void'.
Try correcting the name to the name of an existing method, or defining a method named 'thenReturn'.
          .thenReturn(jsonEncode([...jsonList, newAlert.toJson()]));
           ^^^^^^^^^^
lib/features/safety/data/models/location_update_model.dart:50:25: Error: The getter 'emergency' isn't defined for the type 'LocationUpdate'.
 - 'LocationUpdate' is from 'package:soloadventurer/features/safety/domain/entities/location_update.dart' ('lib/features/safety/domain/entities/location_update.dart').
Try correcting the name to the name of an existing getter, or defining a getter or field named 'emergency'.
      emergency: entity.emergency,
                        ^^^^^^^^^
lib/features/safety/data/models/location_update_model.dart:52:23: Error: The getter 'alertId' isn't defined for the type 'LocationUpdate'.
 - 'LocationUpdate' is from 'package:soloadventurer/features/safety/domain/entities/location_update.dart' ('lib/features/safety/domain/entities/location_update.dart').
Try correcting the name to the name of an existing getter, or defining a getter or field named 'alertId'.
      alertId: entity.alertId,
                      ^^^^^^^
lib/features/safety/data/models/location_update_model.dart:53:22: Error: The getter 'tripId' isn't defined for the type 'LocationUpdate'.
 - 'LocationUpdate' is from 'package:soloadventurer/features/safety/domain/entities/location_update.dart' ('lib/features/safety/domain/entities/location_update.dart').
Try correcting the name to the name of an existing getter, or defining a getter or field named 'tripId'.
      tripId: entity.tripId,
                     ^^^^^^
lib/features/safety/data/models/location_update_model.dart:54:25: Error: The getter 'expiresAt' isn't defined for the type 'LocationUpdate'.
 - 'LocationUpdate' is from 'package:soloadventurer/features/safety/domain/entities/location_update.dart' ('lib/features/safety/domain/entities/location_update.dart').
Try correcting the name to the name of an existing getter, or defining a getter or field named 'expiresAt'.
      expiresAt: entity.expiresAt,
                        ^^^^^^^^^
lib/features/safety/data/models/location_update_model.dart:56:25: Error: The getter 'updatedAt' isn't defined for the type 'LocationUpdate'.
 - 'LocationUpdate' is from 'package:soloadventurer/features/safety/domain/entities/location_update.dart' ('lib/features/safety/domain/entities/location_update.dart').
Try correcting the name to the name of an existing getter, or defining a getter or field named 'updatedAt'.
      updatedAt: entity.updatedAt,
                        ^^^^^^^^^
lib/features/safety/data/models/location_update_model.dart:74:7: Error: No named parameter with the name 'emergency'.
      emergency: emergency,
      ^^^^^^^^^
lib/features/safety/domain/entities/location_update.dart:21:17: Context: Found this candidate, but the arguments don't match.
  const factory LocationUpdate({
                ^
lib/features/safety/data/models/safety_status_model.dart:34:26: Error: The getter 'statusType' isn't defined for the type 'SafetyStatus'.
 - 'SafetyStatus' is from 'package:soloadventurer/features/safety/domain/entities/safety_status.dart' ('lib/features/safety/domain/entities/safety_status.dart').
Try correcting the name to the name of an existing getter, or defining a getter or field named 'statusType'.
      statusType: entity.statusType,
                         ^^^^^^^^^^
lib/features/safety/data/models/safety_status_model.dart:51:7: Error: No named parameter with the name 'statusType'.
      statusType: statusType,
      ^^^^^^^^^^
lib/features/safety/domain/entities/safety_status.dart:24:17: Context: Found this candidate, but the arguments don't match.
  const factory SafetyStatus({
                ^
test/helpers/safety_test_helpers.dart:248:5: Error: No named parameter with the name 'statusType'.
    statusType: statusType,
    ^^^^^^^^^^
lib/features/safety/domain/entities/safety_status.dart:24:17: Context: Found this candidate, but the arguments don't match.
  const factory SafetyStatus({
                ^
test/helpers/safety_test_helpers.dart:298:5: Error: No named parameter with the name 'emergency'.
    emergency: emergency,
    ^^^^^^^^^
lib/features/safety/domain/entities/location_update.dart:21:17: Context: Found this candidate, but the arguments don't match.
  const factory LocationUpdate({
                ^
01:03 +131 -63: loading /Users/anthonyforan/SoloAdventurer_app/test/features/safety/data/datasources/safety_local_data_source_test.dart [E]                                                            
  Failed to load "/Users/anthonyforan/SoloAdventurer_app/test/features/safety/data/datasources/safety_local_data_source_test.dart":
  Compilation failed for testPath=/Users/anthonyforan/SoloAdventurer_app/test/features/safety/data/datasources/safety_local_data_source_test.dart: lib/core/error/safety_exceptions.dart:5:31: Error: The super constructor has no corresponding positional parameter.
    const SafetyException(super.message, {required super.code});
                                ^
  test/features/safety/data/datasources/safety_local_data_source_test.dart:383:9: Error: No named parameter with the name 'timestamp'.
          timestamp: testDateTime,
          ^^^^^^^^^
  lib/features/safety/data/models/location_update_model.dart:12:17: Context: Found this candidate, but the arguments don't match.
    const factory LocationUpdateModel({
                  ^
  test/features/safety/data/datasources/safety_local_data_source_test.dart:392:9: Error: No named parameter with the name 'timestamp'.
          timestamp: testDateTime,
          ^^^^^^^^^
  lib/features/safety/data/models/location_update_model.dart:12:17: Context: Found this candidate, but the arguments don't match.
    const factory LocationUpdateModel({
                  ^
  test/features/safety/data/datasources/safety_local_data_source_test.dart:455:9: Error: No named parameter with the name 'timestamp'.
          timestamp: testDateTime,
          ^^^^^^^^^
  lib/features/safety/data/models/location_update_model.dart:12:17: Context: Found this candidate, but the arguments don't match.
    const factory LocationUpdateModel({
                  ^
  test/features/safety/data/datasources/safety_local_data_source_test.dart:616:7: Error: No named parameter with the name 'status'.
        status: SafetyStatusType.safe,
        ^^^^^^
  lib/features/safety/data/models/safety_status_model.dart:12:17: Context: Found this candidate, but the arguments don't match.
    const factory SafetyStatusModel({
                  ^
  test/features/safety/data/datasources/safety_local_data_source_test.dart:103:12: Error: This expression has type 'void' and can't be used.
            .thenReturn(jsonEncode(jsonList))
             ^
  test/features/safety/data/datasources/safety_local_data_source_test.dart:104:12: Error: The method 'thenReturn' isn't defined for the type 'void'.
  Try correcting the name to the name of an existing method, or defining a method named 'thenReturn'.
            .thenReturn(jsonEncode([...jsonList, newContact.toJson()]));
             ^^^^^^^^^^
  test/features/safety/data/datasources/safety_local_data_source_test.dart:129:12: Error: This expression has type 'void' and can't be used.
            .thenReturn(jsonEncode(jsonList))
             ^
  test/features/safety/data/datasources/safety_local_data_source_test.dart:130:12: Error: The method 'thenReturn' isn't defined for the type 'void'.
  Try correcting the name to the name of an existing method, or defining a method named 'thenReturn'.
            .thenReturn(jsonEncode([updatedContact.toJson()]));
             ^^^^^^^^^^
  test/features/safety/data/datasources/safety_local_data_source_test.dart:189:12: Error: This expression has type 'void' and can't be used.
            .thenReturn(jsonEncode(jsonList))
             ^
  test/features/safety/data/datasources/safety_local_data_source_test.dart:190:12: Error: The method 'thenReturn' isn't defined for the type 'void'.
  Try correcting the name to the name of an existing method, or defining a method named 'thenReturn'.
            .thenReturn(jsonEncode(remainingJson));
             ^^^^^^^^^^
  test/features/safety/data/datasources/safety_local_data_source_test.dart:315:12: Error: This expression has type 'void' and can't be used.
            .thenReturn(jsonEncode(jsonList))
             ^
  test/features/safety/data/datasources/safety_local_data_source_test.dart:316:12: Error: The method 'thenReturn' isn't defined for the type 'void'.
  Try correcting the name to the name of an existing method, or defining a method named 'thenReturn'.
            .thenReturn(jsonEncode([...jsonList, newCheckIn.toJson()]));
             ^^^^^^^^^^
  test/features/safety/data/datasources/safety_local_data_source_test.dart:357:12: Error: This expression has type 'void' and can't be used.
            .thenReturn(jsonEncode(jsonList))
             ^
  test/features/safety/data/datasources/safety_local_data_source_test.dart:358:12: Error: The method 'thenReturn' isn't defined for the type 'void'.
  Try correcting the name to the name of an existing method, or defining a method named 'thenReturn'.
            .thenReturn(jsonEncode(remainingJson));
             ^^^^^^^^^^
  test/features/safety/data/datasources/safety_local_data_source_test.dart:405:45: Error: The argument type 'List<dynamic>' can't be assigned to the parameter type 'List<LocationUpdate>'.
   - 'List' is from 'dart:core'.
   - 'LocationUpdate' is from 'package:soloadventurer/features/safety/domain/entities/location_update.dart' ('lib/features/safety/domain/entities/location_update.dart').
        await dataSource.cacheLocationUpdates(testLocationUpdates);
                                              ^
  test/features/safety/data/datasources/safety_local_data_source_test.dart:461:12: Error: This expression has type 'void' and can't be used.
            .thenReturn(jsonEncode(jsonList))
             ^
  test/features/safety/data/datasources/safety_local_data_source_test.dart:462:12: Error: The method 'thenReturn' isn't defined for the type 'void'.
  Try correcting the name to the name of an existing method, or defining a method named 'thenReturn'.
            .thenReturn(jsonEncode([...jsonList, newUpdate.toJson()]));
             ^^^^^^^^^^
  test/features/safety/data/datasources/safety_local_data_source_test.dart:552:12: Error: This expression has type 'void' and can't be used.
            .thenReturn(jsonEncode(jsonList))
             ^
  test/features/safety/data/datasources/safety_local_data_source_test.dart:553:12: Error: The method 'thenReturn' isn't defined for the type 'void'.
  Try correcting the name to the name of an existing method, or defining a method named 'thenReturn'.
            .thenReturn(jsonEncode([...jsonList, newAlert.toJson()]));
             ^^^^^^^^^^
  lib/features/safety/data/models/location_update_model.dart:50:25: Error: The getter 'emergency' isn't defined for the type 'LocationUpdate'.
   - 'LocationUpdate' is from 'package:soloadventurer/features/safety/domain/entities/location_update.dart' ('lib/features/safety/domain/entities/location_update.dart').
  Try correcting the name to the name of an existing getter, or defining a getter or field named 'emergency'.
        emergency: entity.emergency,
                          ^^^^^^^^^
  lib/features/safety/data/models/location_update_model.dart:52:23: Error: The getter 'alertId' isn't defined for the type 'LocationUpdate'.
   - 'LocationUpdate' is from 'package:soloadventurer/features/safety/domain/entities/location_update.dart' ('lib/features/safety/domain/entities/location_update.dart').
  Try correcting the name to the name of an existing getter, or defining a getter or field named 'alertId'.
        alertId: entity.alertId,
                        ^^^^^^^
  lib/features/safety/data/models/location_update_model.dart:53:22: Error: The getter 'tripId' isn't defined for the type 'LocationUpdate'.
   - 'LocationUpdate' is from 'package:soloadventurer/features/safety/domain/entities/location_update.dart' ('lib/features/safety/domain/entities/location_update.dart').
  Try correcting the name to the name of an existing getter, or defining a getter or field named 'tripId'.
        tripId: entity.tripId,
                       ^^^^^^
  lib/features/safety/data/models/location_update_model.dart:54:25: Error: The getter 'expiresAt' isn't defined for the type 'LocationUpdate'.
   - 'LocationUpdate' is from 'package:soloadventurer/features/safety/domain/entities/location_update.dart' ('lib/features/safety/domain/entities/location_update.dart').
  Try correcting the name to the name of an existing getter, or defining a getter or field named 'expiresAt'.
        expiresAt: entity.expiresAt,
                          ^^^^^^^^^
  lib/features/safety/data/models/location_update_model.dart:56:25: Error: The getter 'updatedAt' isn't defined for the type 'LocationUpdate'.
   - 'LocationUpdate' is from 'package:soloadventurer/features/safety/domain/entities/location_update.dart' ('lib/features/safety/domain/entities/location_update.dart').
  Try correcting the name to the name of an existing getter, or defining a getter or field named 'updatedAt'.
        updatedAt: entity.updatedAt,
                          ^^^^^^^^^
  lib/features/safety/data/models/location_update_model.dart:74:7: Error: No named parameter with the name 'emergency'.
        emergency: emergency,
        ^^^^^^^^^
  lib/features/safety/domain/entities/location_update.dart:21:17: Context: Found this candidate, but the arguments don't match.
    const factory LocationUpdate({
                  ^
  lib/features/safety/data/models/safety_status_model.dart:34:26: Error: The getter 'statusType' isn't defined for the type 'SafetyStatus'.
   - 'SafetyStatus' is from 'package:soloadventurer/features/safety/domain/entities/safety_status.dart' ('lib/features/safety/domain/entities/safety_status.dart').
  Try correcting the name to the name of an existing getter, or defining a getter or field named 'statusType'.
        statusType: entity.statusType,
                           ^^^^^^^^^^
  lib/features/safety/data/models/safety_status_model.dart:51:7: Error: No named parameter with the name 'statusType'.
        statusType: statusType,
        ^^^^^^^^^^
  lib/features/safety/domain/entities/safety_status.dart:24:17: Context: Found this candidate, but the arguments don't match.
    const factory SafetyStatus({
                  ^
  test/helpers/safety_test_helpers.dart:248:5: Error: No named parameter with the name 'statusType'.
      statusType: statusType,
      ^^^^^^^^^^
  lib/features/safety/domain/entities/safety_status.dart:24:17: Context: Found this candidate, but the arguments don't match.
    const factory SafetyStatus({
                  ^
  test/helpers/safety_test_helpers.dart:298:5: Error: No named parameter with the name 'emergency'.
      emergency: emergency,
      ^^^^^^^^^
  lib/features/safety/domain/entities/location_update.dart:21:17: Context: Found this candidate, but the arguments don't match.
    const factory LocationUpdate({
                  ^
  .

To run this test again: /opt/homebrew/Caskroom/flutter/3.32.5/flutter/bin/cache/dart-sdk/bin/dart test /Users/anthonyforan/SoloAdventurer_app/test/features/safety/data/datasources/safety_local_data_source_test.dart -p vm --plain-name 'loading /Users/anthonyforan/SoloAdventurer_app/test/features/safety/data/datasources/safety_local_data_source_test.dart'
lib/core/error/safety_exceptions.dart:5:31: Error: The super constructor has no corresponding positional parameter.
  const SafetyException(super.message, {required super.code});
                              ^
test/features/safety/data/repositories/safety_repository_impl_test.dart:68:28: Error: Couldn't find constructor 'NetworkException'.
          .thenThrow(const NetworkException('No internet connection'));
                           ^^^^^^^^^^^^^^^^
test/features/safety/data/repositories/safety_repository_impl_test.dart:80:43: Error: Required named parameter 'code' must be provided.
          .thenThrow(const SafetyException('Contact already exists'));
                                          ^
lib/core/error/safety_exceptions.dart:5:9: Context: Found this candidate, but the arguments don't match.
  const SafetyException(super.message, {required super.code});
        ^^^^^^^^^^^^^^^
test/features/safety/data/repositories/safety_repository_impl_test.dart:158:28: Error: Couldn't find constructor 'NetworkException'.
          .thenThrow(const NetworkException('No internet'));
                           ^^^^^^^^^^^^^^^^
test/features/safety/data/repositories/safety_repository_impl_test.dart:192:28: Error: Couldn't find constructor 'NetworkException'.
          .thenThrow(const NetworkException('No internet'));
                           ^^^^^^^^^^^^^^^^
test/features/safety/data/repositories/safety_repository_impl_test.dart:233:28: Error: Method not found: 'anyNamed'.
            statusMessage: anyNamed('statusMessage'),
                           ^^^^^^^^
test/features/safety/data/repositories/safety_repository_impl_test.dart:265:23: Error: Method not found: 'anyNamed'.
            deadline: anyNamed('deadline'),
                      ^^^^^^^^
test/features/safety/data/repositories/safety_repository_impl_test.dart:266:23: Error: Method not found: 'anyNamed'.
            location: anyNamed('location'),
                      ^^^^^^^^
test/features/safety/data/repositories/safety_repository_impl_test.dart:267:28: Error: Method not found: 'anyNamed'.
            statusMessage: anyNamed('statusMessage'),
                           ^^^^^^^^
test/features/safety/data/repositories/safety_repository_impl_test.dart:268:31: Error: Method not found: 'anyNamed'.
            notifyContactIds: anyNamed('notifyContactIds'),
                              ^^^^^^^^
test/features/safety/data/repositories/safety_repository_impl_test.dart:269:21: Error: Method not found: 'anyNamed'.
            tripId: anyNamed('tripId'),
                    ^^^^^^^^
test/features/safety/data/repositories/safety_repository_impl_test.dart:270:26: Error: Method not found: 'anyNamed'.
            triggerType: anyNamed('triggerType'),
                         ^^^^^^^^
test/features/safety/data/repositories/safety_repository_impl_test.dart:284:41: Error: Member not found: 'scheduled'.
        triggerType: CheckInTriggerType.scheduled,
                                        ^^^^^^^^^
test/features/safety/data/repositories/safety_repository_impl_test.dart:297:45: Error: Member not found: 'scheduled'.
            triggerType: CheckInTriggerType.scheduled,
                                            ^^^^^^^^^
test/features/safety/data/repositories/safety_repository_impl_test.dart:366:28: Error: Couldn't find constructor 'NetworkException'.
          .thenThrow(const NetworkException('No internet'));
                           ^^^^^^^^^^^^^^^^
test/features/safety/data/repositories/safety_repository_impl_test.dart:400:28: Error: Couldn't find constructor 'NetworkException'.
          .thenThrow(const NetworkException('No internet'));
                           ^^^^^^^^^^^^^^^^
test/features/safety/data/repositories/safety_repository_impl_test.dart:470:7: Error: No named parameter with the name 'timestamp'.
      timestamp: testDateTime,
      ^^^^^^^^^
lib/features/safety/data/models/location_update_model.dart:12:17: Context: Found this candidate, but the arguments don't match.
  const factory LocationUpdateModel({
                ^
test/features/safety/data/repositories/safety_repository_impl_test.dart:479:23: Error: Method not found: 'anyNamed'.
            accuracy: anyNamed('accuracy'),
                      ^^^^^^^^
test/features/safety/data/repositories/safety_repository_impl_test.dart:480:23: Error: Method not found: 'anyNamed'.
            altitude: anyNamed('altitude'),
                      ^^^^^^^^
test/features/safety/data/repositories/safety_repository_impl_test.dart:481:20: Error: Method not found: 'anyNamed'.
            speed: anyNamed('speed'),
                   ^^^^^^^^
test/features/safety/data/repositories/safety_repository_impl_test.dart:482:22: Error: Method not found: 'anyNamed'.
            heading: anyNamed('heading'),
                     ^^^^^^^^
test/features/safety/data/repositories/safety_repository_impl_test.dart:483:22: Error: Method not found: 'anyNamed'.
            address: anyNamed('address'),
                     ^^^^^^^^
test/features/safety/data/repositories/safety_repository_impl_test.dart:484:24: Error: Method not found: 'anyNamed'.
            placeName: anyNamed('placeName'),
                       ^^^^^^^^
test/features/safety/data/repositories/safety_repository_impl_test.dart:485:34: Error: Method not found: 'anyNamed'.
            shareWithContactIds: anyNamed('shareWithContactIds'),
                                 ^^^^^^^^
test/features/safety/data/repositories/safety_repository_impl_test.dart:486:27: Error: Method not found: 'anyNamed'.
            batteryLevel: anyNamed('batteryLevel'),
                          ^^^^^^^^
test/features/safety/data/repositories/safety_repository_impl_test.dart:487:26: Error: Method not found: 'anyNamed'.
            isEmergency: anyNamed('isEmergency'),
                         ^^^^^^^^
test/features/safety/data/repositories/safety_repository_impl_test.dart:488:31: Error: Method not found: 'anyNamed'.
            emergencyAlertId: anyNamed('emergencyAlertId'),
                              ^^^^^^^^
test/features/safety/data/repositories/safety_repository_impl_test.dart:489:24: Error: Method not found: 'anyNamed'.
            checkInId: anyNamed('checkInId'),
                       ^^^^^^^^
test/features/safety/data/repositories/safety_repository_impl_test.dart:523:34: Error: Method not found: 'anyNamed'.
            shareWithContactIds: anyNamed('shareWithContactIds'),
                                 ^^^^^^^^
test/features/safety/data/repositories/safety_repository_impl_test.dart:524:26: Error: Method not found: 'anyNamed'.
            isEmergency: anyNamed('isEmergency'),
                         ^^^^^^^^
test/features/safety/data/repositories/safety_repository_impl_test.dart:525:31: Error: Method not found: 'anyNamed'.
            emergencyAlertId: anyNamed('emergencyAlertId'),
                              ^^^^^^^^
test/features/safety/data/repositories/safety_repository_impl_test.dart:602:28: Error: Couldn't find constructor 'NetworkException'.
          .thenThrow(const NetworkException('No internet'));
                           ^^^^^^^^^^^^^^^^
test/features/safety/data/repositories/safety_repository_impl_test.dart:624:24: Error: Method not found: 'anyNamed'.
            startDate: anyNamed('startDate'),
                       ^^^^^^^^
test/features/safety/data/repositories/safety_repository_impl_test.dart:625:22: Error: Method not found: 'anyNamed'.
            endDate: anyNamed('endDate'),
                     ^^^^^^^^
test/features/safety/data/repositories/safety_repository_impl_test.dart:651:24: Error: Method not found: 'anyNamed'.
            startDate: anyNamed('startDate'),
                       ^^^^^^^^
test/features/safety/data/repositories/safety_repository_impl_test.dart:652:22: Error: Method not found: 'anyNamed'.
            endDate: anyNamed('endDate'),
                     ^^^^^^^^
test/features/safety/data/repositories/safety_repository_impl_test.dart:653:30: Error: Couldn't find constructor 'NetworkException'.
          )).thenThrow(const NetworkException('No internet'));
                             ^^^^^^^^^^^^^^^^
test/features/safety/data/repositories/safety_repository_impl_test.dart:699:13: Error: Method not found: 'argThat'.
            argThat(isA<TrustedContactModel>().having(
            ^^^^^^^
test/features/safety/data/repositories/safety_repository_impl_test.dart:717:22: Error: Method not found: 'anyNamed'.
            message: anyNamed('message'),
                     ^^^^^^^^
test/features/safety/data/repositories/safety_repository_impl_test.dart:719:31: Error: Method not found: 'anyNamed'.
            notifyContactIds: anyNamed('notifyContactIds'),
                              ^^^^^^^^
test/features/safety/data/repositories/safety_repository_impl_test.dart:720:27: Error: Method not found: 'anyNamed'.
            batteryLevel: anyNamed('batteryLevel'),
                          ^^^^^^^^
test/features/safety/data/repositories/safety_repository_impl_test.dart:721:21: Error: Method not found: 'anyNamed'.
            tripId: anyNamed('tripId'),
                    ^^^^^^^^
test/features/safety/data/repositories/safety_repository_impl_test.dart:755:9: Error: No named parameter with the name 'status'.
        status: SafetyStatusType.safe,
        ^^^^^^
lib/features/safety/data/models/safety_status_model.dart:12:17: Context: Found this candidate, but the arguments don't match.
  const factory SafetyStatusModel({
                ^
test/features/safety/data/repositories/safety_repository_impl_test.dart:762:22: Error: Method not found: 'anyNamed'.
            message: anyNamed('message'),
                     ^^^^^^^^
test/features/safety/data/repositories/safety_repository_impl_test.dart:763:23: Error: Method not found: 'anyNamed'.
            location: anyNamed('location'),
                      ^^^^^^^^
test/features/safety/data/repositories/safety_repository_impl_test.dart:764:27: Error: Method not found: 'anyNamed'.
            batteryLevel: anyNamed('batteryLevel'),
                          ^^^^^^^^
test/features/safety/data/repositories/safety_repository_impl_test.dart:765:28: Error: Method not found: 'anyNamed'.
            safetyAlertId: anyNamed('safetyAlertId'),
                           ^^^^^^^^
test/features/safety/data/repositories/safety_repository_impl_test.dart:766:24: Error: Method not found: 'anyNamed'.
            checkInId: anyNamed('checkInId'),
                       ^^^^^^^^
test/features/safety/data/repositories/safety_repository_impl_test.dart:791:9: Error: No named parameter with the name 'status'.
        status: SafetyStatusType.safe,
        ^^^^^^
lib/features/safety/data/models/safety_status_model.dart:12:17: Context: Found this candidate, but the arguments don't match.
  const factory SafetyStatusModel({
                ^
test/features/safety/data/repositories/safety_repository_impl_test.dart:814:9: Error: No named parameter with the name 'status'.
        status: SafetyStatusType.needHelp,
        ^^^^^^
lib/features/safety/data/models/safety_status_model.dart:12:17: Context: Found this candidate, but the arguments don't match.
  const factory SafetyStatusModel({
                ^
test/features/safety/data/repositories/safety_repository_impl_test.dart:819:28: Error: Couldn't find constructor 'NetworkException'.
          .thenThrow(const NetworkException('No internet'));
                           ^^^^^^^^^^^^^^^^
test/features/safety/data/repositories/safety_repository_impl_test.dart:835:28: Error: Couldn't find constructor 'NetworkException'.
          .thenThrow(const NetworkException('No internet'));
                           ^^^^^^^^^^^^^^^^
test/features/safety/data/repositories/safety_repository_impl_test.dart:855:9: Error: No named parameter with the name 'status'.
        status: SafetyStatusType.safe,
        ^^^^^^
lib/features/safety/data/models/safety_status_model.dart:12:17: Context: Found this candidate, but the arguments don't match.
  const factory SafetyStatusModel({
                ^
test/features/safety/data/repositories/safety_repository_impl_test.dart:897:28: Error: Couldn't find constructor 'NetworkException'.
          .thenThrow(const NetworkException('No internet'));
                           ^^^^^^^^^^^^^^^^
test/features/safety/data/repositories/safety_repository_impl_test.dart:933:28: Error: Couldn't find constructor 'NetworkException'.
          .thenThrow(const NetworkException('No internet'));
                           ^^^^^^^^^^^^^^^^
test/features/safety/data/repositories/safety_repository_impl_test.dart:948:19: Error: Method not found: 'anyNamed'.
            type: anyNamed('type'),
                  ^^^^^^^^
test/features/safety/data/repositories/safety_repository_impl_test.dart:968:19: Error: Method not found: 'anyNamed'.
            type: anyNamed('type'),
                  ^^^^^^^^
test/features/safety/data/repositories/safety_repository_impl_test.dart:988:9: Error: No named parameter with the name 'acknowledgedBy'.
        acknowledgedBy: [],
        ^^^^^^^^^^^^^^
test/helpers/safety_test_helpers.dart:158:13: Context: Found this candidate, but the arguments don't match.
SafetyAlert createTestSafetyAlert({
            ^^^^^^^^^^^^^^^^^^^^^
test/features/safety/data/repositories/safety_repository_impl_test.dart:1012:13: Error: Method not found: 'argThat'.
            argThat(isA<SafetyAlertModel>().having(
            ^^^^^^^
test/features/safety/data/repositories/safety_repository_impl_test.dart:1042:13: Error: Method not found: 'argThat'.
            argThat(isA<SafetyAlertModel>()
            ^^^^^^^
test/features/safety/data/repositories/safety_repository_impl_test.dart:1071:70: Error: Member not found: 'canceled'.
                .having((a) => a.status, 'status', SafetyAlertStatus.canceled)),
                                                                     ^^^^^^^^
test/features/safety/data/repositories/safety_repository_impl_test.dart:1070:13: Error: Method not found: 'argThat'.
            argThat(isA<SafetyAlertModel>()
            ^^^^^^^
test/features/safety/data/repositories/safety_repository_impl_test.dart:1116:28: Error: Couldn't find constructor 'NetworkException'.
          .thenThrow(const NetworkException('No internet'));
                           ^^^^^^^^^^^^^^^^
test/features/safety/data/repositories/safety_repository_impl_test.dart:1167:28: Error: Couldn't find constructor 'NetworkException'.
          .thenThrow(const NetworkException('No internet'));
                           ^^^^^^^^^^^^^^^^
test/features/safety/data/repositories/safety_repository_impl_test.dart:1222:28: Error: Couldn't find constructor 'NetworkException'.
          .thenThrow(const NetworkException('No internet'));
                           ^^^^^^^^^^^^^^^^
test/features/safety/data/repositories/safety_repository_impl_test.dart:1238:28: Error: Couldn't find constructor 'NetworkException'.
          .thenThrow(const NetworkException('No internet'));
                           ^^^^^^^^^^^^^^^^
test/features/safety/data/repositories/safety_repository_impl_test.dart:1310:13: Error: Method not found: 'argThat'.
            argThat(isA<TrustedContactModel>()
            ^^^^^^^
test/features/safety/data/repositories/safety_repository_impl_test.dart:47:36: Error: A value of type 'TrustedContactModel' can't be returned from an async function with return type 'Future<TrustedContact>'.
 - 'TrustedContactModel' is from 'package:soloadventurer/features/safety/data/models/trusted_contact_model.dart' ('lib/features/safety/data/models/trusted_contact_model.dart').
 - 'Future' is from 'dart:async'.
 - 'TrustedContact' is from 'package:soloadventurer/features/safety/domain/entities/trusted_contact.dart' ('lib/features/safety/domain/entities/trusted_contact.dart').
          .thenAnswer((_) async => testContactModel);
                                   ^
test/features/safety/data/repositories/safety_repository_impl_test.dart:58:59: Error: The argument type 'TrustedContactModel' can't be assigned to the parameter type 'TrustedContact'.
 - 'TrustedContactModel' is from 'package:soloadventurer/features/safety/data/models/trusted_contact_model.dart' ('lib/features/safety/data/models/trusted_contact_model.dart').
 - 'TrustedContact' is from 'package:soloadventurer/features/safety/domain/entities/trusted_contact.dart' ('lib/features/safety/domain/entities/trusted_contact.dart').
      verify(() => mockRemoteDataSource.addTrustedContact(testContactModel))
                                                          ^
test/features/safety/data/repositories/safety_repository_impl_test.dart:60:60: Error: The argument type 'TrustedContactModel' can't be assigned to the parameter type 'TrustedContact'.
 - 'TrustedContactModel' is from 'package:soloadventurer/features/safety/data/models/trusted_contact_model.dart' ('lib/features/safety/data/models/trusted_contact_model.dart').
 - 'TrustedContact' is from 'package:soloadventurer/features/safety/domain/entities/trusted_contact.dart' ('lib/features/safety/domain/entities/trusted_contact.dart').
      verify(() => mockLocalDataSource.cacheTrustedContact(testContactModel))
                                                           ^
test/features/safety/data/repositories/safety_repository_impl_test.dart:114:36: Error: A value of type 'TrustedContactModel' can't be returned from an async function with return type 'Future<TrustedContact>'.
 - 'TrustedContactModel' is from 'package:soloadventurer/features/safety/data/models/trusted_contact_model.dart' ('lib/features/safety/data/models/trusted_contact_model.dart').
 - 'Future' is from 'dart:async'.
 - 'TrustedContact' is from 'package:soloadventurer/features/safety/domain/entities/trusted_contact.dart' ('lib/features/safety/domain/entities/trusted_contact.dart').
          .thenAnswer((_) async => updatedContactModel);
                                   ^
test/features/safety/data/repositories/safety_repository_impl_test.dart:124:57: Error: The argument type 'TrustedContactModel' can't be assigned to the parameter type 'TrustedContact'.
 - 'TrustedContactModel' is from 'package:soloadventurer/features/safety/data/models/trusted_contact_model.dart' ('lib/features/safety/data/models/trusted_contact_model.dart').
 - 'TrustedContact' is from 'package:soloadventurer/features/safety/domain/entities/trusted_contact.dart' ('lib/features/safety/domain/entities/trusted_contact.dart').
              mockRemoteDataSource.updateTrustedContact(updatedContactModel))
                                                        ^
test/features/safety/data/repositories/safety_repository_impl_test.dart:126:60: Error: The argument type 'TrustedContactModel' can't be assigned to the parameter type 'TrustedContact'.
 - 'TrustedContactModel' is from 'package:soloadventurer/features/safety/data/models/trusted_contact_model.dart' ('lib/features/safety/data/models/trusted_contact_model.dart').
 - 'TrustedContact' is from 'package:soloadventurer/features/safety/domain/entities/trusted_contact.dart' ('lib/features/safety/domain/entities/trusted_contact.dart').
      verify(() => mockLocalDataSource.cacheTrustedContact(updatedContactModel))
                                                           ^
test/features/safety/data/repositories/safety_repository_impl_test.dart:137:36: Error: A value of type 'List<TrustedContactModel>' can't be returned from an async function with return type 'Future<List<TrustedContact>>'.
 - 'List' is from 'dart:core'.
 - 'TrustedContactModel' is from 'package:soloadventurer/features/safety/data/models/trusted_contact_model.dart' ('lib/features/safety/data/models/trusted_contact_model.dart').
 - 'Future' is from 'dart:async'.
 - 'TrustedContact' is from 'package:soloadventurer/features/safety/domain/entities/trusted_contact.dart' ('lib/features/safety/domain/entities/trusted_contact.dart').
          .thenAnswer((_) async => contactModels);
                                   ^
test/features/safety/data/repositories/safety_repository_impl_test.dart:147:61: Error: The argument type 'List<TrustedContactModel>' can't be assigned to the parameter type 'List<TrustedContact>'.
 - 'List' is from 'dart:core'.
 - 'TrustedContactModel' is from 'package:soloadventurer/features/safety/data/models/trusted_contact_model.dart' ('lib/features/safety/data/models/trusted_contact_model.dart').
 - 'TrustedContact' is from 'package:soloadventurer/features/safety/domain/entities/trusted_contact.dart' ('lib/features/safety/domain/entities/trusted_contact.dart').
      verify(() => mockLocalDataSource.cacheTrustedContacts(contactModels))
                                                            ^
test/features/safety/data/repositories/safety_repository_impl_test.dart:160:36: Error: A value of type 'List<TrustedContactModel>' can't be returned from an async function with return type 'Future<List<TrustedContact>>'.
 - 'List' is from 'dart:core'.
 - 'TrustedContactModel' is from 'package:soloadventurer/features/safety/data/models/trusted_contact_model.dart' ('lib/features/safety/data/models/trusted_contact_model.dart').
 - 'Future' is from 'dart:async'.
 - 'TrustedContact' is from 'package:soloadventurer/features/safety/domain/entities/trusted_contact.dart' ('lib/features/safety/domain/entities/trusted_contact.dart').
          .thenAnswer((_) async => cachedModels);
                                   ^
test/features/safety/data/repositories/safety_repository_impl_test.dart:174:36: Error: A value of type 'TrustedContactModel' can't be returned from an async function with return type 'Future<TrustedContact>'.
 - 'TrustedContactModel' is from 'package:soloadventurer/features/safety/data/models/trusted_contact_model.dart' ('lib/features/safety/data/models/trusted_contact_model.dart').
 - 'Future' is from 'dart:async'.
 - 'TrustedContact' is from 'package:soloadventurer/features/safety/domain/entities/trusted_contact.dart' ('lib/features/safety/domain/entities/trusted_contact.dart').
          .thenAnswer((_) async => testContactModel);
                                   ^
test/features/safety/data/repositories/safety_repository_impl_test.dart:185:60: Error: The argument type 'TrustedContactModel' can't be assigned to the parameter type 'TrustedContact'.
 - 'TrustedContactModel' is from 'package:soloadventurer/features/safety/data/models/trusted_contact_model.dart' ('lib/features/safety/data/models/trusted_contact_model.dart').
 - 'TrustedContact' is from 'package:soloadventurer/features/safety/domain/entities/trusted_contact.dart' ('lib/features/safety/domain/entities/trusted_contact.dart').
      verify(() => mockLocalDataSource.cacheTrustedContact(testContactModel))
                                                           ^
test/features/safety/data/repositories/safety_repository_impl_test.dart:211:36: Error: A value of type 'CheckInModel' can't be returned from an async function with return type 'Future<CheckIn>'.
 - 'CheckInModel' is from 'package:soloadventurer/features/safety/data/models/check_in_model.dart' ('lib/features/safety/data/models/check_in_model.dart').
 - 'Future' is from 'dart:async'.
 - 'CheckIn' is from 'package:soloadventurer/features/safety/domain/entities/check_in.dart' ('lib/features/safety/domain/entities/check_in.dart').
          .thenAnswer((_) async => testCheckInModel);
                                   ^
test/features/safety/data/repositories/safety_repository_impl_test.dart:220:55: Error: The argument type 'CheckInModel' can't be assigned to the parameter type 'CheckIn'.
 - 'CheckInModel' is from 'package:soloadventurer/features/safety/data/models/check_in_model.dart' ('lib/features/safety/data/models/check_in_model.dart').
 - 'CheckIn' is from 'package:soloadventurer/features/safety/domain/entities/check_in.dart' ('lib/features/safety/domain/entities/check_in.dart').
      verify(() => mockRemoteDataSource.createCheckIn(testCheckInModel))
                                                      ^
test/features/safety/data/repositories/safety_repository_impl_test.dart:222:53: Error: The argument type 'CheckInModel' can't be assigned to the parameter type 'CheckIn'.
 - 'CheckInModel' is from 'package:soloadventurer/features/safety/data/models/check_in_model.dart' ('lib/features/safety/data/models/check_in_model.dart').
 - 'CheckIn' is from 'package:soloadventurer/features/safety/domain/entities/check_in.dart' ('lib/features/safety/domain/entities/check_in.dart').
      verify(() => mockLocalDataSource.cacheCheckIn(testCheckInModel))
                                                    ^
test/features/safety/data/repositories/safety_repository_impl_test.dart:234:38: Error: A value of type 'CheckInModel' can't be returned from an async function with return type 'Future<CheckIn>'.
 - 'CheckInModel' is from 'package:soloadventurer/features/safety/data/models/check_in_model.dart' ('lib/features/safety/data/models/check_in_model.dart').
 - 'Future' is from 'dart:async'.
 - 'CheckIn' is from 'package:soloadventurer/features/safety/domain/entities/check_in.dart' ('lib/features/safety/domain/entities/check_in.dart').
          )).thenAnswer((_) async => testCheckInModel);
                                     ^
test/features/safety/data/repositories/safety_repository_impl_test.dart:252:53: Error: The argument type 'CheckInModel' can't be assigned to the parameter type 'CheckIn'.
 - 'CheckInModel' is from 'package:soloadventurer/features/safety/data/models/check_in_model.dart' ('lib/features/safety/data/models/check_in_model.dart').
 - 'CheckIn' is from 'package:soloadventurer/features/safety/domain/entities/check_in.dart' ('lib/features/safety/domain/entities/check_in.dart').
      verify(() => mockLocalDataSource.cacheCheckIn(testCheckInModel))
                                                    ^
test/features/safety/data/repositories/safety_repository_impl_test.dart:271:38: Error: A value of type 'CheckInModel' can't be returned from an async function with return type 'Future<CheckIn>'.
 - 'CheckInModel' is from 'package:soloadventurer/features/safety/data/models/check_in_model.dart' ('lib/features/safety/data/models/check_in_model.dart').
 - 'Future' is from 'dart:async'.
 - 'CheckIn' is from 'package:soloadventurer/features/safety/domain/entities/check_in.dart' ('lib/features/safety/domain/entities/check_in.dart').
          )).thenAnswer((_) async => testCheckInModel);
                                     ^
test/features/safety/data/repositories/safety_repository_impl_test.dart:299:53: Error: The argument type 'CheckInModel' can't be assigned to the parameter type 'CheckIn'.
 - 'CheckInModel' is from 'package:soloadventurer/features/safety/data/models/check_in_model.dart' ('lib/features/safety/data/models/check_in_model.dart').
 - 'CheckIn' is from 'package:soloadventurer/features/safety/domain/entities/check_in.dart' ('lib/features/safety/domain/entities/check_in.dart').
      verify(() => mockLocalDataSource.cacheCheckIn(testCheckInModel))
                                                    ^
test/features/safety/data/repositories/safety_repository_impl_test.dart:326:36: Error: A value of type 'List<CheckInModel>' can't be returned from an async function with return type 'Future<List<CheckIn>>'.
 - 'List' is from 'dart:core'.
 - 'CheckInModel' is from 'package:soloadventurer/features/safety/data/models/check_in_model.dart' ('lib/features/safety/data/models/check_in_model.dart').
 - 'Future' is from 'dart:async'.
 - 'CheckIn' is from 'package:soloadventurer/features/safety/domain/entities/check_in.dart' ('lib/features/safety/domain/entities/check_in.dart').
          .thenAnswer((_) async => checkInModels);
                                   ^
test/features/safety/data/repositories/safety_repository_impl_test.dart:336:54: Error: The argument type 'List<CheckInModel>' can't be assigned to the parameter type 'List<CheckIn>'.
 - 'List' is from 'dart:core'.
 - 'CheckInModel' is from 'package:soloadventurer/features/safety/data/models/check_in_model.dart' ('lib/features/safety/data/models/check_in_model.dart').
 - 'CheckIn' is from 'package:soloadventurer/features/safety/domain/entities/check_in.dart' ('lib/features/safety/domain/entities/check_in.dart').
      verify(() => mockLocalDataSource.cacheCheckIns(checkInModels)).called(1);
                                                     ^
test/features/safety/data/repositories/safety_repository_impl_test.dart:346:36: Error: A value of type 'List<CheckInModel>' can't be returned from an async function with return type 'Future<List<CheckIn>>'.
 - 'List' is from 'dart:core'.
 - 'CheckInModel' is from 'package:soloadventurer/features/safety/data/models/check_in_model.dart' ('lib/features/safety/data/models/check_in_model.dart').
 - 'Future' is from 'dart:async'.
 - 'CheckIn' is from 'package:soloadventurer/features/safety/domain/entities/check_in.dart' ('lib/features/safety/domain/entities/check_in.dart').
          .thenAnswer((_) async => checkInModels);
                                   ^
test/features/safety/data/repositories/safety_repository_impl_test.dart:356:54: Error: The argument type 'List<CheckInModel>' can't be assigned to the parameter type 'List<CheckIn>'.
 - 'List' is from 'dart:core'.
 - 'CheckInModel' is from 'package:soloadventurer/features/safety/data/models/check_in_model.dart' ('lib/features/safety/data/models/check_in_model.dart').
 - 'CheckIn' is from 'package:soloadventurer/features/safety/domain/entities/check_in.dart' ('lib/features/safety/domain/entities/check_in.dart').
      verify(() => mockLocalDataSource.cacheCheckIns(checkInModels)).called(1);
                                                     ^
test/features/safety/data/repositories/safety_repository_impl_test.dart:368:36: Error: A value of type 'List<CheckInModel>' can't be returned from an async function with return type 'Future<List<CheckIn>>'.
 - 'List' is from 'dart:core'.
 - 'CheckInModel' is from 'package:soloadventurer/features/safety/data/models/check_in_model.dart' ('lib/features/safety/data/models/check_in_model.dart').
 - 'Future' is from 'dart:async'.
 - 'CheckIn' is from 'package:soloadventurer/features/safety/domain/entities/check_in.dart' ('lib/features/safety/domain/entities/check_in.dart').
          .thenAnswer((_) async => cachedModels);
                                   ^
test/features/safety/data/repositories/safety_repository_impl_test.dart:382:36: Error: A value of type 'CheckInModel' can't be returned from an async function with return type 'Future<CheckIn>'.
 - 'CheckInModel' is from 'package:soloadventurer/features/safety/data/models/check_in_model.dart' ('lib/features/safety/data/models/check_in_model.dart').
 - 'Future' is from 'dart:async'.
 - 'CheckIn' is from 'package:soloadventurer/features/safety/domain/entities/check_in.dart' ('lib/features/safety/domain/entities/check_in.dart').
          .thenAnswer((_) async => testCheckInModel);
                                   ^
test/features/safety/data/repositories/safety_repository_impl_test.dart:392:53: Error: The argument type 'CheckInModel' can't be assigned to the parameter type 'CheckIn'.
 - 'CheckInModel' is from 'package:soloadventurer/features/safety/data/models/check_in_model.dart' ('lib/features/safety/data/models/check_in_model.dart').
 - 'CheckIn' is from 'package:soloadventurer/features/safety/domain/entities/check_in.dart' ('lib/features/safety/domain/entities/check_in.dart').
      verify(() => mockLocalDataSource.cacheCheckIn(testCheckInModel))
                                                    ^
test/features/safety/data/repositories/safety_repository_impl_test.dart:421:36: Error: A value of type 'List<CheckInModel>' can't be returned from an async function with return type 'Future<List<CheckIn>>'.
 - 'List' is from 'dart:core'.
 - 'CheckInModel' is from 'package:soloadventurer/features/safety/data/models/check_in_model.dart' ('lib/features/safety/data/models/check_in_model.dart').
 - 'Future' is from 'dart:async'.
 - 'CheckIn' is from 'package:soloadventurer/features/safety/domain/entities/check_in.dart' ('lib/features/safety/domain/entities/check_in.dart').
          .thenAnswer((_) async => checkInModels);
                                   ^
test/features/safety/data/repositories/safety_repository_impl_test.dart:442:38: Error: A value of type 'CheckInModel' can't be returned from an async function with return type 'Future<CheckIn>'.
 - 'CheckInModel' is from 'package:soloadventurer/features/safety/data/models/check_in_model.dart' ('lib/features/safety/data/models/check_in_model.dart').
 - 'Future' is from 'dart:async'.
 - 'CheckIn' is from 'package:soloadventurer/features/safety/domain/entities/check_in.dart' ('lib/features/safety/domain/entities/check_in.dart').
          )).thenAnswer((_) async => updatedCheckInModel);
                                     ^
test/features/safety/data/repositories/safety_repository_impl_test.dart:458:53: Error: The argument type 'CheckInModel' can't be assigned to the parameter type 'CheckIn'.
 - 'CheckInModel' is from 'package:soloadventurer/features/safety/data/models/check_in_model.dart' ('lib/features/safety/data/models/check_in_model.dart').
 - 'CheckIn' is from 'package:soloadventurer/features/safety/domain/entities/check_in.dart' ('lib/features/safety/domain/entities/check_in.dart').
      verify(() => mockLocalDataSource.cacheCheckIn(updatedCheckInModel))
                                                    ^
test/features/safety/data/repositories/safety_repository_impl_test.dart:582:36: Error: A value of type 'List<dynamic>' can't be returned from an async function with return type 'Future<List<LocationUpdate>>'.
 - 'List' is from 'dart:core'.
 - 'Future' is from 'dart:async'.
 - 'LocationUpdate' is from 'package:soloadventurer/features/safety/domain/entities/location_update.dart' ('lib/features/safety/domain/entities/location_update.dart').
          .thenAnswer((_) async => locationUpdates);
                                   ^
test/features/safety/data/repositories/safety_repository_impl_test.dart:592:61: Error: The argument type 'List<dynamic>' can't be assigned to the parameter type 'List<LocationUpdate>'.
 - 'List' is from 'dart:core'.
 - 'LocationUpdate' is from 'package:soloadventurer/features/safety/domain/entities/location_update.dart' ('lib/features/safety/domain/entities/location_update.dart').
      verify(() => mockLocalDataSource.cacheLocationUpdates(locationUpdates))
                                                            ^
test/features/safety/data/repositories/safety_repository_impl_test.dart:604:36: Error: A value of type 'List<dynamic>' can't be returned from an async function with return type 'Future<List<LocationUpdate>>'.
 - 'List' is from 'dart:core'.
 - 'Future' is from 'dart:async'.
 - 'LocationUpdate' is from 'package:soloadventurer/features/safety/domain/entities/location_update.dart' ('lib/features/safety/domain/entities/location_update.dart').
          .thenAnswer((_) async => cachedUpdates);
                                   ^
test/features/safety/data/repositories/safety_repository_impl_test.dart:626:38: Error: A value of type 'List<dynamic>' can't be returned from an async function with return type 'Future<List<LocationUpdate>>'.
 - 'List' is from 'dart:core'.
 - 'Future' is from 'dart:async'.
 - 'LocationUpdate' is from 'package:soloadventurer/features/safety/domain/entities/location_update.dart' ('lib/features/safety/domain/entities/location_update.dart').
          )).thenAnswer((_) async => locationUpdates);
                                     ^
test/features/safety/data/repositories/safety_repository_impl_test.dart:655:36: Error: A value of type 'List<dynamic>' can't be returned from an async function with return type 'Future<List<LocationUpdate>>'.
 - 'List' is from 'dart:core'.
 - 'Future' is from 'dart:async'.
 - 'LocationUpdate' is from 'package:soloadventurer/features/safety/domain/entities/location_update.dart' ('lib/features/safety/domain/entities/location_update.dart').
          .thenAnswer((_) async => cachedUpdates);
                                   ^
test/features/safety/data/repositories/safety_repository_impl_test.dart:681:36: Error: A value of type 'TrustedContactModel' can't be returned from an async function with return type 'Future<TrustedContact?>'.
 - 'TrustedContactModel' is from 'package:soloadventurer/features/safety/data/models/trusted_contact_model.dart' ('lib/features/safety/data/models/trusted_contact_model.dart').
 - 'Future' is from 'dart:async'.
 - 'TrustedContact' is from 'package:soloadventurer/features/safety/domain/entities/trusted_contact.dart' ('lib/features/safety/domain/entities/trusted_contact.dart').
          .thenAnswer((_) async => cachedContactModel);
                                   ^
test/features/safety/data/repositories/safety_repository_impl_test.dart:722:38: Error: A value of type 'SafetyAlertModel' can't be returned from an async function with return type 'Future<SafetyAlert>'.
 - 'SafetyAlertModel' is from 'package:soloadventurer/features/safety/data/models/safety_alert_model.dart' ('lib/features/safety/data/models/safety_alert_model.dart').
 - 'Future' is from 'dart:async'.
 - 'SafetyAlert' is from 'package:soloadventurer/features/safety/domain/entities/safety_alert.dart' ('lib/features/safety/domain/entities/safety_alert.dart').
          )).thenAnswer((_) async => testAlertModel);
                                     ^
test/features/safety/data/repositories/safety_repository_impl_test.dart:747:57: Error: The argument type 'SafetyAlertModel' can't be assigned to the parameter type 'SafetyAlert'.
 - 'SafetyAlertModel' is from 'package:soloadventurer/features/safety/data/models/safety_alert_model.dart' ('lib/features/safety/data/models/safety_alert_model.dart').
 - 'SafetyAlert' is from 'package:soloadventurer/features/safety/domain/entities/safety_alert.dart' ('lib/features/safety/domain/entities/safety_alert.dart').
      verify(() => mockLocalDataSource.cacheSafetyAlert(testAlertModel))
                                                        ^
test/features/safety/data/repositories/safety_repository_impl_test.dart:881:36: Error: A value of type 'List<SafetyAlertModel>' can't be returned from an async function with return type 'Future<List<SafetyAlert>>'.
 - 'List' is from 'dart:core'.
 - 'SafetyAlertModel' is from 'package:soloadventurer/features/safety/data/models/safety_alert_model.dart' ('lib/features/safety/data/models/safety_alert_model.dart').
 - 'Future' is from 'dart:async'.
 - 'SafetyAlert' is from 'package:soloadventurer/features/safety/domain/entities/safety_alert.dart' ('lib/features/safety/domain/entities/safety_alert.dart').
          .thenAnswer((_) async => testAlerts);
                                   ^
test/features/safety/data/repositories/safety_repository_impl_test.dart:891:58: Error: The argument type 'List<SafetyAlertModel>' can't be assigned to the parameter type 'List<SafetyAlert>'.
 - 'List' is from 'dart:core'.
 - 'SafetyAlertModel' is from 'package:soloadventurer/features/safety/data/models/safety_alert_model.dart' ('lib/features/safety/data/models/safety_alert_model.dart').
 - 'SafetyAlert' is from 'package:soloadventurer/features/safety/domain/entities/safety_alert.dart' ('lib/features/safety/domain/entities/safety_alert.dart').
      verify(() => mockLocalDataSource.cacheSafetyAlerts(testAlerts)).called(1);
                                                         ^
test/features/safety/data/repositories/safety_repository_impl_test.dart:899:36: Error: A value of type 'List<SafetyAlertModel>' can't be returned from an async function with return type 'Future<List<SafetyAlert>>'.
 - 'List' is from 'dart:core'.
 - 'SafetyAlertModel' is from 'package:soloadventurer/features/safety/data/models/safety_alert_model.dart' ('lib/features/safety/data/models/safety_alert_model.dart').
 - 'Future' is from 'dart:async'.
 - 'SafetyAlert' is from 'package:soloadventurer/features/safety/domain/entities/safety_alert.dart' ('lib/features/safety/domain/entities/safety_alert.dart').
          .thenAnswer((_) async => testAlerts);
                                   ^
test/features/safety/data/repositories/safety_repository_impl_test.dart:916:36: Error: A value of type 'SafetyAlertModel' can't be returned from an async function with return type 'Future<SafetyAlert>'.
 - 'SafetyAlertModel' is from 'package:soloadventurer/features/safety/data/models/safety_alert_model.dart' ('lib/features/safety/data/models/safety_alert_model.dart').
 - 'Future' is from 'dart:async'.
 - 'SafetyAlert' is from 'package:soloadventurer/features/safety/domain/entities/safety_alert.dart' ('lib/features/safety/domain/entities/safety_alert.dart').
          .thenAnswer((_) async => testAlertModel);
                                   ^
test/features/safety/data/repositories/safety_repository_impl_test.dart:926:57: Error: The argument type 'SafetyAlertModel' can't be assigned to the parameter type 'SafetyAlert'.
 - 'SafetyAlertModel' is from 'package:soloadventurer/features/safety/data/models/safety_alert_model.dart' ('lib/features/safety/data/models/safety_alert_model.dart').
 - 'SafetyAlert' is from 'package:soloadventurer/features/safety/domain/entities/safety_alert.dart' ('lib/features/safety/domain/entities/safety_alert.dart').
      verify(() => mockLocalDataSource.cacheSafetyAlert(testAlertModel))
                                                        ^
test/features/safety/data/repositories/safety_repository_impl_test.dart:949:38: Error: A value of type 'List<SafetyAlertModel>' can't be returned from an async function with return type 'Future<List<SafetyAlert>>'.
 - 'List' is from 'dart:core'.
 - 'SafetyAlertModel' is from 'package:soloadventurer/features/safety/data/models/safety_alert_model.dart' ('lib/features/safety/data/models/safety_alert_model.dart').
 - 'Future' is from 'dart:async'.
 - 'SafetyAlert' is from 'package:soloadventurer/features/safety/domain/entities/safety_alert.dart' ('lib/features/safety/domain/entities/safety_alert.dart').
          )).thenAnswer((_) async => testAlerts);
                                     ^
test/features/safety/data/repositories/safety_repository_impl_test.dart:969:38: Error: A value of type 'List<SafetyAlertModel>' can't be returned from an async function with return type 'Future<List<SafetyAlert>>'.
 - 'List' is from 'dart:core'.
 - 'SafetyAlertModel' is from 'package:soloadventurer/features/safety/data/models/safety_alert_model.dart' ('lib/features/safety/data/models/safety_alert_model.dart').
 - 'Future' is from 'dart:async'.
 - 'SafetyAlert' is from 'package:soloadventurer/features/safety/domain/entities/safety_alert.dart' ('lib/features/safety/domain/entities/safety_alert.dart').
          )).thenAnswer((_) async => emergencyAlerts);
                                     ^
test/features/safety/data/repositories/safety_repository_impl_test.dart:996:36: Error: A value of type 'SafetyAlertModel' can't be returned from an async function with return type 'Future<SafetyAlert?>'.
 - 'SafetyAlertModel' is from 'package:soloadventurer/features/safety/data/models/safety_alert_model.dart' ('lib/features/safety/data/models/safety_alert_model.dart').
 - 'Future' is from 'dart:async'.
 - 'SafetyAlert' is from 'package:soloadventurer/features/safety/domain/entities/safety_alert.dart' ('lib/features/safety/domain/entities/safety_alert.dart').
          .thenAnswer((_) async => cachedAlertModel);
                                   ^
test/features/safety/data/repositories/safety_repository_impl_test.dart:1029:36: Error: A value of type 'SafetyAlertModel' can't be returned from an async function with return type 'Future<SafetyAlert?>'.
 - 'SafetyAlertModel' is from 'package:soloadventurer/features/safety/data/models/safety_alert_model.dart' ('lib/features/safety/data/models/safety_alert_model.dart').
 - 'Future' is from 'dart:async'.
 - 'SafetyAlert' is from 'package:soloadventurer/features/safety/domain/entities/safety_alert.dart' ('lib/features/safety/domain/entities/safety_alert.dart').
          .thenAnswer((_) async => cachedAlertModel);
                                   ^
test/features/safety/data/repositories/safety_repository_impl_test.dart:1057:36: Error: A value of type 'SafetyAlertModel' can't be returned from an async function with return type 'Future<SafetyAlert?>'.
 - 'SafetyAlertModel' is from 'package:soloadventurer/features/safety/data/models/safety_alert_model.dart' ('lib/features/safety/data/models/safety_alert_model.dart').
 - 'Future' is from 'dart:async'.
 - 'SafetyAlert' is from 'package:soloadventurer/features/safety/domain/entities/safety_alert.dart' ('lib/features/safety/domain/entities/safety_alert.dart').
          .thenAnswer((_) async => cachedAlertModel);
                                   ^
test/features/safety/data/repositories/safety_repository_impl_test.dart:1092:36: Error: A value of type 'List<SafetyAlertModel>' can't be returned from an async function with return type 'Future<List<SafetyAlert>>'.
 - 'List' is from 'dart:core'.
 - 'SafetyAlertModel' is from 'package:soloadventurer/features/safety/data/models/safety_alert_model.dart' ('lib/features/safety/data/models/safety_alert_model.dart').
 - 'Future' is from 'dart:async'.
 - 'SafetyAlert' is from 'package:soloadventurer/features/safety/domain/entities/safety_alert.dart' ('lib/features/safety/domain/entities/safety_alert.dart').
          .thenAnswer((_) async => alertModels);
                                   ^
test/features/safety/data/repositories/safety_repository_impl_test.dart:1118:36: Error: A value of type 'List<SafetyAlertModel>' can't be returned from an async function with return type 'Future<List<SafetyAlert>>'.
 - 'List' is from 'dart:core'.
 - 'SafetyAlertModel' is from 'package:soloadventurer/features/safety/data/models/safety_alert_model.dart' ('lib/features/safety/data/models/safety_alert_model.dart').
 - 'Future' is from 'dart:async'.
 - 'SafetyAlert' is from 'package:soloadventurer/features/safety/domain/entities/safety_alert.dart' ('lib/features/safety/domain/entities/safety_alert.dart').
          .thenAnswer((_) async => alertModels);
                                   ^
test/features/safety/data/repositories/safety_repository_impl_test.dart:1290:36: Error: A value of type 'TrustedContactModel' can't be returned from an async function with return type 'Future<TrustedContact?>'.
 - 'TrustedContactModel' is from 'package:soloadventurer/features/safety/data/models/trusted_contact_model.dart' ('lib/features/safety/data/models/trusted_contact_model.dart').
 - 'Future' is from 'dart:async'.
 - 'TrustedContact' is from 'package:soloadventurer/features/safety/domain/entities/trusted_contact.dart' ('lib/features/safety/domain/entities/trusted_contact.dart').
          .thenAnswer((_) async => cachedContactModel);
                                   ^
lib/features/safety/data/models/location_update_model.dart:50:25: Error: The getter 'emergency' isn't defined for the type 'LocationUpdate'.
 - 'LocationUpdate' is from 'package:soloadventurer/features/safety/domain/entities/location_update.dart' ('lib/features/safety/domain/entities/location_update.dart').
Try correcting the name to the name of an existing getter, or defining a getter or field named 'emergency'.
      emergency: entity.emergency,
                        ^^^^^^^^^
lib/features/safety/data/models/location_update_model.dart:52:23: Error: The getter 'alertId' isn't defined for the type 'LocationUpdate'.
 - 'LocationUpdate' is from 'package:soloadventurer/features/safety/domain/entities/location_update.dart' ('lib/features/safety/domain/entities/location_update.dart').
Try correcting the name to the name of an existing getter, or defining a getter or field named 'alertId'.
      alertId: entity.alertId,
                      ^^^^^^^
lib/features/safety/data/models/location_update_model.dart:53:22: Error: The getter 'tripId' isn't defined for the type 'LocationUpdate'.
 - 'LocationUpdate' is from 'package:soloadventurer/features/safety/domain/entities/location_update.dart' ('lib/features/safety/domain/entities/location_update.dart').
Try correcting the name to the name of an existing getter, or defining a getter or field named 'tripId'.
      tripId: entity.tripId,
                     ^^^^^^
lib/features/safety/data/models/location_update_model.dart:54:25: Error: The getter 'expiresAt' isn't defined for the type 'LocationUpdate'.
 - 'LocationUpdate' is from 'package:soloadventurer/features/safety/domain/entities/location_update.dart' ('lib/features/safety/domain/entities/location_update.dart').
Try correcting the name to the name of an existing getter, or defining a getter or field named 'expiresAt'.
      expiresAt: entity.expiresAt,
                        ^^^^^^^^^
lib/features/safety/data/models/location_update_model.dart:56:25: Error: The getter 'updatedAt' isn't defined for the type 'LocationUpdate'.
 - 'LocationUpdate' is from 'package:soloadventurer/features/safety/domain/entities/location_update.dart' ('lib/features/safety/domain/entities/location_update.dart').
Try correcting the name to the name of an existing getter, or defining a getter or field named 'updatedAt'.
      updatedAt: entity.updatedAt,
                        ^^^^^^^^^
lib/features/safety/data/models/location_update_model.dart:74:7: Error: No named parameter with the name 'emergency'.
      emergency: emergency,
      ^^^^^^^^^
lib/features/safety/domain/entities/location_update.dart:21:17: Context: Found this candidate, but the arguments don't match.
  const factory LocationUpdate({
                ^
lib/features/safety/data/models/safety_status_model.dart:34:26: Error: The getter 'statusType' isn't defined for the type 'SafetyStatus'.
 - 'SafetyStatus' is from 'package:soloadventurer/features/safety/domain/entities/safety_status.dart' ('lib/features/safety/domain/entities/safety_status.dart').
Try correcting the name to the name of an existing getter, or defining a getter or field named 'statusType'.
      statusType: entity.statusType,
                         ^^^^^^^^^^
lib/features/safety/data/models/safety_status_model.dart:51:7: Error: No named parameter with the name 'statusType'.
      statusType: statusType,
      ^^^^^^^^^^
lib/features/safety/domain/entities/safety_status.dart:24:17: Context: Found this candidate, but the arguments don't match.
  const factory SafetyStatus({
                ^
test/helpers/safety_test_helpers.dart:248:5: Error: No named parameter with the name 'statusType'.
    statusType: statusType,
    ^^^^^^^^^^
lib/features/safety/domain/entities/safety_status.dart:24:17: Context: Found this candidate, but the arguments don't match.
  const factory SafetyStatus({
                ^
test/helpers/safety_test_helpers.dart:298:5: Error: No named parameter with the name 'emergency'.
    emergency: emergency,
    ^^^^^^^^^
lib/features/safety/domain/entities/location_update.dart:21:17: Context: Found this candidate, but the arguments don't match.
  const factory LocationUpdate({
                ^
01:04 +131 -64: loading /Users/anthonyforan/SoloAdventurer_app/test/features/safety/data/repositories/safety_repository_impl_test.dart [E]                                                             
  Failed to load "/Users/anthonyforan/SoloAdventurer_app/test/features/safety/data/repositories/safety_repository_impl_test.dart":
  Compilation failed for testPath=/Users/anthonyforan/SoloAdventurer_app/test/features/safety/data/repositories/safety_repository_impl_test.dart: lib/core/error/safety_exceptions.dart:5:31: Error: The super constructor has no corresponding positional parameter.
    const SafetyException(super.message, {required super.code});
                                ^
  test/features/safety/data/repositories/safety_repository_impl_test.dart:68:28: Error: Couldn't find constructor 'NetworkException'.
            .thenThrow(const NetworkException('No internet connection'));
                             ^^^^^^^^^^^^^^^^
  test/features/safety/data/repositories/safety_repository_impl_test.dart:80:43: Error: Required named parameter 'code' must be provided.
            .thenThrow(const SafetyException('Contact already exists'));
                                            ^
  lib/core/error/safety_exceptions.dart:5:9: Context: Found this candidate, but the arguments don't match.
    const SafetyException(super.message, {required super.code});
          ^^^^^^^^^^^^^^^
  test/features/safety/data/repositories/safety_repository_impl_test.dart:158:28: Error: Couldn't find constructor 'NetworkException'.
            .thenThrow(const NetworkException('No internet'));
                             ^^^^^^^^^^^^^^^^
  test/features/safety/data/repositories/safety_repository_impl_test.dart:192:28: Error: Couldn't find constructor 'NetworkException'.
            .thenThrow(const NetworkException('No internet'));
                             ^^^^^^^^^^^^^^^^
  test/features/safety/data/repositories/safety_repository_impl_test.dart:233:28: Error: Method not found: 'anyNamed'.
              statusMessage: anyNamed('statusMessage'),
                             ^^^^^^^^
  test/features/safety/data/repositories/safety_repository_impl_test.dart:265:23: Error: Method not found: 'anyNamed'.
              deadline: anyNamed('deadline'),
                        ^^^^^^^^
  test/features/safety/data/repositories/safety_repository_impl_test.dart:266:23: Error: Method not found: 'anyNamed'.
              location: anyNamed('location'),
                        ^^^^^^^^
  test/features/safety/data/repositories/safety_repository_impl_test.dart:267:28: Error: Method not found: 'anyNamed'.
              statusMessage: anyNamed('statusMessage'),
                             ^^^^^^^^
  test/features/safety/data/repositories/safety_repository_impl_test.dart:268:31: Error: Method not found: 'anyNamed'.
              notifyContactIds: anyNamed('notifyContactIds'),
                                ^^^^^^^^
  test/features/safety/data/repositories/safety_repository_impl_test.dart:269:21: Error: Method not found: 'anyNamed'.
              tripId: anyNamed('tripId'),
                      ^^^^^^^^
  test/features/safety/data/repositories/safety_repository_impl_test.dart:270:26: Error: Method not found: 'anyNamed'.
              triggerType: anyNamed('triggerType'),
                           ^^^^^^^^
  test/features/safety/data/repositories/safety_repository_impl_test.dart:284:41: Error: Member not found: 'scheduled'.
          triggerType: CheckInTriggerType.scheduled,
                                          ^^^^^^^^^
  test/features/safety/data/repositories/safety_repository_impl_test.dart:297:45: Error: Member not found: 'scheduled'.
              triggerType: CheckInTriggerType.scheduled,
                                              ^^^^^^^^^
  test/features/safety/data/repositories/safety_repository_impl_test.dart:366:28: Error: Couldn't find constructor 'NetworkException'.
            .thenThrow(const NetworkException('No internet'));
                             ^^^^^^^^^^^^^^^^
  test/features/safety/data/repositories/safety_repository_impl_test.dart:400:28: Error: Couldn't find constructor 'NetworkException'.
            .thenThrow(const NetworkException('No internet'));
                             ^^^^^^^^^^^^^^^^
  test/features/safety/data/repositories/safety_repository_impl_test.dart:470:7: Error: No named parameter with the name 'timestamp'.
        timestamp: testDateTime,
        ^^^^^^^^^
  lib/features/safety/data/models/location_update_model.dart:12:17: Context: Found this candidate, but the arguments don't match.
    const factory LocationUpdateModel({
                  ^
  test/features/safety/data/repositories/safety_repository_impl_test.dart:479:23: Error: Method not found: 'anyNamed'.
              accuracy: anyNamed('accuracy'),
                        ^^^^^^^^
  test/features/safety/data/repositories/safety_repository_impl_test.dart:480:23: Error: Method not found: 'anyNamed'.
              altitude: anyNamed('altitude'),
                        ^^^^^^^^
  test/features/safety/data/repositories/safety_repository_impl_test.dart:481:20: Error: Method not found: 'anyNamed'.
              speed: anyNamed('speed'),
                     ^^^^^^^^
  test/features/safety/data/repositories/safety_repository_impl_test.dart:482:22: Error: Method not found: 'anyNamed'.
              heading: anyNamed('heading'),
                       ^^^^^^^^
  test/features/safety/data/repositories/safety_repository_impl_test.dart:483:22: Error: Method not found: 'anyNamed'.
              address: anyNamed('address'),
                       ^^^^^^^^
  test/features/safety/data/repositories/safety_repository_impl_test.dart:484:24: Error: Method not found: 'anyNamed'.
              placeName: anyNamed('placeName'),
                         ^^^^^^^^
  test/features/safety/data/repositories/safety_repository_impl_test.dart:485:34: Error: Method not found: 'anyNamed'.
              shareWithContactIds: anyNamed('shareWithContactIds'),
                                   ^^^^^^^^
  test/features/safety/data/repositories/safety_repository_impl_test.dart:486:27: Error: Method not found: 'anyNamed'.
              batteryLevel: anyNamed('batteryLevel'),
                            ^^^^^^^^
  test/features/safety/data/repositories/safety_repository_impl_test.dart:487:26: Error: Method not found: 'anyNamed'.
              isEmergency: anyNamed('isEmergency'),
                           ^^^^^^^^
  test/features/safety/data/repositories/safety_repository_impl_test.dart:488:31: Error: Method not found: 'anyNamed'.
              emergencyAlertId: anyNamed('emergencyAlertId'),
                                ^^^^^^^^
  test/features/safety/data/repositories/safety_repository_impl_test.dart:489:24: Error: Method not found: 'anyNamed'.
              checkInId: anyNamed('checkInId'),
                         ^^^^^^^^
  test/features/safety/data/repositories/safety_repository_impl_test.dart:523:34: Error: Method not found: 'anyNamed'.
              shareWithContactIds: anyNamed('shareWithContactIds'),
                                   ^^^^^^^^
  test/features/safety/data/repositories/safety_repository_impl_test.dart:524:26: Error: Method not found: 'anyNamed'.
              isEmergency: anyNamed('isEmergency'),
                           ^^^^^^^^
  test/features/safety/data/repositories/safety_repository_impl_test.dart:525:31: Error: Method not found: 'anyNamed'.
              emergencyAlertId: anyNamed('emergencyAlertId'),
                                ^^^^^^^^
  test/features/safety/data/repositories/safety_repository_impl_test.dart:602:28: Error: Couldn't find constructor 'NetworkException'.
            .thenThrow(const NetworkException('No internet'));
                             ^^^^^^^^^^^^^^^^
  test/features/safety/data/repositories/safety_repository_impl_test.dart:624:24: Error: Method not found: 'anyNamed'.
              startDate: anyNamed('startDate'),
                         ^^^^^^^^
  test/features/safety/data/repositories/safety_repository_impl_test.dart:625:22: Error: Method not found: 'anyNamed'.
              endDate: anyNamed('endDate'),
                       ^^^^^^^^
  test/features/safety/data/repositories/safety_repository_impl_test.dart:651:24: Error: Method not found: 'anyNamed'.
              startDate: anyNamed('startDate'),
                         ^^^^^^^^
  test/features/safety/data/repositories/safety_repository_impl_test.dart:652:22: Error: Method not found: 'anyNamed'.
              endDate: anyNamed('endDate'),
                       ^^^^^^^^
  test/features/safety/data/repositories/safety_repository_impl_test.dart:653:30: Error: Couldn't find constructor 'NetworkException'.
            )).thenThrow(const NetworkException('No internet'));
                               ^^^^^^^^^^^^^^^^
  test/features/safety/data/repositories/safety_repository_impl_test.dart:699:13: Error: Method not found: 'argThat'.
              argThat(isA<TrustedContactModel>().having(
              ^^^^^^^
  test/features/safety/data/repositories/safety_repository_impl_test.dart:717:22: Error: Method not found: 'anyNamed'.
              message: anyNamed('message'),
                       ^^^^^^^^
  test/features/safety/data/repositories/safety_repository_impl_test.dart:719:31: Error: Method not found: 'anyNamed'.
              notifyContactIds: anyNamed('notifyContactIds'),
                                ^^^^^^^^
  test/features/safety/data/repositories/safety_repository_impl_test.dart:720:27: Error: Method not found: 'anyNamed'.
              batteryLevel: anyNamed('batteryLevel'),
                            ^^^^^^^^
  test/features/safety/data/repositories/safety_repository_impl_test.dart:721:21: Error: Method not found: 'anyNamed'.
              tripId: anyNamed('tripId'),
                      ^^^^^^^^
  test/features/safety/data/repositories/safety_repository_impl_test.dart:755:9: Error: No named parameter with the name 'status'.
          status: SafetyStatusType.safe,
          ^^^^^^
  lib/features/safety/data/models/safety_status_model.dart:12:17: Context: Found this candidate, but the arguments don't match.
    const factory SafetyStatusModel({
                  ^
  test/features/safety/data/repositories/safety_repository_impl_test.dart:762:22: Error: Method not found: 'anyNamed'.
              message: anyNamed('message'),
                       ^^^^^^^^
  test/features/safety/data/repositories/safety_repository_impl_test.dart:763:23: Error: Method not found: 'anyNamed'.
              location: anyNamed('location'),
                        ^^^^^^^^
  test/features/safety/data/repositories/safety_repository_impl_test.dart:764:27: Error: Method not found: 'anyNamed'.
              batteryLevel: anyNamed('batteryLevel'),
                            ^^^^^^^^
  test/features/safety/data/repositories/safety_repository_impl_test.dart:765:28: Error: Method not found: 'anyNamed'.
              safetyAlertId: anyNamed('safetyAlertId'),
                             ^^^^^^^^
  test/features/safety/data/repositories/safety_repository_impl_test.dart:766:24: Error: Method not found: 'anyNamed'.
              checkInId: anyNamed('checkInId'),
                         ^^^^^^^^
  test/features/safety/data/repositories/safety_repository_impl_test.dart:791:9: Error: No named parameter with the name 'status'.
          status: SafetyStatusType.safe,
          ^^^^^^
  lib/features/safety/data/models/safety_status_model.dart:12:17: Context: Found this candidate, but the arguments don't match.
    const factory SafetyStatusModel({
                  ^
  test/features/safety/data/repositories/safety_repository_impl_test.dart:814:9: Error: No named parameter with the name 'status'.
          status: SafetyStatusType.needHelp,
          ^^^^^^
  lib/features/safety/data/models/safety_status_model.dart:12:17: Context: Found this candidate, but the arguments don't match.
    const factory SafetyStatusModel({
                  ^
  test/features/safety/data/repositories/safety_repository_impl_test.dart:819:28: Error: Couldn't find constructor 'NetworkException'.
            .thenThrow(const NetworkException('No internet'));
                             ^^^^^^^^^^^^^^^^
  test/features/safety/data/repositories/safety_repository_impl_test.dart:835:28: Error: Couldn't find constructor 'NetworkException'.
            .thenThrow(const NetworkException('No internet'));
                             ^^^^^^^^^^^^^^^^
  test/features/safety/data/repositories/safety_repository_impl_test.dart:855:9: Error: No named parameter with the name 'status'.
          status: SafetyStatusType.safe,
          ^^^^^^
  lib/features/safety/data/models/safety_status_model.dart:12:17: Context: Found this candidate, but the arguments don't match.
    const factory SafetyStatusModel({
                  ^
  test/features/safety/data/repositories/safety_repository_impl_test.dart:897:28: Error: Couldn't find constructor 'NetworkException'.
            .thenThrow(const NetworkException('No internet'));
                             ^^^^^^^^^^^^^^^^
  test/features/safety/data/repositories/safety_repository_impl_test.dart:933:28: Error: Couldn't find constructor 'NetworkException'.
            .thenThrow(const NetworkException('No internet'));
                             ^^^^^^^^^^^^^^^^
  test/features/safety/data/repositories/safety_repository_impl_test.dart:948:19: Error: Method not found: 'anyNamed'.
              type: anyNamed('type'),
                    ^^^^^^^^
  test/features/safety/data/repositories/safety_repository_impl_test.dart:968:19: Error: Method not found: 'anyNamed'.
              type: anyNamed('type'),
                    ^^^^^^^^
  test/features/safety/data/repositories/safety_repository_impl_test.dart:988:9: Error: No named parameter with the name 'acknowledgedBy'.
          acknowledgedBy: [],
          ^^^^^^^^^^^^^^
  test/helpers/safety_test_helpers.dart:158:13: Context: Found this candidate, but the arguments don't match.
  SafetyAlert createTestSafetyAlert({
              ^^^^^^^^^^^^^^^^^^^^^
  test/features/safety/data/repositories/safety_repository_impl_test.dart:1012:13: Error: Method not found: 'argThat'.
              argThat(isA<SafetyAlertModel>().having(
              ^^^^^^^
  test/features/safety/data/repositories/safety_repository_impl_test.dart:1042:13: Error: Method not found: 'argThat'.
              argThat(isA<SafetyAlertModel>()
              ^^^^^^^
  test/features/safety/data/repositories/safety_repository_impl_test.dart:1071:70: Error: Member not found: 'canceled'.
                  .having((a) => a.status, 'status', SafetyAlertStatus.canceled)),
                                                                       ^^^^^^^^
  test/features/safety/data/repositories/safety_repository_impl_test.dart:1070:13: Error: Method not found: 'argThat'.
              argThat(isA<SafetyAlertModel>()
              ^^^^^^^
  test/features/safety/data/repositories/safety_repository_impl_test.dart:1116:28: Error: Couldn't find constructor 'NetworkException'.
            .thenThrow(const NetworkException('No internet'));
                             ^^^^^^^^^^^^^^^^
  test/features/safety/data/repositories/safety_repository_impl_test.dart:1167:28: Error: Couldn't find constructor 'NetworkException'.
            .thenThrow(const NetworkException('No internet'));
                             ^^^^^^^^^^^^^^^^
  test/features/safety/data/repositories/safety_repository_impl_test.dart:1222:28: Error: Couldn't find constructor 'NetworkException'.
            .thenThrow(const NetworkException('No internet'));
                             ^^^^^^^^^^^^^^^^
  test/features/safety/data/repositories/safety_repository_impl_test.dart:1238:28: Error: Couldn't find constructor 'NetworkException'.
            .thenThrow(const NetworkException('No internet'));
                             ^^^^^^^^^^^^^^^^
  test/features/safety/data/repositories/safety_repository_impl_test.dart:1310:13: Error: Method not found: 'argThat'.
              argThat(isA<TrustedContactModel>()
              ^^^^^^^
  test/features/safety/data/repositories/safety_repository_impl_test.dart:47:36: Error: A value of type 'TrustedContactModel' can't be returned from an async function with return type 'Future<TrustedContact>'.
   - 'TrustedContactModel' is from 'package:soloadventurer/features/safety/data/models/trusted_contact_model.dart' ('lib/features/safety/data/models/trusted_contact_model.dart').
   - 'Future' is from 'dart:async'.
   - 'TrustedContact' is from 'package:soloadventurer/features/safety/domain/entities/trusted_contact.dart' ('lib/features/safety/domain/entities/trusted_contact.dart').
            .thenAnswer((_) async => testContactModel);
                                     ^
  test/features/safety/data/repositories/safety_repository_impl_test.dart:58:59: Error: The argument type 'TrustedContactModel' can't be assigned to the parameter type 'TrustedContact'.
   - 'TrustedContactModel' is from 'package:soloadventurer/features/safety/data/models/trusted_contact_model.dart' ('lib/features/safety/data/models/trusted_contact_model.dart').
   - 'TrustedContact' is from 'package:soloadventurer/features/safety/domain/entities/trusted_contact.dart' ('lib/features/safety/domain/entities/trusted_contact.dart').
        verify(() => mockRemoteDataSource.addTrustedContact(testContactModel))
                                                            ^
  test/features/safety/data/repositories/safety_repository_impl_test.dart:60:60: Error: The argument type 'TrustedContactModel' can't be assigned to the parameter type 'TrustedContact'.
   - 'TrustedContactModel' is from 'package:soloadventurer/features/safety/data/models/trusted_contact_model.dart' ('lib/features/safety/data/models/trusted_contact_model.dart').
   - 'TrustedContact' is from 'package:soloadventurer/features/safety/domain/entities/trusted_contact.dart' ('lib/features/safety/domain/entities/trusted_contact.dart').
        verify(() => mockLocalDataSource.cacheTrustedContact(testContactModel))
                                                             ^
  test/features/safety/data/repositories/safety_repository_impl_test.dart:114:36: Error: A value of type 'TrustedContactModel' can't be returned from an async function with return type 'Future<TrustedContact>'.
   - 'TrustedContactModel' is from 'package:soloadventurer/features/safety/data/models/trusted_contact_model.dart' ('lib/features/safety/data/models/trusted_contact_model.dart').
   - 'Future' is from 'dart:async'.
   - 'TrustedContact' is from 'package:soloadventurer/features/safety/domain/entities/trusted_contact.dart' ('lib/features/safety/domain/entities/trusted_contact.dart').
            .thenAnswer((_) async => updatedContactModel);
                                     ^
  test/features/safety/data/repositories/safety_repository_impl_test.dart:124:57: Error: The argument type 'TrustedContactModel' can't be assigned to the parameter type 'TrustedContact'.
   - 'TrustedContactModel' is from 'package:soloadventurer/features/safety/data/models/trusted_contact_model.dart' ('lib/features/safety/data/models/trusted_contact_model.dart').
   - 'TrustedContact' is from 'package:soloadventurer/features/safety/domain/entities/trusted_contact.dart' ('lib/features/safety/domain/entities/trusted_contact.dart').
                mockRemoteDataSource.updateTrustedContact(updatedContactModel))
                                                          ^
  test/features/safety/data/repositories/safety_repository_impl_test.dart:126:60: Error: The argument type 'TrustedContactModel' can't be assigned to the parameter type 'TrustedContact'.
   - 'TrustedContactModel' is from 'package:soloadventurer/features/safety/data/models/trusted_contact_model.dart' ('lib/features/safety/data/models/trusted_contact_model.dart').
   - 'TrustedContact' is from 'package:soloadventurer/features/safety/domain/entities/trusted_contact.dart' ('lib/features/safety/domain/entities/trusted_contact.dart').
        verify(() => mockLocalDataSource.cacheTrustedContact(updatedContactModel))
                                                             ^
  test/features/safety/data/repositories/safety_repository_impl_test.dart:137:36: Error: A value of type 'List<TrustedContactModel>' can't be returned from an async function with return type 'Future<List<TrustedContact>>'.
   - 'List' is from 'dart:core'.
   - 'TrustedContactModel' is from 'package:soloadventurer/features/safety/data/models/trusted_contact_model.dart' ('lib/features/safety/data/models/trusted_contact_model.dart').
   - 'Future' is from 'dart:async'.
   - 'TrustedContact' is from 'package:soloadventurer/features/safety/domain/entities/trusted_contact.dart' ('lib/features/safety/domain/entities/trusted_contact.dart').
            .thenAnswer((_) async => contactModels);
                                     ^
  test/features/safety/data/repositories/safety_repository_impl_test.dart:147:61: Error: The argument type 'List<TrustedContactModel>' can't be assigned to the parameter type 'List<TrustedContact>'.
   - 'List' is from 'dart:core'.
   - 'TrustedContactModel' is from 'package:soloadventurer/features/safety/data/models/trusted_contact_model.dart' ('lib/features/safety/data/models/trusted_contact_model.dart').
   - 'TrustedContact' is from 'package:soloadventurer/features/safety/domain/entities/trusted_contact.dart' ('lib/features/safety/domain/entities/trusted_contact.dart').
        verify(() => mockLocalDataSource.cacheTrustedContacts(contactModels))
                                                              ^
  test/features/safety/data/repositories/safety_repository_impl_test.dart:160:36: Error: A value of type 'List<TrustedContactModel>' can't be returned from an async function with return type 'Future<List<TrustedContact>>'.
   - 'List' is from 'dart:core'.
   - 'TrustedContactModel' is from 'package:soloadventurer/features/safety/data/models/trusted_contact_model.dart' ('lib/features/safety/data/models/trusted_contact_model.dart').
   - 'Future' is from 'dart:async'.
   - 'TrustedContact' is from 'package:soloadventurer/features/safety/domain/entities/trusted_contact.dart' ('lib/features/safety/domain/entities/trusted_contact.dart').
            .thenAnswer((_) async => cachedModels);
                                     ^
  test/features/safety/data/repositories/safety_repository_impl_test.dart:174:36: Error: A value of type 'TrustedContactModel' can't be returned from an async function with return type 'Future<TrustedContact>'.
   - 'TrustedContactModel' is from 'package:soloadventurer/features/safety/data/models/trusted_contact_model.dart' ('lib/features/safety/data/models/trusted_contact_model.dart').
   - 'Future' is from 'dart:async'.
   - 'TrustedContact' is from 'package:soloadventurer/features/safety/domain/entities/trusted_contact.dart' ('lib/features/safety/domain/entities/trusted_contact.dart').
            .thenAnswer((_) async => testContactModel);
                                     ^
  test/features/safety/data/repositories/safety_repository_impl_test.dart:185:60: Error: The argument type 'TrustedContactModel' can't be assigned to the parameter type 'TrustedContact'.
   - 'TrustedContactModel' is from 'package:soloadventurer/features/safety/data/models/trusted_contact_model.dart' ('lib/features/safety/data/models/trusted_contact_model.dart').
   - 'TrustedContact' is from 'package:soloadventurer/features/safety/domain/entities/trusted_contact.dart' ('lib/features/safety/domain/entities/trusted_contact.dart').
        verify(() => mockLocalDataSource.cacheTrustedContact(testContactModel))
                                                             ^
  test/features/safety/data/repositories/safety_repository_impl_test.dart:211:36: Error: A value of type 'CheckInModel' can't be returned from an async function with return type 'Future<CheckIn>'.
   - 'CheckInModel' is from 'package:soloadventurer/features/safety/data/models/check_in_model.dart' ('lib/features/safety/data/models/check_in_model.dart').
   - 'Future' is from 'dart:async'.
   - 'CheckIn' is from 'package:soloadventurer/features/safety/domain/entities/check_in.dart' ('lib/features/safety/domain/entities/check_in.dart').
            .thenAnswer((_) async => testCheckInModel);
                                     ^
  test/features/safety/data/repositories/safety_repository_impl_test.dart:220:55: Error: The argument type 'CheckInModel' can't be assigned to the parameter type 'CheckIn'.
   - 'CheckInModel' is from 'package:soloadventurer/features/safety/data/models/check_in_model.dart' ('lib/features/safety/data/models/check_in_model.dart').
   - 'CheckIn' is from 'package:soloadventurer/features/safety/domain/entities/check_in.dart' ('lib/features/safety/domain/entities/check_in.dart').
        verify(() => mockRemoteDataSource.createCheckIn(testCheckInModel))
                                                        ^
  test/features/safety/data/repositories/safety_repository_impl_test.dart:222:53: Error: The argument type 'CheckInModel' can't be assigned to the parameter type 'CheckIn'.
   - 'CheckInModel' is from 'package:soloadventurer/features/safety/data/models/check_in_model.dart' ('lib/features/safety/data/models/check_in_model.dart').
   - 'CheckIn' is from 'package:soloadventurer/features/safety/domain/entities/check_in.dart' ('lib/features/safety/domain/entities/check_in.dart').
        verify(() => mockLocalDataSource.cacheCheckIn(testCheckInModel))
                                                      ^
  test/features/safety/data/repositories/safety_repository_impl_test.dart:234:38: Error: A value of type 'CheckInModel' can't be returned from an async function with return type 'Future<CheckIn>'.
   - 'CheckInModel' is from 'package:soloadventurer/features/safety/data/models/check_in_model.dart' ('lib/features/safety/data/models/check_in_model.dart').
   - 'Future' is from 'dart:async'.
   - 'CheckIn' is from 'package:soloadventurer/features/safety/domain/entities/check_in.dart' ('lib/features/safety/domain/entities/check_in.dart').
            )).thenAnswer((_) async => testCheckInModel);
                                       ^
  test/features/safety/data/repositories/safety_repository_impl_test.dart:252:53: Error: The argument type 'CheckInModel' can't be assigned to the parameter type 'CheckIn'.
   - 'CheckInModel' is from 'package:soloadventurer/features/safety/data/models/check_in_model.dart' ('lib/features/safety/data/models/check_in_model.dart').
   - 'CheckIn' is from 'package:soloadventurer/features/safety/domain/entities/check_in.dart' ('lib/features/safety/domain/entities/check_in.dart').
        verify(() => mockLocalDataSource.cacheCheckIn(testCheckInModel))
                                                      ^
  test/features/safety/data/repositories/safety_repository_impl_test.dart:271:38: Error: A value of type 'CheckInModel' can't be returned from an async function with return type 'Future<CheckIn>'.
   - 'CheckInModel' is from 'package:soloadventurer/features/safety/data/models/check_in_model.dart' ('lib/features/safety/data/models/check_in_model.dart').
   - 'Future' is from 'dart:async'.
   - 'CheckIn' is from 'package:soloadventurer/features/safety/domain/entities/check_in.dart' ('lib/features/safety/domain/entities/check_in.dart').
            )).thenAnswer((_) async => testCheckInModel);
                                       ^
  test/features/safety/data/repositories/safety_repository_impl_test.dart:299:53: Error: The argument type 'CheckInModel' can't be assigned to the parameter type 'CheckIn'.
   - 'CheckInModel' is from 'package:soloadventurer/features/safety/data/models/check_in_model.dart' ('lib/features/safety/data/models/check_in_model.dart').
   - 'CheckIn' is from 'package:soloadventurer/features/safety/domain/entities/check_in.dart' ('lib/features/safety/domain/entities/check_in.dart').
        verify(() => mockLocalDataSource.cacheCheckIn(testCheckInModel))
                                                      ^
  test/features/safety/data/repositories/safety_repository_impl_test.dart:326:36: Error: A value of type 'List<CheckInModel>' can't be returned from an async function with return type 'Future<List<CheckIn>>'.
   - 'List' is from 'dart:core'.
   - 'CheckInModel' is from 'package:soloadventurer/features/safety/data/models/check_in_model.dart' ('lib/features/safety/data/models/check_in_model.dart').
   - 'Future' is from 'dart:async'.
   - 'CheckIn' is from 'package:soloadventurer/features/safety/domain/entities/check_in.dart' ('lib/features/safety/domain/entities/check_in.dart').
            .thenAnswer((_) async => checkInModels);
                                     ^
  test/features/safety/data/repositories/safety_repository_impl_test.dart:336:54: Error: The argument type 'List<CheckInModel>' can't be assigned to the parameter type 'List<CheckIn>'.
   - 'List' is from 'dart:core'.
   - 'CheckInModel' is from 'package:soloadventurer/features/safety/data/models/check_in_model.dart' ('lib/features/safety/data/models/check_in_model.dart').
   - 'CheckIn' is from 'package:soloadventurer/features/safety/domain/entities/check_in.dart' ('lib/features/safety/domain/entities/check_in.dart').
        verify(() => mockLocalDataSource.cacheCheckIns(checkInModels)).called(1);
                                                       ^
  test/features/safety/data/repositories/safety_repository_impl_test.dart:346:36: Error: A value of type 'List<CheckInModel>' can't be returned from an async function with return type 'Future<List<CheckIn>>'.
   - 'List' is from 'dart:core'.
   - 'CheckInModel' is from 'package:soloadventurer/features/safety/data/models/check_in_model.dart' ('lib/features/safety/data/models/check_in_model.dart').
   - 'Future' is from 'dart:async'.
   - 'CheckIn' is from 'package:soloadventurer/features/safety/domain/entities/check_in.dart' ('lib/features/safety/domain/entities/check_in.dart').
            .thenAnswer((_) async => checkInModels);
                                     ^
  test/features/safety/data/repositories/safety_repository_impl_test.dart:356:54: Error: The argument type 'List<CheckInModel>' can't be assigned to the parameter type 'List<CheckIn>'.
   - 'List' is from 'dart:core'.
   - 'CheckInModel' is from 'package:soloadventurer/features/safety/data/models/check_in_model.dart' ('lib/features/safety/data/models/check_in_model.dart').
   - 'CheckIn' is from 'package:soloadventurer/features/safety/domain/entities/check_in.dart' ('lib/features/safety/domain/entities/check_in.dart').
        verify(() => mockLocalDataSource.cacheCheckIns(checkInModels)).called(1);
                                                       ^
  test/features/safety/data/repositories/safety_repository_impl_test.dart:368:36: Error: A value of type 'List<CheckInModel>' can't be returned from an async function with return type 'Future<List<CheckIn>>'.
   - 'List' is from 'dart:core'.
   - 'CheckInModel' is from 'package:soloadventurer/features/safety/data/models/check_in_model.dart' ('lib/features/safety/data/models/check_in_model.dart').
   - 'Future' is from 'dart:async'.
   - 'CheckIn' is from 'package:soloadventurer/features/safety/domain/entities/check_in.dart' ('lib/features/safety/domain/entities/check_in.dart').
            .thenAnswer((_) async => cachedModels);
                                     ^
  test/features/safety/data/repositories/safety_repository_impl_test.dart:382:36: Error: A value of type 'CheckInModel' can't be returned from an async function with return type 'Future<CheckIn>'.
   - 'CheckInModel' is from 'package:soloadventurer/features/safety/data/models/check_in_model.dart' ('lib/features/safety/data/models/check_in_model.dart').
   - 'Future' is from 'dart:async'.
   - 'CheckIn' is from 'package:soloadventurer/features/safety/domain/entities/check_in.dart' ('lib/features/safety/domain/entities/check_in.dart').
            .thenAnswer((_) async => testCheckInModel);
                                     ^
  test/features/safety/data/repositories/safety_repository_impl_test.dart:392:53: Error: The argument type 'CheckInModel' can't be assigned to the parameter type 'CheckIn'.
   - 'CheckInModel' is from 'package:soloadventurer/features/safety/data/models/check_in_model.dart' ('lib/features/safety/data/models/check_in_model.dart').
   - 'CheckIn' is from 'package:soloadventurer/features/safety/domain/entities/check_in.dart' ('lib/features/safety/domain/entities/check_in.dart').
        verify(() => mockLocalDataSource.cacheCheckIn(testCheckInModel))
                                                      ^
  test/features/safety/data/repositories/safety_repository_impl_test.dart:421:36: Error: A value of type 'List<CheckInModel>' can't be returned from an async function with return type 'Future<List<CheckIn>>'.
   - 'List' is from 'dart:core'.
   - 'CheckInModel' is from 'package:soloadventurer/features/safety/data/models/check_in_model.dart' ('lib/features/safety/data/models/check_in_model.dart').
   - 'Future' is from 'dart:async'.
   - 'CheckIn' is from 'package:soloadventurer/features/safety/domain/entities/check_in.dart' ('lib/features/safety/domain/entities/check_in.dart').
            .thenAnswer((_) async => checkInModels);
                                     ^
  test/features/safety/data/repositories/safety_repository_impl_test.dart:442:38: Error: A value of type 'CheckInModel' can't be returned from an async function with return type 'Future<CheckIn>'.
   - 'CheckInModel' is from 'package:soloadventurer/features/safety/data/models/check_in_model.dart' ('lib/features/safety/data/models/check_in_model.dart').
   - 'Future' is from 'dart:async'.
   - 'CheckIn' is from 'package:soloadventurer/features/safety/domain/entities/check_in.dart' ('lib/features/safety/domain/entities/check_in.dart').
            )).thenAnswer((_) async => updatedCheckInModel);
                                       ^
  test/features/safety/data/repositories/safety_repository_impl_test.dart:458:53: Error: The argument type 'CheckInModel' can't be assigned to the parameter type 'CheckIn'.
   - 'CheckInModel' is from 'package:soloadventurer/features/safety/data/models/check_in_model.dart' ('lib/features/safety/data/models/check_in_model.dart').
   - 'CheckIn' is from 'package:soloadventurer/features/safety/domain/entities/check_in.dart' ('lib/features/safety/domain/entities/check_in.dart').
        verify(() => mockLocalDataSource.cacheCheckIn(updatedCheckInModel))
                                                      ^
  test/features/safety/data/repositories/safety_repository_impl_test.dart:582:36: Error: A value of type 'List<dynamic>' can't be returned from an async function with return type 'Future<List<LocationUpdate>>'.
   - 'List' is from 'dart:core'.
   - 'Future' is from 'dart:async'.
   - 'LocationUpdate' is from 'package:soloadventurer/features/safety/domain/entities/location_update.dart' ('lib/features/safety/domain/entities/location_update.dart').
            .thenAnswer((_) async => locationUpdates);
                                     ^
  test/features/safety/data/repositories/safety_repository_impl_test.dart:592:61: Error: The argument type 'List<dynamic>' can't be assigned to the parameter type 'List<LocationUpdate>'.
   - 'List' is from 'dart:core'.
   - 'LocationUpdate' is from 'package:soloadventurer/features/safety/domain/entities/location_update.dart' ('lib/features/safety/domain/entities/location_update.dart').
        verify(() => mockLocalDataSource.cacheLocationUpdates(locationUpdates))
                                                              ^
  test/features/safety/data/repositories/safety_repository_impl_test.dart:604:36: Error: A value of type 'List<dynamic>' can't be returned from an async function with return type 'Future<List<LocationUpdate>>'.
   - 'List' is from 'dart:core'.
   - 'Future' is from 'dart:async'.
   - 'LocationUpdate' is from 'package:soloadventurer/features/safety/domain/entities/location_update.dart' ('lib/features/safety/domain/entities/location_update.dart').
            .thenAnswer((_) async => cachedUpdates);
                                     ^
  test/features/safety/data/repositories/safety_repository_impl_test.dart:626:38: Error: A value of type 'List<dynamic>' can't be returned from an async function with return type 'Future<List<LocationUpdate>>'.
   - 'List' is from 'dart:core'.
   - 'Future' is from 'dart:async'.
   - 'LocationUpdate' is from 'package:soloadventurer/features/safety/domain/entities/location_update.dart' ('lib/features/safety/domain/entities/location_update.dart').
            )).thenAnswer((_) async => locationUpdates);
                                       ^
  test/features/safety/data/repositories/safety_repository_impl_test.dart:655:36: Error: A value of type 'List<dynamic>' can't be returned from an async function with return type 'Future<List<LocationUpdate>>'.
   - 'List' is from 'dart:core'.
   - 'Future' is from 'dart:async'.
   - 'LocationUpdate' is from 'package:soloadventurer/features/safety/domain/entities/location_update.dart' ('lib/features/safety/domain/entities/location_update.dart').
            .thenAnswer((_) async => cachedUpdates);
                                     ^
  test/features/safety/data/repositories/safety_repository_impl_test.dart:681:36: Error: A value of type 'TrustedContactModel' can't be returned from an async function with return type 'Future<TrustedContact?>'.
   - 'TrustedContactModel' is from 'package:soloadventurer/features/safety/data/models/trusted_contact_model.dart' ('lib/features/safety/data/models/trusted_contact_model.dart').
   - 'Future' is from 'dart:async'.
   - 'TrustedContact' is from 'package:soloadventurer/features/safety/domain/entities/trusted_contact.dart' ('lib/features/safety/domain/entities/trusted_contact.dart').
            .thenAnswer((_) async => cachedContactModel);
                                     ^
  test/features/safety/data/repositories/safety_repository_impl_test.dart:722:38: Error: A value of type 'SafetyAlertModel' can't be returned from an async function with return type 'Future<SafetyAlert>'.
   - 'SafetyAlertModel' is from 'package:soloadventurer/features/safety/data/models/safety_alert_model.dart' ('lib/features/safety/data/models/safety_alert_model.dart').
   - 'Future' is from 'dart:async'.
   - 'SafetyAlert' is from 'package:soloadventurer/features/safety/domain/entities/safety_alert.dart' ('lib/features/safety/domain/entities/safety_alert.dart').
            )).thenAnswer((_) async => testAlertModel);
                                       ^
  test/features/safety/data/repositories/safety_repository_impl_test.dart:747:57: Error: The argument type 'SafetyAlertModel' can't be assigned to the parameter type 'SafetyAlert'.
   - 'SafetyAlertModel' is from 'package:soloadventurer/features/safety/data/models/safety_alert_model.dart' ('lib/features/safety/data/models/safety_alert_model.dart').
   - 'SafetyAlert' is from 'package:soloadventurer/features/safety/domain/entities/safety_alert.dart' ('lib/features/safety/domain/entities/safety_alert.dart').
        verify(() => mockLocalDataSource.cacheSafetyAlert(testAlertModel))
                                                          ^
  test/features/safety/data/repositories/safety_repository_impl_test.dart:881:36: Error: A value of type 'List<SafetyAlertModel>' can't be returned from an async function with return type 'Future<List<SafetyAlert>>'.
   - 'List' is from 'dart:core'.
   - 'SafetyAlertModel' is from 'package:soloadventurer/features/safety/data/models/safety_alert_model.dart' ('lib/features/safety/data/models/safety_alert_model.dart').
   - 'Future' is from 'dart:async'.
   - 'SafetyAlert' is from 'package:soloadventurer/features/safety/domain/entities/safety_alert.dart' ('lib/features/safety/domain/entities/safety_alert.dart').
            .thenAnswer((_) async => testAlerts);
                                     ^
  test/features/safety/data/repositories/safety_repository_impl_test.dart:891:58: Error: The argument type 'List<SafetyAlertModel>' can't be assigned to the parameter type 'List<SafetyAlert>'.
   - 'List' is from 'dart:core'.
   - 'SafetyAlertModel' is from 'package:soloadventurer/features/safety/data/models/safety_alert_model.dart' ('lib/features/safety/data/models/safety_alert_model.dart').
   - 'SafetyAlert' is from 'package:soloadventurer/features/safety/domain/entities/safety_alert.dart' ('lib/features/safety/domain/entities/safety_alert.dart').
        verify(() => mockLocalDataSource.cacheSafetyAlerts(testAlerts)).called(1);
                                                           ^
  test/features/safety/data/repositories/safety_repository_impl_test.dart:899:36: Error: A value of type 'List<SafetyAlertModel>' can't be returned from an async function with return type 'Future<List<SafetyAlert>>'.
   - 'List' is from 'dart:core'.
   - 'SafetyAlertModel' is from 'package:soloadventurer/features/safety/data/models/safety_alert_model.dart' ('lib/features/safety/data/models/safety_alert_model.dart').
   - 'Future' is from 'dart:async'.
   - 'SafetyAlert' is from 'package:soloadventurer/features/safety/domain/entities/safety_alert.dart' ('lib/features/safety/domain/entities/safety_alert.dart').
            .thenAnswer((_) async => testAlerts);
                                     ^
  test/features/safety/data/repositories/safety_repository_impl_test.dart:916:36: Error: A value of type 'SafetyAlertModel' can't be returned from an async function with return type 'Future<SafetyAlert>'.
   - 'SafetyAlertModel' is from 'package:soloadventurer/features/safety/data/models/safety_alert_model.dart' ('lib/features/safety/data/models/safety_alert_model.dart').
   - 'Future' is from 'dart:async'.
   - 'SafetyAlert' is from 'package:soloadventurer/features/safety/domain/entities/safety_alert.dart' ('lib/features/safety/domain/entities/safety_alert.dart').
            .thenAnswer((_) async => testAlertModel);
                                     ^
  test/features/safety/data/repositories/safety_repository_impl_test.dart:926:57: Error: The argument type 'SafetyAlertModel' can't be assigned to the parameter type 'SafetyAlert'.
   - 'SafetyAlertModel' is from 'package:soloadventurer/features/safety/data/models/safety_alert_model.dart' ('lib/features/safety/data/models/safety_alert_model.dart').
   - 'SafetyAlert' is from 'package:soloadventurer/features/safety/domain/entities/safety_alert.dart' ('lib/features/safety/domain/entities/safety_alert.dart').
        verify(() => mockLocalDataSource.cacheSafetyAlert(testAlertModel))
                                                          ^
  test/features/safety/data/repositories/safety_repository_impl_test.dart:949:38: Error: A value of type 'List<SafetyAlertModel>' can't be returned from an async function with return type 'Future<List<SafetyAlert>>'.
   - 'List' is from 'dart:core'.
   - 'SafetyAlertModel' is from 'package:soloadventurer/features/safety/data/models/safety_alert_model.dart' ('lib/features/safety/data/models/safety_alert_model.dart').
   - 'Future' is from 'dart:async'.
   - 'SafetyAlert' is from 'package:soloadventurer/features/safety/domain/entities/safety_alert.dart' ('lib/features/safety/domain/entities/safety_alert.dart').
            )).thenAnswer((_) async => testAlerts);
                                       ^
  test/features/safety/data/repositories/safety_repository_impl_test.dart:969:38: Error: A value of type 'List<SafetyAlertModel>' can't be returned from an async function with return type 'Future<List<SafetyAlert>>'.
   - 'List' is from 'dart:core'.
   - 'SafetyAlertModel' is from 'package:soloadventurer/features/safety/data/models/safety_alert_model.dart' ('lib/features/safety/data/models/safety_alert_model.dart').
   - 'Future' is from 'dart:async'.
   - 'SafetyAlert' is from 'package:soloadventurer/features/safety/domain/entities/safety_alert.dart' ('lib/features/safety/domain/entities/safety_alert.dart').
            )).thenAnswer((_) async => emergencyAlerts);
                                       ^
  test/features/safety/data/repositories/safety_repository_impl_test.dart:996:36: Error: A value of type 'SafetyAlertModel' can't be returned from an async function with return type 'Future<SafetyAlert?>'.
   - 'SafetyAlertModel' is from 'package:soloadventurer/features/safety/data/models/safety_alert_model.dart' ('lib/features/safety/data/models/safety_alert_model.dart').
   - 'Future' is from 'dart:async'.
   - 'SafetyAlert' is from 'package:soloadventurer/features/safety/domain/entities/safety_alert.dart' ('lib/features/safety/domain/entities/safety_alert.dart').
            .thenAnswer((_) async => cachedAlertModel);
                                     ^
  test/features/safety/data/repositories/safety_repository_impl_test.dart:1029:36: Error: A value of type 'SafetyAlertModel' can't be returned from an async function with return type 'Future<SafetyAlert?>'.
   - 'SafetyAlertModel' is from 'package:soloadventurer/features/safety/data/models/safety_alert_model.dart' ('lib/features/safety/data/models/safety_alert_model.dart').
   - 'Future' is from 'dart:async'.
   - 'SafetyAlert' is from 'package:soloadventurer/features/safety/domain/entities/safety_alert.dart' ('lib/features/safety/domain/entities/safety_alert.dart').
            .thenAnswer((_) async => cachedAlertModel);
                                     ^
  test/features/safety/data/repositories/safety_repository_impl_test.dart:1057:36: Error: A value of type 'SafetyAlertModel' can't be returned from an async function with return type 'Future<SafetyAlert?>'.
   - 'SafetyAlertModel' is from 'package:soloadventurer/features/safety/data/models/safety_alert_model.dart' ('lib/features/safety/data/models/safety_alert_model.dart').
   - 'Future' is from 'dart:async'.
   - 'SafetyAlert' is from 'package:soloadventurer/features/safety/domain/entities/safety_alert.dart' ('lib/features/safety/domain/entities/safety_alert.dart').
            .thenAnswer((_) async => cachedAlertModel);
                                     ^
  test/features/safety/data/repositories/safety_repository_impl_test.dart:1092:36: Error: A value of type 'List<SafetyAlertModel>' can't be returned from an async function with return type 'Future<List<SafetyAlert>>'.
   - 'List' is from 'dart:core'.
   - 'SafetyAlertModel' is from 'package:soloadventurer/features/safety/data/models/safety_alert_model.dart' ('lib/features/safety/data/models/safety_alert_model.dart').
   - 'Future' is from 'dart:async'.
   - 'SafetyAlert' is from 'package:soloadventurer/features/safety/domain/entities/safety_alert.dart' ('lib/features/safety/domain/entities/safety_alert.dart').
            .thenAnswer((_) async => alertModels);
                                     ^
  test/features/safety/data/repositories/safety_repository_impl_test.dart:1118:36: Error: A value of type 'List<SafetyAlertModel>' can't be returned from an async function with return type 'Future<List<SafetyAlert>>'.
   - 'List' is from 'dart:core'.
   - 'SafetyAlertModel' is from 'package:soloadventurer/features/safety/data/models/safety_alert_model.dart' ('lib/features/safety/data/models/safety_alert_model.dart').
   - 'Future' is from 'dart:async'.
   - 'SafetyAlert' is from 'package:soloadventurer/features/safety/domain/entities/safety_alert.dart' ('lib/features/safety/domain/entities/safety_alert.dart').
            .thenAnswer((_) async => alertModels);
                                     ^
  test/features/safety/data/repositories/safety_repository_impl_test.dart:1290:36: Error: A value of type 'TrustedContactModel' can't be returned from an async function with return type 'Future<TrustedContact?>'.
   - 'TrustedContactModel' is from 'package:soloadventurer/features/safety/data/models/trusted_contact_model.dart' ('lib/features/safety/data/models/trusted_contact_model.dart').
   - 'Future' is from 'dart:async'.
   - 'TrustedContact' is from 'package:soloadventurer/features/safety/domain/entities/trusted_contact.dart' ('lib/features/safety/domain/entities/trusted_contact.dart').
            .thenAnswer((_) async => cachedContactModel);
                                     ^
  lib/features/safety/data/models/location_update_model.dart:50:25: Error: The getter 'emergency' isn't defined for the type 'LocationUpdate'.
   - 'LocationUpdate' is from 'package:soloadventurer/features/safety/domain/entities/location_update.dart' ('lib/features/safety/domain/entities/location_update.dart').
  Try correcting the name to the name of an existing getter, or defining a getter or field named 'emergency'.
        emergency: entity.emergency,
                          ^^^^^^^^^
  lib/features/safety/data/models/location_update_model.dart:52:23: Error: The getter 'alertId' isn't defined for the type 'LocationUpdate'.
   - 'LocationUpdate' is from 'package:soloadventurer/features/safety/domain/entities/location_update.dart' ('lib/features/safety/domain/entities/location_update.dart').
  Try correcting the name to the name of an existing getter, or defining a getter or field named 'alertId'.
        alertId: entity.alertId,
                        ^^^^^^^
  lib/features/safety/data/models/location_update_model.dart:53:22: Error: The getter 'tripId' isn't defined for the type 'LocationUpdate'.
   - 'LocationUpdate' is from 'package:soloadventurer/features/safety/domain/entities/location_update.dart' ('lib/features/safety/domain/entities/location_update.dart').
  Try correcting the name to the name of an existing getter, or defining a getter or field named 'tripId'.
        tripId: entity.tripId,
                       ^^^^^^
  lib/features/safety/data/models/location_update_model.dart:54:25: Error: The getter 'expiresAt' isn't defined for the type 'LocationUpdate'.
   - 'LocationUpdate' is from 'package:soloadventurer/features/safety/domain/entities/location_update.dart' ('lib/features/safety/domain/entities/location_update.dart').
  Try correcting the name to the name of an existing getter, or defining a getter or field named 'expiresAt'.
        expiresAt: entity.expiresAt,
                          ^^^^^^^^^
  lib/features/safety/data/models/location_update_model.dart:56:25: Error: The getter 'updatedAt' isn't defined for the type 'LocationUpdate'.
   - 'LocationUpdate' is from 'package:soloadventurer/features/safety/domain/entities/location_update.dart' ('lib/features/safety/domain/entities/location_update.dart').
  Try correcting the name to the name of an existing getter, or defining a getter or field named 'updatedAt'.
        updatedAt: entity.updatedAt,
                          ^^^^^^^^^
  lib/features/safety/data/models/location_update_model.dart:74:7: Error: No named parameter with the name 'emergency'.
        emergency: emergency,
        ^^^^^^^^^
  lib/features/safety/domain/entities/location_update.dart:21:17: Context: Found this candidate, but the arguments don't match.
    const factory LocationUpdate({
                  ^
  lib/features/safety/data/models/safety_status_model.dart:34:26: Error: The getter 'statusType' isn't defined for the type 'SafetyStatus'.
   - 'SafetyStatus' is from 'package:soloadventurer/features/safety/domain/entities/safety_status.dart' ('lib/features/safety/domain/entities/safety_status.dart').
  Try correcting the name to the name of an existing getter, or defining a getter or field named 'statusType'.
        statusType: entity.statusType,
                           ^^^^^^^^^^
  lib/features/safety/data/models/safety_status_model.dart:51:7: Error: No named parameter with the name 'statusType'.
        statusType: statusType,
        ^^^^^^^^^^
  lib/features/safety/domain/entities/safety_status.dart:24:17: Context: Found this candidate, but the arguments don't match.
    const factory SafetyStatus({
                  ^
  test/helpers/safety_test_helpers.dart:248:5: Error: No named parameter with the name 'statusType'.
      statusType: statusType,
      ^^^^^^^^^^
  lib/features/safety/domain/entities/safety_status.dart:24:17: Context: Found this candidate, but the arguments don't match.
    const factory SafetyStatus({
                  ^
  test/helpers/safety_test_helpers.dart:298:5: Error: No named parameter with the name 'emergency'.
      emergency: emergency,
      ^^^^^^^^^
  lib/features/safety/domain/entities/location_update.dart:21:17: Context: Found this candidate, but the arguments don't match.
    const factory LocationUpdate({
                  ^
  .

To run this test again: /opt/homebrew/Caskroom/flutter/3.32.5/flutter/bin/cache/dart-sdk/bin/dart test /Users/anthonyforan/SoloAdventurer_app/test/features/safety/data/repositories/safety_repository_impl_test.dart -p vm --plain-name 'loading /Users/anthonyforan/SoloAdventurer_app/test/features/safety/data/repositories/safety_repository_impl_test.dart'
test/helpers/safety_test_helpers.dart:248:5: Error: No named parameter with the name 'statusType'.
    statusType: statusType,
    ^^^^^^^^^^
lib/features/safety/domain/entities/safety_status.dart:24:17: Context: Found this candidate, but the arguments don't match.
  const factory SafetyStatus({
                ^
test/helpers/safety_test_helpers.dart:298:5: Error: No named parameter with the name 'emergency'.
    emergency: emergency,
    ^^^^^^^^^
lib/features/safety/domain/entities/location_update.dart:21:17: Context: Found this candidate, but the arguments don't match.
  const factory LocationUpdate({
                ^
01:04 +131 -65: loading /Users/anthonyforan/SoloAdventurer_app/test/features/safety/domain/usecases/trigger_emergency_sos_test.dart [E]                                                                
  Failed to load "/Users/anthonyforan/SoloAdventurer_app/test/features/safety/domain/usecases/trigger_emergency_sos_test.dart":
  Compilation failed for testPath=/Users/anthonyforan/SoloAdventurer_app/test/features/safety/domain/usecases/trigger_emergency_sos_test.dart: test/helpers/safety_test_helpers.dart:248:5: Error: No named parameter with the name 'statusType'.
      statusType: statusType,
      ^^^^^^^^^^
  lib/features/safety/domain/entities/safety_status.dart:24:17: Context: Found this candidate, but the arguments don't match.
    const factory SafetyStatus({
                  ^
  test/helpers/safety_test_helpers.dart:298:5: Error: No named parameter with the name 'emergency'.
      emergency: emergency,
      ^^^^^^^^^
  lib/features/safety/domain/entities/location_update.dart:21:17: Context: Found this candidate, but the arguments don't match.
    const factory LocationUpdate({
                  ^
  .

To run this test again: /opt/homebrew/Caskroom/flutter/3.32.5/flutter/bin/cache/dart-sdk/bin/dart test /Users/anthonyforan/SoloAdventurer_app/test/features/safety/domain/usecases/trigger_emergency_sos_test.dart -p vm --plain-name 'loading /Users/anthonyforan/SoloAdventurer_app/test/features/safety/domain/usecases/trigger_emergency_sos_test.dart'
test/helpers/safety_test_helpers.dart:248:5: Error: No named parameter with the name 'statusType'.
    statusType: statusType,
    ^^^^^^^^^^
lib/features/safety/domain/entities/safety_status.dart:24:17: Context: Found this candidate, but the arguments don't match.
  const factory SafetyStatus({
                ^
test/helpers/safety_test_helpers.dart:298:5: Error: No named parameter with the name 'emergency'.
    emergency: emergency,
    ^^^^^^^^^
lib/features/safety/domain/entities/location_update.dart:21:17: Context: Found this candidate, but the arguments don't match.
  const factory LocationUpdate({
                ^
01:05 +131 -66: loading /Users/anthonyforan/SoloAdventurer_app/test/features/safety/domain/usecases/create_check_in_test.dart [E]                                                                      
  Failed to load "/Users/anthonyforan/SoloAdventurer_app/test/features/safety/domain/usecases/create_check_in_test.dart":
  Compilation failed for testPath=/Users/anthonyforan/SoloAdventurer_app/test/features/safety/domain/usecases/create_check_in_test.dart: test/helpers/safety_test_helpers.dart:248:5: Error: No named parameter with the name 'statusType'.
      statusType: statusType,
      ^^^^^^^^^^
  lib/features/safety/domain/entities/safety_status.dart:24:17: Context: Found this candidate, but the arguments don't match.
    const factory SafetyStatus({
                  ^
  test/helpers/safety_test_helpers.dart:298:5: Error: No named parameter with the name 'emergency'.
      emergency: emergency,
      ^^^^^^^^^
  lib/features/safety/domain/entities/location_update.dart:21:17: Context: Found this candidate, but the arguments don't match.
    const factory LocationUpdate({
                  ^
  .

To run this test again: /opt/homebrew/Caskroom/flutter/3.32.5/flutter/bin/cache/dart-sdk/bin/dart test /Users/anthonyforan/SoloAdventurer_app/test/features/safety/domain/usecases/create_check_in_test.dart -p vm --plain-name 'loading /Users/anthonyforan/SoloAdventurer_app/test/features/safety/domain/usecases/create_check_in_test.dart'
test/features/safety/domain/usecases/add_trusted_contact_test.dart:83:9: Error: No named parameter with the name 'communityUserId'.
        communityUserId: 'community-user-123',
        ^^^^^^^^^^^^^^^
test/helpers/safety_test_helpers.dart:46:16: Context: Found this candidate, but the arguments don't match.
TrustedContact createTestTrustedContact({
               ^^^^^^^^^^^^^^^^^^^^^^^^
test/features/safety/domain/usecases/add_trusted_contact_test.dart:218:9: Error: No named parameter with the name 'notes'.
        notes: 'Family member',
        ^^^^^
test/helpers/safety_test_helpers.dart:46:16: Context: Found this candidate, but the arguments don't match.
TrustedContact createTestTrustedContact({
               ^^^^^^^^^^^^^^^^^^^^^^^^
test/helpers/safety_test_helpers.dart:248:5: Error: No named parameter with the name 'statusType'.
    statusType: statusType,
    ^^^^^^^^^^
lib/features/safety/domain/entities/safety_status.dart:24:17: Context: Found this candidate, but the arguments don't match.
  const factory SafetyStatus({
                ^
test/helpers/safety_test_helpers.dart:298:5: Error: No named parameter with the name 'emergency'.
    emergency: emergency,
    ^^^^^^^^^
lib/features/safety/domain/entities/location_update.dart:21:17: Context: Found this candidate, but the arguments don't match.
  const factory LocationUpdate({
                ^
01:06 +131 -67: loading /Users/anthonyforan/SoloAdventurer_app/test/features/safety/domain/usecases/add_trusted_contact_test.dart [E]                                                                  
  Failed to load "/Users/anthonyforan/SoloAdventurer_app/test/features/safety/domain/usecases/add_trusted_contact_test.dart":
  Compilation failed for testPath=/Users/anthonyforan/SoloAdventurer_app/test/features/safety/domain/usecases/add_trusted_contact_test.dart: test/features/safety/domain/usecases/add_trusted_contact_test.dart:83:9: Error: No named parameter with the name 'communityUserId'.
          communityUserId: 'community-user-123',
          ^^^^^^^^^^^^^^^
  test/helpers/safety_test_helpers.dart:46:16: Context: Found this candidate, but the arguments don't match.
  TrustedContact createTestTrustedContact({
                 ^^^^^^^^^^^^^^^^^^^^^^^^
  test/features/safety/domain/usecases/add_trusted_contact_test.dart:218:9: Error: No named parameter with the name 'notes'.
          notes: 'Family member',
          ^^^^^
  test/helpers/safety_test_helpers.dart:46:16: Context: Found this candidate, but the arguments don't match.
  TrustedContact createTestTrustedContact({
                 ^^^^^^^^^^^^^^^^^^^^^^^^
  test/helpers/safety_test_helpers.dart:248:5: Error: No named parameter with the name 'statusType'.
      statusType: statusType,
      ^^^^^^^^^^
  lib/features/safety/domain/entities/safety_status.dart:24:17: Context: Found this candidate, but the arguments don't match.
    const factory SafetyStatus({
                  ^
  test/helpers/safety_test_helpers.dart:298:5: Error: No named parameter with the name 'emergency'.
      emergency: emergency,
      ^^^^^^^^^
  lib/features/safety/domain/entities/location_update.dart:21:17: Context: Found this candidate, but the arguments don't match.
    const factory LocationUpdate({
                  ^
  .

To run this test again: /opt/homebrew/Caskroom/flutter/3.32.5/flutter/bin/cache/dart-sdk/bin/dart test /Users/anthonyforan/SoloAdventurer_app/test/features/safety/domain/usecases/add_trusted_contact_test.dart -p vm --plain-name 'loading /Users/anthonyforan/SoloAdventurer_app/test/features/safety/domain/usecases/add_trusted_contact_test.dart'
test/features/safety/domain/entities/trusted_contact_test.dart:163:9: Error: No named parameter with the name 'revokedAt'.
        revokedAt: revokedAt,
        ^^^^^^^^^
test/helpers/safety_test_helpers.dart:46:16: Context: Found this candidate, but the arguments don't match.
TrustedContact createTestTrustedContact({
               ^^^^^^^^^^^^^^^^^^^^^^^^
test/helpers/safety_test_helpers.dart:248:5: Error: No named parameter with the name 'statusType'.
    statusType: statusType,
    ^^^^^^^^^^
lib/features/safety/domain/entities/safety_status.dart:24:17: Context: Found this candidate, but the arguments don't match.
  const factory SafetyStatus({
                ^
test/helpers/safety_test_helpers.dart:298:5: Error: No named parameter with the name 'emergency'.
    emergency: emergency,
    ^^^^^^^^^
lib/features/safety/domain/entities/location_update.dart:21:17: Context: Found this candidate, but the arguments don't match.
  const factory LocationUpdate({
                ^
01:07 +131 -68: loading /Users/anthonyforan/SoloAdventurer_app/test/features/safety/domain/entities/trusted_contact_test.dart [E]                                                                      
  Failed to load "/Users/anthonyforan/SoloAdventurer_app/test/features/safety/domain/entities/trusted_contact_test.dart":
  Compilation failed for testPath=/Users/anthonyforan/SoloAdventurer_app/test/features/safety/domain/entities/trusted_contact_test.dart: test/features/safety/domain/entities/trusted_contact_test.dart:163:9: Error: No named parameter with the name 'revokedAt'.
          revokedAt: revokedAt,
          ^^^^^^^^^
  test/helpers/safety_test_helpers.dart:46:16: Context: Found this candidate, but the arguments don't match.
  TrustedContact createTestTrustedContact({
                 ^^^^^^^^^^^^^^^^^^^^^^^^
  test/helpers/safety_test_helpers.dart:248:5: Error: No named parameter with the name 'statusType'.
      statusType: statusType,
      ^^^^^^^^^^
  lib/features/safety/domain/entities/safety_status.dart:24:17: Context: Found this candidate, but the arguments don't match.
    const factory SafetyStatus({
                  ^
  test/helpers/safety_test_helpers.dart:298:5: Error: No named parameter with the name 'emergency'.
      emergency: emergency,
      ^^^^^^^^^
  lib/features/safety/domain/entities/location_update.dart:21:17: Context: Found this candidate, but the arguments don't match.
    const factory LocationUpdate({
                  ^
  .

To run this test again: /opt/homebrew/Caskroom/flutter/3.32.5/flutter/bin/cache/dart-sdk/bin/dart test /Users/anthonyforan/SoloAdventurer_app/test/features/safety/domain/entities/trusted_contact_test.dart -p vm --plain-name 'loading /Users/anthonyforan/SoloAdventurer_app/test/features/safety/domain/entities/trusted_contact_test.dart'
test/helpers/safety_test_helpers.dart:248:5: Error: No named parameter with the name 'statusType'.
    statusType: statusType,
    ^^^^^^^^^^
lib/features/safety/domain/entities/safety_status.dart:24:17: Context: Found this candidate, but the arguments don't match.
  const factory SafetyStatus({
                ^
test/helpers/safety_test_helpers.dart:298:5: Error: No named parameter with the name 'emergency'.
    emergency: emergency,
    ^^^^^^^^^
lib/features/safety/domain/entities/location_update.dart:21:17: Context: Found this candidate, but the arguments don't match.
  const factory LocationUpdate({
                ^
01:08 +131 -69: loading /Users/anthonyforan/SoloAdventurer_app/test/features/safety/domain/entities/check_in_test.dart [E]                                                                             
  Failed to load "/Users/anthonyforan/SoloAdventurer_app/test/features/safety/domain/entities/check_in_test.dart":
  Compilation failed for testPath=/Users/anthonyforan/SoloAdventurer_app/test/features/safety/domain/entities/check_in_test.dart: test/helpers/safety_test_helpers.dart:248:5: Error: No named parameter with the name 'statusType'.
      statusType: statusType,
      ^^^^^^^^^^
  lib/features/safety/domain/entities/safety_status.dart:24:17: Context: Found this candidate, but the arguments don't match.
    const factory SafetyStatus({
                  ^
  test/helpers/safety_test_helpers.dart:298:5: Error: No named parameter with the name 'emergency'.
      emergency: emergency,
      ^^^^^^^^^
  lib/features/safety/domain/entities/location_update.dart:21:17: Context: Found this candidate, but the arguments don't match.
    const factory LocationUpdate({
                  ^
  .

To run this test again: /opt/homebrew/Caskroom/flutter/3.32.5/flutter/bin/cache/dart-sdk/bin/dart test /Users/anthonyforan/SoloAdventurer_app/test/features/safety/domain/entities/check_in_test.dart -p vm --plain-name 'loading /Users/anthonyforan/SoloAdventurer_app/test/features/safety/domain/entities/check_in_test.dart'
test/helpers/safety_test_helpers.dart:248:5: Error: No named parameter with the name 'statusType'.
    statusType: statusType,
    ^^^^^^^^^^
lib/features/safety/domain/entities/safety_status.dart:24:17: Context: Found this candidate, but the arguments don't match.
  const factory SafetyStatus({
                ^
test/helpers/safety_test_helpers.dart:298:5: Error: No named parameter with the name 'emergency'.
    emergency: emergency,
    ^^^^^^^^^
lib/features/safety/domain/entities/location_update.dart:21:17: Context: Found this candidate, but the arguments don't match.
  const factory LocationUpdate({
                ^
01:09 +131 -70: loading /Users/anthonyforan/SoloAdventurer_app/test/features/safety/domain/entities/safety_alert_test.dart [E]                                                                         
  Failed to load "/Users/anthonyforan/SoloAdventurer_app/test/features/safety/domain/entities/safety_alert_test.dart":
  Compilation failed for testPath=/Users/anthonyforan/SoloAdventurer_app/test/features/safety/domain/entities/safety_alert_test.dart: test/helpers/safety_test_helpers.dart:248:5: Error: No named parameter with the name 'statusType'.
      statusType: statusType,
      ^^^^^^^^^^
  lib/features/safety/domain/entities/safety_status.dart:24:17: Context: Found this candidate, but the arguments don't match.
    const factory SafetyStatus({
                  ^
  test/helpers/safety_test_helpers.dart:298:5: Error: No named parameter with the name 'emergency'.
      emergency: emergency,
      ^^^^^^^^^
  lib/features/safety/domain/entities/location_update.dart:21:17: Context: Found this candidate, but the arguments don't match.
    const factory LocationUpdate({
                  ^
  .

To run this test again: /opt/homebrew/Caskroom/flutter/3.32.5/flutter/bin/cache/dart-sdk/bin/dart test /Users/anthonyforan/SoloAdventurer_app/test/features/safety/domain/entities/safety_alert_test.dart -p vm --plain-name 'loading /Users/anthonyforan/SoloAdventurer_app/test/features/safety/domain/entities/safety_alert_test.dart'
test/features/safety/presentation/screens/emergency_sos_screen_test.dart:19:60: Error: Type 'SafetyNotifier' not found.
class MockSafetyNotifier extends ChangeNotifier implements SafetyNotifier {
                                                           ^^^^^^^^^^^^^^
test/features/safety/presentation/screens/emergency_sos_screen_test.dart:149:16: Error: Type 'TrustedContactsNotifier' not found.
    implements TrustedContactsNotifier {
               ^^^^^^^^^^^^^^^^^^^^^^^
lib/core/services/location_service_impl.dart:186:3: Error: 'geolocator.LocationAccuracy' can't be used as a type because 'geolocator' doesn't refer to an import prefix.
  geolocator.LocationAccuracy _mapAccuracy(LocationAccuracy accuracy) {
  ^^^^^^^^^^^^^^^^^^^^^^^^^^^
lib/core/services/location_service_impl.dart:223:5: Error: 'geolocator.LocationPermission' can't be used as a type because 'geolocator' doesn't refer to an import prefix.
    geolocator.LocationPermission permission,
    ^^^^^^^^^^^^^^^^^^^^^^^^^^^^^
lib/core/services/location_service_impl.dart:5:1: Error: 'LocationAccuracy' is imported from both 'package:geolocator_platform_interface/src/enums/location_accuracy.dart' and 'package:soloadventurer/core/services/location_service.dart'.
import 'location_service.dart';
^^^^^^^^^^^^^^^^
lib/core/services/location_service_impl.dart:25:33: Error: Not a constant expression.
    LocationAccuracy accuracy = LocationAccuracy.balanced,
                                ^^^^^^^^^^^^^^^^
lib/core/services/location_service_impl.dart:25:33: Error: 'LocationAccuracy' is imported from both 'package:geolocator_platform_interface/src/enums/location_accuracy.dart' and 'package:soloadventurer/core/services/location_service.dart'.
    LocationAccuracy accuracy = LocationAccuracy.balanced,
                                ^^^^^^^^^^^^^^^^
lib/core/services/location_service_impl.dart:82:33: Error: Not a constant expression.
    LocationAccuracy accuracy = LocationAccuracy.balanced,
                                ^^^^^^^^^^^^^^^^
lib/core/services/location_service_impl.dart:82:33: Error: 'LocationAccuracy' is imported from both 'package:geolocator_platform_interface/src/enums/location_accuracy.dart' and 'package:soloadventurer/core/services/location_service.dart'.
    LocationAccuracy accuracy = LocationAccuracy.balanced,
                                ^^^^^^^^^^^^^^^^
lib/core/error/safety_exceptions.dart:5:31: Error: The super constructor has no corresponding positional parameter.
  const SafetyException(super.message, {required super.code});
                              ^
test/features/safety/presentation/screens/emergency_sos_screen_test.dart:20:36: Error: Member not found: 'SafetyState.initial'.
  SafetyState _state = SafetyState.initial();
                                   ^^^^^^^
test/features/safety/presentation/screens/emergency_sos_screen_test.dart:61:37: Error: Member not found: 'active'.
          status: SafetyAlertStatus.active,
                                    ^^^^^^
test/features/safety/presentation/screens/emergency_sos_screen_test.dart:58:20: Error: Required named parameter 'acknowledgedByContactIds' must be provided.
        SafetyAlert(
                   ^
lib/features/safety/domain/entities/safety_alert.dart:45:17: Context: Found this candidate, but the arguments don't match.
  const factory SafetyAlert({
                ^
test/features/safety/presentation/screens/emergency_sos_screen_test.dart:150:54: Error: Member not found: 'TrustedContactsState.initial'.
  TrustedContactsState _state = TrustedContactsState.initial();
                                                     ^^^^^^^
test/features/safety/presentation/screens/emergency_sos_screen_test.dart:194:45: Error: Couldn't find constructor 'SafetyState.initial'.
    registerFallbackValue(const SafetyState.initial());
                                            ^^^^^^^
test/features/safety/presentation/screens/emergency_sos_screen_test.dart:195:54: Error: Couldn't find constructor 'TrustedContactsState.initial'.
    registerFallbackValue(const TrustedContactsState.initial());
                                                     ^^^^^^^
test/features/safety/presentation/screens/emergency_sos_screen_test.dart:224:9: Error: 'locationServiceProvider' is imported from both 'package:soloadventurer/core/services/location_service.dart' and 'package:soloadventurer/features/safety/presentation/providers/safety_providers.dart'.
        locationServiceProvider.overrideWith((ref) => mockLocationService),
        ^^^^^^^^^^^^^^^^^^^^^^^
test/features/safety/presentation/screens/emergency_sos_screen_test.dart:236:49: Error: Member not found: 'SafetyState.initial'.
        mockSafetyNotifier.setState(SafetyState.initial());
                                                ^^^^^^^
test/features/safety/presentation/screens/emergency_sos_screen_test.dart:260:37: Error: Member not found: 'active'.
          status: SafetyAlertStatus.active,
                                    ^^^^^^
test/features/safety/presentation/screens/emergency_sos_screen_test.dart:257:40: Error: Required named parameter 'notifiedContactIds' must be provided.
        final activeAlert = SafetyAlert(
                                       ^
lib/features/safety/domain/entities/safety_alert.dart:45:17: Context: Found this candidate, but the arguments don't match.
  const factory SafetyAlert({
                ^
test/features/safety/presentation/screens/emergency_sos_screen_test.dart:300:49: Error: Member not found: 'SafetyState.initial'.
        mockSafetyNotifier.setState(SafetyState.initial());
                                                ^^^^^^^
test/features/safety/presentation/screens/emergency_sos_screen_test.dart:325:13: Error: No named parameter with the name 'phone'.
            phone: '+1234567890',
            ^^^^^
lib/features/safety/domain/entities/trusted_contact.dart:27:17: Context: Found this candidate, but the arguments don't match.
  const factory TrustedContact({
                ^
test/features/safety/presentation/screens/emergency_sos_screen_test.dart:331:13: Error: No named parameter with the name 'phone'.
            phone: '+0987654321',
            ^^^^^
lib/features/safety/domain/entities/trusted_contact.dart:27:17: Context: Found this candidate, but the arguments don't match.
  const factory TrustedContact({
                ^
test/features/safety/presentation/screens/emergency_sos_screen_test.dart:336:49: Error: Member not found: 'SafetyState.initial'.
        mockSafetyNotifier.setState(SafetyState.initial());
                                                ^^^^^^^
test/features/safety/presentation/screens/emergency_sos_screen_test.dart:359:49: Error: Member not found: 'SafetyState.initial'.
        mockSafetyNotifier.setState(SafetyState.initial());
                                                ^^^^^^^
test/features/safety/presentation/screens/emergency_sos_screen_test.dart:384:49: Error: Member not found: 'SafetyState.initial'.
        mockSafetyNotifier.setState(SafetyState.initial());
                                                ^^^^^^^
test/features/safety/presentation/screens/emergency_sos_screen_test.dart:407:49: Error: Member not found: 'SafetyState.initial'.
        mockSafetyNotifier.setState(SafetyState.initial());
                                                ^^^^^^^
test/features/safety/presentation/screens/emergency_sos_screen_test.dart:430:49: Error: Member not found: 'SafetyState.initial'.
        mockSafetyNotifier.setState(SafetyState.initial());
                                                ^^^^^^^
test/features/safety/presentation/screens/emergency_sos_screen_test.dart:458:49: Error: Member not found: 'SafetyState.initial'.
        mockSafetyNotifier.setState(SafetyState.initial());
                                                ^^^^^^^
test/features/safety/presentation/screens/emergency_sos_screen_test.dart:486:49: Error: Member not found: 'SafetyState.initial'.
        mockSafetyNotifier.setState(SafetyState.initial());
                                                ^^^^^^^
test/features/safety/presentation/screens/emergency_sos_screen_test.dart:525:37: Error: Member not found: 'active'.
          status: SafetyAlertStatus.active,
                                    ^^^^^^
test/features/safety/presentation/screens/emergency_sos_screen_test.dart:522:40: Error: Required named parameter 'notifiedContactIds' must be provided.
        final activeAlert = SafetyAlert(
                                       ^
lib/features/safety/domain/entities/safety_alert.dart:45:17: Context: Found this candidate, but the arguments don't match.
  const factory SafetyAlert({
                ^
test/features/safety/presentation/screens/emergency_sos_screen_test.dart:567:37: Error: Member not found: 'active'.
          status: SafetyAlertStatus.active,
                                    ^^^^^^
test/features/safety/presentation/screens/emergency_sos_screen_test.dart:564:40: Error: Required named parameter 'notifiedContactIds' must be provided.
        final activeAlert = SafetyAlert(
                                       ^
lib/features/safety/domain/entities/safety_alert.dart:45:17: Context: Found this candidate, but the arguments don't match.
  const factory SafetyAlert({
                ^
test/features/safety/presentation/screens/emergency_sos_screen_test.dart:631:49: Error: Member not found: 'SafetyState.initial'.
        mockSafetyNotifier.setState(SafetyState.initial());
                                                ^^^^^^^
test/features/safety/presentation/screens/emergency_sos_screen_test.dart:655:49: Error: Member not found: 'SafetyState.initial'.
        mockSafetyNotifier.setState(SafetyState.initial());
                                                ^^^^^^^
test/features/safety/presentation/screens/emergency_sos_screen_test.dart:679:49: Error: Member not found: 'SafetyState.initial'.
        mockSafetyNotifier.setState(SafetyState.initial());
                                                ^^^^^^^
test/features/safety/presentation/screens/emergency_sos_screen_test.dart:707:49: Error: Member not found: 'SafetyState.initial'.
        mockSafetyNotifier.setState(SafetyState.initial());
                                                ^^^^^^^
test/features/safety/presentation/screens/emergency_sos_screen_test.dart:736:37: Error: Member not found: 'active'.
          status: SafetyAlertStatus.active,
                                    ^^^^^^
test/features/safety/presentation/screens/emergency_sos_screen_test.dart:733:40: Error: Required named parameter 'notifiedContactIds' must be provided.
        final activeAlert = SafetyAlert(
                                       ^
lib/features/safety/domain/entities/safety_alert.dart:45:17: Context: Found this candidate, but the arguments don't match.
  const factory SafetyAlert({
                ^
test/features/safety/presentation/screens/emergency_sos_screen_test.dart:779:37: Error: Member not found: 'active'.
          status: SafetyAlertStatus.active,
                                    ^^^^^^
test/features/safety/presentation/screens/emergency_sos_screen_test.dart:776:40: Error: Required named parameter 'notifiedContactIds' must be provided.
        final activeAlert = SafetyAlert(
                                       ^
lib/features/safety/domain/entities/safety_alert.dart:45:17: Context: Found this candidate, but the arguments don't match.
  const factory SafetyAlert({
                ^
test/features/safety/presentation/screens/emergency_sos_screen_test.dart:220:54: Error: A value of type 'MockSafetyNotifier' can't be returned from a function with return type 'SafetyNotifier'.
 - 'MockSafetyNotifier' is from 'test/features/safety/presentation/screens/emergency_sos_screen_test.dart'.
 - 'SafetyNotifier' is from 'package:soloadventurer/features/safety/presentation/notifiers/safety_notifier.dart' ('lib/features/safety/presentation/notifiers/safety_notifier.dart').
        safetyNotifierProvider.overrideWith((ref) => mockSafetyNotifier),
                                                     ^
test/features/safety/presentation/screens/emergency_sos_screen_test.dart:222:20: Error: A value of type 'MockTrustedContactsNotifier' can't be returned from a function with return type 'TrustedContactsNotifier'.
 - 'MockTrustedContactsNotifier' is from 'test/features/safety/presentation/screens/emergency_sos_screen_test.dart'.
 - 'TrustedContactsNotifier' is from 'package:soloadventurer/features/safety/presentation/notifiers/trusted_contacts_notifier.dart' ('lib/features/safety/presentation/notifiers/trusted_contacts_notifier.dart').
          (ref) => mockTrustedContactsNotifier,
                   ^
test/features/safety/presentation/screens/emergency_sos_screen_test.dart:339:23: Error: The argument type 'List<dynamic>' can't be assigned to the parameter type 'List<TrustedContact>'.
 - 'List' is from 'dart:core'.
 - 'TrustedContact' is from 'package:soloadventurer/features/safety/domain/entities/trusted_contact.dart' ('lib/features/safety/domain/entities/trusted_contact.dart').
            contacts: contacts,
                      ^
lib/features/safety/presentation/screens/emergency_sos_screen.dart:64:40: Error: 'locationServiceProvider' is imported from both 'package:soloadventurer/core/services/location_service.dart' and 'package:soloadventurer/features/safety/presentation/providers/safety_providers.dart'.
      final locationService = ref.read(locationServiceProvider);
                                       ^^^^^^^^^^^^^^^^^^^^^^^
lib/features/safety/presentation/screens/emergency_sos_screen.dart:703:43: Error: The getter 'phone' isn't defined for the type 'TrustedContact'.
 - 'TrustedContact' is from 'package:soloadventurer/features/safety/domain/entities/trusted_contact.dart' ('lib/features/safety/domain/entities/trusted_contact.dart').
Try correcting the name to the name of an existing getter, or defining a getter or field named 'phone'.
                              if (contact.phone != null)
                                          ^^^^^
lib/features/safety/presentation/providers/safety_providers.dart:79:5: Error: No named parameter with the name 'repository'.
    repository: ref.watch(safetyRepositoryOverrideProvider),
    ^^^^^^^^^^
lib/features/safety/infrastructure/services/missed_checkin_detector_impl.dart:34:3: Context: Found this candidate, but the arguments don't match.
  MissedCheckInDetectorImpl({
  ^^^^^^^^^^^^^^^^^^^^^^^^^
lib/core/services/location_service_impl.dart:188:12: Error: Not a constant expression.
      case LocationAccuracy.low:
           ^^^^^^^^^^^^^^^^
lib/core/services/location_service_impl.dart:188:12: Error: 'LocationAccuracy' is imported from both 'package:geolocator_platform_interface/src/enums/location_accuracy.dart' and 'package:soloadventurer/core/services/location_service.dart'.
      case LocationAccuracy.low:
           ^^^^^^^^^^^^^^^^
lib/core/services/location_service_impl.dart:190:12: Error: Not a constant expression.
      case LocationAccuracy.balanced:
           ^^^^^^^^^^^^^^^^
lib/core/services/location_service_impl.dart:190:12: Error: 'LocationAccuracy' is imported from both 'package:geolocator_platform_interface/src/enums/location_accuracy.dart' and 'package:soloadventurer/core/services/location_service.dart'.
      case LocationAccuracy.balanced:
           ^^^^^^^^^^^^^^^^
lib/core/services/location_service_impl.dart:192:12: Error: Not a constant expression.
      case LocationAccuracy.high:
           ^^^^^^^^^^^^^^^^
lib/core/services/location_service_impl.dart:192:12: Error: 'LocationAccuracy' is imported from both 'package:geolocator_platform_interface/src/enums/location_accuracy.dart' and 'package:soloadventurer/core/services/location_service.dart'.
      case LocationAccuracy.high:
           ^^^^^^^^^^^^^^^^
lib/core/services/location_service_impl.dart:194:12: Error: Not a constant expression.
      case LocationAccuracy.best:
           ^^^^^^^^^^^^^^^^
lib/core/services/location_service_impl.dart:194:12: Error: 'LocationAccuracy' is imported from both 'package:geolocator_platform_interface/src/enums/location_accuracy.dart' and 'package:soloadventurer/core/services/location_service.dart'.
      case LocationAccuracy.best:
           ^^^^^^^^^^^^^^^^
lib/core/services/location_service_impl.dart:189:16: Error: The getter 'geolocator' isn't defined for the type 'LocationServiceImpl'.
 - 'LocationServiceImpl' is from 'package:soloadventurer/core/services/location_service_impl.dart' ('lib/core/services/location_service_impl.dart').
Try correcting the name to the name of an existing getter, or defining a getter or field named 'geolocator'.
        return geolocator.LocationAccuracy.low;
               ^^^^^^^^^^
lib/core/services/location_service_impl.dart:191:16: Error: The getter 'geolocator' isn't defined for the type 'LocationServiceImpl'.
 - 'LocationServiceImpl' is from 'package:soloadventurer/core/services/location_service_impl.dart' ('lib/core/services/location_service_impl.dart').
Try correcting the name to the name of an existing getter, or defining a getter or field named 'geolocator'.
        return geolocator.LocationAccuracy.medium;
               ^^^^^^^^^^
lib/core/services/location_service_impl.dart:193:16: Error: The getter 'geolocator' isn't defined for the type 'LocationServiceImpl'.
 - 'LocationServiceImpl' is from 'package:soloadventurer/core/services/location_service_impl.dart' ('lib/core/services/location_service_impl.dart').
Try correcting the name to the name of an existing getter, or defining a getter or field named 'geolocator'.
        return geolocator.LocationAccuracy.high;
               ^^^^^^^^^^
lib/core/services/location_service_impl.dart:195:16: Error: The getter 'geolocator' isn't defined for the type 'LocationServiceImpl'.
 - 'LocationServiceImpl' is from 'package:soloadventurer/core/services/location_service_impl.dart' ('lib/core/services/location_service_impl.dart').
Try correcting the name to the name of an existing getter, or defining a getter or field named 'geolocator'.
        return geolocator.LocationAccuracy.best;
               ^^^^^^^^^^
lib/core/services/location_service_impl.dart:226:12: Error: Not a constant expression.
      case geolocator.LocationPermission.always:
           ^^^^^^^^^^
lib/core/services/location_service_impl.dart:226:23: Error: Not a constant expression.
      case geolocator.LocationPermission.always:
                      ^^^^^^^^^^^^^^^^^^
lib/core/services/location_service_impl.dart:227:12: Error: Not a constant expression.
      case geolocator.LocationPermission.whileInUse:
           ^^^^^^^^^^
lib/core/services/location_service_impl.dart:227:23: Error: Not a constant expression.
      case geolocator.LocationPermission.whileInUse:
                      ^^^^^^^^^^^^^^^^^^
lib/core/services/location_service_impl.dart:229:12: Error: Not a constant expression.
      case geolocator.LocationPermission.denied:
           ^^^^^^^^^^
lib/core/services/location_service_impl.dart:229:23: Error: Not a constant expression.
      case geolocator.LocationPermission.denied:
                      ^^^^^^^^^^^^^^^^^^
lib/core/services/location_service_impl.dart:231:12: Error: Not a constant expression.
      case geolocator.LocationPermission.deniedForever:
           ^^^^^^^^^^
lib/core/services/location_service_impl.dart:231:23: Error: Not a constant expression.
      case geolocator.LocationPermission.deniedForever:
                      ^^^^^^^^^^^^^^^^^^
lib/core/services/location_service_impl.dart:233:12: Error: Not a constant expression.
      case geolocator.LocationPermission.unableToDetermine:
           ^^^^^^^^^^
lib/core/services/location_service_impl.dart:233:23: Error: Not a constant expression.
      case geolocator.LocationPermission.unableToDetermine:
                      ^^^^^^^^^^^^^^^^^^
lib/core/services/location_service_impl.dart:222:28: Error: A non-null value must be returned since the return type 'LocationPermissionStatus' doesn't allow null.
 - 'LocationPermissionStatus' is from 'package:soloadventurer/core/services/location_service.dart' ('lib/core/services/location_service.dart').
  LocationPermissionStatus _mapPermissionStatus(
                           ^
lib/core/services/background_checkin_service_impl.dart:39:22: Error: The method 'WorkManagerConstraints' isn't defined for the type 'BackgroundCheckInServiceImpl'.
 - 'BackgroundCheckInServiceImpl' is from 'package:soloadventurer/core/services/background_checkin_service_impl.dart' ('lib/core/services/background_checkin_service_impl.dart').
Try correcting the name to the name of an existing method, or defining a method named 'WorkManagerConstraints'.
        constraints: WorkManagerConstraints(
                     ^^^^^^^^^^^^^^^^^^^^^^
lib/core/services/background_checkin_service_impl.dart:81:22: Error: The method 'WorkManagerConstraints' isn't defined for the type 'BackgroundCheckInServiceImpl'.
 - 'BackgroundCheckInServiceImpl' is from 'package:soloadventurer/core/services/background_checkin_service_impl.dart' ('lib/core/services/background_checkin_service_impl.dart').
Try correcting the name to the name of an existing method, or defining a method named 'WorkManagerConstraints'.
        constraints: WorkManagerConstraints(
                     ^^^^^^^^^^^^^^^^^^^^^^
lib/features/safety/data/repositories/safety_providers.dart:13:10: Error: Method not found: 'SafetyLocalDataSourceImpl'.
  return SafetyLocalDataSourceImpl();
         ^^^^^^^^^^^^^^^^^^^^^^^^^
lib/features/safety/data/repositories/safety_providers.dart:20:10: Error: Method not found: 'MockSafetyRemoteDataSource'.
  return MockSafetyRemoteDataSource();
         ^^^^^^^^^^^^^^^^^^^^^^^^^^
lib/features/safety/presentation/notifiers/check_in_notifier.dart:96:27: Error: The argument type 'List<String>?' can't be assigned to the parameter type 'List<String>'.
 - 'List' is from 'dart:core'.
        notifyContactIds: notifyContactIds,
                          ^
lib/app/di/modules/core_module.dart:13:11: Error: Method not found: 'SecurityManagerImpl'.
    () => SecurityManagerImpl(
          ^^^^^^^^^^^^^^^^^^^
lib/features/auth/data/datasources/mock_auth_remote_data_source.dart:241:21: Error: The getter 'email' isn't defined for the type 'Credentials'.
 - 'Credentials' is from 'package:soloadventurer/features/auth/data/models/credentials.dart' ('lib/features/auth/data/models/credentials.dart').
Try correcting the name to the name of an existing getter, or defining a getter or field named 'email'.
    if (credentials.email != 'test@example.com' || credentials.password != 'password123') {
                    ^^^^^
lib/features/offline/data/repositories/offline_aware_repository.dart:492:19: Error: The getter 'timestamp_' isn't defined for the type 'OfflineAwareRepository<Entity, Model, CreateModel, UpdateModel>'.
 - 'OfflineAwareRepository' is from 'package:soloadventurer/features/offline/data/repositories/offline_aware_repository.dart' ('lib/features/offline/data/repositories/offline_aware_repository.dart').
Try correcting the name to the name of an existing getter, or defining a getter or field named 'timestamp_'.
    return 'temp_$timestamp_$random';
                  ^^^^^^^^^^
lib/features/offline/data/repositories/sync_queue_repository_impl.dart:36:52: Error: The argument type 'int' can't be assigned to the parameter type 'SyncQueueItem'.
 - 'SyncQueueItem' is from 'package:soloadventurer/features/offline/infrastructure/database/database.dart' ('lib/features/offline/infrastructure/database/database.dart').
      return model.SyncOperationModel.fromDatabase(item).toDomainEntity();
                                                   ^
lib/features/offline/infrastructure/sync/background_sync_service.dart:154:11: Error: No named parameter with the name 'requiresNotRoaming'.
          requiresNotRoaming: false, // Allow sync while roaming
          ^^^^^^^^^^^^^^^^^^
../.pub-cache/hosted/pub.dev/workmanager-0.5.2/lib/src/options.dart:96:3: Context: Found this candidate, but the arguments don't match.
  Constraints({
  ^^^^^^^^^^^
lib/features/offline/infrastructure/sync/background_sync_service.dart:164:9: Error: No named parameter with the name 'backoffDelay'.
        backoffDelay: const Duration(minutes: 15), // Initial backoff delay
        ^^^^^^^^^^^^
lib/features/offline/infrastructure/sync/background_sync_service.dart:229:27: Error: The method 'cancelTaskByTag' isn't defined for the type 'Workmanager'.
 - 'Workmanager' is from 'package:workmanager/src/workmanager.dart' ('../.pub-cache/hosted/pub.dev/workmanager-0.5.2/lib/src/workmanager.dart').
Try correcting the name to the name of an existing method, or defining a method named 'cancelTaskByTag'.
      await Workmanager().cancelTaskByTag(periodicSyncTaskName);
                          ^^^^^^^^^^^^^^^
lib/features/offline/infrastructure/sync/conflict_resolver_impl.dart:385:33: Error: The getter 'tripDao' isn't defined for the type 'AppDatabase'.
 - 'AppDatabase' is from 'package:soloadventurer/features/offline/infrastructure/database/database.dart' ('lib/features/offline/infrastructure/database/database.dart').
Try correcting the name to the name of an existing getter, or defining a getter or field named 'tripDao'.
      final tripDao = _database.tripDao;
                                ^^^^^^^
lib/features/offline/infrastructure/sync/conflict_resolver_impl.dart:411:33: Error: The getter 'tripDao' isn't defined for the type 'AppDatabase'.
 - 'AppDatabase' is from 'package:soloadventurer/features/offline/infrastructure/database/database.dart' ('lib/features/offline/infrastructure/database/database.dart').
Try correcting the name to the name of an existing getter, or defining a getter or field named 'tripDao'.
      final tripDao = _database.tripDao;
                                ^^^^^^^
lib/features/offline/infrastructure/sync/conflict_resolver_impl.dart:437:36: Error: The getter 'journalDao' isn't defined for the type 'AppDatabase'.
 - 'AppDatabase' is from 'package:soloadventurer/features/offline/infrastructure/database/database.dart' ('lib/features/offline/infrastructure/database/database.dart').
Try correcting the name to the name of an existing getter, or defining a getter or field named 'journalDao'.
      final journalDao = _database.journalDao;
                                   ^^^^^^^^^^
lib/features/offline/infrastructure/sync/conflict_resolver_impl.dart:460:36: Error: The getter 'journalDao' isn't defined for the type 'AppDatabase'.
 - 'AppDatabase' is from 'package:soloadventurer/features/offline/infrastructure/database/database.dart' ('lib/features/offline/infrastructure/database/database.dart').
Try correcting the name to the name of an existing getter, or defining a getter or field named 'journalDao'.
      final journalDao = _database.journalDao;
                                   ^^^^^^^^^^
lib/features/offline/infrastructure/sync/conflict_resolver_impl.dart:485:33: Error: The getter 'userDao' isn't defined for the type 'AppDatabase'.
 - 'AppDatabase' is from 'package:soloadventurer/features/offline/infrastructure/database/database.dart' ('lib/features/offline/infrastructure/database/database.dart').
Try correcting the name to the name of an existing getter, or defining a getter or field named 'userDao'.
      final userDao = _database.userDao;
                                ^^^^^^^
lib/features/offline/infrastructure/sync/conflict_resolver_impl.dart:508:33: Error: The getter 'userDao' isn't defined for the type 'AppDatabase'.
 - 'AppDatabase' is from 'package:soloadventurer/features/offline/infrastructure/database/database.dart' ('lib/features/offline/infrastructure/database/database.dart').
Try correcting the name to the name of an existing getter, or defining a getter or field named 'userDao'.
      final userDao = _database.userDao;
                                ^^^^^^^
lib/features/offline/infrastructure/sync/download_sync.dart:254:33: Error: The getter 'tripDao' isn't defined for the type 'AppDatabase'.
 - 'AppDatabase' is from 'package:soloadventurer/features/offline/infrastructure/database/database.dart' ('lib/features/offline/infrastructure/database/database.dart').
Try correcting the name to the name of an existing getter, or defining a getter or field named 'tripDao'.
      final tripDao = _database.tripDao;
                                ^^^^^^^
lib/features/offline/infrastructure/sync/download_sync.dart:372:33: Error: The getter 'tripDao' isn't defined for the type 'AppDatabase'.
 - 'AppDatabase' is from 'package:soloadventurer/features/offline/infrastructure/database/database.dart' ('lib/features/offline/infrastructure/database/database.dart').
Try correcting the name to the name of an existing getter, or defining a getter or field named 'tripDao'.
      final tripDao = _database.tripDao;
                                ^^^^^^^
lib/features/offline/infrastructure/sync/download_sync.dart:430:40: Error: The getter 'journalDao' isn't defined for the type 'AppDatabase'.
 - 'AppDatabase' is from 'package:soloadventurer/features/offline/infrastructure/database/database.dart' ('lib/features/offline/infrastructure/database/database.dart').
Try correcting the name to the name of an existing getter, or defining a getter or field named 'journalDao'.
          final journalDao = _database.journalDao;
                                       ^^^^^^^^^^
lib/features/offline/infrastructure/sync/download_sync.dart:568:33: Error: The getter 'userDao' isn't defined for the type 'AppDatabase'.
 - 'AppDatabase' is from 'package:soloadventurer/features/offline/infrastructure/database/database.dart' ('lib/features/offline/infrastructure/database/database.dart').
Try correcting the name to the name of an existing getter, or defining a getter or field named 'userDao'.
      final userDao = _database.userDao;
                                ^^^^^^^
lib/features/offline/infrastructure/sync/download_sync.dart:677:17: Error: No named parameter with the name 'userId'.
                userId: userId,
                ^^^^^^
lib/features/offline/infrastructure/database/database.g.dart:3735:3: Context: Found this candidate, but the arguments don't match.
  SyncMetadataTableCompanion.insert({
  ^^^^^^^^^^^^^^^^^^^^^^^^^^^^^^^^^
lib/features/offline/infrastructure/sync/download_sync.dart:669:40: Error: The getter 'userId' isn't defined for the type '$SyncMetadataTableTable'.
 - '$SyncMetadataTableTable' is from 'package:soloadventurer/features/offline/infrastructure/database/database.dart' ('lib/features/offline/infrastructure/database/database.dart').
Try correcting the name to the name of an existing getter, or defining a getter or field named 'userId'.
                  ..where((tbl) => tbl.userId.equals(userId)))
                                       ^^^^^^
lib/features/offline/infrastructure/sync/download_sync.dart:687:24: Error: The method 'SyncMetadataTable' isn't defined for the type 'DownloadSync'.
 - 'DownloadSync' is from 'package:soloadventurer/features/offline/infrastructure/sync/download_sync.dart' ('lib/features/offline/infrastructure/sync/download_sync.dart').
Try correcting the name to the name of an existing method, or defining a method named 'SyncMetadataTable'.
              .replace(SyncMetadataTable(
                       ^^^^^^^^^^^^^^^^^
lib/features/offline/infrastructure/sync/download_sync.dart:688:30: Error: The getter 'id' isn't defined for the type 'SyncMetadata'.
 - 'SyncMetadata' is from 'package:soloadventurer/features/offline/infrastructure/database/database.dart' ('lib/features/offline/infrastructure/database/database.dart').
Try correcting the name to the name of an existing getter, or defining a getter or field named 'id'.
                id: metadata.id,
                             ^^
lib/features/offline/infrastructure/sync/download_sync.dart:775:7: Error: No named parameter with the name 'firstName'.
      firstName: Value(serverUser['firstName'] as String?),
      ^^^^^^^^^
lib/features/offline/infrastructure/database/database.g.dart:2407:9: Context: Found this candidate, but the arguments don't match.
  const UsersCompanion({
        ^^^^^^^^^^^^^^
lib/features/offline/infrastructure/sync/incremental_sync.dart:262:38: Error: Required named parameter 'userId' must be provided.
        return syncIncrementalChanges(
                                     ^
lib/features/offline/infrastructure/sync/incremental_sync.dart:286:40: Error: The getter 'userId' isn't defined for the type '$SyncMetadataTableTable'.
 - '$SyncMetadataTableTable' is from 'package:soloadventurer/features/offline/infrastructure/database/database.dart' ('lib/features/offline/infrastructure/database/database.dart').
Try correcting the name to the name of an existing getter, or defining a getter or field named 'userId'.
                  ..where((tbl) => tbl.userId.equals(userId)))
                                       ^^^^^^
lib/features/offline/infrastructure/sync/incremental_sync.dart:290:32: Error: The getter 'lastIncrementalSyncAt' isn't defined for the type 'SyncMetadata'.
 - 'SyncMetadata' is from 'package:soloadventurer/features/offline/infrastructure/database/database.dart' ('lib/features/offline/infrastructure/database/database.dart').
Try correcting the name to the name of an existing getter, or defining a getter or field named 'lastIncrementalSyncAt'.
            metadataList.first.lastIncrementalSyncAt == null) {
                               ^^^^^^^^^^^^^^^^^^^^^
lib/features/offline/infrastructure/sync/incremental_sync.dart:309:34: Error: The getter 'userId' isn't defined for the type '$SyncMetadataTableTable'.
 - '$SyncMetadataTableTable' is from 'package:soloadventurer/features/offline/infrastructure/database/database.dart' ('lib/features/offline/infrastructure/database/database.dart').
Try correcting the name to the name of an existing getter, or defining a getter or field named 'userId'.
            ..where((tbl) => tbl.userId.equals(userId)))
                                 ^^^^^^
lib/features/offline/infrastructure/sync/incremental_sync.dart:316:33: Error: The getter 'lastIncrementalSyncAt' isn't defined for the type 'SyncMetadata'.
 - 'SyncMetadata' is from 'package:soloadventurer/features/offline/infrastructure/database/database.dart' ('lib/features/offline/infrastructure/database/database.dart').
Try correcting the name to the name of an existing getter, or defining a getter or field named 'lastIncrementalSyncAt'.
      return metadataList.first.lastIncrementalSyncAt;
                                ^^^^^^^^^^^^^^^^^^^^^
lib/features/offline/infrastructure/sync/incremental_sync.dart:389:33: Error: The getter 'tripDao' isn't defined for the type 'AppDatabase'.
 - 'AppDatabase' is from 'package:soloadventurer/features/offline/infrastructure/database/database.dart' ('lib/features/offline/infrastructure/database/database.dart').
Try correcting the name to the name of an existing getter, or defining a getter or field named 'tripDao'.
      final tripDao = _database.tripDao;
                                ^^^^^^^
lib/features/offline/infrastructure/sync/incremental_sync.dart:553:31: Error: The getter 'tripDao' isn't defined for the type 'AppDatabase'.
 - 'AppDatabase' is from 'package:soloadventurer/features/offline/infrastructure/database/database.dart' ('lib/features/offline/infrastructure/database/database.dart').
Try correcting the name to the name of an existing getter, or defining a getter or field named 'tripDao'.
    final tripDao = _database.tripDao;
                              ^^^^^^^
lib/features/offline/infrastructure/sync/incremental_sync.dart:605:34: Error: The getter 'journalDao' isn't defined for the type 'AppDatabase'.
 - 'AppDatabase' is from 'package:soloadventurer/features/offline/infrastructure/database/database.dart' ('lib/features/offline/infrastructure/database/database.dart').
Try correcting the name to the name of an existing getter, or defining a getter or field named 'journalDao'.
    final journalDao = _database.journalDao;
                                 ^^^^^^^^^^
lib/features/offline/infrastructure/sync/incremental_sync.dart:660:31: Error: The getter 'userDao' isn't defined for the type 'AppDatabase'.
 - 'AppDatabase' is from 'package:soloadventurer/features/offline/infrastructure/database/database.dart' ('lib/features/offline/infrastructure/database/database.dart').
Try correcting the name to the name of an existing getter, or defining a getter or field named 'userDao'.
    final userDao = _database.userDao;
                              ^^^^^^^
lib/features/offline/infrastructure/sync/incremental_sync.dart:727:17: Error: No named parameter with the name 'userId'.
                userId: userId,
                ^^^^^^
lib/features/offline/infrastructure/database/database.g.dart:3723:9: Context: Found this candidate, but the arguments don't match.
  const SyncMetadataTableCompanion({
        ^^^^^^^^^^^^^^^^^^^^^^^^^^
lib/features/offline/infrastructure/sync/incremental_sync.dart:719:40: Error: The getter 'userId' isn't defined for the type '$SyncMetadataTableTable'.
 - '$SyncMetadataTableTable' is from 'package:soloadventurer/features/offline/infrastructure/database/database.dart' ('lib/features/offline/infrastructure/database/database.dart').
Try correcting the name to the name of an existing getter, or defining a getter or field named 'userId'.
                  ..where((tbl) => tbl.userId.equals(userId)))
                                       ^^^^^^
lib/features/offline/infrastructure/sync/incremental_sync.dart:739:24: Error: The method 'SyncMetadataTable' isn't defined for the type 'IncrementalSync'.
 - 'IncrementalSync' is from 'package:soloadventurer/features/offline/infrastructure/sync/incremental_sync.dart' ('lib/features/offline/infrastructure/sync/incremental_sync.dart').
Try correcting the name to the name of an existing method, or defining a method named 'SyncMetadataTable'.
              .replace(SyncMetadataTable(
                       ^^^^^^^^^^^^^^^^^
lib/features/offline/infrastructure/sync/incremental_sync.dart:740:30: Error: The getter 'id' isn't defined for the type 'SyncMetadata'.
 - 'SyncMetadata' is from 'package:soloadventurer/features/offline/infrastructure/database/database.dart' ('lib/features/offline/infrastructure/database/database.dart').
Try correcting the name to the name of an existing getter, or defining a getter or field named 'id'.
                id: metadata.id,
                             ^^
lib/features/offline/infrastructure/sync/incremental_sync.dart:746:54: Error: The getter 'lastIncrementalSyncAt' isn't defined for the type 'SyncMetadata'.
 - 'SyncMetadata' is from 'package:soloadventurer/features/offline/infrastructure/database/database.dart' ('lib/features/offline/infrastructure/database/database.dart').
Try correcting the name to the name of an existing getter, or defining a getter or field named 'lastIncrementalSyncAt'.
                    usedIncremental ? now : metadata.lastIncrementalSyncAt,
                                                     ^^^^^^^^^^^^^^^^^^^^^
lib/features/offline/infrastructure/sync/incremental_sync.dart:891:7: Error: No named parameter with the name 'firstName'.
      firstName: Value(serverUser['firstName'] as String?),
      ^^^^^^^^^
lib/features/offline/infrastructure/database/database.g.dart:2407:9: Context: Found this candidate, but the arguments don't match.
  const UsersCompanion({
        ^^^^^^^^^^^^^^
lib/features/offline/infrastructure/sync/offline_interceptor.dart:348:21: Error: The method 'call' isn't defined for the type 'Future<T>'.
 - 'Future' is from 'dart:async'.
Try correcting the name to the name of an existing method, or defining a method named 'call'.
      await executor();
                    ^
lib/features/offline/infrastructure/sync/offline_interceptor.dart:352:26: Error: The method 'call' isn't defined for the type 'Future<void>'.
 - 'Future' is from 'dart:async'.
Try correcting the name to the name of an existing method, or defining a method named 'call'.
        await localUpdate();
                         ^
lib/features/offline/infrastructure/sync/offline_interceptor.dart:382:24: Error: The method 'call' isn't defined for the type 'Future<void>'.
 - 'Future' is from 'dart:async'.
Try correcting the name to the name of an existing method, or defining a method named 'call'.
      await localUpdate();
                       ^
lib/features/offline/infrastructure/sync/mutation_interceptor.dart:263:66: Error: The argument type 'ErrorInterceptorHandler' can't be assigned to the parameter type 'RequestInterceptorHandler'.
 - 'ErrorInterceptorHandler' is from 'package:dio/src/dio_mixin.dart' ('../.pub-cache/hosted/pub.dev/dio-5.8.0+1/lib/src/dio_mixin.dart').
 - 'RequestInterceptorHandler' is from 'package:dio/src/dio_mixin.dart' ('../.pub-cache/hosted/pub.dev/dio-5.8.0+1/lib/src/dio_mixin.dart').
      await _handleOfflineMutation(metadata, err.requestOptions, handler);
                                                                 ^
01:12 +131 -71: loading /Users/anthonyforan/SoloAdventurer_app/test/features/safety/presentation/screens/emergency_sos_screen_test.dart [E]                                                            
  Failed to load "/Users/anthonyforan/SoloAdventurer_app/test/features/safety/presentation/screens/emergency_sos_screen_test.dart":
  Compilation failed for testPath=/Users/anthonyforan/SoloAdventurer_app/test/features/safety/presentation/screens/emergency_sos_screen_test.dart: test/features/safety/presentation/screens/emergency_sos_screen_test.dart:19:60: Error: Type 'SafetyNotifier' not found.
  class MockSafetyNotifier extends ChangeNotifier implements SafetyNotifier {
                                                             ^^^^^^^^^^^^^^
  test/features/safety/presentation/screens/emergency_sos_screen_test.dart:149:16: Error: Type 'TrustedContactsNotifier' not found.
      implements TrustedContactsNotifier {
                 ^^^^^^^^^^^^^^^^^^^^^^^
  lib/core/services/location_service_impl.dart:186:3: Error: 'geolocator.LocationAccuracy' can't be used as a type because 'geolocator' doesn't refer to an import prefix.
    geolocator.LocationAccuracy _mapAccuracy(LocationAccuracy accuracy) {
    ^^^^^^^^^^^^^^^^^^^^^^^^^^^
  lib/core/services/location_service_impl.dart:223:5: Error: 'geolocator.LocationPermission' can't be used as a type because 'geolocator' doesn't refer to an import prefix.
      geolocator.LocationPermission permission,
      ^^^^^^^^^^^^^^^^^^^^^^^^^^^^^
  lib/core/services/location_service_impl.dart:5:1: Error: 'LocationAccuracy' is imported from both 'package:geolocator_platform_interface/src/enums/location_accuracy.dart' and 'package:soloadventurer/core/services/location_service.dart'.
  import 'location_service.dart';
  ^^^^^^^^^^^^^^^^
  lib/core/services/location_service_impl.dart:25:33: Error: Not a constant expression.
      LocationAccuracy accuracy = LocationAccuracy.balanced,
                                  ^^^^^^^^^^^^^^^^
  lib/core/services/location_service_impl.dart:25:33: Error: 'LocationAccuracy' is imported from both 'package:geolocator_platform_interface/src/enums/location_accuracy.dart' and 'package:soloadventurer/core/services/location_service.dart'.
      LocationAccuracy accuracy = LocationAccuracy.balanced,
                                  ^^^^^^^^^^^^^^^^
  lib/core/services/location_service_impl.dart:82:33: Error: Not a constant expression.
      LocationAccuracy accuracy = LocationAccuracy.balanced,
                                  ^^^^^^^^^^^^^^^^
  lib/core/services/location_service_impl.dart:82:33: Error: 'LocationAccuracy' is imported from both 'package:geolocator_platform_interface/src/enums/location_accuracy.dart' and 'package:soloadventurer/core/services/location_service.dart'.
      LocationAccuracy accuracy = LocationAccuracy.balanced,
                                  ^^^^^^^^^^^^^^^^
  lib/core/error/safety_exceptions.dart:5:31: Error: The super constructor has no corresponding positional parameter.
    const SafetyException(super.message, {required super.code});
                                ^
  test/features/safety/presentation/screens/emergency_sos_screen_test.dart:20:36: Error: Member not found: 'SafetyState.initial'.
    SafetyState _state = SafetyState.initial();
                                     ^^^^^^^
  test/features/safety/presentation/screens/emergency_sos_screen_test.dart:61:37: Error: Member not found: 'active'.
            status: SafetyAlertStatus.active,
                                      ^^^^^^
  test/features/safety/presentation/screens/emergency_sos_screen_test.dart:58:20: Error: Required named parameter 'acknowledgedByContactIds' must be provided.
          SafetyAlert(
                     ^
  lib/features/safety/domain/entities/safety_alert.dart:45:17: Context: Found this candidate, but the arguments don't match.
    const factory SafetyAlert({
                  ^
  test/features/safety/presentation/screens/emergency_sos_screen_test.dart:150:54: Error: Member not found: 'TrustedContactsState.initial'.
    TrustedContactsState _state = TrustedContactsState.initial();
                                                       ^^^^^^^
  test/features/safety/presentation/screens/emergency_sos_screen_test.dart:194:45: Error: Couldn't find constructor 'SafetyState.initial'.
      registerFallbackValue(const SafetyState.initial());
                                              ^^^^^^^
  test/features/safety/presentation/screens/emergency_sos_screen_test.dart:195:54: Error: Couldn't find constructor 'TrustedContactsState.initial'.
      registerFallbackValue(const TrustedContactsState.initial());
                                                       ^^^^^^^
  test/features/safety/presentation/screens/emergency_sos_screen_test.dart:224:9: Error: 'locationServiceProvider' is imported from both 'package:soloadventurer/core/services/location_service.dart' and 'package:soloadventurer/features/safety/presentation/providers/safety_providers.dart'.
          locationServiceProvider.overrideWith((ref) => mockLocationService),
          ^^^^^^^^^^^^^^^^^^^^^^^
  test/features/safety/presentation/screens/emergency_sos_screen_test.dart:236:49: Error: Member not found: 'SafetyState.initial'.
          mockSafetyNotifier.setState(SafetyState.initial());
                                                  ^^^^^^^
  test/features/safety/presentation/screens/emergency_sos_screen_test.dart:260:37: Error: Member not found: 'active'.
            status: SafetyAlertStatus.active,
                                      ^^^^^^
  test/features/safety/presentation/screens/emergency_sos_screen_test.dart:257:40: Error: Required named parameter 'notifiedContactIds' must be provided.
          final activeAlert = SafetyAlert(
                                         ^
  lib/features/safety/domain/entities/safety_alert.dart:45:17: Context: Found this candidate, but the arguments don't match.
    const factory SafetyAlert({
                  ^
  test/features/safety/presentation/screens/emergency_sos_screen_test.dart:300:49: Error: Member not found: 'SafetyState.initial'.
          mockSafetyNotifier.setState(SafetyState.initial());
                                                  ^^^^^^^
  test/features/safety/presentation/screens/emergency_sos_screen_test.dart:325:13: Error: No named parameter with the name 'phone'.
              phone: '+1234567890',
              ^^^^^
  lib/features/safety/domain/entities/trusted_contact.dart:27:17: Context: Found this candidate, but the arguments don't match.
    const factory TrustedContact({
                  ^
  test/features/safety/presentation/screens/emergency_sos_screen_test.dart:331:13: Error: No named parameter with the name 'phone'.
              phone: '+0987654321',
              ^^^^^
  lib/features/safety/domain/entities/trusted_contact.dart:27:17: Context: Found this candidate, but the arguments don't match.
    const factory TrustedContact({
                  ^
  test/features/safety/presentation/screens/emergency_sos_screen_test.dart:336:49: Error: Member not found: 'SafetyState.initial'.
          mockSafetyNotifier.setState(SafetyState.initial());
                                                  ^^^^^^^
  test/features/safety/presentation/screens/emergency_sos_screen_test.dart:359:49: Error: Member not found: 'SafetyState.initial'.
          mockSafetyNotifier.setState(SafetyState.initial());
                                                  ^^^^^^^
  test/features/safety/presentation/screens/emergency_sos_screen_test.dart:384:49: Error: Member not found: 'SafetyState.initial'.
          mockSafetyNotifier.setState(SafetyState.initial());
                                                  ^^^^^^^
  test/features/safety/presentation/screens/emergency_sos_screen_test.dart:407:49: Error: Member not found: 'SafetyState.initial'.
          mockSafetyNotifier.setState(SafetyState.initial());
                                                  ^^^^^^^
  test/features/safety/presentation/screens/emergency_sos_screen_test.dart:430:49: Error: Member not found: 'SafetyState.initial'.
          mockSafetyNotifier.setState(SafetyState.initial());
                                                  ^^^^^^^
  test/features/safety/presentation/screens/emergency_sos_screen_test.dart:458:49: Error: Member not found: 'SafetyState.initial'.
          mockSafetyNotifier.setState(SafetyState.initial());
                                                  ^^^^^^^
  test/features/safety/presentation/screens/emergency_sos_screen_test.dart:486:49: Error: Member not found: 'SafetyState.initial'.
          mockSafetyNotifier.setState(SafetyState.initial());
                                                  ^^^^^^^
  test/features/safety/presentation/screens/emergency_sos_screen_test.dart:525:37: Error: Member not found: 'active'.
            status: SafetyAlertStatus.active,
                                      ^^^^^^
  test/features/safety/presentation/screens/emergency_sos_screen_test.dart:522:40: Error: Required named parameter 'notifiedContactIds' must be provided.
          final activeAlert = SafetyAlert(
                                         ^
  lib/features/safety/domain/entities/safety_alert.dart:45:17: Context: Found this candidate, but the arguments don't match.
    const factory SafetyAlert({
                  ^
  test/features/safety/presentation/screens/emergency_sos_screen_test.dart:567:37: Error: Member not found: 'active'.
            status: SafetyAlertStatus.active,
                                      ^^^^^^
  test/features/safety/presentation/screens/emergency_sos_screen_test.dart:564:40: Error: Required named parameter 'notifiedContactIds' must be provided.
          final activeAlert = SafetyAlert(
                                         ^
  lib/features/safety/domain/entities/safety_alert.dart:45:17: Context: Found this candidate, but the arguments don't match.
    const factory SafetyAlert({
                  ^
  test/features/safety/presentation/screens/emergency_sos_screen_test.dart:631:49: Error: Member not found: 'SafetyState.initial'.
          mockSafetyNotifier.setState(SafetyState.initial());
                                                  ^^^^^^^
  test/features/safety/presentation/screens/emergency_sos_screen_test.dart:655:49: Error: Member not found: 'SafetyState.initial'.
          mockSafetyNotifier.setState(SafetyState.initial());
                                                  ^^^^^^^
  test/features/safety/presentation/screens/emergency_sos_screen_test.dart:679:49: Error: Member not found: 'SafetyState.initial'.
          mockSafetyNotifier.setState(SafetyState.initial());
                                                  ^^^^^^^
  test/features/safety/presentation/screens/emergency_sos_screen_test.dart:707:49: Error: Member not found: 'SafetyState.initial'.
          mockSafetyNotifier.setState(SafetyState.initial());
                                                  ^^^^^^^
  test/features/safety/presentation/screens/emergency_sos_screen_test.dart:736:37: Error: Member not found: 'active'.
            status: SafetyAlertStatus.active,
                                      ^^^^^^
  test/features/safety/presentation/screens/emergency_sos_screen_test.dart:733:40: Error: Required named parameter 'notifiedContactIds' must be provided.
          final activeAlert = SafetyAlert(
                                         ^
  lib/features/safety/domain/entities/safety_alert.dart:45:17: Context: Found this candidate, but the arguments don't match.
    const factory SafetyAlert({
                  ^
  test/features/safety/presentation/screens/emergency_sos_screen_test.dart:779:37: Error: Member not found: 'active'.
            status: SafetyAlertStatus.active,
                                      ^^^^^^
  test/features/safety/presentation/screens/emergency_sos_screen_test.dart:776:40: Error: Required named parameter 'notifiedContactIds' must be provided.
          final activeAlert = SafetyAlert(
                                         ^
  lib/features/safety/domain/entities/safety_alert.dart:45:17: Context: Found this candidate, but the arguments don't match.
    const factory SafetyAlert({
                  ^
  test/features/safety/presentation/screens/emergency_sos_screen_test.dart:220:54: Error: A value of type 'MockSafetyNotifier' can't be returned from a function with return type 'SafetyNotifier'.
   - 'MockSafetyNotifier' is from 'test/features/safety/presentation/screens/emergency_sos_screen_test.dart'.
   - 'SafetyNotifier' is from 'package:soloadventurer/features/safety/presentation/notifiers/safety_notifier.dart' ('lib/features/safety/presentation/notifiers/safety_notifier.dart').
          safetyNotifierProvider.overrideWith((ref) => mockSafetyNotifier),
                                                       ^
  test/features/safety/presentation/screens/emergency_sos_screen_test.dart:222:20: Error: A value of type 'MockTrustedContactsNotifier' can't be returned from a function with return type 'TrustedContactsNotifier'.
   - 'MockTrustedContactsNotifier' is from 'test/features/safety/presentation/screens/emergency_sos_screen_test.dart'.
   - 'TrustedContactsNotifier' is from 'package:soloadventurer/features/safety/presentation/notifiers/trusted_contacts_notifier.dart' ('lib/features/safety/presentation/notifiers/trusted_contacts_notifier.dart').
            (ref) => mockTrustedContactsNotifier,
                     ^
  test/features/safety/presentation/screens/emergency_sos_screen_test.dart:339:23: Error: The argument type 'List<dynamic>' can't be assigned to the parameter type 'List<TrustedContact>'.
   - 'List' is from 'dart:core'.
   - 'TrustedContact' is from 'package:soloadventurer/features/safety/domain/entities/trusted_contact.dart' ('lib/features/safety/domain/entities/trusted_contact.dart').
              contacts: contacts,
                        ^
  lib/features/safety/presentation/screens/emergency_sos_screen.dart:64:40: Error: 'locationServiceProvider' is imported from both 'package:soloadventurer/core/services/location_service.dart' and 'package:soloadventurer/features/safety/presentation/providers/safety_providers.dart'.
        final locationService = ref.read(locationServiceProvider);
                                         ^^^^^^^^^^^^^^^^^^^^^^^
  lib/features/safety/presentation/screens/emergency_sos_screen.dart:703:43: Error: The getter 'phone' isn't defined for the type 'TrustedContact'.
   - 'TrustedContact' is from 'package:soloadventurer/features/safety/domain/entities/trusted_contact.dart' ('lib/features/safety/domain/entities/trusted_contact.dart').
  Try correcting the name to the name of an existing getter, or defining a getter or field named 'phone'.
                                if (contact.phone != null)
                                            ^^^^^
  lib/features/safety/presentation/providers/safety_providers.dart:79:5: Error: No named parameter with the name 'repository'.
      repository: ref.watch(safetyRepositoryOverrideProvider),
      ^^^^^^^^^^
  lib/features/safety/infrastructure/services/missed_checkin_detector_impl.dart:34:3: Context: Found this candidate, but the arguments don't match.
    MissedCheckInDetectorImpl({
    ^^^^^^^^^^^^^^^^^^^^^^^^^
  lib/core/services/location_service_impl.dart:188:12: Error: Not a constant expression.
        case LocationAccuracy.low:
             ^^^^^^^^^^^^^^^^
  lib/core/services/location_service_impl.dart:188:12: Error: 'LocationAccuracy' is imported from both 'package:geolocator_platform_interface/src/enums/location_accuracy.dart' and 'package:soloadventurer/core/services/location_service.dart'.
        case LocationAccuracy.low:
             ^^^^^^^^^^^^^^^^
  lib/core/services/location_service_impl.dart:190:12: Error: Not a constant expression.
        case LocationAccuracy.balanced:
             ^^^^^^^^^^^^^^^^
  lib/core/services/location_service_impl.dart:190:12: Error: 'LocationAccuracy' is imported from both 'package:geolocator_platform_interface/src/enums/location_accuracy.dart' and 'package:soloadventurer/core/services/location_service.dart'.
        case LocationAccuracy.balanced:
             ^^^^^^^^^^^^^^^^
  lib/core/services/location_service_impl.dart:192:12: Error: Not a constant expression.
        case LocationAccuracy.high:
             ^^^^^^^^^^^^^^^^
  lib/core/services/location_service_impl.dart:192:12: Error: 'LocationAccuracy' is imported from both 'package:geolocator_platform_interface/src/enums/location_accuracy.dart' and 'package:soloadventurer/core/services/location_service.dart'.
        case LocationAccuracy.high:
             ^^^^^^^^^^^^^^^^
  lib/core/services/location_service_impl.dart:194:12: Error: Not a constant expression.
        case LocationAccuracy.best:
             ^^^^^^^^^^^^^^^^
  lib/core/services/location_service_impl.dart:194:12: Error: 'LocationAccuracy' is imported from both 'package:geolocator_platform_interface/src/enums/location_accuracy.dart' and 'package:soloadventurer/core/services/location_service.dart'.
        case LocationAccuracy.best:
             ^^^^^^^^^^^^^^^^
  lib/core/services/location_service_impl.dart:189:16: Error: The getter 'geolocator' isn't defined for the type 'LocationServiceImpl'.
   - 'LocationServiceImpl' is from 'package:soloadventurer/core/services/location_service_impl.dart' ('lib/core/services/location_service_impl.dart').
  Try correcting the name to the name of an existing getter, or defining a getter or field named 'geolocator'.
          return geolocator.LocationAccuracy.low;
                 ^^^^^^^^^^
  lib/core/services/location_service_impl.dart:191:16: Error: The getter 'geolocator' isn't defined for the type 'LocationServiceImpl'.
   - 'LocationServiceImpl' is from 'package:soloadventurer/core/services/location_service_impl.dart' ('lib/core/services/location_service_impl.dart').
  Try correcting the name to the name of an existing getter, or defining a getter or field named 'geolocator'.
          return geolocator.LocationAccuracy.medium;
                 ^^^^^^^^^^
  lib/core/services/location_service_impl.dart:193:16: Error: The getter 'geolocator' isn't defined for the type 'LocationServiceImpl'.
   - 'LocationServiceImpl' is from 'package:soloadventurer/core/services/location_service_impl.dart' ('lib/core/services/location_service_impl.dart').
  Try correcting the name to the name of an existing getter, or defining a getter or field named 'geolocator'.
          return geolocator.LocationAccuracy.high;
                 ^^^^^^^^^^
  lib/core/services/location_service_impl.dart:195:16: Error: The getter 'geolocator' isn't defined for the type 'LocationServiceImpl'.
   - 'LocationServiceImpl' is from 'package:soloadventurer/core/services/location_service_impl.dart' ('lib/core/services/location_service_impl.dart').
  Try correcting the name to the name of an existing getter, or defining a getter or field named 'geolocator'.
          return geolocator.LocationAccuracy.best;
                 ^^^^^^^^^^
  lib/core/services/location_service_impl.dart:226:12: Error: Not a constant expression.
        case geolocator.LocationPermission.always:
             ^^^^^^^^^^
  lib/core/services/location_service_impl.dart:226:23: Error: Not a constant expression.
        case geolocator.LocationPermission.always:
                        ^^^^^^^^^^^^^^^^^^
  lib/core/services/location_service_impl.dart:227:12: Error: Not a constant expression.
        case geolocator.LocationPermission.whileInUse:
             ^^^^^^^^^^
  lib/core/services/location_service_impl.dart:227:23: Error: Not a constant expression.
        case geolocator.LocationPermission.whileInUse:
                        ^^^^^^^^^^^^^^^^^^
  lib/core/services/location_service_impl.dart:229:12: Error: Not a constant expression.
        case geolocator.LocationPermission.denied:
             ^^^^^^^^^^
  lib/core/services/location_service_impl.dart:229:23: Error: Not a constant expression.
        case geolocator.LocationPermission.denied:
                        ^^^^^^^^^^^^^^^^^^
  lib/core/services/location_service_impl.dart:231:12: Error: Not a constant expression.
        case geolocator.LocationPermission.deniedForever:
             ^^^^^^^^^^
  lib/core/services/location_service_impl.dart:231:23: Error: Not a constant expression.
        case geolocator.LocationPermission.deniedForever:
                        ^^^^^^^^^^^^^^^^^^
  lib/core/services/location_service_impl.dart:233:12: Error: Not a constant expression.
        case geolocator.LocationPermission.unableToDetermine:
             ^^^^^^^^^^
  lib/core/services/location_service_impl.dart:233:23: Error: Not a constant expression.
        case geolocator.LocationPermission.unableToDetermine:
                        ^^^^^^^^^^^^^^^^^^
  lib/core/services/location_service_impl.dart:222:28: Error: A non-null value must be returned since the return type 'LocationPermissionStatus' doesn't allow null.
   - 'LocationPermissionStatus' is from 'package:soloadventurer/core/services/location_service.dart' ('lib/core/services/location_service.dart').
    LocationPermissionStatus _mapPermissionStatus(
                             ^
  lib/core/services/background_checkin_service_impl.dart:39:22: Error: The method 'WorkManagerConstraints' isn't defined for the type 'BackgroundCheckInServiceImpl'.
   - 'BackgroundCheckInServiceImpl' is from 'package:soloadventurer/core/services/background_checkin_service_impl.dart' ('lib/core/services/background_checkin_service_impl.dart').
  Try correcting the name to the name of an existing method, or defining a method named 'WorkManagerConstraints'.
          constraints: WorkManagerConstraints(
                       ^^^^^^^^^^^^^^^^^^^^^^
  lib/core/services/background_checkin_service_impl.dart:81:22: Error: The method 'WorkManagerConstraints' isn't defined for the type 'BackgroundCheckInServiceImpl'.
   - 'BackgroundCheckInServiceImpl' is from 'package:soloadventurer/core/services/background_checkin_service_impl.dart' ('lib/core/services/background_checkin_service_impl.dart').
  Try correcting the name to the name of an existing method, or defining a method named 'WorkManagerConstraints'.
          constraints: WorkManagerConstraints(
                       ^^^^^^^^^^^^^^^^^^^^^^
  lib/features/safety/data/repositories/safety_providers.dart:13:10: Error: Method not found: 'SafetyLocalDataSourceImpl'.
    return SafetyLocalDataSourceImpl();
           ^^^^^^^^^^^^^^^^^^^^^^^^^
  lib/features/safety/data/repositories/safety_providers.dart:20:10: Error: Method not found: 'MockSafetyRemoteDataSource'.
    return MockSafetyRemoteDataSource();
           ^^^^^^^^^^^^^^^^^^^^^^^^^^
  lib/features/safety/presentation/notifiers/check_in_notifier.dart:96:27: Error: The argument type 'List<String>?' can't be assigned to the parameter type 'List<String>'.
   - 'List' is from 'dart:core'.
          notifyContactIds: notifyContactIds,
                            ^
  lib/app/di/modules/core_module.dart:13:11: Error: Method not found: 'SecurityManagerImpl'.
      () => SecurityManagerImpl(
            ^^^^^^^^^^^^^^^^^^^
  lib/features/auth/data/datasources/mock_auth_remote_data_source.dart:241:21: Error: The getter 'email' isn't defined for the type 'Credentials'.
   - 'Credentials' is from 'package:soloadventurer/features/auth/data/models/credentials.dart' ('lib/features/auth/data/models/credentials.dart').
  Try correcting the name to the name of an existing getter, or defining a getter or field named 'email'.
      if (credentials.email != 'test@example.com' || credentials.password != 'password123') {
                      ^^^^^
  lib/features/offline/data/repositories/offline_aware_repository.dart:492:19: Error: The getter 'timestamp_' isn't defined for the type 'OfflineAwareRepository<Entity, Model, CreateModel, UpdateModel>'.
   - 'OfflineAwareRepository' is from 'package:soloadventurer/features/offline/data/repositories/offline_aware_repository.dart' ('lib/features/offline/data/repositories/offline_aware_repository.dart').
  Try correcting the name to the name of an existing getter, or defining a getter or field named 'timestamp_'.
      return 'temp_$timestamp_$random';
                    ^^^^^^^^^^
  lib/features/offline/data/repositories/sync_queue_repository_impl.dart:36:52: Error: The argument type 'int' can't be assigned to the parameter type 'SyncQueueItem'.
   - 'SyncQueueItem' is from 'package:soloadventurer/features/offline/infrastructure/database/database.dart' ('lib/features/offline/infrastructure/database/database.dart').
        return model.SyncOperationModel.fromDatabase(item).toDomainEntity();
                                                     ^
  lib/features/offline/infrastructure/sync/background_sync_service.dart:154:11: Error: No named parameter with the name 'requiresNotRoaming'.
            requiresNotRoaming: false, // Allow sync while roaming
            ^^^^^^^^^^^^^^^^^^
  ../.pub-cache/hosted/pub.dev/workmanager-0.5.2/lib/src/options.dart:96:3: Context: Found this candidate, but the arguments don't match.
    Constraints({
    ^^^^^^^^^^^
  lib/features/offline/infrastructure/sync/background_sync_service.dart:164:9: Error: No named parameter with the name 'backoffDelay'.
          backoffDelay: const Duration(minutes: 15), // Initial backoff delay
          ^^^^^^^^^^^^
  lib/features/offline/infrastructure/sync/background_sync_service.dart:229:27: Error: The method 'cancelTaskByTag' isn't defined for the type 'Workmanager'.
   - 'Workmanager' is from 'package:workmanager/src/workmanager.dart' ('../.pub-cache/hosted/pub.dev/workmanager-0.5.2/lib/src/workmanager.dart').
  Try correcting the name to the name of an existing method, or defining a method named 'cancelTaskByTag'.
        await Workmanager().cancelTaskByTag(periodicSyncTaskName);
                            ^^^^^^^^^^^^^^^
  lib/features/offline/infrastructure/sync/conflict_resolver_impl.dart:385:33: Error: The getter 'tripDao' isn't defined for the type 'AppDatabase'.
   - 'AppDatabase' is from 'package:soloadventurer/features/offline/infrastructure/database/database.dart' ('lib/features/offline/infrastructure/database/database.dart').
  Try correcting the name to the name of an existing getter, or defining a getter or field named 'tripDao'.
        final tripDao = _database.tripDao;
                                  ^^^^^^^
  lib/features/offline/infrastructure/sync/conflict_resolver_impl.dart:411:33: Error: The getter 'tripDao' isn't defined for the type 'AppDatabase'.
   - 'AppDatabase' is from 'package:soloadventurer/features/offline/infrastructure/database/database.dart' ('lib/features/offline/infrastructure/database/database.dart').
  Try correcting the name to the name of an existing getter, or defining a getter or field named 'tripDao'.
        final tripDao = _database.tripDao;
                                  ^^^^^^^
  lib/features/offline/infrastructure/sync/conflict_resolver_impl.dart:437:36: Error: The getter 'journalDao' isn't defined for the type 'AppDatabase'.
   - 'AppDatabase' is from 'package:soloadventurer/features/offline/infrastructure/database/database.dart' ('lib/features/offline/infrastructure/database/database.dart').
  Try correcting the name to the name of an existing getter, or defining a getter or field named 'journalDao'.
        final journalDao = _database.journalDao;
                                     ^^^^^^^^^^
  lib/features/offline/infrastructure/sync/conflict_resolver_impl.dart:460:36: Error: The getter 'journalDao' isn't defined for the type 'AppDatabase'.
   - 'AppDatabase' is from 'package:soloadventurer/features/offline/infrastructure/database/database.dart' ('lib/features/offline/infrastructure/database/database.dart').
  Try correcting the name to the name of an existing getter, or defining a getter or field named 'journalDao'.
        final journalDao = _database.journalDao;
                                     ^^^^^^^^^^
  lib/features/offline/infrastructure/sync/conflict_resolver_impl.dart:485:33: Error: The getter 'userDao' isn't defined for the type 'AppDatabase'.
   - 'AppDatabase' is from 'package:soloadventurer/features/offline/infrastructure/database/database.dart' ('lib/features/offline/infrastructure/database/database.dart').
  Try correcting the name to the name of an existing getter, or defining a getter or field named 'userDao'.
        final userDao = _database.userDao;
                                  ^^^^^^^
  lib/features/offline/infrastructure/sync/conflict_resolver_impl.dart:508:33: Error: The getter 'userDao' isn't defined for the type 'AppDatabase'.
   - 'AppDatabase' is from 'package:soloadventurer/features/offline/infrastructure/database/database.dart' ('lib/features/offline/infrastructure/database/database.dart').
  Try correcting the name to the name of an existing getter, or defining a getter or field named 'userDao'.
        final userDao = _database.userDao;
                                  ^^^^^^^
  lib/features/offline/infrastructure/sync/download_sync.dart:254:33: Error: The getter 'tripDao' isn't defined for the type 'AppDatabase'.
   - 'AppDatabase' is from 'package:soloadventurer/features/offline/infrastructure/database/database.dart' ('lib/features/offline/infrastructure/database/database.dart').
  Try correcting the name to the name of an existing getter, or defining a getter or field named 'tripDao'.
        final tripDao = _database.tripDao;
                                  ^^^^^^^
  lib/features/offline/infrastructure/sync/download_sync.dart:372:33: Error: The getter 'tripDao' isn't defined for the type 'AppDatabase'.
   - 'AppDatabase' is from 'package:soloadventurer/features/offline/infrastructure/database/database.dart' ('lib/features/offline/infrastructure/database/database.dart').
  Try correcting the name to the name of an existing getter, or defining a getter or field named 'tripDao'.
        final tripDao = _database.tripDao;
                                  ^^^^^^^
  lib/features/offline/infrastructure/sync/download_sync.dart:430:40: Error: The getter 'journalDao' isn't defined for the type 'AppDatabase'.
   - 'AppDatabase' is from 'package:soloadventurer/features/offline/infrastructure/database/database.dart' ('lib/features/offline/infrastructure/database/database.dart').
  Try correcting the name to the name of an existing getter, or defining a getter or field named 'journalDao'.
            final journalDao = _database.journalDao;
                                         ^^^^^^^^^^
  lib/features/offline/infrastructure/sync/download_sync.dart:568:33: Error: The getter 'userDao' isn't defined for the type 'AppDatabase'.
   - 'AppDatabase' is from 'package:soloadventurer/features/offline/infrastructure/database/database.dart' ('lib/features/offline/infrastructure/database/database.dart').
  Try correcting the name to the name of an existing getter, or defining a getter or field named 'userDao'.
        final userDao = _database.userDao;
                                  ^^^^^^^
  lib/features/offline/infrastructure/sync/download_sync.dart:677:17: Error: No named parameter with the name 'userId'.
                  userId: userId,
                  ^^^^^^
  lib/features/offline/infrastructure/database/database.g.dart:3735:3: Context: Found this candidate, but the arguments don't match.
    SyncMetadataTableCompanion.insert({
    ^^^^^^^^^^^^^^^^^^^^^^^^^^^^^^^^^
  lib/features/offline/infrastructure/sync/download_sync.dart:669:40: Error: The getter 'userId' isn't defined for the type '$SyncMetadataTableTable'.
   - '$SyncMetadataTableTable' is from 'package:soloadventurer/features/offline/infrastructure/database/database.dart' ('lib/features/offline/infrastructure/database/database.dart').
  Try correcting the name to the name of an existing getter, or defining a getter or field named 'userId'.
                    ..where((tbl) => tbl.userId.equals(userId)))
                                         ^^^^^^
  lib/features/offline/infrastructure/sync/download_sync.dart:687:24: Error: The method 'SyncMetadataTable' isn't defined for the type 'DownloadSync'.
   - 'DownloadSync' is from 'package:soloadventurer/features/offline/infrastructure/sync/download_sync.dart' ('lib/features/offline/infrastructure/sync/download_sync.dart').
  Try correcting the name to the name of an existing method, or defining a method named 'SyncMetadataTable'.
                .replace(SyncMetadataTable(
                         ^^^^^^^^^^^^^^^^^
  lib/features/offline/infrastructure/sync/download_sync.dart:688:30: Error: The getter 'id' isn't defined for the type 'SyncMetadata'.
   - 'SyncMetadata' is from 'package:soloadventurer/features/offline/infrastructure/database/database.dart' ('lib/features/offline/infrastructure/database/database.dart').
  Try correcting the name to the name of an existing getter, or defining a getter or field named 'id'.
                  id: metadata.id,
                               ^^
  lib/features/offline/infrastructure/sync/download_sync.dart:775:7: Error: No named parameter with the name 'firstName'.
        firstName: Value(serverUser['firstName'] as String?),
        ^^^^^^^^^
  lib/features/offline/infrastructure/database/database.g.dart:2407:9: Context: Found this candidate, but the arguments don't match.
    const UsersCompanion({
          ^^^^^^^^^^^^^^
  lib/features/offline/infrastructure/sync/incremental_sync.dart:262:38: Error: Required named parameter 'userId' must be provided.
          return syncIncrementalChanges(
                                       ^
  lib/features/offline/infrastructure/sync/incremental_sync.dart:286:40: Error: The getter 'userId' isn't defined for the type '$SyncMetadataTableTable'.
   - '$SyncMetadataTableTable' is from 'package:soloadventurer/features/offline/infrastructure/database/database.dart' ('lib/features/offline/infrastructure/database/database.dart').
  Try correcting the name to the name of an existing getter, or defining a getter or field named 'userId'.
                    ..where((tbl) => tbl.userId.equals(userId)))
                                         ^^^^^^
  lib/features/offline/infrastructure/sync/incremental_sync.dart:290:32: Error: The getter 'lastIncrementalSyncAt' isn't defined for the type 'SyncMetadata'.
   - 'SyncMetadata' is from 'package:soloadventurer/features/offline/infrastructure/database/database.dart' ('lib/features/offline/infrastructure/database/database.dart').
  Try correcting the name to the name of an existing getter, or defining a getter or field named 'lastIncrementalSyncAt'.
              metadataList.first.lastIncrementalSyncAt == null) {
                                 ^^^^^^^^^^^^^^^^^^^^^
  lib/features/offline/infrastructure/sync/incremental_sync.dart:309:34: Error: The getter 'userId' isn't defined for the type '$SyncMetadataTableTable'.
   - '$SyncMetadataTableTable' is from 'package:soloadventurer/features/offline/infrastructure/database/database.dart' ('lib/features/offline/infrastructure/database/database.dart').
  Try correcting the name to the name of an existing getter, or defining a getter or field named 'userId'.
              ..where((tbl) => tbl.userId.equals(userId)))
                                   ^^^^^^
  lib/features/offline/infrastructure/sync/incremental_sync.dart:316:33: Error: The getter 'lastIncrementalSyncAt' isn't defined for the type 'SyncMetadata'.
   - 'SyncMetadata' is from 'package:soloadventurer/features/offline/infrastructure/database/database.dart' ('lib/features/offline/infrastructure/database/database.dart').
  Try correcting the name to the name of an existing getter, or defining a getter or field named 'lastIncrementalSyncAt'.
        return metadataList.first.lastIncrementalSyncAt;
                                  ^^^^^^^^^^^^^^^^^^^^^
  lib/features/offline/infrastructure/sync/incremental_sync.dart:389:33: Error: The getter 'tripDao' isn't defined for the type 'AppDatabase'.
   - 'AppDatabase' is from 'package:soloadventurer/features/offline/infrastructure/database/database.dart' ('lib/features/offline/infrastructure/database/database.dart').
  Try correcting the name to the name of an existing getter, or defining a getter or field named 'tripDao'.
        final tripDao = _database.tripDao;
                                  ^^^^^^^
  lib/features/offline/infrastructure/sync/incremental_sync.dart:553:31: Error: The getter 'tripDao' isn't defined for the type 'AppDatabase'.
   - 'AppDatabase' is from 'package:soloadventurer/features/offline/infrastructure/database/database.dart' ('lib/features/offline/infrastructure/database/database.dart').
  Try correcting the name to the name of an existing getter, or defining a getter or field named 'tripDao'.
      final tripDao = _database.tripDao;
                                ^^^^^^^
  lib/features/offline/infrastructure/sync/incremental_sync.dart:605:34: Error: The getter 'journalDao' isn't defined for the type 'AppDatabase'.
   - 'AppDatabase' is from 'package:soloadventurer/features/offline/infrastructure/database/database.dart' ('lib/features/offline/infrastructure/database/database.dart').
  Try correcting the name to the name of an existing getter, or defining a getter or field named 'journalDao'.
      final journalDao = _database.journalDao;
                                   ^^^^^^^^^^
  lib/features/offline/infrastructure/sync/incremental_sync.dart:660:31: Error: The getter 'userDao' isn't defined for the type 'AppDatabase'.
   - 'AppDatabase' is from 'package:soloadventurer/features/offline/infrastructure/database/database.dart' ('lib/features/offline/infrastructure/database/database.dart').
  Try correcting the name to the name of an existing getter, or defining a getter or field named 'userDao'.
      final userDao = _database.userDao;
                                ^^^^^^^
  lib/features/offline/infrastructure/sync/incremental_sync.dart:727:17: Error: No named parameter with the name 'userId'.
                  userId: userId,
                  ^^^^^^
  lib/features/offline/infrastructure/database/database.g.dart:3723:9: Context: Found this candidate, but the arguments don't match.
    const SyncMetadataTableCompanion({
          ^^^^^^^^^^^^^^^^^^^^^^^^^^
  lib/features/offline/infrastructure/sync/incremental_sync.dart:719:40: Error: The getter 'userId' isn't defined for the type '$SyncMetadataTableTable'.
   - '$SyncMetadataTableTable' is from 'package:soloadventurer/features/offline/infrastructure/database/database.dart' ('lib/features/offline/infrastructure/database/database.dart').
  Try correcting the name to the name of an existing getter, or defining a getter or field named 'userId'.
                    ..where((tbl) => tbl.userId.equals(userId)))
                                         ^^^^^^
  lib/features/offline/infrastructure/sync/incremental_sync.dart:739:24: Error: The method 'SyncMetadataTable' isn't defined for the type 'IncrementalSync'.
   - 'IncrementalSync' is from 'package:soloadventurer/features/offline/infrastructure/sync/incremental_sync.dart' ('lib/features/offline/infrastructure/sync/incremental_sync.dart').
  Try correcting the name to the name of an existing method, or defining a method named 'SyncMetadataTable'.
                .replace(SyncMetadataTable(
                         ^^^^^^^^^^^^^^^^^
  lib/features/offline/infrastructure/sync/incremental_sync.dart:740:30: Error: The getter 'id' isn't defined for the type 'SyncMetadata'.
   - 'SyncMetadata' is from 'package:soloadventurer/features/offline/infrastructure/database/database.dart' ('lib/features/offline/infrastructure/database/database.dart').
  Try correcting the name to the name of an existing getter, or defining a getter or field named 'id'.
                  id: metadata.id,
                               ^^
  lib/features/offline/infrastructure/sync/incremental_sync.dart:746:54: Error: The getter 'lastIncrementalSyncAt' isn't defined for the type 'SyncMetadata'.
   - 'SyncMetadata' is from 'package:soloadventurer/features/offline/infrastructure/database/database.dart' ('lib/features/offline/infrastructure/database/database.dart').
  Try correcting the name to the name of an existing getter, or defining a getter or field named 'lastIncrementalSyncAt'.
                      usedIncremental ? now : metadata.lastIncrementalSyncAt,
                                                       ^^^^^^^^^^^^^^^^^^^^^
  lib/features/offline/infrastructure/sync/incremental_sync.dart:891:7: Error: No named parameter with the name 'firstName'.
        firstName: Value(serverUser['firstName'] as String?),
        ^^^^^^^^^
  lib/features/offline/infrastructure/database/database.g.dart:2407:9: Context: Found this candidate, but the arguments don't match.
    const UsersCompanion({
          ^^^^^^^^^^^^^^
  lib/features/offline/infrastructure/sync/offline_interceptor.dart:348:21: Error: The method 'call' isn't defined for the type 'Future<T>'.
   - 'Future' is from 'dart:async'.
  Try correcting the name to the name of an existing method, or defining a method named 'call'.
        await executor();
                      ^
  lib/features/offline/infrastructure/sync/offline_interceptor.dart:352:26: Error: The method 'call' isn't defined for the type 'Future<void>'.
   - 'Future' is from 'dart:async'.
  Try correcting the name to the name of an existing method, or defining a method named 'call'.
          await localUpdate();
                           ^
  lib/features/offline/infrastructure/sync/offline_interceptor.dart:382:24: Error: The method 'call' isn't defined for the type 'Future<void>'.
   - 'Future' is from 'dart:async'.
  Try correcting the name to the name of an existing method, or defining a method named 'call'.
        await localUpdate();
                         ^
  lib/features/offline/infrastructure/sync/mutation_interceptor.dart:263:66: Error: The argument type 'ErrorInterceptorHandler' can't be assigned to the parameter type 'RequestInterceptorHandler'.
   - 'ErrorInterceptorHandler' is from 'package:dio/src/dio_mixin.dart' ('../.pub-cache/hosted/pub.dev/dio-5.8.0+1/lib/src/dio_mixin.dart').
   - 'RequestInterceptorHandler' is from 'package:dio/src/dio_mixin.dart' ('../.pub-cache/hosted/pub.dev/dio-5.8.0+1/lib/src/dio_mixin.dart').
        await _handleOfflineMutation(metadata, err.requestOptions, handler);
                                                                   ^
  .

To run this test again: /opt/homebrew/Caskroom/flutter/3.32.5/flutter/bin/cache/dart-sdk/bin/dart test /Users/anthonyforan/SoloAdventurer_app/test/features/safety/presentation/screens/emergency_sos_screen_test.dart -p vm --plain-name 'loading /Users/anthonyforan/SoloAdventurer_app/test/features/safety/presentation/screens/emergency_sos_screen_test.dart'
test/features/safety/presentation/screens/check_in_home_screen_test.dart:11:61: Error: Type 'CheckInNotifier' not found.
class MockCheckInNotifier extends ChangeNotifier implements CheckInNotifier {
                                                            ^^^^^^^^^^^^^^^
test/features/safety/presentation/screens/check_in_home_screen_test.dart:64:5: Error: Type 'SafetyStatusType' not found.
    SafetyStatusType? statusType,
    ^^^^^^^^^^^^^^^^
test/features/safety/presentation/screens/check_in_home_screen_test.dart:75:5: Error: Type 'SafetyStatusType' not found.
    SafetyStatusType? statusType,
    ^^^^^^^^^^^^^^^^
lib/core/services/location_service_impl.dart:186:3: Error: 'geolocator.LocationAccuracy' can't be used as a type because 'geolocator' doesn't refer to an import prefix.
  geolocator.LocationAccuracy _mapAccuracy(LocationAccuracy accuracy) {
  ^^^^^^^^^^^^^^^^^^^^^^^^^^^
lib/core/services/location_service_impl.dart:223:5: Error: 'geolocator.LocationPermission' can't be used as a type because 'geolocator' doesn't refer to an import prefix.
    geolocator.LocationPermission permission,
    ^^^^^^^^^^^^^^^^^^^^^^^^^^^^^
lib/core/services/location_service_impl.dart:5:1: Error: 'LocationAccuracy' is imported from both 'package:geolocator_platform_interface/src/enums/location_accuracy.dart' and 'package:soloadventurer/core/services/location_service.dart'.
import 'location_service.dart';
^^^^^^^^^^^^^^^^
lib/core/services/location_service_impl.dart:25:33: Error: Not a constant expression.
    LocationAccuracy accuracy = LocationAccuracy.balanced,
                                ^^^^^^^^^^^^^^^^
lib/core/services/location_service_impl.dart:25:33: Error: 'LocationAccuracy' is imported from both 'package:geolocator_platform_interface/src/enums/location_accuracy.dart' and 'package:soloadventurer/core/services/location_service.dart'.
    LocationAccuracy accuracy = LocationAccuracy.balanced,
                                ^^^^^^^^^^^^^^^^
lib/core/services/location_service_impl.dart:82:33: Error: Not a constant expression.
    LocationAccuracy accuracy = LocationAccuracy.balanced,
                                ^^^^^^^^^^^^^^^^
lib/core/services/location_service_impl.dart:82:33: Error: 'LocationAccuracy' is imported from both 'package:geolocator_platform_interface/src/enums/location_accuracy.dart' and 'package:soloadventurer/core/services/location_service.dart'.
    LocationAccuracy accuracy = LocationAccuracy.balanced,
                                ^^^^^^^^^^^^^^^^
lib/core/error/safety_exceptions.dart:5:31: Error: The super constructor has no corresponding positional parameter.
  const SafetyException(super.message, {required super.code});
                              ^
test/features/safety/presentation/screens/check_in_home_screen_test.dart:12:38: Error: Member not found: 'CheckInState.initial'.
  CheckInState _state = CheckInState.initial();
                                     ^^^^^^^
test/features/safety/presentation/screens/check_in_home_screen_test.dart:49:7: Error: No named parameter with the name 'isProcessing'.
      isProcessing: false,
      ^^^^^^^^^^^^
lib/features/safety/presentation/state/check_in_state.dart:60:9: Context: Found this candidate, but the arguments don't match.
  const CheckInState({
        ^^^^^^^^^^^^
test/features/safety/presentation/screens/check_in_home_screen_test.dart:64:5: Error: 'SafetyStatusType' isn't a type.
    SafetyStatusType? statusType,
    ^^^^^^^^^^^^^^^^
test/features/safety/presentation/screens/check_in_home_screen_test.dart:75:5: Error: 'SafetyStatusType' isn't a type.
    SafetyStatusType? statusType,
    ^^^^^^^^^^^^^^^^
test/features/safety/presentation/screens/check_in_home_screen_test.dart:113:46: Error: Couldn't find constructor 'CheckInState.initial'.
    registerFallbackValue(const CheckInState.initial());
                                             ^^^^^^^
test/features/safety/presentation/screens/check_in_home_screen_test.dart:139:13: Error: No named parameter with the name 'isProcessing'.
            isProcessing: false,
            ^^^^^^^^^^^^
lib/features/safety/presentation/state/check_in_state.dart:60:9: Context: Found this candidate, but the arguments don't match.
  const CheckInState({
        ^^^^^^^^^^^^
test/features/safety/presentation/screens/check_in_home_screen_test.dart:156:13: Error: No named parameter with the name 'isProcessing'.
            isProcessing: false,
            ^^^^^^^^^^^^
lib/features/safety/presentation/state/check_in_state.dart:60:9: Context: Found this candidate, but the arguments don't match.
  const CheckInState({
        ^^^^^^^^^^^^
test/features/safety/presentation/screens/check_in_home_screen_test.dart:170:18: Error: Required named parameter 'notifyContactIds' must be provided.
          CheckIn(
                 ^
lib/features/safety/domain/entities/check_in.dart:42:17: Context: Found this candidate, but the arguments don't match.
  const factory CheckIn({
                ^
test/features/safety/presentation/screens/check_in_home_screen_test.dart:181:45: Error: Member not found: 'scheduled'.
            triggerType: CheckInTriggerType.scheduled,
                                            ^^^^^^^^^
test/features/safety/presentation/screens/check_in_home_screen_test.dart:178:18: Error: Required named parameter 'notifyContactIds' must be provided.
          CheckIn(
                 ^
lib/features/safety/domain/entities/check_in.dart:42:17: Context: Found this candidate, but the arguments don't match.
  const factory CheckIn({
                ^
test/features/safety/presentation/screens/check_in_home_screen_test.dart:193:13: Error: No named parameter with the name 'isProcessing'.
            isProcessing: false,
            ^^^^^^^^^^^^
lib/features/safety/presentation/state/check_in_state.dart:60:9: Context: Found this candidate, but the arguments don't match.
  const CheckInState({
        ^^^^^^^^^^^^
test/features/safety/presentation/screens/check_in_home_screen_test.dart:210:18: Error: Required named parameter 'notifyContactIds' must be provided.
          CheckIn(
                 ^
lib/features/safety/domain/entities/check_in.dart:42:17: Context: Found this candidate, but the arguments don't match.
  const factory CheckIn({
                ^
test/features/safety/presentation/screens/check_in_home_screen_test.dart:218:18: Error: Required named parameter 'notifyContactIds' must be provided.
          CheckIn(
                 ^
lib/features/safety/domain/entities/check_in.dart:42:17: Context: Found this candidate, but the arguments don't match.
  const factory CheckIn({
                ^
test/features/safety/presentation/screens/check_in_home_screen_test.dart:234:13: Error: No named parameter with the name 'isProcessing'.
            isProcessing: false,
            ^^^^^^^^^^^^
lib/features/safety/presentation/state/check_in_state.dart:60:9: Context: Found this candidate, but the arguments don't match.
  const CheckInState({
        ^^^^^^^^^^^^
test/features/safety/presentation/screens/check_in_home_screen_test.dart:253:43: Error: Member not found: 'scheduled'.
          triggerType: CheckInTriggerType.scheduled,
                                          ^^^^^^^^^
test/features/safety/presentation/screens/check_in_home_screen_test.dart:250:36: Error: Required named parameter 'notifyContactIds' must be provided.
        final nextCheckIn = CheckIn(
                                   ^
lib/features/safety/domain/entities/check_in.dart:42:17: Context: Found this candidate, but the arguments don't match.
  const factory CheckIn({
                ^
test/features/safety/presentation/screens/check_in_home_screen_test.dart:266:13: Error: No named parameter with the name 'isProcessing'.
            isProcessing: false,
            ^^^^^^^^^^^^
lib/features/safety/presentation/state/check_in_state.dart:60:9: Context: Found this candidate, but the arguments don't match.
  const CheckInState({
        ^^^^^^^^^^^^
test/features/safety/presentation/screens/check_in_home_screen_test.dart:284:13: Error: No named parameter with the name 'isProcessing'.
            isProcessing: false,
            ^^^^^^^^^^^^
lib/features/safety/presentation/state/check_in_state.dart:60:9: Context: Found this candidate, but the arguments don't match.
  const CheckInState({
        ^^^^^^^^^^^^
test/features/safety/presentation/screens/check_in_home_screen_test.dart:304:13: Error: No named parameter with the name 'isProcessing'.
            isProcessing: false,
            ^^^^^^^^^^^^
lib/features/safety/presentation/state/check_in_state.dart:60:9: Context: Found this candidate, but the arguments don't match.
  const CheckInState({
        ^^^^^^^^^^^^
test/features/safety/presentation/screens/check_in_home_screen_test.dart:322:13: Error: No named parameter with the name 'isProcessing'.
            isProcessing: false,
            ^^^^^^^^^^^^
lib/features/safety/presentation/state/check_in_state.dart:60:9: Context: Found this candidate, but the arguments don't match.
  const CheckInState({
        ^^^^^^^^^^^^
test/features/safety/presentation/screens/check_in_home_screen_test.dart:341:13: Error: No named parameter with the name 'isProcessing'.
            isProcessing: false,
            ^^^^^^^^^^^^
lib/features/safety/presentation/state/check_in_state.dart:60:9: Context: Found this candidate, but the arguments don't match.
  const CheckInState({
        ^^^^^^^^^^^^
test/features/safety/presentation/screens/check_in_home_screen_test.dart:363:13: Error: No named parameter with the name 'isProcessing'.
            isProcessing: false,
            ^^^^^^^^^^^^
lib/features/safety/presentation/state/check_in_state.dart:60:9: Context: Found this candidate, but the arguments don't match.
  const CheckInState({
        ^^^^^^^^^^^^
test/features/safety/presentation/screens/check_in_home_screen_test.dart:382:13: Error: No named parameter with the name 'isProcessing'.
            isProcessing: true,
            ^^^^^^^^^^^^
lib/features/safety/presentation/state/check_in_state.dart:60:9: Context: Found this candidate, but the arguments don't match.
  const CheckInState({
        ^^^^^^^^^^^^
test/features/safety/presentation/screens/check_in_home_screen_test.dart:402:13: Error: No named parameter with the name 'isProcessing'.
            isProcessing: false,
            ^^^^^^^^^^^^
lib/features/safety/presentation/state/check_in_state.dart:60:9: Context: Found this candidate, but the arguments don't match.
  const CheckInState({
        ^^^^^^^^^^^^
test/features/safety/presentation/screens/check_in_home_screen_test.dart:425:43: Error: Member not found: 'scheduled'.
          triggerType: CheckInTriggerType.scheduled,
                                          ^^^^^^^^^
test/features/safety/presentation/screens/check_in_home_screen_test.dart:422:32: Error: Required named parameter 'notifyContactIds' must be provided.
        final checkIn = CheckIn(
                               ^
lib/features/safety/domain/entities/check_in.dart:42:17: Context: Found this candidate, but the arguments don't match.
  const factory CheckIn({
                ^
test/features/safety/presentation/screens/check_in_home_screen_test.dart:438:13: Error: No named parameter with the name 'isProcessing'.
            isProcessing: false,
            ^^^^^^^^^^^^
lib/features/safety/presentation/state/check_in_state.dart:60:9: Context: Found this candidate, but the arguments don't match.
  const CheckInState({
        ^^^^^^^^^^^^
test/features/safety/presentation/screens/check_in_home_screen_test.dart:456:43: Error: Member not found: 'scheduled'.
          triggerType: CheckInTriggerType.scheduled,
                                          ^^^^^^^^^
test/features/safety/presentation/screens/check_in_home_screen_test.dart:453:32: Error: Required named parameter 'notifyContactIds' must be provided.
        final checkIn = CheckIn(
                               ^
lib/features/safety/domain/entities/check_in.dart:42:17: Context: Found this candidate, but the arguments don't match.
  const factory CheckIn({
                ^
test/features/safety/presentation/screens/check_in_home_screen_test.dart:467:13: Error: No named parameter with the name 'isProcessing'.
            isProcessing: false,
            ^^^^^^^^^^^^
lib/features/safety/presentation/state/check_in_state.dart:60:9: Context: Found this candidate, but the arguments don't match.
  const CheckInState({
        ^^^^^^^^^^^^
test/features/safety/presentation/screens/check_in_home_screen_test.dart:481:32: Error: Required named parameter 'notifyContactIds' must be provided.
        final checkIn = CheckIn(
                               ^
lib/features/safety/domain/entities/check_in.dart:42:17: Context: Found this candidate, but the arguments don't match.
  const factory CheckIn({
                ^
test/features/safety/presentation/screens/check_in_home_screen_test.dart:496:13: Error: No named parameter with the name 'isProcessing'.
            isProcessing: false,
            ^^^^^^^^^^^^
lib/features/safety/presentation/state/check_in_state.dart:60:9: Context: Found this candidate, but the arguments don't match.
  const CheckInState({
        ^^^^^^^^^^^^
test/features/safety/presentation/screens/check_in_home_screen_test.dart:509:32: Error: Required named parameter 'notifyContactIds' must be provided.
        final checkIn = CheckIn(
                               ^
lib/features/safety/domain/entities/check_in.dart:42:17: Context: Found this candidate, but the arguments don't match.
  const factory CheckIn({
                ^
test/features/safety/presentation/screens/check_in_home_screen_test.dart:529:13: Error: No named parameter with the name 'isProcessing'.
            isProcessing: false,
            ^^^^^^^^^^^^
lib/features/safety/presentation/state/check_in_state.dart:60:9: Context: Found this candidate, but the arguments don't match.
  const CheckInState({
        ^^^^^^^^^^^^
test/features/safety/presentation/screens/check_in_home_screen_test.dart:548:13: Error: No named parameter with the name 'isProcessing'.
            isProcessing: false,
            ^^^^^^^^^^^^
lib/features/safety/presentation/state/check_in_state.dart:60:9: Context: Found this candidate, but the arguments don't match.
  const CheckInState({
        ^^^^^^^^^^^^
test/features/safety/presentation/screens/check_in_home_screen_test.dart:566:32: Error: Required named parameter 'notifyContactIds' must be provided.
        final checkIn = CheckIn(
                               ^
lib/features/safety/domain/entities/check_in.dart:42:17: Context: Found this candidate, but the arguments don't match.
  const factory CheckIn({
                ^
test/features/safety/presentation/screens/check_in_home_screen_test.dart:581:13: Error: No named parameter with the name 'isProcessing'.
            isProcessing: false,
            ^^^^^^^^^^^^
lib/features/safety/presentation/state/check_in_state.dart:60:9: Context: Found this candidate, but the arguments don't match.
  const CheckInState({
        ^^^^^^^^^^^^
test/features/safety/presentation/screens/check_in_home_screen_test.dart:595:32: Error: Required named parameter 'notifyContactIds' must be provided.
        final checkIn = CheckIn(
                               ^
lib/features/safety/domain/entities/check_in.dart:42:17: Context: Found this candidate, but the arguments don't match.
  const factory CheckIn({
                ^
test/features/safety/presentation/screens/check_in_home_screen_test.dart:610:13: Error: No named parameter with the name 'isProcessing'.
            isProcessing: false,
            ^^^^^^^^^^^^
lib/features/safety/presentation/state/check_in_state.dart:60:9: Context: Found this candidate, but the arguments don't match.
  const CheckInState({
        ^^^^^^^^^^^^
test/features/safety/presentation/screens/check_in_home_screen_test.dart:630:13: Error: No named parameter with the name 'isProcessing'.
            isProcessing: false,
            ^^^^^^^^^^^^
lib/features/safety/presentation/state/check_in_state.dart:60:9: Context: Found this candidate, but the arguments don't match.
  const CheckInState({
        ^^^^^^^^^^^^
test/features/safety/presentation/screens/check_in_home_screen_test.dart:645:32: Error: Required named parameter 'notifyContactIds' must be provided.
        final checkIn = CheckIn(
                               ^
lib/features/safety/domain/entities/check_in.dart:42:17: Context: Found this candidate, but the arguments don't match.
  const factory CheckIn({
                ^
test/features/safety/presentation/screens/check_in_home_screen_test.dart:660:13: Error: No named parameter with the name 'isProcessing'.
            isProcessing: false,
            ^^^^^^^^^^^^
lib/features/safety/presentation/state/check_in_state.dart:60:9: Context: Found this candidate, but the arguments don't match.
  const CheckInState({
        ^^^^^^^^^^^^
test/features/safety/presentation/screens/check_in_home_screen_test.dart:674:32: Error: Required named parameter 'notifyContactIds' must be provided.
        final checkIn = CheckIn(
                               ^
lib/features/safety/domain/entities/check_in.dart:42:17: Context: Found this candidate, but the arguments don't match.
  const factory CheckIn({
                ^
test/features/safety/presentation/screens/check_in_home_screen_test.dart:689:13: Error: No named parameter with the name 'isProcessing'.
            isProcessing: false,
            ^^^^^^^^^^^^
lib/features/safety/presentation/state/check_in_state.dart:60:9: Context: Found this candidate, but the arguments don't match.
  const CheckInState({
        ^^^^^^^^^^^^
test/features/safety/presentation/screens/check_in_home_screen_test.dart:123:55: Error: A value of type 'MockCheckInNotifier' can't be returned from a function with return type 'CheckInNotifier'.
 - 'MockCheckInNotifier' is from 'test/features/safety/presentation/screens/check_in_home_screen_test.dart'.
 - 'CheckInNotifier' is from 'package:soloadventurer/features/safety/presentation/notifiers/check_in_notifier.dart' ('lib/features/safety/presentation/notifiers/check_in_notifier.dart').
        checkInNotifierProvider.overrideWith((ref) => mockCheckInNotifier),
                                                      ^
lib/features/safety/presentation/providers/safety_providers.dart:79:5: Error: No named parameter with the name 'repository'.
    repository: ref.watch(safetyRepositoryOverrideProvider),
    ^^^^^^^^^^
lib/features/safety/infrastructure/services/missed_checkin_detector_impl.dart:34:3: Context: Found this candidate, but the arguments don't match.
  MissedCheckInDetectorImpl({
  ^^^^^^^^^^^^^^^^^^^^^^^^^
lib/features/safety/presentation/screens/manual_check_in_screen.dart:62:47: Error: The argument type 'LocationAccuracy/*1*/' can't be assigned to the parameter type 'LocationAccuracy/*2*/'.
 - 'LocationAccuracy/*1*/' is from 'package:geolocator_platform_interface/src/enums/location_accuracy.dart' ('../.pub-cache/hosted/pub.dev/geolocator_platform_interface-4.2.4/lib/src/enums/location_accuracy.dart').
 - 'LocationAccuracy/*2*/' is from 'package:soloadventurer/core/services/location_service.dart' ('lib/core/services/location_service.dart').
        accuracy: geolocator.LocationAccuracy.high,
                                              ^
lib/features/safety/presentation/screens/schedule_check_in_screen.dart:58:40: Error: 'locationServiceProvider' is imported from both 'package:soloadventurer/core/services/location_service.dart' and 'package:soloadventurer/features/safety/presentation/providers/safety_providers.dart'.
      final locationService = ref.read(locationServiceProvider);
                                       ^^^^^^^^^^^^^^^^^^^^^^^
lib/features/safety/presentation/screens/schedule_check_in_screen.dart:206:55: Error: The getter 'notifier' isn't defined for the type 'AutoDisposeProvider<CheckInNotifier>'.
 - 'AutoDisposeProvider' is from 'package:riverpod/src/provider.dart' ('../.pub-cache/hosted/pub.dev/riverpod-2.6.1/lib/src/provider.dart').
 - 'CheckInNotifier' is from 'package:soloadventurer/features/safety/presentation/notifiers/check_in_notifier.dart' ('lib/features/safety/presentation/notifiers/check_in_notifier.dart').
Try correcting the name to the name of an existing getter, or defining a getter or field named 'notifier'.
    final notifier = ref.read(checkInNotifierProvider.notifier);
                                                      ^^^^^^^^
lib/features/safety/presentation/screens/schedule_check_in_screen.dart:257:39: Error: The getter 'isCreating' isn't defined for the type 'CheckInNotifier'.
 - 'CheckInNotifier' is from 'package:soloadventurer/features/safety/presentation/notifiers/check_in_notifier.dart' ('lib/features/safety/presentation/notifiers/check_in_notifier.dart').
Try correcting the name to the name of an existing getter, or defining a getter or field named 'isCreating'.
    final isScheduling = checkInState.isCreating;
                                      ^^^^^^^^^^
lib/features/safety/presentation/screens/schedule_check_in_screen.dart:350:59: Error: The getter 'contacts' isn't defined for the type 'TrustedContactsNotifier'.
 - 'TrustedContactsNotifier' is from 'package:soloadventurer/features/safety/presentation/notifiers/trusted_contacts_notifier.dart' ('lib/features/safety/presentation/notifiers/trusted_contacts_notifier.dart').
Try correcting the name to the name of an existing getter, or defining a getter or field named 'contacts'.
              _buildContactsSelector(theme, contactsState.contacts),
                                                          ^^^^^^^^
lib/features/safety/presentation/screens/schedule_check_in_screen.dart:619:32: Error: The getter 'isScheduling' isn't defined for the type '_ScheduleCheckInScreenState'.
 - '_ScheduleCheckInScreenState' is from 'package:soloadventurer/features/safety/presentation/screens/schedule_check_in_screen.dart' ('lib/features/safety/presentation/screens/schedule_check_in_screen.dart').
Try correcting the name to the name of an existing getter, or defining a getter or field named 'isScheduling'.
                    onPressed: isScheduling ? null : _getCurrentLocation,
                               ^^^^^^^^^^^^
lib/features/safety/presentation/screens/check_in_history_screen.dart:25:40: Error: The getter 'notifier' isn't defined for the type 'AutoDisposeProvider<CheckInNotifier>'.
 - 'AutoDisposeProvider' is from 'package:riverpod/src/provider.dart' ('../.pub-cache/hosted/pub.dev/riverpod-2.6.1/lib/src/provider.dart').
 - 'CheckInNotifier' is from 'package:soloadventurer/features/safety/presentation/notifiers/check_in_notifier.dart' ('lib/features/safety/presentation/notifiers/check_in_notifier.dart').
Try correcting the name to the name of an existing getter, or defining a getter or field named 'notifier'.
      ref.read(checkInNotifierProvider.notifier).loadCheckIns();
                                       ^^^^^^^^
lib/features/safety/presentation/screens/check_in_history_screen.dart:32:38: Error: The getter 'checkIns' isn't defined for the type 'CheckInNotifier'.
 - 'CheckInNotifier' is from 'package:soloadventurer/features/safety/presentation/notifiers/check_in_notifier.dart' ('lib/features/safety/presentation/notifiers/check_in_notifier.dart').
Try correcting the name to the name of an existing getter, or defining a getter or field named 'checkIns'.
    final allCheckIns = checkInState.checkIns;
                                     ^^^^^^^^
lib/features/safety/presentation/screens/check_in_history_screen.dart:33:36: Error: The getter 'isLoading' isn't defined for the type 'CheckInNotifier'.
 - 'CheckInNotifier' is from 'package:soloadventurer/features/safety/presentation/notifiers/check_in_notifier.dart' ('lib/features/safety/presentation/notifiers/check_in_notifier.dart').
Try correcting the name to the name of an existing getter, or defining a getter or field named 'isLoading'.
    final isLoading = checkInState.isLoading;
                                   ^^^^^^^^^
lib/features/safety/presentation/screens/check_in_history_screen.dart:34:32: Error: The getter 'error' isn't defined for the type 'CheckInNotifier'.
 - 'CheckInNotifier' is from 'package:soloadventurer/features/safety/presentation/notifiers/check_in_notifier.dart' ('lib/features/safety/presentation/notifiers/check_in_notifier.dart').
Try correcting the name to the name of an existing getter, or defining a getter or field named 'error'.
    final error = checkInState.error;
                               ^^^^^
lib/features/safety/presentation/screens/check_in_history_screen.dart:156:48: Error: The getter 'notifier' isn't defined for the type 'AutoDisposeProvider<CheckInNotifier>'.
 - 'AutoDisposeProvider' is from 'package:riverpod/src/provider.dart' ('../.pub-cache/hosted/pub.dev/riverpod-2.6.1/lib/src/provider.dart').
 - 'CheckInNotifier' is from 'package:soloadventurer/features/safety/presentation/notifiers/check_in_notifier.dart' ('lib/features/safety/presentation/notifiers/check_in_notifier.dart').
Try correcting the name to the name of an existing getter, or defining a getter or field named 'notifier'.
        await ref.read(checkInNotifierProvider.notifier).loadCheckIns();
                                               ^^^^^^^^
lib/features/safety/presentation/screens/check_in_history_screen.dart:469:50: Error: The getter 'notifier' isn't defined for the type 'AutoDisposeProvider<CheckInNotifier>'.
 - 'AutoDisposeProvider' is from 'package:riverpod/src/provider.dart' ('../.pub-cache/hosted/pub.dev/riverpod-2.6.1/lib/src/provider.dart').
 - 'CheckInNotifier' is from 'package:soloadventurer/features/safety/presentation/notifiers/check_in_notifier.dart' ('lib/features/safety/presentation/notifiers/check_in_notifier.dart').
Try correcting the name to the name of an existing getter, or defining a getter or field named 'notifier'.
                ref.read(checkInNotifierProvider.notifier).loadCheckIns();
                                                 ^^^^^^^^
lib/core/services/location_service_impl.dart:188:12: Error: Not a constant expression.
      case LocationAccuracy.low:
           ^^^^^^^^^^^^^^^^
lib/core/services/location_service_impl.dart:188:12: Error: 'LocationAccuracy' is imported from both 'package:geolocator_platform_interface/src/enums/location_accuracy.dart' and 'package:soloadventurer/core/services/location_service.dart'.
      case LocationAccuracy.low:
           ^^^^^^^^^^^^^^^^
lib/core/services/location_service_impl.dart:190:12: Error: Not a constant expression.
      case LocationAccuracy.balanced:
           ^^^^^^^^^^^^^^^^
lib/core/services/location_service_impl.dart:190:12: Error: 'LocationAccuracy' is imported from both 'package:geolocator_platform_interface/src/enums/location_accuracy.dart' and 'package:soloadventurer/core/services/location_service.dart'.
      case LocationAccuracy.balanced:
           ^^^^^^^^^^^^^^^^
lib/core/services/location_service_impl.dart:192:12: Error: Not a constant expression.
      case LocationAccuracy.high:
           ^^^^^^^^^^^^^^^^
lib/core/services/location_service_impl.dart:192:12: Error: 'LocationAccuracy' is imported from both 'package:geolocator_platform_interface/src/enums/location_accuracy.dart' and 'package:soloadventurer/core/services/location_service.dart'.
      case LocationAccuracy.high:
           ^^^^^^^^^^^^^^^^
lib/core/services/location_service_impl.dart:194:12: Error: Not a constant expression.
      case LocationAccuracy.best:
           ^^^^^^^^^^^^^^^^
lib/core/services/location_service_impl.dart:194:12: Error: 'LocationAccuracy' is imported from both 'package:geolocator_platform_interface/src/enums/location_accuracy.dart' and 'package:soloadventurer/core/services/location_service.dart'.
      case LocationAccuracy.best:
           ^^^^^^^^^^^^^^^^
lib/core/services/location_service_impl.dart:189:16: Error: The getter 'geolocator' isn't defined for the type 'LocationServiceImpl'.
 - 'LocationServiceImpl' is from 'package:soloadventurer/core/services/location_service_impl.dart' ('lib/core/services/location_service_impl.dart').
Try correcting the name to the name of an existing getter, or defining a getter or field named 'geolocator'.
        return geolocator.LocationAccuracy.low;
               ^^^^^^^^^^
lib/core/services/location_service_impl.dart:191:16: Error: The getter 'geolocator' isn't defined for the type 'LocationServiceImpl'.
 - 'LocationServiceImpl' is from 'package:soloadventurer/core/services/location_service_impl.dart' ('lib/core/services/location_service_impl.dart').
Try correcting the name to the name of an existing getter, or defining a getter or field named 'geolocator'.
        return geolocator.LocationAccuracy.medium;
               ^^^^^^^^^^
lib/core/services/location_service_impl.dart:193:16: Error: The getter 'geolocator' isn't defined for the type 'LocationServiceImpl'.
 - 'LocationServiceImpl' is from 'package:soloadventurer/core/services/location_service_impl.dart' ('lib/core/services/location_service_impl.dart').
Try correcting the name to the name of an existing getter, or defining a getter or field named 'geolocator'.
        return geolocator.LocationAccuracy.high;
               ^^^^^^^^^^
lib/core/services/location_service_impl.dart:195:16: Error: The getter 'geolocator' isn't defined for the type 'LocationServiceImpl'.
 - 'LocationServiceImpl' is from 'package:soloadventurer/core/services/location_service_impl.dart' ('lib/core/services/location_service_impl.dart').
Try correcting the name to the name of an existing getter, or defining a getter or field named 'geolocator'.
        return geolocator.LocationAccuracy.best;
               ^^^^^^^^^^
lib/core/services/location_service_impl.dart:226:12: Error: Not a constant expression.
      case geolocator.LocationPermission.always:
           ^^^^^^^^^^
lib/core/services/location_service_impl.dart:226:23: Error: Not a constant expression.
      case geolocator.LocationPermission.always:
                      ^^^^^^^^^^^^^^^^^^
lib/core/services/location_service_impl.dart:227:12: Error: Not a constant expression.
      case geolocator.LocationPermission.whileInUse:
           ^^^^^^^^^^
lib/core/services/location_service_impl.dart:227:23: Error: Not a constant expression.
      case geolocator.LocationPermission.whileInUse:
                      ^^^^^^^^^^^^^^^^^^
lib/core/services/location_service_impl.dart:229:12: Error: Not a constant expression.
      case geolocator.LocationPermission.denied:
           ^^^^^^^^^^
lib/core/services/location_service_impl.dart:229:23: Error: Not a constant expression.
      case geolocator.LocationPermission.denied:
                      ^^^^^^^^^^^^^^^^^^
lib/core/services/location_service_impl.dart:231:12: Error: Not a constant expression.
      case geolocator.LocationPermission.deniedForever:
           ^^^^^^^^^^
lib/core/services/location_service_impl.dart:231:23: Error: Not a constant expression.
      case geolocator.LocationPermission.deniedForever:
                      ^^^^^^^^^^^^^^^^^^
lib/core/services/location_service_impl.dart:233:12: Error: Not a constant expression.
      case geolocator.LocationPermission.unableToDetermine:
           ^^^^^^^^^^
lib/core/services/location_service_impl.dart:233:23: Error: Not a constant expression.
      case geolocator.LocationPermission.unableToDetermine:
                      ^^^^^^^^^^^^^^^^^^
lib/core/services/location_service_impl.dart:222:28: Error: A non-null value must be returned since the return type 'LocationPermissionStatus' doesn't allow null.
 - 'LocationPermissionStatus' is from 'package:soloadventurer/core/services/location_service.dart' ('lib/core/services/location_service.dart').
  LocationPermissionStatus _mapPermissionStatus(
                           ^
lib/core/services/background_checkin_service_impl.dart:39:22: Error: The method 'WorkManagerConstraints' isn't defined for the type 'BackgroundCheckInServiceImpl'.
 - 'BackgroundCheckInServiceImpl' is from 'package:soloadventurer/core/services/background_checkin_service_impl.dart' ('lib/core/services/background_checkin_service_impl.dart').
Try correcting the name to the name of an existing method, or defining a method named 'WorkManagerConstraints'.
        constraints: WorkManagerConstraints(
                     ^^^^^^^^^^^^^^^^^^^^^^
lib/core/services/background_checkin_service_impl.dart:81:22: Error: The method 'WorkManagerConstraints' isn't defined for the type 'BackgroundCheckInServiceImpl'.
 - 'BackgroundCheckInServiceImpl' is from 'package:soloadventurer/core/services/background_checkin_service_impl.dart' ('lib/core/services/background_checkin_service_impl.dart').
Try correcting the name to the name of an existing method, or defining a method named 'WorkManagerConstraints'.
        constraints: WorkManagerConstraints(
                     ^^^^^^^^^^^^^^^^^^^^^^
lib/features/safety/data/repositories/safety_providers.dart:13:10: Error: Method not found: 'SafetyLocalDataSourceImpl'.
  return SafetyLocalDataSourceImpl();
         ^^^^^^^^^^^^^^^^^^^^^^^^^
lib/features/safety/data/repositories/safety_providers.dart:20:10: Error: Method not found: 'MockSafetyRemoteDataSource'.
  return MockSafetyRemoteDataSource();
         ^^^^^^^^^^^^^^^^^^^^^^^^^^
lib/features/safety/presentation/notifiers/check_in_notifier.dart:96:27: Error: The argument type 'List<String>?' can't be assigned to the parameter type 'List<String>'.
 - 'List' is from 'dart:core'.
        notifyContactIds: notifyContactIds,
                          ^
lib/app/di/modules/core_module.dart:13:11: Error: Method not found: 'SecurityManagerImpl'.
    () => SecurityManagerImpl(
          ^^^^^^^^^^^^^^^^^^^
lib/features/auth/data/datasources/mock_auth_remote_data_source.dart:241:21: Error: The getter 'email' isn't defined for the type 'Credentials'.
 - 'Credentials' is from 'package:soloadventurer/features/auth/data/models/credentials.dart' ('lib/features/auth/data/models/credentials.dart').
Try correcting the name to the name of an existing getter, or defining a getter or field named 'email'.
    if (credentials.email != 'test@example.com' || credentials.password != 'password123') {
                    ^^^^^
lib/features/offline/data/repositories/offline_aware_repository.dart:492:19: Error: The getter 'timestamp_' isn't defined for the type 'OfflineAwareRepository<Entity, Model, CreateModel, UpdateModel>'.
 - 'OfflineAwareRepository' is from 'package:soloadventurer/features/offline/data/repositories/offline_aware_repository.dart' ('lib/features/offline/data/repositories/offline_aware_repository.dart').
Try correcting the name to the name of an existing getter, or defining a getter or field named 'timestamp_'.
    return 'temp_$timestamp_$random';
                  ^^^^^^^^^^
lib/features/offline/data/repositories/sync_queue_repository_impl.dart:36:52: Error: The argument type 'int' can't be assigned to the parameter type 'SyncQueueItem'.
 - 'SyncQueueItem' is from 'package:soloadventurer/features/offline/infrastructure/database/database.dart' ('lib/features/offline/infrastructure/database/database.dart').
      return model.SyncOperationModel.fromDatabase(item).toDomainEntity();
                                                   ^
lib/features/offline/infrastructure/sync/background_sync_service.dart:154:11: Error: No named parameter with the name 'requiresNotRoaming'.
          requiresNotRoaming: false, // Allow sync while roaming
          ^^^^^^^^^^^^^^^^^^
../.pub-cache/hosted/pub.dev/workmanager-0.5.2/lib/src/options.dart:96:3: Context: Found this candidate, but the arguments don't match.
  Constraints({
  ^^^^^^^^^^^
lib/features/offline/infrastructure/sync/background_sync_service.dart:164:9: Error: No named parameter with the name 'backoffDelay'.
        backoffDelay: const Duration(minutes: 15), // Initial backoff delay
        ^^^^^^^^^^^^
lib/features/offline/infrastructure/sync/background_sync_service.dart:229:27: Error: The method 'cancelTaskByTag' isn't defined for the type 'Workmanager'.
 - 'Workmanager' is from 'package:workmanager/src/workmanager.dart' ('../.pub-cache/hosted/pub.dev/workmanager-0.5.2/lib/src/workmanager.dart').
Try correcting the name to the name of an existing method, or defining a method named 'cancelTaskByTag'.
      await Workmanager().cancelTaskByTag(periodicSyncTaskName);
                          ^^^^^^^^^^^^^^^
lib/features/offline/infrastructure/sync/conflict_resolver_impl.dart:385:33: Error: The getter 'tripDao' isn't defined for the type 'AppDatabase'.
 - 'AppDatabase' is from 'package:soloadventurer/features/offline/infrastructure/database/database.dart' ('lib/features/offline/infrastructure/database/database.dart').
Try correcting the name to the name of an existing getter, or defining a getter or field named 'tripDao'.
      final tripDao = _database.tripDao;
                                ^^^^^^^
lib/features/offline/infrastructure/sync/conflict_resolver_impl.dart:411:33: Error: The getter 'tripDao' isn't defined for the type 'AppDatabase'.
 - 'AppDatabase' is from 'package:soloadventurer/features/offline/infrastructure/database/database.dart' ('lib/features/offline/infrastructure/database/database.dart').
Try correcting the name to the name of an existing getter, or defining a getter or field named 'tripDao'.
      final tripDao = _database.tripDao;
                                ^^^^^^^
lib/features/offline/infrastructure/sync/conflict_resolver_impl.dart:437:36: Error: The getter 'journalDao' isn't defined for the type 'AppDatabase'.
 - 'AppDatabase' is from 'package:soloadventurer/features/offline/infrastructure/database/database.dart' ('lib/features/offline/infrastructure/database/database.dart').
Try correcting the name to the name of an existing getter, or defining a getter or field named 'journalDao'.
      final journalDao = _database.journalDao;
                                   ^^^^^^^^^^
lib/features/offline/infrastructure/sync/conflict_resolver_impl.dart:460:36: Error: The getter 'journalDao' isn't defined for the type 'AppDatabase'.
 - 'AppDatabase' is from 'package:soloadventurer/features/offline/infrastructure/database/database.dart' ('lib/features/offline/infrastructure/database/database.dart').
Try correcting the name to the name of an existing getter, or defining a getter or field named 'journalDao'.
      final journalDao = _database.journalDao;
                                   ^^^^^^^^^^
lib/features/offline/infrastructure/sync/conflict_resolver_impl.dart:485:33: Error: The getter 'userDao' isn't defined for the type 'AppDatabase'.
 - 'AppDatabase' is from 'package:soloadventurer/features/offline/infrastructure/database/database.dart' ('lib/features/offline/infrastructure/database/database.dart').
Try correcting the name to the name of an existing getter, or defining a getter or field named 'userDao'.
      final userDao = _database.userDao;
                                ^^^^^^^
lib/features/offline/infrastructure/sync/conflict_resolver_impl.dart:508:33: Error: The getter 'userDao' isn't defined for the type 'AppDatabase'.
 - 'AppDatabase' is from 'package:soloadventurer/features/offline/infrastructure/database/database.dart' ('lib/features/offline/infrastructure/database/database.dart').
Try correcting the name to the name of an existing getter, or defining a getter or field named 'userDao'.
      final userDao = _database.userDao;
                                ^^^^^^^
lib/features/offline/infrastructure/sync/download_sync.dart:254:33: Error: The getter 'tripDao' isn't defined for the type 'AppDatabase'.
 - 'AppDatabase' is from 'package:soloadventurer/features/offline/infrastructure/database/database.dart' ('lib/features/offline/infrastructure/database/database.dart').
Try correcting the name to the name of an existing getter, or defining a getter or field named 'tripDao'.
      final tripDao = _database.tripDao;
                                ^^^^^^^
lib/features/offline/infrastructure/sync/download_sync.dart:372:33: Error: The getter 'tripDao' isn't defined for the type 'AppDatabase'.
 - 'AppDatabase' is from 'package:soloadventurer/features/offline/infrastructure/database/database.dart' ('lib/features/offline/infrastructure/database/database.dart').
Try correcting the name to the name of an existing getter, or defining a getter or field named 'tripDao'.
      final tripDao = _database.tripDao;
                                ^^^^^^^
lib/features/offline/infrastructure/sync/download_sync.dart:430:40: Error: The getter 'journalDao' isn't defined for the type 'AppDatabase'.
 - 'AppDatabase' is from 'package:soloadventurer/features/offline/infrastructure/database/database.dart' ('lib/features/offline/infrastructure/database/database.dart').
Try correcting the name to the name of an existing getter, or defining a getter or field named 'journalDao'.
          final journalDao = _database.journalDao;
                                       ^^^^^^^^^^
lib/features/offline/infrastructure/sync/download_sync.dart:568:33: Error: The getter 'userDao' isn't defined for the type 'AppDatabase'.
 - 'AppDatabase' is from 'package:soloadventurer/features/offline/infrastructure/database/database.dart' ('lib/features/offline/infrastructure/database/database.dart').
Try correcting the name to the name of an existing getter, or defining a getter or field named 'userDao'.
      final userDao = _database.userDao;
                                ^^^^^^^
lib/features/offline/infrastructure/sync/download_sync.dart:677:17: Error: No named parameter with the name 'userId'.
                userId: userId,
                ^^^^^^
lib/features/offline/infrastructure/database/database.g.dart:3735:3: Context: Found this candidate, but the arguments don't match.
  SyncMetadataTableCompanion.insert({
  ^^^^^^^^^^^^^^^^^^^^^^^^^^^^^^^^^
lib/features/offline/infrastructure/sync/download_sync.dart:669:40: Error: The getter 'userId' isn't defined for the type '$SyncMetadataTableTable'.
 - '$SyncMetadataTableTable' is from 'package:soloadventurer/features/offline/infrastructure/database/database.dart' ('lib/features/offline/infrastructure/database/database.dart').
Try correcting the name to the name of an existing getter, or defining a getter or field named 'userId'.
                  ..where((tbl) => tbl.userId.equals(userId)))
                                       ^^^^^^
lib/features/offline/infrastructure/sync/download_sync.dart:687:24: Error: The method 'SyncMetadataTable' isn't defined for the type 'DownloadSync'.
 - 'DownloadSync' is from 'package:soloadventurer/features/offline/infrastructure/sync/download_sync.dart' ('lib/features/offline/infrastructure/sync/download_sync.dart').
Try correcting the name to the name of an existing method, or defining a method named 'SyncMetadataTable'.
              .replace(SyncMetadataTable(
                       ^^^^^^^^^^^^^^^^^
lib/features/offline/infrastructure/sync/download_sync.dart:688:30: Error: The getter 'id' isn't defined for the type 'SyncMetadata'.
 - 'SyncMetadata' is from 'package:soloadventurer/features/offline/infrastructure/database/database.dart' ('lib/features/offline/infrastructure/database/database.dart').
Try correcting the name to the name of an existing getter, or defining a getter or field named 'id'.
                id: metadata.id,
                             ^^
lib/features/offline/infrastructure/sync/download_sync.dart:775:7: Error: No named parameter with the name 'firstName'.
      firstName: Value(serverUser['firstName'] as String?),
      ^^^^^^^^^
lib/features/offline/infrastructure/database/database.g.dart:2407:9: Context: Found this candidate, but the arguments don't match.
  const UsersCompanion({
        ^^^^^^^^^^^^^^
lib/features/offline/infrastructure/sync/incremental_sync.dart:262:38: Error: Required named parameter 'userId' must be provided.
        return syncIncrementalChanges(
                                     ^
lib/features/offline/infrastructure/sync/incremental_sync.dart:286:40: Error: The getter 'userId' isn't defined for the type '$SyncMetadataTableTable'.
 - '$SyncMetadataTableTable' is from 'package:soloadventurer/features/offline/infrastructure/database/database.dart' ('lib/features/offline/infrastructure/database/database.dart').
Try correcting the name to the name of an existing getter, or defining a getter or field named 'userId'.
                  ..where((tbl) => tbl.userId.equals(userId)))
                                       ^^^^^^
lib/features/offline/infrastructure/sync/incremental_sync.dart:290:32: Error: The getter 'lastIncrementalSyncAt' isn't defined for the type 'SyncMetadata'.
 - 'SyncMetadata' is from 'package:soloadventurer/features/offline/infrastructure/database/database.dart' ('lib/features/offline/infrastructure/database/database.dart').
Try correcting the name to the name of an existing getter, or defining a getter or field named 'lastIncrementalSyncAt'.
            metadataList.first.lastIncrementalSyncAt == null) {
                               ^^^^^^^^^^^^^^^^^^^^^
lib/features/offline/infrastructure/sync/incremental_sync.dart:309:34: Error: The getter 'userId' isn't defined for the type '$SyncMetadataTableTable'.
 - '$SyncMetadataTableTable' is from 'package:soloadventurer/features/offline/infrastructure/database/database.dart' ('lib/features/offline/infrastructure/database/database.dart').
Try correcting the name to the name of an existing getter, or defining a getter or field named 'userId'.
            ..where((tbl) => tbl.userId.equals(userId)))
                                 ^^^^^^
lib/features/offline/infrastructure/sync/incremental_sync.dart:316:33: Error: The getter 'lastIncrementalSyncAt' isn't defined for the type 'SyncMetadata'.
 - 'SyncMetadata' is from 'package:soloadventurer/features/offline/infrastructure/database/database.dart' ('lib/features/offline/infrastructure/database/database.dart').
Try correcting the name to the name of an existing getter, or defining a getter or field named 'lastIncrementalSyncAt'.
      return metadataList.first.lastIncrementalSyncAt;
                                ^^^^^^^^^^^^^^^^^^^^^
lib/features/offline/infrastructure/sync/incremental_sync.dart:389:33: Error: The getter 'tripDao' isn't defined for the type 'AppDatabase'.
 - 'AppDatabase' is from 'package:soloadventurer/features/offline/infrastructure/database/database.dart' ('lib/features/offline/infrastructure/database/database.dart').
Try correcting the name to the name of an existing getter, or defining a getter or field named 'tripDao'.
      final tripDao = _database.tripDao;
                                ^^^^^^^
lib/features/offline/infrastructure/sync/incremental_sync.dart:553:31: Error: The getter 'tripDao' isn't defined for the type 'AppDatabase'.
 - 'AppDatabase' is from 'package:soloadventurer/features/offline/infrastructure/database/database.dart' ('lib/features/offline/infrastructure/database/database.dart').
Try correcting the name to the name of an existing getter, or defining a getter or field named 'tripDao'.
    final tripDao = _database.tripDao;
                              ^^^^^^^
lib/features/offline/infrastructure/sync/incremental_sync.dart:605:34: Error: The getter 'journalDao' isn't defined for the type 'AppDatabase'.
 - 'AppDatabase' is from 'package:soloadventurer/features/offline/infrastructure/database/database.dart' ('lib/features/offline/infrastructure/database/database.dart').
Try correcting the name to the name of an existing getter, or defining a getter or field named 'journalDao'.
    final journalDao = _database.journalDao;
                                 ^^^^^^^^^^
lib/features/offline/infrastructure/sync/incremental_sync.dart:660:31: Error: The getter 'userDao' isn't defined for the type 'AppDatabase'.
 - 'AppDatabase' is from 'package:soloadventurer/features/offline/infrastructure/database/database.dart' ('lib/features/offline/infrastructure/database/database.dart').
Try correcting the name to the name of an existing getter, or defining a getter or field named 'userDao'.
    final userDao = _database.userDao;
                              ^^^^^^^
lib/features/offline/infrastructure/sync/incremental_sync.dart:727:17: Error: No named parameter with the name 'userId'.
                userId: userId,
                ^^^^^^
lib/features/offline/infrastructure/database/database.g.dart:3723:9: Context: Found this candidate, but the arguments don't match.
  const SyncMetadataTableCompanion({
        ^^^^^^^^^^^^^^^^^^^^^^^^^^
lib/features/offline/infrastructure/sync/incremental_sync.dart:719:40: Error: The getter 'userId' isn't defined for the type '$SyncMetadataTableTable'.
 - '$SyncMetadataTableTable' is from 'package:soloadventurer/features/offline/infrastructure/database/database.dart' ('lib/features/offline/infrastructure/database/database.dart').
Try correcting the name to the name of an existing getter, or defining a getter or field named 'userId'.
                  ..where((tbl) => tbl.userId.equals(userId)))
                                       ^^^^^^
lib/features/offline/infrastructure/sync/incremental_sync.dart:739:24: Error: The method 'SyncMetadataTable' isn't defined for the type 'IncrementalSync'.
 - 'IncrementalSync' is from 'package:soloadventurer/features/offline/infrastructure/sync/incremental_sync.dart' ('lib/features/offline/infrastructure/sync/incremental_sync.dart').
Try correcting the name to the name of an existing method, or defining a method named 'SyncMetadataTable'.
              .replace(SyncMetadataTable(
                       ^^^^^^^^^^^^^^^^^
lib/features/offline/infrastructure/sync/incremental_sync.dart:740:30: Error: The getter 'id' isn't defined for the type 'SyncMetadata'.
 - 'SyncMetadata' is from 'package:soloadventurer/features/offline/infrastructure/database/database.dart' ('lib/features/offline/infrastructure/database/database.dart').
Try correcting the name to the name of an existing getter, or defining a getter or field named 'id'.
                id: metadata.id,
                             ^^
lib/features/offline/infrastructure/sync/incremental_sync.dart:746:54: Error: The getter 'lastIncrementalSyncAt' isn't defined for the type 'SyncMetadata'.
 - 'SyncMetadata' is from 'package:soloadventurer/features/offline/infrastructure/database/database.dart' ('lib/features/offline/infrastructure/database/database.dart').
Try correcting the name to the name of an existing getter, or defining a getter or field named 'lastIncrementalSyncAt'.
                    usedIncremental ? now : metadata.lastIncrementalSyncAt,
                                                     ^^^^^^^^^^^^^^^^^^^^^
lib/features/offline/infrastructure/sync/incremental_sync.dart:891:7: Error: No named parameter with the name 'firstName'.
      firstName: Value(serverUser['firstName'] as String?),
      ^^^^^^^^^
lib/features/offline/infrastructure/database/database.g.dart:2407:9: Context: Found this candidate, but the arguments don't match.
  const UsersCompanion({
        ^^^^^^^^^^^^^^
lib/features/offline/infrastructure/sync/offline_interceptor.dart:348:21: Error: The method 'call' isn't defined for the type 'Future<T>'.
 - 'Future' is from 'dart:async'.
Try correcting the name to the name of an existing method, or defining a method named 'call'.
      await executor();
                    ^
lib/features/offline/infrastructure/sync/offline_interceptor.dart:352:26: Error: The method 'call' isn't defined for the type 'Future<void>'.
 - 'Future' is from 'dart:async'.
Try correcting the name to the name of an existing method, or defining a method named 'call'.
        await localUpdate();
                         ^
lib/features/offline/infrastructure/sync/offline_interceptor.dart:382:24: Error: The method 'call' isn't defined for the type 'Future<void>'.
 - 'Future' is from 'dart:async'.
Try correcting the name to the name of an existing method, or defining a method named 'call'.
      await localUpdate();
                       ^
lib/features/offline/infrastructure/sync/mutation_interceptor.dart:263:66: Error: The argument type 'ErrorInterceptorHandler' can't be assigned to the parameter type 'RequestInterceptorHandler'.
 - 'ErrorInterceptorHandler' is from 'package:dio/src/dio_mixin.dart' ('../.pub-cache/hosted/pub.dev/dio-5.8.0+1/lib/src/dio_mixin.dart').
 - 'RequestInterceptorHandler' is from 'package:dio/src/dio_mixin.dart' ('../.pub-cache/hosted/pub.dev/dio-5.8.0+1/lib/src/dio_mixin.dart').
      await _handleOfflineMutation(metadata, err.requestOptions, handler);
                                                                 ^
01:13 +131 -72: loading /Users/anthonyforan/SoloAdventurer_app/test/features/safety/presentation/screens/check_in_home_screen_test.dart [E]                                                            
  Failed to load "/Users/anthonyforan/SoloAdventurer_app/test/features/safety/presentation/screens/check_in_home_screen_test.dart":
  Compilation failed for testPath=/Users/anthonyforan/SoloAdventurer_app/test/features/safety/presentation/screens/check_in_home_screen_test.dart: test/features/safety/presentation/screens/check_in_home_screen_test.dart:11:61: Error: Type 'CheckInNotifier' not found.
  class MockCheckInNotifier extends ChangeNotifier implements CheckInNotifier {
                                                              ^^^^^^^^^^^^^^^
  test/features/safety/presentation/screens/check_in_home_screen_test.dart:64:5: Error: Type 'SafetyStatusType' not found.
      SafetyStatusType? statusType,
      ^^^^^^^^^^^^^^^^
  test/features/safety/presentation/screens/check_in_home_screen_test.dart:75:5: Error: Type 'SafetyStatusType' not found.
      SafetyStatusType? statusType,
      ^^^^^^^^^^^^^^^^
  lib/core/services/location_service_impl.dart:186:3: Error: 'geolocator.LocationAccuracy' can't be used as a type because 'geolocator' doesn't refer to an import prefix.
    geolocator.LocationAccuracy _mapAccuracy(LocationAccuracy accuracy) {
    ^^^^^^^^^^^^^^^^^^^^^^^^^^^
  lib/core/services/location_service_impl.dart:223:5: Error: 'geolocator.LocationPermission' can't be used as a type because 'geolocator' doesn't refer to an import prefix.
      geolocator.LocationPermission permission,
      ^^^^^^^^^^^^^^^^^^^^^^^^^^^^^
  lib/core/services/location_service_impl.dart:5:1: Error: 'LocationAccuracy' is imported from both 'package:geolocator_platform_interface/src/enums/location_accuracy.dart' and 'package:soloadventurer/core/services/location_service.dart'.
  import 'location_service.dart';
  ^^^^^^^^^^^^^^^^
  lib/core/services/location_service_impl.dart:25:33: Error: Not a constant expression.
      LocationAccuracy accuracy = LocationAccuracy.balanced,
                                  ^^^^^^^^^^^^^^^^
  lib/core/services/location_service_impl.dart:25:33: Error: 'LocationAccuracy' is imported from both 'package:geolocator_platform_interface/src/enums/location_accuracy.dart' and 'package:soloadventurer/core/services/location_service.dart'.
      LocationAccuracy accuracy = LocationAccuracy.balanced,
                                  ^^^^^^^^^^^^^^^^
  lib/core/services/location_service_impl.dart:82:33: Error: Not a constant expression.
      LocationAccuracy accuracy = LocationAccuracy.balanced,
                                  ^^^^^^^^^^^^^^^^
  lib/core/services/location_service_impl.dart:82:33: Error: 'LocationAccuracy' is imported from both 'package:geolocator_platform_interface/src/enums/location_accuracy.dart' and 'package:soloadventurer/core/services/location_service.dart'.
      LocationAccuracy accuracy = LocationAccuracy.balanced,
                                  ^^^^^^^^^^^^^^^^
  lib/core/error/safety_exceptions.dart:5:31: Error: The super constructor has no corresponding positional parameter.
    const SafetyException(super.message, {required super.code});
                                ^
  test/features/safety/presentation/screens/check_in_home_screen_test.dart:12:38: Error: Member not found: 'CheckInState.initial'.
    CheckInState _state = CheckInState.initial();
                                       ^^^^^^^
  test/features/safety/presentation/screens/check_in_home_screen_test.dart:49:7: Error: No named parameter with the name 'isProcessing'.
        isProcessing: false,
        ^^^^^^^^^^^^
  lib/features/safety/presentation/state/check_in_state.dart:60:9: Context: Found this candidate, but the arguments don't match.
    const CheckInState({
          ^^^^^^^^^^^^
  test/features/safety/presentation/screens/check_in_home_screen_test.dart:64:5: Error: 'SafetyStatusType' isn't a type.
      SafetyStatusType? statusType,
      ^^^^^^^^^^^^^^^^
  test/features/safety/presentation/screens/check_in_home_screen_test.dart:75:5: Error: 'SafetyStatusType' isn't a type.
      SafetyStatusType? statusType,
      ^^^^^^^^^^^^^^^^
  test/features/safety/presentation/screens/check_in_home_screen_test.dart:113:46: Error: Couldn't find constructor 'CheckInState.initial'.
      registerFallbackValue(const CheckInState.initial());
                                               ^^^^^^^
  test/features/safety/presentation/screens/check_in_home_screen_test.dart:139:13: Error: No named parameter with the name 'isProcessing'.
              isProcessing: false,
              ^^^^^^^^^^^^
  lib/features/safety/presentation/state/check_in_state.dart:60:9: Context: Found this candidate, but the arguments don't match.
    const CheckInState({
          ^^^^^^^^^^^^
  test/features/safety/presentation/screens/check_in_home_screen_test.dart:156:13: Error: No named parameter with the name 'isProcessing'.
              isProcessing: false,
              ^^^^^^^^^^^^
  lib/features/safety/presentation/state/check_in_state.dart:60:9: Context: Found this candidate, but the arguments don't match.
    const CheckInState({
          ^^^^^^^^^^^^
  test/features/safety/presentation/screens/check_in_home_screen_test.dart:170:18: Error: Required named parameter 'notifyContactIds' must be provided.
            CheckIn(
                   ^
  lib/features/safety/domain/entities/check_in.dart:42:17: Context: Found this candidate, but the arguments don't match.
    const factory CheckIn({
                  ^
  test/features/safety/presentation/screens/check_in_home_screen_test.dart:181:45: Error: Member not found: 'scheduled'.
              triggerType: CheckInTriggerType.scheduled,
                                              ^^^^^^^^^
  test/features/safety/presentation/screens/check_in_home_screen_test.dart:178:18: Error: Required named parameter 'notifyContactIds' must be provided.
            CheckIn(
                   ^
  lib/features/safety/domain/entities/check_in.dart:42:17: Context: Found this candidate, but the arguments don't match.
    const factory CheckIn({
                  ^
  test/features/safety/presentation/screens/check_in_home_screen_test.dart:193:13: Error: No named parameter with the name 'isProcessing'.
              isProcessing: false,
              ^^^^^^^^^^^^
  lib/features/safety/presentation/state/check_in_state.dart:60:9: Context: Found this candidate, but the arguments don't match.
    const CheckInState({
          ^^^^^^^^^^^^
  test/features/safety/presentation/screens/check_in_home_screen_test.dart:210:18: Error: Required named parameter 'notifyContactIds' must be provided.
            CheckIn(
                   ^
  lib/features/safety/domain/entities/check_in.dart:42:17: Context: Found this candidate, but the arguments don't match.
    const factory CheckIn({
                  ^
  test/features/safety/presentation/screens/check_in_home_screen_test.dart:218:18: Error: Required named parameter 'notifyContactIds' must be provided.
            CheckIn(
                   ^
  lib/features/safety/domain/entities/check_in.dart:42:17: Context: Found this candidate, but the arguments don't match.
    const factory CheckIn({
                  ^
  test/features/safety/presentation/screens/check_in_home_screen_test.dart:234:13: Error: No named parameter with the name 'isProcessing'.
              isProcessing: false,
              ^^^^^^^^^^^^
  lib/features/safety/presentation/state/check_in_state.dart:60:9: Context: Found this candidate, but the arguments don't match.
    const CheckInState({
          ^^^^^^^^^^^^
  test/features/safety/presentation/screens/check_in_home_screen_test.dart:253:43: Error: Member not found: 'scheduled'.
            triggerType: CheckInTriggerType.scheduled,
                                            ^^^^^^^^^
  test/features/safety/presentation/screens/check_in_home_screen_test.dart:250:36: Error: Required named parameter 'notifyContactIds' must be provided.
          final nextCheckIn = CheckIn(
                                     ^
  lib/features/safety/domain/entities/check_in.dart:42:17: Context: Found this candidate, but the arguments don't match.
    const factory CheckIn({
                  ^
  test/features/safety/presentation/screens/check_in_home_screen_test.dart:266:13: Error: No named parameter with the name 'isProcessing'.
              isProcessing: false,
              ^^^^^^^^^^^^
  lib/features/safety/presentation/state/check_in_state.dart:60:9: Context: Found this candidate, but the arguments don't match.
    const CheckInState({
          ^^^^^^^^^^^^
  test/features/safety/presentation/screens/check_in_home_screen_test.dart:284:13: Error: No named parameter with the name 'isProcessing'.
              isProcessing: false,
              ^^^^^^^^^^^^
  lib/features/safety/presentation/state/check_in_state.dart:60:9: Context: Found this candidate, but the arguments don't match.
    const CheckInState({
          ^^^^^^^^^^^^
  test/features/safety/presentation/screens/check_in_home_screen_test.dart:304:13: Error: No named parameter with the name 'isProcessing'.
              isProcessing: false,
              ^^^^^^^^^^^^
  lib/features/safety/presentation/state/check_in_state.dart:60:9: Context: Found this candidate, but the arguments don't match.
    const CheckInState({
          ^^^^^^^^^^^^
  test/features/safety/presentation/screens/check_in_home_screen_test.dart:322:13: Error: No named parameter with the name 'isProcessing'.
              isProcessing: false,
              ^^^^^^^^^^^^
  lib/features/safety/presentation/state/check_in_state.dart:60:9: Context: Found this candidate, but the arguments don't match.
    const CheckInState({
          ^^^^^^^^^^^^
  test/features/safety/presentation/screens/check_in_home_screen_test.dart:341:13: Error: No named parameter with the name 'isProcessing'.
              isProcessing: false,
              ^^^^^^^^^^^^
  lib/features/safety/presentation/state/check_in_state.dart:60:9: Context: Found this candidate, but the arguments don't match.
    const CheckInState({
          ^^^^^^^^^^^^
  test/features/safety/presentation/screens/check_in_home_screen_test.dart:363:13: Error: No named parameter with the name 'isProcessing'.
              isProcessing: false,
              ^^^^^^^^^^^^
  lib/features/safety/presentation/state/check_in_state.dart:60:9: Context: Found this candidate, but the arguments don't match.
    const CheckInState({
          ^^^^^^^^^^^^
  test/features/safety/presentation/screens/check_in_home_screen_test.dart:382:13: Error: No named parameter with the name 'isProcessing'.
              isProcessing: true,
              ^^^^^^^^^^^^
  lib/features/safety/presentation/state/check_in_state.dart:60:9: Context: Found this candidate, but the arguments don't match.
    const CheckInState({
          ^^^^^^^^^^^^
  test/features/safety/presentation/screens/check_in_home_screen_test.dart:402:13: Error: No named parameter with the name 'isProcessing'.
              isProcessing: false,
              ^^^^^^^^^^^^
  lib/features/safety/presentation/state/check_in_state.dart:60:9: Context: Found this candidate, but the arguments don't match.
    const CheckInState({
          ^^^^^^^^^^^^
  test/features/safety/presentation/screens/check_in_home_screen_test.dart:425:43: Error: Member not found: 'scheduled'.
            triggerType: CheckInTriggerType.scheduled,
                                            ^^^^^^^^^
  test/features/safety/presentation/screens/check_in_home_screen_test.dart:422:32: Error: Required named parameter 'notifyContactIds' must be provided.
          final checkIn = CheckIn(
                                 ^
  lib/features/safety/domain/entities/check_in.dart:42:17: Context: Found this candidate, but the arguments don't match.
    const factory CheckIn({
                  ^
  test/features/safety/presentation/screens/check_in_home_screen_test.dart:438:13: Error: No named parameter with the name 'isProcessing'.
              isProcessing: false,
              ^^^^^^^^^^^^
  lib/features/safety/presentation/state/check_in_state.dart:60:9: Context: Found this candidate, but the arguments don't match.
    const CheckInState({
          ^^^^^^^^^^^^
  test/features/safety/presentation/screens/check_in_home_screen_test.dart:456:43: Error: Member not found: 'scheduled'.
            triggerType: CheckInTriggerType.scheduled,
                                            ^^^^^^^^^
  test/features/safety/presentation/screens/check_in_home_screen_test.dart:453:32: Error: Required named parameter 'notifyContactIds' must be provided.
          final checkIn = CheckIn(
                                 ^
  lib/features/safety/domain/entities/check_in.dart:42:17: Context: Found this candidate, but the arguments don't match.
    const factory CheckIn({
                  ^
  test/features/safety/presentation/screens/check_in_home_screen_test.dart:467:13: Error: No named parameter with the name 'isProcessing'.
              isProcessing: false,
              ^^^^^^^^^^^^
  lib/features/safety/presentation/state/check_in_state.dart:60:9: Context: Found this candidate, but the arguments don't match.
    const CheckInState({
          ^^^^^^^^^^^^
  test/features/safety/presentation/screens/check_in_home_screen_test.dart:481:32: Error: Required named parameter 'notifyContactIds' must be provided.
          final checkIn = CheckIn(
                                 ^
  lib/features/safety/domain/entities/check_in.dart:42:17: Context: Found this candidate, but the arguments don't match.
    const factory CheckIn({
                  ^
  test/features/safety/presentation/screens/check_in_home_screen_test.dart:496:13: Error: No named parameter with the name 'isProcessing'.
              isProcessing: false,
              ^^^^^^^^^^^^
  lib/features/safety/presentation/state/check_in_state.dart:60:9: Context: Found this candidate, but the arguments don't match.
    const CheckInState({
          ^^^^^^^^^^^^
  test/features/safety/presentation/screens/check_in_home_screen_test.dart:509:32: Error: Required named parameter 'notifyContactIds' must be provided.
          final checkIn = CheckIn(
                                 ^
  lib/features/safety/domain/entities/check_in.dart:42:17: Context: Found this candidate, but the arguments don't match.
    const factory CheckIn({
                  ^
  test/features/safety/presentation/screens/check_in_home_screen_test.dart:529:13: Error: No named parameter with the name 'isProcessing'.
              isProcessing: false,
              ^^^^^^^^^^^^
  lib/features/safety/presentation/state/check_in_state.dart:60:9: Context: Found this candidate, but the arguments don't match.
    const CheckInState({
          ^^^^^^^^^^^^
  test/features/safety/presentation/screens/check_in_home_screen_test.dart:548:13: Error: No named parameter with the name 'isProcessing'.
              isProcessing: false,
              ^^^^^^^^^^^^
  lib/features/safety/presentation/state/check_in_state.dart:60:9: Context: Found this candidate, but the arguments don't match.
    const CheckInState({
          ^^^^^^^^^^^^
  test/features/safety/presentation/screens/check_in_home_screen_test.dart:566:32: Error: Required named parameter 'notifyContactIds' must be provided.
          final checkIn = CheckIn(
                                 ^
  lib/features/safety/domain/entities/check_in.dart:42:17: Context: Found this candidate, but the arguments don't match.
    const factory CheckIn({
                  ^
  test/features/safety/presentation/screens/check_in_home_screen_test.dart:581:13: Error: No named parameter with the name 'isProcessing'.
              isProcessing: false,
              ^^^^^^^^^^^^
  lib/features/safety/presentation/state/check_in_state.dart:60:9: Context: Found this candidate, but the arguments don't match.
    const CheckInState({
          ^^^^^^^^^^^^
  test/features/safety/presentation/screens/check_in_home_screen_test.dart:595:32: Error: Required named parameter 'notifyContactIds' must be provided.
          final checkIn = CheckIn(
                                 ^
  lib/features/safety/domain/entities/check_in.dart:42:17: Context: Found this candidate, but the arguments don't match.
    const factory CheckIn({
                  ^
  test/features/safety/presentation/screens/check_in_home_screen_test.dart:610:13: Error: No named parameter with the name 'isProcessing'.
              isProcessing: false,
              ^^^^^^^^^^^^
  lib/features/safety/presentation/state/check_in_state.dart:60:9: Context: Found this candidate, but the arguments don't match.
    const CheckInState({
          ^^^^^^^^^^^^
  test/features/safety/presentation/screens/check_in_home_screen_test.dart:630:13: Error: No named parameter with the name 'isProcessing'.
              isProcessing: false,
              ^^^^^^^^^^^^
  lib/features/safety/presentation/state/check_in_state.dart:60:9: Context: Found this candidate, but the arguments don't match.
    const CheckInState({
          ^^^^^^^^^^^^
  test/features/safety/presentation/screens/check_in_home_screen_test.dart:645:32: Error: Required named parameter 'notifyContactIds' must be provided.
          final checkIn = CheckIn(
                                 ^
  lib/features/safety/domain/entities/check_in.dart:42:17: Context: Found this candidate, but the arguments don't match.
    const factory CheckIn({
                  ^
  test/features/safety/presentation/screens/check_in_home_screen_test.dart:660:13: Error: No named parameter with the name 'isProcessing'.
              isProcessing: false,
              ^^^^^^^^^^^^
  lib/features/safety/presentation/state/check_in_state.dart:60:9: Context: Found this candidate, but the arguments don't match.
    const CheckInState({
          ^^^^^^^^^^^^
  test/features/safety/presentation/screens/check_in_home_screen_test.dart:674:32: Error: Required named parameter 'notifyContactIds' must be provided.
          final checkIn = CheckIn(
                                 ^
  lib/features/safety/domain/entities/check_in.dart:42:17: Context: Found this candidate, but the arguments don't match.
    const factory CheckIn({
                  ^
  test/features/safety/presentation/screens/check_in_home_screen_test.dart:689:13: Error: No named parameter with the name 'isProcessing'.
              isProcessing: false,
              ^^^^^^^^^^^^
  lib/features/safety/presentation/state/check_in_state.dart:60:9: Context: Found this candidate, but the arguments don't match.
    const CheckInState({
          ^^^^^^^^^^^^
  test/features/safety/presentation/screens/check_in_home_screen_test.dart:123:55: Error: A value of type 'MockCheckInNotifier' can't be returned from a function with return type 'CheckInNotifier'.
   - 'MockCheckInNotifier' is from 'test/features/safety/presentation/screens/check_in_home_screen_test.dart'.
   - 'CheckInNotifier' is from 'package:soloadventurer/features/safety/presentation/notifiers/check_in_notifier.dart' ('lib/features/safety/presentation/notifiers/check_in_notifier.dart').
          checkInNotifierProvider.overrideWith((ref) => mockCheckInNotifier),
                                                        ^
  lib/features/safety/presentation/providers/safety_providers.dart:79:5: Error: No named parameter with the name 'repository'.
      repository: ref.watch(safetyRepositoryOverrideProvider),
      ^^^^^^^^^^
  lib/features/safety/infrastructure/services/missed_checkin_detector_impl.dart:34:3: Context: Found this candidate, but the arguments don't match.
    MissedCheckInDetectorImpl({
    ^^^^^^^^^^^^^^^^^^^^^^^^^
  lib/features/safety/presentation/screens/manual_check_in_screen.dart:62:47: Error: The argument type 'LocationAccuracy/*1*/' can't be assigned to the parameter type 'LocationAccuracy/*2*/'.
   - 'LocationAccuracy/*1*/' is from 'package:geolocator_platform_interface/src/enums/location_accuracy.dart' ('../.pub-cache/hosted/pub.dev/geolocator_platform_interface-4.2.4/lib/src/enums/location_accuracy.dart').
   - 'LocationAccuracy/*2*/' is from 'package:soloadventurer/core/services/location_service.dart' ('lib/core/services/location_service.dart').
          accuracy: geolocator.LocationAccuracy.high,
                                                ^
  lib/features/safety/presentation/screens/schedule_check_in_screen.dart:58:40: Error: 'locationServiceProvider' is imported from both 'package:soloadventurer/core/services/location_service.dart' and 'package:soloadventurer/features/safety/presentation/providers/safety_providers.dart'.
        final locationService = ref.read(locationServiceProvider);
                                         ^^^^^^^^^^^^^^^^^^^^^^^
  lib/features/safety/presentation/screens/schedule_check_in_screen.dart:206:55: Error: The getter 'notifier' isn't defined for the type 'AutoDisposeProvider<CheckInNotifier>'.
   - 'AutoDisposeProvider' is from 'package:riverpod/src/provider.dart' ('../.pub-cache/hosted/pub.dev/riverpod-2.6.1/lib/src/provider.dart').
   - 'CheckInNotifier' is from 'package:soloadventurer/features/safety/presentation/notifiers/check_in_notifier.dart' ('lib/features/safety/presentation/notifiers/check_in_notifier.dart').
  Try correcting the name to the name of an existing getter, or defining a getter or field named 'notifier'.
      final notifier = ref.read(checkInNotifierProvider.notifier);
                                                        ^^^^^^^^
  lib/features/safety/presentation/screens/schedule_check_in_screen.dart:257:39: Error: The getter 'isCreating' isn't defined for the type 'CheckInNotifier'.
   - 'CheckInNotifier' is from 'package:soloadventurer/features/safety/presentation/notifiers/check_in_notifier.dart' ('lib/features/safety/presentation/notifiers/check_in_notifier.dart').
  Try correcting the name to the name of an existing getter, or defining a getter or field named 'isCreating'.
      final isScheduling = checkInState.isCreating;
                                        ^^^^^^^^^^
  lib/features/safety/presentation/screens/schedule_check_in_screen.dart:350:59: Error: The getter 'contacts' isn't defined for the type 'TrustedContactsNotifier'.
   - 'TrustedContactsNotifier' is from 'package:soloadventurer/features/safety/presentation/notifiers/trusted_contacts_notifier.dart' ('lib/features/safety/presentation/notifiers/trusted_contacts_notifier.dart').
  Try correcting the name to the name of an existing getter, or defining a getter or field named 'contacts'.
                _buildContactsSelector(theme, contactsState.contacts),
                                                            ^^^^^^^^
  lib/features/safety/presentation/screens/schedule_check_in_screen.dart:619:32: Error: The getter 'isScheduling' isn't defined for the type '_ScheduleCheckInScreenState'.
   - '_ScheduleCheckInScreenState' is from 'package:soloadventurer/features/safety/presentation/screens/schedule_check_in_screen.dart' ('lib/features/safety/presentation/screens/schedule_check_in_screen.dart').
  Try correcting the name to the name of an existing getter, or defining a getter or field named 'isScheduling'.
                      onPressed: isScheduling ? null : _getCurrentLocation,
                                 ^^^^^^^^^^^^
  lib/features/safety/presentation/screens/check_in_history_screen.dart:25:40: Error: The getter 'notifier' isn't defined for the type 'AutoDisposeProvider<CheckInNotifier>'.
   - 'AutoDisposeProvider' is from 'package:riverpod/src/provider.dart' ('../.pub-cache/hosted/pub.dev/riverpod-2.6.1/lib/src/provider.dart').
   - 'CheckInNotifier' is from 'package:soloadventurer/features/safety/presentation/notifiers/check_in_notifier.dart' ('lib/features/safety/presentation/notifiers/check_in_notifier.dart').
  Try correcting the name to the name of an existing getter, or defining a getter or field named 'notifier'.
        ref.read(checkInNotifierProvider.notifier).loadCheckIns();
                                         ^^^^^^^^
  lib/features/safety/presentation/screens/check_in_history_screen.dart:32:38: Error: The getter 'checkIns' isn't defined for the type 'CheckInNotifier'.
   - 'CheckInNotifier' is from 'package:soloadventurer/features/safety/presentation/notifiers/check_in_notifier.dart' ('lib/features/safety/presentation/notifiers/check_in_notifier.dart').
  Try correcting the name to the name of an existing getter, or defining a getter or field named 'checkIns'.
      final allCheckIns = checkInState.checkIns;
                                       ^^^^^^^^
  lib/features/safety/presentation/screens/check_in_history_screen.dart:33:36: Error: The getter 'isLoading' isn't defined for the type 'CheckInNotifier'.
   - 'CheckInNotifier' is from 'package:soloadventurer/features/safety/presentation/notifiers/check_in_notifier.dart' ('lib/features/safety/presentation/notifiers/check_in_notifier.dart').
  Try correcting the name to the name of an existing getter, or defining a getter or field named 'isLoading'.
      final isLoading = checkInState.isLoading;
                                     ^^^^^^^^^
  lib/features/safety/presentation/screens/check_in_history_screen.dart:34:32: Error: The getter 'error' isn't defined for the type 'CheckInNotifier'.
   - 'CheckInNotifier' is from 'package:soloadventurer/features/safety/presentation/notifiers/check_in_notifier.dart' ('lib/features/safety/presentation/notifiers/check_in_notifier.dart').
  Try correcting the name to the name of an existing getter, or defining a getter or field named 'error'.
      final error = checkInState.error;
                                 ^^^^^
  lib/features/safety/presentation/screens/check_in_history_screen.dart:156:48: Error: The getter 'notifier' isn't defined for the type 'AutoDisposeProvider<CheckInNotifier>'.
   - 'AutoDisposeProvider' is from 'package:riverpod/src/provider.dart' ('../.pub-cache/hosted/pub.dev/riverpod-2.6.1/lib/src/provider.dart').
   - 'CheckInNotifier' is from 'package:soloadventurer/features/safety/presentation/notifiers/check_in_notifier.dart' ('lib/features/safety/presentation/notifiers/check_in_notifier.dart').
  Try correcting the name to the name of an existing getter, or defining a getter or field named 'notifier'.
          await ref.read(checkInNotifierProvider.notifier).loadCheckIns();
                                                 ^^^^^^^^
  lib/features/safety/presentation/screens/check_in_history_screen.dart:469:50: Error: The getter 'notifier' isn't defined for the type 'AutoDisposeProvider<CheckInNotifier>'.
   - 'AutoDisposeProvider' is from 'package:riverpod/src/provider.dart' ('../.pub-cache/hosted/pub.dev/riverpod-2.6.1/lib/src/provider.dart').
   - 'CheckInNotifier' is from 'package:soloadventurer/features/safety/presentation/notifiers/check_in_notifier.dart' ('lib/features/safety/presentation/notifiers/check_in_notifier.dart').
  Try correcting the name to the name of an existing getter, or defining a getter or field named 'notifier'.
                  ref.read(checkInNotifierProvider.notifier).loadCheckIns();
                                                   ^^^^^^^^
  lib/core/services/location_service_impl.dart:188:12: Error: Not a constant expression.
        case LocationAccuracy.low:
             ^^^^^^^^^^^^^^^^
  lib/core/services/location_service_impl.dart:188:12: Error: 'LocationAccuracy' is imported from both 'package:geolocator_platform_interface/src/enums/location_accuracy.dart' and 'package:soloadventurer/core/services/location_service.dart'.
        case LocationAccuracy.low:
             ^^^^^^^^^^^^^^^^
  lib/core/services/location_service_impl.dart:190:12: Error: Not a constant expression.
        case LocationAccuracy.balanced:
             ^^^^^^^^^^^^^^^^
  lib/core/services/location_service_impl.dart:190:12: Error: 'LocationAccuracy' is imported from both 'package:geolocator_platform_interface/src/enums/location_accuracy.dart' and 'package:soloadventurer/core/services/location_service.dart'.
        case LocationAccuracy.balanced:
             ^^^^^^^^^^^^^^^^
  lib/core/services/location_service_impl.dart:192:12: Error: Not a constant expression.
        case LocationAccuracy.high:
             ^^^^^^^^^^^^^^^^
  lib/core/services/location_service_impl.dart:192:12: Error: 'LocationAccuracy' is imported from both 'package:geolocator_platform_interface/src/enums/location_accuracy.dart' and 'package:soloadventurer/core/services/location_service.dart'.
        case LocationAccuracy.high:
             ^^^^^^^^^^^^^^^^
  lib/core/services/location_service_impl.dart:194:12: Error: Not a constant expression.
        case LocationAccuracy.best:
             ^^^^^^^^^^^^^^^^
  lib/core/services/location_service_impl.dart:194:12: Error: 'LocationAccuracy' is imported from both 'package:geolocator_platform_interface/src/enums/location_accuracy.dart' and 'package:soloadventurer/core/services/location_service.dart'.
        case LocationAccuracy.best:
             ^^^^^^^^^^^^^^^^
  lib/core/services/location_service_impl.dart:189:16: Error: The getter 'geolocator' isn't defined for the type 'LocationServiceImpl'.
   - 'LocationServiceImpl' is from 'package:soloadventurer/core/services/location_service_impl.dart' ('lib/core/services/location_service_impl.dart').
  Try correcting the name to the name of an existing getter, or defining a getter or field named 'geolocator'.
          return geolocator.LocationAccuracy.low;
                 ^^^^^^^^^^
  lib/core/services/location_service_impl.dart:191:16: Error: The getter 'geolocator' isn't defined for the type 'LocationServiceImpl'.
   - 'LocationServiceImpl' is from 'package:soloadventurer/core/services/location_service_impl.dart' ('lib/core/services/location_service_impl.dart').
  Try correcting the name to the name of an existing getter, or defining a getter or field named 'geolocator'.
          return geolocator.LocationAccuracy.medium;
                 ^^^^^^^^^^
  lib/core/services/location_service_impl.dart:193:16: Error: The getter 'geolocator' isn't defined for the type 'LocationServiceImpl'.
   - 'LocationServiceImpl' is from 'package:soloadventurer/core/services/location_service_impl.dart' ('lib/core/services/location_service_impl.dart').
  Try correcting the name to the name of an existing getter, or defining a getter or field named 'geolocator'.
          return geolocator.LocationAccuracy.high;
                 ^^^^^^^^^^
  lib/core/services/location_service_impl.dart:195:16: Error: The getter 'geolocator' isn't defined for the type 'LocationServiceImpl'.
   - 'LocationServiceImpl' is from 'package:soloadventurer/core/services/location_service_impl.dart' ('lib/core/services/location_service_impl.dart').
  Try correcting the name to the name of an existing getter, or defining a getter or field named 'geolocator'.
          return geolocator.LocationAccuracy.best;
                 ^^^^^^^^^^
  lib/core/services/location_service_impl.dart:226:12: Error: Not a constant expression.
        case geolocator.LocationPermission.always:
             ^^^^^^^^^^
  lib/core/services/location_service_impl.dart:226:23: Error: Not a constant expression.
        case geolocator.LocationPermission.always:
                        ^^^^^^^^^^^^^^^^^^
  lib/core/services/location_service_impl.dart:227:12: Error: Not a constant expression.
        case geolocator.LocationPermission.whileInUse:
             ^^^^^^^^^^
  lib/core/services/location_service_impl.dart:227:23: Error: Not a constant expression.
        case geolocator.LocationPermission.whileInUse:
                        ^^^^^^^^^^^^^^^^^^
  lib/core/services/location_service_impl.dart:229:12: Error: Not a constant expression.
        case geolocator.LocationPermission.denied:
             ^^^^^^^^^^
  lib/core/services/location_service_impl.dart:229:23: Error: Not a constant expression.
        case geolocator.LocationPermission.denied:
                        ^^^^^^^^^^^^^^^^^^
  lib/core/services/location_service_impl.dart:231:12: Error: Not a constant expression.
        case geolocator.LocationPermission.deniedForever:
             ^^^^^^^^^^
  lib/core/services/location_service_impl.dart:231:23: Error: Not a constant expression.
        case geolocator.LocationPermission.deniedForever:
                        ^^^^^^^^^^^^^^^^^^
  lib/core/services/location_service_impl.dart:233:12: Error: Not a constant expression.
        case geolocator.LocationPermission.unableToDetermine:
             ^^^^^^^^^^
  lib/core/services/location_service_impl.dart:233:23: Error: Not a constant expression.
        case geolocator.LocationPermission.unableToDetermine:
                        ^^^^^^^^^^^^^^^^^^
  lib/core/services/location_service_impl.dart:222:28: Error: A non-null value must be returned since the return type 'LocationPermissionStatus' doesn't allow null.
   - 'LocationPermissionStatus' is from 'package:soloadventurer/core/services/location_service.dart' ('lib/core/services/location_service.dart').
    LocationPermissionStatus _mapPermissionStatus(
                             ^
  lib/core/services/background_checkin_service_impl.dart:39:22: Error: The method 'WorkManagerConstraints' isn't defined for the type 'BackgroundCheckInServiceImpl'.
   - 'BackgroundCheckInServiceImpl' is from 'package:soloadventurer/core/services/background_checkin_service_impl.dart' ('lib/core/services/background_checkin_service_impl.dart').
  Try correcting the name to the name of an existing method, or defining a method named 'WorkManagerConstraints'.
          constraints: WorkManagerConstraints(
                       ^^^^^^^^^^^^^^^^^^^^^^
  lib/core/services/background_checkin_service_impl.dart:81:22: Error: The method 'WorkManagerConstraints' isn't defined for the type 'BackgroundCheckInServiceImpl'.
   - 'BackgroundCheckInServiceImpl' is from 'package:soloadventurer/core/services/background_checkin_service_impl.dart' ('lib/core/services/background_checkin_service_impl.dart').
  Try correcting the name to the name of an existing method, or defining a method named 'WorkManagerConstraints'.
          constraints: WorkManagerConstraints(
                       ^^^^^^^^^^^^^^^^^^^^^^
  lib/features/safety/data/repositories/safety_providers.dart:13:10: Error: Method not found: 'SafetyLocalDataSourceImpl'.
    return SafetyLocalDataSourceImpl();
           ^^^^^^^^^^^^^^^^^^^^^^^^^
  lib/features/safety/data/repositories/safety_providers.dart:20:10: Error: Method not found: 'MockSafetyRemoteDataSource'.
    return MockSafetyRemoteDataSource();
           ^^^^^^^^^^^^^^^^^^^^^^^^^^
  lib/features/safety/presentation/notifiers/check_in_notifier.dart:96:27: Error: The argument type 'List<String>?' can't be assigned to the parameter type 'List<String>'.
   - 'List' is from 'dart:core'.
          notifyContactIds: notifyContactIds,
                            ^
  lib/app/di/modules/core_module.dart:13:11: Error: Method not found: 'SecurityManagerImpl'.
      () => SecurityManagerImpl(
            ^^^^^^^^^^^^^^^^^^^
  lib/features/auth/data/datasources/mock_auth_remote_data_source.dart:241:21: Error: The getter 'email' isn't defined for the type 'Credentials'.
   - 'Credentials' is from 'package:soloadventurer/features/auth/data/models/credentials.dart' ('lib/features/auth/data/models/credentials.dart').
  Try correcting the name to the name of an existing getter, or defining a getter or field named 'email'.
      if (credentials.email != 'test@example.com' || credentials.password != 'password123') {
                      ^^^^^
  lib/features/offline/data/repositories/offline_aware_repository.dart:492:19: Error: The getter 'timestamp_' isn't defined for the type 'OfflineAwareRepository<Entity, Model, CreateModel, UpdateModel>'.
   - 'OfflineAwareRepository' is from 'package:soloadventurer/features/offline/data/repositories/offline_aware_repository.dart' ('lib/features/offline/data/repositories/offline_aware_repository.dart').
  Try correcting the name to the name of an existing getter, or defining a getter or field named 'timestamp_'.
      return 'temp_$timestamp_$random';
                    ^^^^^^^^^^
  lib/features/offline/data/repositories/sync_queue_repository_impl.dart:36:52: Error: The argument type 'int' can't be assigned to the parameter type 'SyncQueueItem'.
   - 'SyncQueueItem' is from 'package:soloadventurer/features/offline/infrastructure/database/database.dart' ('lib/features/offline/infrastructure/database/database.dart').
        return model.SyncOperationModel.fromDatabase(item).toDomainEntity();
                                                     ^
  lib/features/offline/infrastructure/sync/background_sync_service.dart:154:11: Error: No named parameter with the name 'requiresNotRoaming'.
            requiresNotRoaming: false, // Allow sync while roaming
            ^^^^^^^^^^^^^^^^^^
  ../.pub-cache/hosted/pub.dev/workmanager-0.5.2/lib/src/options.dart:96:3: Context: Found this candidate, but the arguments don't match.
    Constraints({
    ^^^^^^^^^^^
  lib/features/offline/infrastructure/sync/background_sync_service.dart:164:9: Error: No named parameter with the name 'backoffDelay'.
          backoffDelay: const Duration(minutes: 15), // Initial backoff delay
          ^^^^^^^^^^^^
  lib/features/offline/infrastructure/sync/background_sync_service.dart:229:27: Error: The method 'cancelTaskByTag' isn't defined for the type 'Workmanager'.
   - 'Workmanager' is from 'package:workmanager/src/workmanager.dart' ('../.pub-cache/hosted/pub.dev/workmanager-0.5.2/lib/src/workmanager.dart').
  Try correcting the name to the name of an existing method, or defining a method named 'cancelTaskByTag'.
        await Workmanager().cancelTaskByTag(periodicSyncTaskName);
                            ^^^^^^^^^^^^^^^
  lib/features/offline/infrastructure/sync/conflict_resolver_impl.dart:385:33: Error: The getter 'tripDao' isn't defined for the type 'AppDatabase'.
   - 'AppDatabase' is from 'package:soloadventurer/features/offline/infrastructure/database/database.dart' ('lib/features/offline/infrastructure/database/database.dart').
  Try correcting the name to the name of an existing getter, or defining a getter or field named 'tripDao'.
        final tripDao = _database.tripDao;
                                  ^^^^^^^
  lib/features/offline/infrastructure/sync/conflict_resolver_impl.dart:411:33: Error: The getter 'tripDao' isn't defined for the type 'AppDatabase'.
   - 'AppDatabase' is from 'package:soloadventurer/features/offline/infrastructure/database/database.dart' ('lib/features/offline/infrastructure/database/database.dart').
  Try correcting the name to the name of an existing getter, or defining a getter or field named 'tripDao'.
        final tripDao = _database.tripDao;
                                  ^^^^^^^
  lib/features/offline/infrastructure/sync/conflict_resolver_impl.dart:437:36: Error: The getter 'journalDao' isn't defined for the type 'AppDatabase'.
   - 'AppDatabase' is from 'package:soloadventurer/features/offline/infrastructure/database/database.dart' ('lib/features/offline/infrastructure/database/database.dart').
  Try correcting the name to the name of an existing getter, or defining a getter or field named 'journalDao'.
        final journalDao = _database.journalDao;
                                     ^^^^^^^^^^
  lib/features/offline/infrastructure/sync/conflict_resolver_impl.dart:460:36: Error: The getter 'journalDao' isn't defined for the type 'AppDatabase'.
   - 'AppDatabase' is from 'package:soloadventurer/features/offline/infrastructure/database/database.dart' ('lib/features/offline/infrastructure/database/database.dart').
  Try correcting the name to the name of an existing getter, or defining a getter or field named 'journalDao'.
        final journalDao = _database.journalDao;
                                     ^^^^^^^^^^
  lib/features/offline/infrastructure/sync/conflict_resolver_impl.dart:485:33: Error: The getter 'userDao' isn't defined for the type 'AppDatabase'.
   - 'AppDatabase' is from 'package:soloadventurer/features/offline/infrastructure/database/database.dart' ('lib/features/offline/infrastructure/database/database.dart').
  Try correcting the name to the name of an existing getter, or defining a getter or field named 'userDao'.
        final userDao = _database.userDao;
                                  ^^^^^^^
  lib/features/offline/infrastructure/sync/conflict_resolver_impl.dart:508:33: Error: The getter 'userDao' isn't defined for the type 'AppDatabase'.
   - 'AppDatabase' is from 'package:soloadventurer/features/offline/infrastructure/database/database.dart' ('lib/features/offline/infrastructure/database/database.dart').
  Try correcting the name to the name of an existing getter, or defining a getter or field named 'userDao'.
        final userDao = _database.userDao;
                                  ^^^^^^^
  lib/features/offline/infrastructure/sync/download_sync.dart:254:33: Error: The getter 'tripDao' isn't defined for the type 'AppDatabase'.
   - 'AppDatabase' is from 'package:soloadventurer/features/offline/infrastructure/database/database.dart' ('lib/features/offline/infrastructure/database/database.dart').
  Try correcting the name to the name of an existing getter, or defining a getter or field named 'tripDao'.
        final tripDao = _database.tripDao;
                                  ^^^^^^^
  lib/features/offline/infrastructure/sync/download_sync.dart:372:33: Error: The getter 'tripDao' isn't defined for the type 'AppDatabase'.
   - 'AppDatabase' is from 'package:soloadventurer/features/offline/infrastructure/database/database.dart' ('lib/features/offline/infrastructure/database/database.dart').
  Try correcting the name to the name of an existing getter, or defining a getter or field named 'tripDao'.
        final tripDao = _database.tripDao;
                                  ^^^^^^^
  lib/features/offline/infrastructure/sync/download_sync.dart:430:40: Error: The getter 'journalDao' isn't defined for the type 'AppDatabase'.
   - 'AppDatabase' is from 'package:soloadventurer/features/offline/infrastructure/database/database.dart' ('lib/features/offline/infrastructure/database/database.dart').
  Try correcting the name to the name of an existing getter, or defining a getter or field named 'journalDao'.
            final journalDao = _database.journalDao;
                                         ^^^^^^^^^^
  lib/features/offline/infrastructure/sync/download_sync.dart:568:33: Error: The getter 'userDao' isn't defined for the type 'AppDatabase'.
   - 'AppDatabase' is from 'package:soloadventurer/features/offline/infrastructure/database/database.dart' ('lib/features/offline/infrastructure/database/database.dart').
  Try correcting the name to the name of an existing getter, or defining a getter or field named 'userDao'.
        final userDao = _database.userDao;
                                  ^^^^^^^
  lib/features/offline/infrastructure/sync/download_sync.dart:677:17: Error: No named parameter with the name 'userId'.
                  userId: userId,
                  ^^^^^^
  lib/features/offline/infrastructure/database/database.g.dart:3735:3: Context: Found this candidate, but the arguments don't match.
    SyncMetadataTableCompanion.insert({
    ^^^^^^^^^^^^^^^^^^^^^^^^^^^^^^^^^
  lib/features/offline/infrastructure/sync/download_sync.dart:669:40: Error: The getter 'userId' isn't defined for the type '$SyncMetadataTableTable'.
   - '$SyncMetadataTableTable' is from 'package:soloadventurer/features/offline/infrastructure/database/database.dart' ('lib/features/offline/infrastructure/database/database.dart').
  Try correcting the name to the name of an existing getter, or defining a getter or field named 'userId'.
                    ..where((tbl) => tbl.userId.equals(userId)))
                                         ^^^^^^
  lib/features/offline/infrastructure/sync/download_sync.dart:687:24: Error: The method 'SyncMetadataTable' isn't defined for the type 'DownloadSync'.
   - 'DownloadSync' is from 'package:soloadventurer/features/offline/infrastructure/sync/download_sync.dart' ('lib/features/offline/infrastructure/sync/download_sync.dart').
  Try correcting the name to the name of an existing method, or defining a method named 'SyncMetadataTable'.
                .replace(SyncMetadataTable(
                         ^^^^^^^^^^^^^^^^^
  lib/features/offline/infrastructure/sync/download_sync.dart:688:30: Error: The getter 'id' isn't defined for the type 'SyncMetadata'.
   - 'SyncMetadata' is from 'package:soloadventurer/features/offline/infrastructure/database/database.dart' ('lib/features/offline/infrastructure/database/database.dart').
  Try correcting the name to the name of an existing getter, or defining a getter or field named 'id'.
                  id: metadata.id,
                               ^^
  lib/features/offline/infrastructure/sync/download_sync.dart:775:7: Error: No named parameter with the name 'firstName'.
        firstName: Value(serverUser['firstName'] as String?),
        ^^^^^^^^^
  lib/features/offline/infrastructure/database/database.g.dart:2407:9: Context: Found this candidate, but the arguments don't match.
    const UsersCompanion({
          ^^^^^^^^^^^^^^
  lib/features/offline/infrastructure/sync/incremental_sync.dart:262:38: Error: Required named parameter 'userId' must be provided.
          return syncIncrementalChanges(
                                       ^
  lib/features/offline/infrastructure/sync/incremental_sync.dart:286:40: Error: The getter 'userId' isn't defined for the type '$SyncMetadataTableTable'.
   - '$SyncMetadataTableTable' is from 'package:soloadventurer/features/offline/infrastructure/database/database.dart' ('lib/features/offline/infrastructure/database/database.dart').
  Try correcting the name to the name of an existing getter, or defining a getter or field named 'userId'.
                    ..where((tbl) => tbl.userId.equals(userId)))
                                         ^^^^^^
  lib/features/offline/infrastructure/sync/incremental_sync.dart:290:32: Error: The getter 'lastIncrementalSyncAt' isn't defined for the type 'SyncMetadata'.
   - 'SyncMetadata' is from 'package:soloadventurer/features/offline/infrastructure/database/database.dart' ('lib/features/offline/infrastructure/database/database.dart').
  Try correcting the name to the name of an existing getter, or defining a getter or field named 'lastIncrementalSyncAt'.
              metadataList.first.lastIncrementalSyncAt == null) {
                                 ^^^^^^^^^^^^^^^^^^^^^
  lib/features/offline/infrastructure/sync/incremental_sync.dart:309:34: Error: The getter 'userId' isn't defined for the type '$SyncMetadataTableTable'.
   - '$SyncMetadataTableTable' is from 'package:soloadventurer/features/offline/infrastructure/database/database.dart' ('lib/features/offline/infrastructure/database/database.dart').
  Try correcting the name to the name of an existing getter, or defining a getter or field named 'userId'.
              ..where((tbl) => tbl.userId.equals(userId)))
                                   ^^^^^^
  lib/features/offline/infrastructure/sync/incremental_sync.dart:316:33: Error: The getter 'lastIncrementalSyncAt' isn't defined for the type 'SyncMetadata'.
   - 'SyncMetadata' is from 'package:soloadventurer/features/offline/infrastructure/database/database.dart' ('lib/features/offline/infrastructure/database/database.dart').
  Try correcting the name to the name of an existing getter, or defining a getter or field named 'lastIncrementalSyncAt'.
        return metadataList.first.lastIncrementalSyncAt;
                                  ^^^^^^^^^^^^^^^^^^^^^
  lib/features/offline/infrastructure/sync/incremental_sync.dart:389:33: Error: The getter 'tripDao' isn't defined for the type 'AppDatabase'.
   - 'AppDatabase' is from 'package:soloadventurer/features/offline/infrastructure/database/database.dart' ('lib/features/offline/infrastructure/database/database.dart').
  Try correcting the name to the name of an existing getter, or defining a getter or field named 'tripDao'.
        final tripDao = _database.tripDao;
                                  ^^^^^^^
  lib/features/offline/infrastructure/sync/incremental_sync.dart:553:31: Error: The getter 'tripDao' isn't defined for the type 'AppDatabase'.
   - 'AppDatabase' is from 'package:soloadventurer/features/offline/infrastructure/database/database.dart' ('lib/features/offline/infrastructure/database/database.dart').
  Try correcting the name to the name of an existing getter, or defining a getter or field named 'tripDao'.
      final tripDao = _database.tripDao;
                                ^^^^^^^
  lib/features/offline/infrastructure/sync/incremental_sync.dart:605:34: Error: The getter 'journalDao' isn't defined for the type 'AppDatabase'.
   - 'AppDatabase' is from 'package:soloadventurer/features/offline/infrastructure/database/database.dart' ('lib/features/offline/infrastructure/database/database.dart').
  Try correcting the name to the name of an existing getter, or defining a getter or field named 'journalDao'.
      final journalDao = _database.journalDao;
                                   ^^^^^^^^^^
  lib/features/offline/infrastructure/sync/incremental_sync.dart:660:31: Error: The getter 'userDao' isn't defined for the type 'AppDatabase'.
   - 'AppDatabase' is from 'package:soloadventurer/features/offline/infrastructure/database/database.dart' ('lib/features/offline/infrastructure/database/database.dart').
  Try correcting the name to the name of an existing getter, or defining a getter or field named 'userDao'.
      final userDao = _database.userDao;
                                ^^^^^^^
  lib/features/offline/infrastructure/sync/incremental_sync.dart:727:17: Error: No named parameter with the name 'userId'.
                  userId: userId,
                  ^^^^^^
  lib/features/offline/infrastructure/database/database.g.dart:3723:9: Context: Found this candidate, but the arguments don't match.
    const SyncMetadataTableCompanion({
          ^^^^^^^^^^^^^^^^^^^^^^^^^^
  lib/features/offline/infrastructure/sync/incremental_sync.dart:719:40: Error: The getter 'userId' isn't defined for the type '$SyncMetadataTableTable'.
   - '$SyncMetadataTableTable' is from 'package:soloadventurer/features/offline/infrastructure/database/database.dart' ('lib/features/offline/infrastructure/database/database.dart').
  Try correcting the name to the name of an existing getter, or defining a getter or field named 'userId'.
                    ..where((tbl) => tbl.userId.equals(userId)))
                                         ^^^^^^
  lib/features/offline/infrastructure/sync/incremental_sync.dart:739:24: Error: The method 'SyncMetadataTable' isn't defined for the type 'IncrementalSync'.
   - 'IncrementalSync' is from 'package:soloadventurer/features/offline/infrastructure/sync/incremental_sync.dart' ('lib/features/offline/infrastructure/sync/incremental_sync.dart').
  Try correcting the name to the name of an existing method, or defining a method named 'SyncMetadataTable'.
                .replace(SyncMetadataTable(
                         ^^^^^^^^^^^^^^^^^
  lib/features/offline/infrastructure/sync/incremental_sync.dart:740:30: Error: The getter 'id' isn't defined for the type 'SyncMetadata'.
   - 'SyncMetadata' is from 'package:soloadventurer/features/offline/infrastructure/database/database.dart' ('lib/features/offline/infrastructure/database/database.dart').
  Try correcting the name to the name of an existing getter, or defining a getter or field named 'id'.
                  id: metadata.id,
                               ^^
  lib/features/offline/infrastructure/sync/incremental_sync.dart:746:54: Error: The getter 'lastIncrementalSyncAt' isn't defined for the type 'SyncMetadata'.
   - 'SyncMetadata' is from 'package:soloadventurer/features/offline/infrastructure/database/database.dart' ('lib/features/offline/infrastructure/database/database.dart').
  Try correcting the name to the name of an existing getter, or defining a getter or field named 'lastIncrementalSyncAt'.
                      usedIncremental ? now : metadata.lastIncrementalSyncAt,
                                                       ^^^^^^^^^^^^^^^^^^^^^
  lib/features/offline/infrastructure/sync/incremental_sync.dart:891:7: Error: No named parameter with the name 'firstName'.
        firstName: Value(serverUser['firstName'] as String?),
        ^^^^^^^^^
  lib/features/offline/infrastructure/database/database.g.dart:2407:9: Context: Found this candidate, but the arguments don't match.
    const UsersCompanion({
          ^^^^^^^^^^^^^^
  lib/features/offline/infrastructure/sync/offline_interceptor.dart:348:21: Error: The method 'call' isn't defined for the type 'Future<T>'.
   - 'Future' is from 'dart:async'.
  Try correcting the name to the name of an existing method, or defining a method named 'call'.
        await executor();
                      ^
  lib/features/offline/infrastructure/sync/offline_interceptor.dart:352:26: Error: The method 'call' isn't defined for the type 'Future<void>'.
   - 'Future' is from 'dart:async'.
  Try correcting the name to the name of an existing method, or defining a method named 'call'.
          await localUpdate();
                           ^
  lib/features/offline/infrastructure/sync/offline_interceptor.dart:382:24: Error: The method 'call' isn't defined for the type 'Future<void>'.
   - 'Future' is from 'dart:async'.
  Try correcting the name to the name of an existing method, or defining a method named 'call'.
        await localUpdate();
                         ^
  lib/features/offline/infrastructure/sync/mutation_interceptor.dart:263:66: Error: The argument type 'ErrorInterceptorHandler' can't be assigned to the parameter type 'RequestInterceptorHandler'.
   - 'ErrorInterceptorHandler' is from 'package:dio/src/dio_mixin.dart' ('../.pub-cache/hosted/pub.dev/dio-5.8.0+1/lib/src/dio_mixin.dart').
   - 'RequestInterceptorHandler' is from 'package:dio/src/dio_mixin.dart' ('../.pub-cache/hosted/pub.dev/dio-5.8.0+1/lib/src/dio_mixin.dart').
        await _handleOfflineMutation(metadata, err.requestOptions, handler);
                                                                   ^
  .

To run this test again: /opt/homebrew/Caskroom/flutter/3.32.5/flutter/bin/cache/dart-sdk/bin/dart test /Users/anthonyforan/SoloAdventurer_app/test/features/safety/presentation/screens/check_in_home_screen_test.dart -p vm --plain-name 'loading /Users/anthonyforan/SoloAdventurer_app/test/features/safety/presentation/screens/check_in_home_screen_test.dart'
lib/core/services/location_service_impl.dart:186:3: Error: 'geolocator.LocationAccuracy' can't be used as a type because 'geolocator' doesn't refer to an import prefix.
  geolocator.LocationAccuracy _mapAccuracy(LocationAccuracy accuracy) {
  ^^^^^^^^^^^^^^^^^^^^^^^^^^^
lib/core/services/location_service_impl.dart:223:5: Error: 'geolocator.LocationPermission' can't be used as a type because 'geolocator' doesn't refer to an import prefix.
    geolocator.LocationPermission permission,
    ^^^^^^^^^^^^^^^^^^^^^^^^^^^^^
lib/core/services/location_service_impl.dart:5:1: Error: 'LocationAccuracy' is imported from both 'package:geolocator_platform_interface/src/enums/location_accuracy.dart' and 'package:soloadventurer/core/services/location_service.dart'.
import 'location_service.dart';
^^^^^^^^^^^^^^^^
lib/core/services/location_service_impl.dart:25:33: Error: Not a constant expression.
    LocationAccuracy accuracy = LocationAccuracy.balanced,
                                ^^^^^^^^^^^^^^^^
lib/core/services/location_service_impl.dart:25:33: Error: 'LocationAccuracy' is imported from both 'package:geolocator_platform_interface/src/enums/location_accuracy.dart' and 'package:soloadventurer/core/services/location_service.dart'.
    LocationAccuracy accuracy = LocationAccuracy.balanced,
                                ^^^^^^^^^^^^^^^^
lib/core/services/location_service_impl.dart:82:33: Error: Not a constant expression.
    LocationAccuracy accuracy = LocationAccuracy.balanced,
                                ^^^^^^^^^^^^^^^^
lib/core/services/location_service_impl.dart:82:33: Error: 'LocationAccuracy' is imported from both 'package:geolocator_platform_interface/src/enums/location_accuracy.dart' and 'package:soloadventurer/core/services/location_service.dart'.
    LocationAccuracy accuracy = LocationAccuracy.balanced,
                                ^^^^^^^^^^^^^^^^
lib/core/error/safety_exceptions.dart:5:31: Error: The super constructor has no corresponding positional parameter.
  const SafetyException(super.message, {required super.code});
                              ^
test/features/safety/presentation/notifiers/safety_notifier_test.dart:78:36: Error: 'SafetyData' isn't a type.
      expect(state, isA<AsyncValue<SafetyData>>());
                                   ^^^^^^^^^^
test/features/safety/presentation/notifiers/safety_notifier_test.dart:79:31: Error: 'SafetyData' isn't a type.
      expect(state.value, isA<SafetyData>());
                              ^^^^^^^^^^
test/features/safety/presentation/notifiers/safety_notifier_test.dart:104:26: Error: 'SafetyData' isn't a type.
          isA<AsyncValue<SafetyData>>()
                         ^^^^^^^^^^
test/features/safety/presentation/notifiers/safety_notifier_test.dart:235:24: Error: Method not found: 'anyNamed'.
              message: anyNamed('message'),
                       ^^^^^^^^
test/features/safety/presentation/notifiers/safety_notifier_test.dart:237:29: Error: Method not found: 'anyNamed'.
              batteryLevel: anyNamed('batteryLevel'),
                            ^^^^^^^^
test/features/safety/presentation/notifiers/safety_notifier_test.dart:238:23: Error: Method not found: 'anyNamed'.
              tripId: anyNamed('tripId'),
                      ^^^^^^^^
test/features/safety/presentation/notifiers/safety_notifier_test.dart:557:29: Error: Method not found: 'SafetyData'.
            AsyncValue.data(SafetyData(recentAlerts: [testAlert]));
                            ^^^^^^^^^^
test/features/safety/presentation/notifiers/safety_notifier_test.dart:593:29: Error: Method not found: 'SafetyData'.
            AsyncValue.data(SafetyData(
                            ^^^^^^^^^^
test/features/safety/presentation/notifiers/safety_notifier_test.dart:631:29: Error: Method not found: 'SafetyData'.
            AsyncValue.data(SafetyData(
                            ^^^^^^^^^^
test/features/safety/presentation/notifiers/safety_notifier_test.dart:757:35: Error: Method not found: 'SafetyData'.
            const AsyncValue.data(SafetyData());
                                  ^^^^^^^^^^
test/features/safety/presentation/notifiers/safety_notifier_test.dart:778:35: Error: Method not found: 'SafetyData'.
            const AsyncValue.data(SafetyData());
                                  ^^^^^^^^^^
test/features/safety/presentation/notifiers/safety_notifier_test.dart:816:22: Error: Method not found: 'SafetyData'.
        final data = SafetyData(
                     ^^^^^^^^^^
test/features/safety/presentation/notifiers/safety_notifier_test.dart:824:22: Error: Method not found: 'SafetyData'.
        const data = SafetyData();
                     ^^^^^^^^^^
test/features/safety/presentation/notifiers/safety_notifier_test.dart:832:22: Error: Method not found: 'SafetyData'.
        final data = SafetyData(currentStatus: status);
                     ^^^^^^^^^^
test/features/safety/presentation/notifiers/safety_notifier_test.dart:840:22: Error: Method not found: 'SafetyData'.
        final data = SafetyData(currentStatus: status);
                     ^^^^^^^^^^
test/features/safety/presentation/notifiers/safety_notifier_test.dart:848:22: Error: Method not found: 'SafetyData'.
        final data = SafetyData(currentStatus: status);
                     ^^^^^^^^^^
test/features/safety/presentation/notifiers/safety_notifier_test.dart:855:22: Error: Method not found: 'SafetyData'.
        final data = SafetyData(currentStatus: status);
                     ^^^^^^^^^^
test/features/safety/presentation/notifiers/safety_notifier_test.dart:861:22: Error: Method not found: 'SafetyData'.
        const data = SafetyData();
                     ^^^^^^^^^^
test/features/safety/presentation/notifiers/safety_notifier_test.dart:79:20: Error: The getter 'value' isn't defined for the type 'SafetyNotifier'.
 - 'SafetyNotifier' is from 'package:soloadventurer/features/safety/presentation/notifiers/safety_notifier.dart' ('lib/features/safety/presentation/notifiers/safety_notifier.dart').
Try correcting the name to the name of an existing getter, or defining a getter or field named 'value'.
      expect(state.value, isA<SafetyData>());
                   ^^^^^
test/features/safety/presentation/notifiers/safety_notifier_test.dart:80:20: Error: The getter 'value' isn't defined for the type 'SafetyNotifier'.
 - 'SafetyNotifier' is from 'package:soloadventurer/features/safety/presentation/notifiers/safety_notifier.dart' ('lib/features/safety/presentation/notifiers/safety_notifier.dart').
Try correcting the name to the name of an existing getter, or defining a getter or field named 'value'.
      expect(state.value?.currentStatus, isNull);
                   ^^^^^
test/features/safety/presentation/notifiers/safety_notifier_test.dart:81:20: Error: The getter 'value' isn't defined for the type 'SafetyNotifier'.
 - 'SafetyNotifier' is from 'package:soloadventurer/features/safety/presentation/notifiers/safety_notifier.dart' ('lib/features/safety/presentation/notifiers/safety_notifier.dart').
Try correcting the name to the name of an existing getter, or defining a getter or field named 'value'.
      expect(state.value?.recentAlerts, isEmpty);
                   ^^^^^
test/features/safety/presentation/notifiers/safety_notifier_test.dart:82:20: Error: The getter 'value' isn't defined for the type 'SafetyNotifier'.
 - 'SafetyNotifier' is from 'package:soloadventurer/features/safety/presentation/notifiers/safety_notifier.dart' ('lib/features/safety/presentation/notifiers/safety_notifier.dart').
Try correcting the name to the name of an existing getter, or defining a getter or field named 'value'.
      expect(state.value?.activeAlerts, isEmpty);
                   ^^^^^
test/features/safety/presentation/notifiers/safety_notifier_test.dart:83:20: Error: The getter 'value' isn't defined for the type 'SafetyNotifier'.
 - 'SafetyNotifier' is from 'package:soloadventurer/features/safety/presentation/notifiers/safety_notifier.dart' ('lib/features/safety/presentation/notifiers/safety_notifier.dart').
Try correcting the name to the name of an existing getter, or defining a getter or field named 'value'.
      expect(state.value?.trustedContactsCount, equals(0));
                   ^^^^^
test/features/safety/presentation/notifiers/safety_notifier_test.dart:98:59: Error: The getter 'notifier' isn't defined for the type 'AutoDisposeProvider<SafetyNotifier>'.
 - 'AutoDisposeProvider' is from 'package:riverpod/src/provider.dart' ('../.pub-cache/hosted/pub.dev/riverpod-2.6.1/lib/src/provider.dart').
 - 'SafetyNotifier' is from 'package:soloadventurer/features/safety/presentation/notifiers/safety_notifier.dart' ('lib/features/safety/presentation/notifiers/safety_notifier.dart').
Try correcting the name to the name of an existing getter, or defining a getter or field named 'notifier'.
            .read(safety_providers.safetyNotifierProvider.notifier)
                                                          ^^^^^^^^
test/features/safety/presentation/notifiers/safety_notifier_test.dart:128:59: Error: The getter 'notifier' isn't defined for the type 'AutoDisposeProvider<SafetyNotifier>'.
 - 'AutoDisposeProvider' is from 'package:riverpod/src/provider.dart' ('../.pub-cache/hosted/pub.dev/riverpod-2.6.1/lib/src/provider.dart').
 - 'SafetyNotifier' is from 'package:soloadventurer/features/safety/presentation/notifiers/safety_notifier.dart' ('lib/features/safety/presentation/notifiers/safety_notifier.dart').
Try correcting the name to the name of an existing getter, or defining a getter or field named 'notifier'.
            .read(safety_providers.safetyNotifierProvider.notifier)
                                                          ^^^^^^^^
test/features/safety/presentation/notifiers/safety_notifier_test.dart:133:22: Error: The getter 'value' isn't defined for the type 'SafetyNotifier'.
 - 'SafetyNotifier' is from 'package:soloadventurer/features/safety/presentation/notifiers/safety_notifier.dart' ('lib/features/safety/presentation/notifiers/safety_notifier.dart').
Try correcting the name to the name of an existing getter, or defining a getter or field named 'value'.
        expect(state.value?.currentStatus?.statusType,
                     ^^^^^
test/features/safety/presentation/notifiers/safety_notifier_test.dart:135:22: Error: The getter 'value' isn't defined for the type 'SafetyNotifier'.
 - 'SafetyNotifier' is from 'package:soloadventurer/features/safety/presentation/notifiers/safety_notifier.dart' ('lib/features/safety/presentation/notifiers/safety_notifier.dart').
Try correcting the name to the name of an existing getter, or defining a getter or field named 'value'.
        expect(state.value?.recentAlerts, hasLength(2));
                     ^^^^^
test/features/safety/presentation/notifiers/safety_notifier_test.dart:136:22: Error: The getter 'value' isn't defined for the type 'SafetyNotifier'.
 - 'SafetyNotifier' is from 'package:soloadventurer/features/safety/presentation/notifiers/safety_notifier.dart' ('lib/features/safety/presentation/notifiers/safety_notifier.dart').
Try correcting the name to the name of an existing getter, or defining a getter or field named 'value'.
        expect(state.value?.trustedContactsCount, equals(3));
                     ^^^^^
test/features/safety/presentation/notifiers/safety_notifier_test.dart:154:59: Error: The getter 'notifier' isn't defined for the type 'AutoDisposeProvider<SafetyNotifier>'.
 - 'AutoDisposeProvider' is from 'package:riverpod/src/provider.dart' ('../.pub-cache/hosted/pub.dev/riverpod-2.6.1/lib/src/provider.dart').
 - 'SafetyNotifier' is from 'package:soloadventurer/features/safety/presentation/notifiers/safety_notifier.dart' ('lib/features/safety/presentation/notifiers/safety_notifier.dart').
Try correcting the name to the name of an existing getter, or defining a getter or field named 'notifier'.
            .read(safety_providers.safetyNotifierProvider.notifier)
                                                          ^^^^^^^^
test/features/safety/presentation/notifiers/safety_notifier_test.dart:159:22: Error: The getter 'hasError' isn't defined for the type 'SafetyNotifier'.
 - 'SafetyNotifier' is from 'package:soloadventurer/features/safety/presentation/notifiers/safety_notifier.dart' ('lib/features/safety/presentation/notifiers/safety_notifier.dart').
Try correcting the name to the name of an existing getter, or defining a getter or field named 'hasError'.
        expect(state.hasError, isTrue);
                     ^^^^^^^^
test/features/safety/presentation/notifiers/safety_notifier_test.dart:178:59: Error: The getter 'notifier' isn't defined for the type 'AutoDisposeProvider<SafetyNotifier>'.
 - 'AutoDisposeProvider' is from 'package:riverpod/src/provider.dart' ('../.pub-cache/hosted/pub.dev/riverpod-2.6.1/lib/src/provider.dart').
 - 'SafetyNotifier' is from 'package:soloadventurer/features/safety/presentation/notifiers/safety_notifier.dart' ('lib/features/safety/presentation/notifiers/safety_notifier.dart').
Try correcting the name to the name of an existing getter, or defining a getter or field named 'notifier'.
            .read(safety_providers.safetyNotifierProvider.notifier)
                                                          ^^^^^^^^
test/features/safety/presentation/notifiers/safety_notifier_test.dart:183:59: Error: The getter 'notifier' isn't defined for the type 'AutoDisposeProvider<SafetyNotifier>'.
 - 'AutoDisposeProvider' is from 'package:riverpod/src/provider.dart' ('../.pub-cache/hosted/pub.dev/riverpod-2.6.1/lib/src/provider.dart').
 - 'SafetyNotifier' is from 'package:soloadventurer/features/safety/presentation/notifiers/safety_notifier.dart' ('lib/features/safety/presentation/notifiers/safety_notifier.dart').
Try correcting the name to the name of an existing getter, or defining a getter or field named 'notifier'.
            .read(safety_providers.safetyNotifierProvider.notifier)
                                                          ^^^^^^^^
test/features/safety/presentation/notifiers/safety_notifier_test.dart:188:22: Error: The getter 'value' isn't defined for the type 'SafetyNotifier'.
 - 'SafetyNotifier' is from 'package:soloadventurer/features/safety/presentation/notifiers/safety_notifier.dart' ('lib/features/safety/presentation/notifiers/safety_notifier.dart').
Try correcting the name to the name of an existing getter, or defining a getter or field named 'value'.
        expect(state.value?.currentStatus?.statusType,
                     ^^^^^
test/features/safety/presentation/notifiers/safety_notifier_test.dart:190:22: Error: The getter 'value' isn't defined for the type 'SafetyNotifier'.
 - 'SafetyNotifier' is from 'package:soloadventurer/features/safety/presentation/notifiers/safety_notifier.dart' ('lib/features/safety/presentation/notifiers/safety_notifier.dart').
Try correcting the name to the name of an existing getter, or defining a getter or field named 'value'.
        expect(state.value?.currentStatus?.message, equals('Need assistance'));
                     ^^^^^
test/features/safety/presentation/notifiers/safety_notifier_test.dart:204:59: Error: The getter 'notifier' isn't defined for the type 'AutoDisposeProvider<SafetyNotifier>'.
 - 'AutoDisposeProvider' is from 'package:riverpod/src/provider.dart' ('../.pub-cache/hosted/pub.dev/riverpod-2.6.1/lib/src/provider.dart').
 - 'SafetyNotifier' is from 'package:soloadventurer/features/safety/presentation/notifiers/safety_notifier.dart' ('lib/features/safety/presentation/notifiers/safety_notifier.dart').
Try correcting the name to the name of an existing getter, or defining a getter or field named 'notifier'.
            .read(safety_providers.safetyNotifierProvider.notifier)
                                                          ^^^^^^^^
test/features/safety/presentation/notifiers/safety_notifier_test.dart:209:59: Error: The getter 'notifier' isn't defined for the type 'AutoDisposeProvider<SafetyNotifier>'.
 - 'AutoDisposeProvider' is from 'package:riverpod/src/provider.dart' ('../.pub-cache/hosted/pub.dev/riverpod-2.6.1/lib/src/provider.dart').
 - 'SafetyNotifier' is from 'package:soloadventurer/features/safety/presentation/notifiers/safety_notifier.dart' ('lib/features/safety/presentation/notifiers/safety_notifier.dart').
Try correcting the name to the name of an existing getter, or defining a getter or field named 'notifier'.
            .read(safety_providers.safetyNotifierProvider.notifier)
                                                          ^^^^^^^^
test/features/safety/presentation/notifiers/safety_notifier_test.dart:214:22: Error: The getter 'hasError' isn't defined for the type 'SafetyNotifier'.
 - 'SafetyNotifier' is from 'package:soloadventurer/features/safety/presentation/notifiers/safety_notifier.dart' ('lib/features/safety/presentation/notifiers/safety_notifier.dart').
Try correcting the name to the name of an existing getter, or defining a getter or field named 'hasError'.
        expect(state.hasError, isTrue);
                     ^^^^^^^^
test/features/safety/presentation/notifiers/safety_notifier_test.dart:245:59: Error: The getter 'notifier' isn't defined for the type 'AutoDisposeProvider<SafetyNotifier>'.
 - 'AutoDisposeProvider' is from 'package:riverpod/src/provider.dart' ('../.pub-cache/hosted/pub.dev/riverpod-2.6.1/lib/src/provider.dart').
 - 'SafetyNotifier' is from 'package:soloadventurer/features/safety/presentation/notifiers/safety_notifier.dart' ('lib/features/safety/presentation/notifiers/safety_notifier.dart').
Try correcting the name to the name of an existing getter, or defining a getter or field named 'notifier'.
            .read(safety_providers.safetyNotifierProvider.notifier)
                                                          ^^^^^^^^
test/features/safety/presentation/notifiers/safety_notifier_test.dart:255:22: Error: The getter 'value' isn't defined for the type 'SafetyNotifier'.
 - 'SafetyNotifier' is from 'package:soloadventurer/features/safety/presentation/notifiers/safety_notifier.dart' ('lib/features/safety/presentation/notifiers/safety_notifier.dart').
Try correcting the name to the name of an existing getter, or defining a getter or field named 'value'.
        expect(state.value?.recentAlerts.first.type,
                     ^^^^^
test/features/safety/presentation/notifiers/safety_notifier_test.dart:257:22: Error: The getter 'value' isn't defined for the type 'SafetyNotifier'.
 - 'SafetyNotifier' is from 'package:soloadventurer/features/safety/presentation/notifiers/safety_notifier.dart' ('lib/features/safety/presentation/notifiers/safety_notifier.dart').
Try correcting the name to the name of an existing getter, or defining a getter or field named 'value'.
        expect(state.value?.activeAlerts, contains(testAlert));
                     ^^^^^
test/features/safety/presentation/notifiers/safety_notifier_test.dart:287:59: Error: The getter 'notifier' isn't defined for the type 'AutoDisposeProvider<SafetyNotifier>'.
 - 'AutoDisposeProvider' is from 'package:riverpod/src/provider.dart' ('../.pub-cache/hosted/pub.dev/riverpod-2.6.1/lib/src/provider.dart').
 - 'SafetyNotifier' is from 'package:soloadventurer/features/safety/presentation/notifiers/safety_notifier.dart' ('lib/features/safety/presentation/notifiers/safety_notifier.dart').
Try correcting the name to the name of an existing getter, or defining a getter or field named 'notifier'.
            .read(safety_providers.safetyNotifierProvider.notifier)
                                                          ^^^^^^^^
test/features/safety/presentation/notifiers/safety_notifier_test.dart:312:43: Error: Too many positional arguments: 0 allowed, but 1 found.
Try removing the extra positional arguments.
        when(() => mockTriggerEmergencySOS(any(), location: any()))
                                          ^
test/features/safety/presentation/notifiers/safety_notifier_test.dart:319:59: Error: The getter 'notifier' isn't defined for the type 'AutoDisposeProvider<SafetyNotifier>'.
 - 'AutoDisposeProvider' is from 'package:riverpod/src/provider.dart' ('../.pub-cache/hosted/pub.dev/riverpod-2.6.1/lib/src/provider.dart').
 - 'SafetyNotifier' is from 'package:soloadventurer/features/safety/presentation/notifiers/safety_notifier.dart' ('lib/features/safety/presentation/notifiers/safety_notifier.dart').
Try correcting the name to the name of an existing getter, or defining a getter or field named 'notifier'.
            .read(safety_providers.safetyNotifierProvider.notifier)
                                                          ^^^^^^^^
test/features/safety/presentation/notifiers/safety_notifier_test.dart:327:22: Error: The getter 'hasError' isn't defined for the type 'SafetyNotifier'.
 - 'SafetyNotifier' is from 'package:soloadventurer/features/safety/presentation/notifiers/safety_notifier.dart' ('lib/features/safety/presentation/notifiers/safety_notifier.dart').
Try correcting the name to the name of an existing getter, or defining a getter or field named 'hasError'.
        expect(state.hasError, isTrue);
                     ^^^^^^^^
test/features/safety/presentation/notifiers/safety_notifier_test.dart:350:59: Error: The getter 'notifier' isn't defined for the type 'AutoDisposeProvider<SafetyNotifier>'.
 - 'AutoDisposeProvider' is from 'package:riverpod/src/provider.dart' ('../.pub-cache/hosted/pub.dev/riverpod-2.6.1/lib/src/provider.dart').
 - 'SafetyNotifier' is from 'package:soloadventurer/features/safety/presentation/notifiers/safety_notifier.dart' ('lib/features/safety/presentation/notifiers/safety_notifier.dart').
Try correcting the name to the name of an existing getter, or defining a getter or field named 'notifier'.
            .read(safety_providers.safetyNotifierProvider.notifier)
                                                          ^^^^^^^^
test/features/safety/presentation/notifiers/safety_notifier_test.dart:358:22: Error: The getter 'value' isn't defined for the type 'SafetyNotifier'.
 - 'SafetyNotifier' is from 'package:soloadventurer/features/safety/presentation/notifiers/safety_notifier.dart' ('lib/features/safety/presentation/notifiers/safety_notifier.dart').
Try correcting the name to the name of an existing getter, or defining a getter or field named 'value'.
        expect(state.value?.currentStatus?.statusType,
                     ^^^^^
test/features/safety/presentation/notifiers/safety_notifier_test.dart:360:22: Error: The getter 'value' isn't defined for the type 'SafetyNotifier'.
 - 'SafetyNotifier' is from 'package:soloadventurer/features/safety/presentation/notifiers/safety_notifier.dart' ('lib/features/safety/presentation/notifiers/safety_notifier.dart').
Try correcting the name to the name of an existing getter, or defining a getter or field named 'value'.
        expect(state.value?.currentStatus?.message, equals('I am safe now'));
                     ^^^^^
test/features/safety/presentation/notifiers/safety_notifier_test.dart:372:42: Error: Too many positional arguments: 0 allowed, but 1 found.
Try removing the extra positional arguments.
        when(() => mockUpdateSafetyStatus(any()))
                                         ^
test/features/safety/presentation/notifiers/safety_notifier_test.dart:379:59: Error: The getter 'notifier' isn't defined for the type 'AutoDisposeProvider<SafetyNotifier>'.
 - 'AutoDisposeProvider' is from 'package:riverpod/src/provider.dart' ('../.pub-cache/hosted/pub.dev/riverpod-2.6.1/lib/src/provider.dart').
 - 'SafetyNotifier' is from 'package:soloadventurer/features/safety/presentation/notifiers/safety_notifier.dart' ('lib/features/safety/presentation/notifiers/safety_notifier.dart').
Try correcting the name to the name of an existing getter, or defining a getter or field named 'notifier'.
            .read(safety_providers.safetyNotifierProvider.notifier)
                                                          ^^^^^^^^
test/features/safety/presentation/notifiers/safety_notifier_test.dart:386:22: Error: The getter 'hasError' isn't defined for the type 'SafetyNotifier'.
 - 'SafetyNotifier' is from 'package:soloadventurer/features/safety/presentation/notifiers/safety_notifier.dart' ('lib/features/safety/presentation/notifiers/safety_notifier.dart').
Try correcting the name to the name of an existing getter, or defining a getter or field named 'hasError'.
        expect(state.hasError, isTrue);
                     ^^^^^^^^
test/features/safety/presentation/notifiers/safety_notifier_test.dart:409:59: Error: The getter 'notifier' isn't defined for the type 'AutoDisposeProvider<SafetyNotifier>'.
 - 'AutoDisposeProvider' is from 'package:riverpod/src/provider.dart' ('../.pub-cache/hosted/pub.dev/riverpod-2.6.1/lib/src/provider.dart').
 - 'SafetyNotifier' is from 'package:soloadventurer/features/safety/presentation/notifiers/safety_notifier.dart' ('lib/features/safety/presentation/notifiers/safety_notifier.dart').
Try correcting the name to the name of an existing getter, or defining a getter or field named 'notifier'.
            .read(safety_providers.safetyNotifierProvider.notifier)
                                                          ^^^^^^^^
test/features/safety/presentation/notifiers/safety_notifier_test.dart:416:22: Error: The getter 'value' isn't defined for the type 'SafetyNotifier'.
 - 'SafetyNotifier' is from 'package:soloadventurer/features/safety/presentation/notifiers/safety_notifier.dart' ('lib/features/safety/presentation/notifiers/safety_notifier.dart').
Try correcting the name to the name of an existing getter, or defining a getter or field named 'value'.
        expect(state.value?.currentStatus?.statusType,
                     ^^^^^
test/features/safety/presentation/notifiers/safety_notifier_test.dart:440:59: Error: The getter 'notifier' isn't defined for the type 'AutoDisposeProvider<SafetyNotifier>'.
 - 'AutoDisposeProvider' is from 'package:riverpod/src/provider.dart' ('../.pub-cache/hosted/pub.dev/riverpod-2.6.1/lib/src/provider.dart').
 - 'SafetyNotifier' is from 'package:soloadventurer/features/safety/presentation/notifiers/safety_notifier.dart' ('lib/features/safety/presentation/notifiers/safety_notifier.dart').
Try correcting the name to the name of an existing getter, or defining a getter or field named 'notifier'.
            .read(safety_providers.safetyNotifierProvider.notifier)
                                                          ^^^^^^^^
test/features/safety/presentation/notifiers/safety_notifier_test.dart:447:22: Error: The getter 'value' isn't defined for the type 'SafetyNotifier'.
 - 'SafetyNotifier' is from 'package:soloadventurer/features/safety/presentation/notifiers/safety_notifier.dart' ('lib/features/safety/presentation/notifiers/safety_notifier.dart').
Try correcting the name to the name of an existing getter, or defining a getter or field named 'value'.
        expect(state.value?.currentStatus?.statusType,
                     ^^^^^
test/features/safety/presentation/notifiers/safety_notifier_test.dart:471:59: Error: The getter 'notifier' isn't defined for the type 'AutoDisposeProvider<SafetyNotifier>'.
 - 'AutoDisposeProvider' is from 'package:riverpod/src/provider.dart' ('../.pub-cache/hosted/pub.dev/riverpod-2.6.1/lib/src/provider.dart').
 - 'SafetyNotifier' is from 'package:soloadventurer/features/safety/presentation/notifiers/safety_notifier.dart' ('lib/features/safety/presentation/notifiers/safety_notifier.dart').
Try correcting the name to the name of an existing getter, or defining a getter or field named 'notifier'.
            .read(safety_providers.safetyNotifierProvider.notifier)
                                                          ^^^^^^^^
test/features/safety/presentation/notifiers/safety_notifier_test.dart:478:22: Error: The getter 'value' isn't defined for the type 'SafetyNotifier'.
 - 'SafetyNotifier' is from 'package:soloadventurer/features/safety/presentation/notifiers/safety_notifier.dart' ('lib/features/safety/presentation/notifiers/safety_notifier.dart').
Try correcting the name to the name of an existing getter, or defining a getter or field named 'value'.
        expect(state.value?.currentStatus?.statusType,
                     ^^^^^
test/features/safety/presentation/notifiers/safety_notifier_test.dart:508:59: Error: The getter 'notifier' isn't defined for the type 'AutoDisposeProvider<SafetyNotifier>'.
 - 'AutoDisposeProvider' is from 'package:riverpod/src/provider.dart' ('../.pub-cache/hosted/pub.dev/riverpod-2.6.1/lib/src/provider.dart').
 - 'SafetyNotifier' is from 'package:soloadventurer/features/safety/presentation/notifiers/safety_notifier.dart' ('lib/features/safety/presentation/notifiers/safety_notifier.dart').
Try correcting the name to the name of an existing getter, or defining a getter or field named 'notifier'.
            .read(safety_providers.safetyNotifierProvider.notifier)
                                                          ^^^^^^^^
test/features/safety/presentation/notifiers/safety_notifier_test.dart:513:22: Error: The getter 'value' isn't defined for the type 'SafetyNotifier'.
 - 'SafetyNotifier' is from 'package:soloadventurer/features/safety/presentation/notifiers/safety_notifier.dart' ('lib/features/safety/presentation/notifiers/safety_notifier.dart').
Try correcting the name to the name of an existing getter, or defining a getter or field named 'value'.
        expect(state.value?.recentAlerts, hasLength(3));
                     ^^^^^
test/features/safety/presentation/notifiers/safety_notifier_test.dart:514:22: Error: The getter 'value' isn't defined for the type 'SafetyNotifier'.
 - 'SafetyNotifier' is from 'package:soloadventurer/features/safety/presentation/notifiers/safety_notifier.dart' ('lib/features/safety/presentation/notifiers/safety_notifier.dart').
Try correcting the name to the name of an existing getter, or defining a getter or field named 'value'.
        expect(state.value?.activeAlerts,
                     ^^^^^
test/features/safety/presentation/notifiers/safety_notifier_test.dart:531:59: Error: The getter 'notifier' isn't defined for the type 'AutoDisposeProvider<SafetyNotifier>'.
 - 'AutoDisposeProvider' is from 'package:riverpod/src/provider.dart' ('../.pub-cache/hosted/pub.dev/riverpod-2.6.1/lib/src/provider.dart').
 - 'SafetyNotifier' is from 'package:soloadventurer/features/safety/presentation/notifiers/safety_notifier.dart' ('lib/features/safety/presentation/notifiers/safety_notifier.dart').
Try correcting the name to the name of an existing getter, or defining a getter or field named 'notifier'.
            .read(safety_providers.safetyNotifierProvider.notifier)
                                                          ^^^^^^^^
test/features/safety/presentation/notifiers/safety_notifier_test.dart:556:64: Error: The getter 'notifier' isn't defined for the type 'AutoDisposeProvider<SafetyNotifier>'.
 - 'AutoDisposeProvider' is from 'package:riverpod/src/provider.dart' ('../.pub-cache/hosted/pub.dev/riverpod-2.6.1/lib/src/provider.dart').
 - 'SafetyNotifier' is from 'package:soloadventurer/features/safety/presentation/notifiers/safety_notifier.dart' ('lib/features/safety/presentation/notifiers/safety_notifier.dart').
Try correcting the name to the name of an existing getter, or defining a getter or field named 'notifier'.
        container.read(safety_providers.safetyNotifierProvider.notifier).state =
                                                               ^^^^^^^^
test/features/safety/presentation/notifiers/safety_notifier_test.dart:561:59: Error: The getter 'notifier' isn't defined for the type 'AutoDisposeProvider<SafetyNotifier>'.
 - 'AutoDisposeProvider' is from 'package:riverpod/src/provider.dart' ('../.pub-cache/hosted/pub.dev/riverpod-2.6.1/lib/src/provider.dart').
 - 'SafetyNotifier' is from 'package:soloadventurer/features/safety/presentation/notifiers/safety_notifier.dart' ('lib/features/safety/presentation/notifiers/safety_notifier.dart').
Try correcting the name to the name of an existing getter, or defining a getter or field named 'notifier'.
            .read(safety_providers.safetyNotifierProvider.notifier)
                                                          ^^^^^^^^
test/features/safety/presentation/notifiers/safety_notifier_test.dart:567:19: Error: The getter 'value' isn't defined for the type 'SafetyNotifier'.
 - 'SafetyNotifier' is from 'package:soloadventurer/features/safety/presentation/notifiers/safety_notifier.dart' ('lib/features/safety/presentation/notifiers/safety_notifier.dart').
Try correcting the name to the name of an existing getter, or defining a getter or field named 'value'.
            state.value?.recentAlerts.firstWhere((a) => a.id == 'alert-1');
                  ^^^^^
test/features/safety/presentation/notifiers/safety_notifier_test.dart:592:64: Error: The getter 'notifier' isn't defined for the type 'AutoDisposeProvider<SafetyNotifier>'.
 - 'AutoDisposeProvider' is from 'package:riverpod/src/provider.dart' ('../.pub-cache/hosted/pub.dev/riverpod-2.6.1/lib/src/provider.dart').
 - 'SafetyNotifier' is from 'package:soloadventurer/features/safety/presentation/notifiers/safety_notifier.dart' ('lib/features/safety/presentation/notifiers/safety_notifier.dart').
Try correcting the name to the name of an existing getter, or defining a getter or field named 'notifier'.
        container.read(safety_providers.safetyNotifierProvider.notifier).state =
                                                               ^^^^^^^^
test/features/safety/presentation/notifiers/safety_notifier_test.dart:600:59: Error: The getter 'notifier' isn't defined for the type 'AutoDisposeProvider<SafetyNotifier>'.
 - 'AutoDisposeProvider' is from 'package:riverpod/src/provider.dart' ('../.pub-cache/hosted/pub.dev/riverpod-2.6.1/lib/src/provider.dart').
 - 'SafetyNotifier' is from 'package:soloadventurer/features/safety/presentation/notifiers/safety_notifier.dart' ('lib/features/safety/presentation/notifiers/safety_notifier.dart').
Try correcting the name to the name of an existing getter, or defining a getter or field named 'notifier'.
            .read(safety_providers.safetyNotifierProvider.notifier)
                                                          ^^^^^^^^
test/features/safety/presentation/notifiers/safety_notifier_test.dart:606:19: Error: The getter 'value' isn't defined for the type 'SafetyNotifier'.
 - 'SafetyNotifier' is from 'package:soloadventurer/features/safety/presentation/notifiers/safety_notifier.dart' ('lib/features/safety/presentation/notifiers/safety_notifier.dart').
Try correcting the name to the name of an existing getter, or defining a getter or field named 'value'.
            state.value?.recentAlerts.firstWhere((a) => a.id == 'alert-1');
                  ^^^^^
test/features/safety/presentation/notifiers/safety_notifier_test.dart:608:22: Error: The getter 'value' isn't defined for the type 'SafetyNotifier'.
 - 'SafetyNotifier' is from 'package:soloadventurer/features/safety/presentation/notifiers/safety_notifier.dart' ('lib/features/safety/presentation/notifiers/safety_notifier.dart').
Try correcting the name to the name of an existing getter, or defining a getter or field named 'value'.
        expect(state.value?.activeAlerts, isEmpty);
                     ^^^^^
test/features/safety/presentation/notifiers/safety_notifier_test.dart:630:64: Error: The getter 'notifier' isn't defined for the type 'AutoDisposeProvider<SafetyNotifier>'.
 - 'AutoDisposeProvider' is from 'package:riverpod/src/provider.dart' ('../.pub-cache/hosted/pub.dev/riverpod-2.6.1/lib/src/provider.dart').
 - 'SafetyNotifier' is from 'package:soloadventurer/features/safety/presentation/notifiers/safety_notifier.dart' ('lib/features/safety/presentation/notifiers/safety_notifier.dart').
Try correcting the name to the name of an existing getter, or defining a getter or field named 'notifier'.
        container.read(safety_providers.safetyNotifierProvider.notifier).state =
                                                               ^^^^^^^^
test/features/safety/presentation/notifiers/safety_notifier_test.dart:638:59: Error: The getter 'notifier' isn't defined for the type 'AutoDisposeProvider<SafetyNotifier>'.
 - 'AutoDisposeProvider' is from 'package:riverpod/src/provider.dart' ('../.pub-cache/hosted/pub.dev/riverpod-2.6.1/lib/src/provider.dart').
 - 'SafetyNotifier' is from 'package:soloadventurer/features/safety/presentation/notifiers/safety_notifier.dart' ('lib/features/safety/presentation/notifiers/safety_notifier.dart').
Try correcting the name to the name of an existing getter, or defining a getter or field named 'notifier'.
            .read(safety_providers.safetyNotifierProvider.notifier)
                                                          ^^^^^^^^
test/features/safety/presentation/notifiers/safety_notifier_test.dart:644:19: Error: The getter 'value' isn't defined for the type 'SafetyNotifier'.
 - 'SafetyNotifier' is from 'package:soloadventurer/features/safety/presentation/notifiers/safety_notifier.dart' ('lib/features/safety/presentation/notifiers/safety_notifier.dart').
Try correcting the name to the name of an existing getter, or defining a getter or field named 'value'.
            state.value?.recentAlerts.firstWhere((a) => a.id == 'alert-1');
                  ^^^^^
test/features/safety/presentation/notifiers/safety_notifier_test.dart:646:22: Error: The getter 'value' isn't defined for the type 'SafetyNotifier'.
 - 'SafetyNotifier' is from 'package:soloadventurer/features/safety/presentation/notifiers/safety_notifier.dart' ('lib/features/safety/presentation/notifiers/safety_notifier.dart').
Try correcting the name to the name of an existing getter, or defining a getter or field named 'value'.
        expect(state.value?.activeAlerts, isEmpty);
                     ^^^^^
test/features/safety/presentation/notifiers/safety_notifier_test.dart:675:59: Error: The getter 'notifier' isn't defined for the type 'AutoDisposeProvider<SafetyNotifier>'.
 - 'AutoDisposeProvider' is from 'package:riverpod/src/provider.dart' ('../.pub-cache/hosted/pub.dev/riverpod-2.6.1/lib/src/provider.dart').
 - 'SafetyNotifier' is from 'package:soloadventurer/features/safety/presentation/notifiers/safety_notifier.dart' ('lib/features/safety/presentation/notifiers/safety_notifier.dart').
Try correcting the name to the name of an existing getter, or defining a getter or field named 'notifier'.
            .read(safety_providers.safetyNotifierProvider.notifier)
                                                          ^^^^^^^^
test/features/safety/presentation/notifiers/safety_notifier_test.dart:680:22: Error: The getter 'value' isn't defined for the type 'SafetyNotifier'.
 - 'SafetyNotifier' is from 'package:soloadventurer/features/safety/presentation/notifiers/safety_notifier.dart' ('lib/features/safety/presentation/notifiers/safety_notifier.dart').
Try correcting the name to the name of an existing getter, or defining a getter or field named 'value'.
        expect(state.value?.recentAlerts, hasLength(2));
                     ^^^^^
test/features/safety/presentation/notifiers/safety_notifier_test.dart:681:22: Error: The getter 'value' isn't defined for the type 'SafetyNotifier'.
 - 'SafetyNotifier' is from 'package:soloadventurer/features/safety/presentation/notifiers/safety_notifier.dart' ('lib/features/safety/presentation/notifiers/safety_notifier.dart').
Try correcting the name to the name of an existing getter, or defining a getter or field named 'value'.
        expect(state.value?.recentAlerts.first.type,
                     ^^^^^
test/features/safety/presentation/notifiers/safety_notifier_test.dart:700:59: Error: The getter 'notifier' isn't defined for the type 'AutoDisposeProvider<SafetyNotifier>'.
 - 'AutoDisposeProvider' is from 'package:riverpod/src/provider.dart' ('../.pub-cache/hosted/pub.dev/riverpod-2.6.1/lib/src/provider.dart').
 - 'SafetyNotifier' is from 'package:soloadventurer/features/safety/presentation/notifiers/safety_notifier.dart' ('lib/features/safety/presentation/notifiers/safety_notifier.dart').
Try correcting the name to the name of an existing getter, or defining a getter or field named 'notifier'.
            .read(safety_providers.safetyNotifierProvider.notifier)
                                                          ^^^^^^^^
test/features/safety/presentation/notifiers/safety_notifier_test.dart:720:59: Error: The getter 'notifier' isn't defined for the type 'AutoDisposeProvider<SafetyNotifier>'.
 - 'AutoDisposeProvider' is from 'package:riverpod/src/provider.dart' ('../.pub-cache/hosted/pub.dev/riverpod-2.6.1/lib/src/provider.dart').
 - 'SafetyNotifier' is from 'package:soloadventurer/features/safety/presentation/notifiers/safety_notifier.dart' ('lib/features/safety/presentation/notifiers/safety_notifier.dart').
Try correcting the name to the name of an existing getter, or defining a getter or field named 'notifier'.
            .read(safety_providers.safetyNotifierProvider.notifier)
                                                          ^^^^^^^^
test/features/safety/presentation/notifiers/safety_notifier_test.dart:738:59: Error: The getter 'notifier' isn't defined for the type 'AutoDisposeProvider<SafetyNotifier>'.
 - 'AutoDisposeProvider' is from 'package:riverpod/src/provider.dart' ('../.pub-cache/hosted/pub.dev/riverpod-2.6.1/lib/src/provider.dart').
 - 'SafetyNotifier' is from 'package:soloadventurer/features/safety/presentation/notifiers/safety_notifier.dart' ('lib/features/safety/presentation/notifiers/safety_notifier.dart').
Try correcting the name to the name of an existing getter, or defining a getter or field named 'notifier'.
            .read(safety_providers.safetyNotifierProvider.notifier)
                                                          ^^^^^^^^
test/features/safety/presentation/notifiers/safety_notifier_test.dart:756:64: Error: The getter 'notifier' isn't defined for the type 'AutoDisposeProvider<SafetyNotifier>'.
 - 'AutoDisposeProvider' is from 'package:riverpod/src/provider.dart' ('../.pub-cache/hosted/pub.dev/riverpod-2.6.1/lib/src/provider.dart').
 - 'SafetyNotifier' is from 'package:soloadventurer/features/safety/presentation/notifiers/safety_notifier.dart' ('lib/features/safety/presentation/notifiers/safety_notifier.dart').
Try correcting the name to the name of an existing getter, or defining a getter or field named 'notifier'.
        container.read(safety_providers.safetyNotifierProvider.notifier).state =
                                                               ^^^^^^^^
test/features/safety/presentation/notifiers/safety_notifier_test.dart:761:59: Error: The getter 'notifier' isn't defined for the type 'AutoDisposeProvider<SafetyNotifier>'.
 - 'AutoDisposeProvider' is from 'package:riverpod/src/provider.dart' ('../.pub-cache/hosted/pub.dev/riverpod-2.6.1/lib/src/provider.dart').
 - 'SafetyNotifier' is from 'package:soloadventurer/features/safety/presentation/notifiers/safety_notifier.dart' ('lib/features/safety/presentation/notifiers/safety_notifier.dart').
Try correcting the name to the name of an existing getter, or defining a getter or field named 'notifier'.
            .read(safety_providers.safetyNotifierProvider.notifier)
                                                          ^^^^^^^^
test/features/safety/presentation/notifiers/safety_notifier_test.dart:766:22: Error: The getter 'value' isn't defined for the type 'SafetyNotifier'.
 - 'SafetyNotifier' is from 'package:soloadventurer/features/safety/presentation/notifiers/safety_notifier.dart' ('lib/features/safety/presentation/notifiers/safety_notifier.dart').
Try correcting the name to the name of an existing getter, or defining a getter or field named 'value'.
        expect(state.value?.trustedContactsCount, equals(5));
                     ^^^^^
test/features/safety/presentation/notifiers/safety_notifier_test.dart:777:64: Error: The getter 'notifier' isn't defined for the type 'AutoDisposeProvider<SafetyNotifier>'.
 - 'AutoDisposeProvider' is from 'package:riverpod/src/provider.dart' ('../.pub-cache/hosted/pub.dev/riverpod-2.6.1/lib/src/provider.dart').
 - 'SafetyNotifier' is from 'package:soloadventurer/features/safety/presentation/notifiers/safety_notifier.dart' ('lib/features/safety/presentation/notifiers/safety_notifier.dart').
Try correcting the name to the name of an existing getter, or defining a getter or field named 'notifier'.
        container.read(safety_providers.safetyNotifierProvider.notifier).state =
                                                               ^^^^^^^^
test/features/safety/presentation/notifiers/safety_notifier_test.dart:782:59: Error: The getter 'notifier' isn't defined for the type 'AutoDisposeProvider<SafetyNotifier>'.
 - 'AutoDisposeProvider' is from 'package:riverpod/src/provider.dart' ('../.pub-cache/hosted/pub.dev/riverpod-2.6.1/lib/src/provider.dart').
 - 'SafetyNotifier' is from 'package:soloadventurer/features/safety/presentation/notifiers/safety_notifier.dart' ('lib/features/safety/presentation/notifiers/safety_notifier.dart').
Try correcting the name to the name of an existing getter, or defining a getter or field named 'notifier'.
            .read(safety_providers.safetyNotifierProvider.notifier)
                                                          ^^^^^^^^
test/features/safety/presentation/notifiers/safety_notifier_test.dart:788:22: Error: The getter 'value' isn't defined for the type 'SafetyNotifier'.
 - 'SafetyNotifier' is from 'package:soloadventurer/features/safety/presentation/notifiers/safety_notifier.dart' ('lib/features/safety/presentation/notifiers/safety_notifier.dart').
Try correcting the name to the name of an existing getter, or defining a getter or field named 'value'.
        expect(state.value?.trustedContactsCount, equals(0));
                     ^^^^^
test/features/safety/presentation/notifiers/safety_notifier_test.dart:804:59: Error: The getter 'notifier' isn't defined for the type 'AutoDisposeProvider<SafetyNotifier>'.
 - 'AutoDisposeProvider' is from 'package:riverpod/src/provider.dart' ('../.pub-cache/hosted/pub.dev/riverpod-2.6.1/lib/src/provider.dart').
 - 'SafetyNotifier' is from 'package:soloadventurer/features/safety/presentation/notifiers/safety_notifier.dart' ('lib/features/safety/presentation/notifiers/safety_notifier.dart').
Try correcting the name to the name of an existing getter, or defining a getter or field named 'notifier'.
            .read(safety_providers.safetyNotifierProvider.notifier)
                                                          ^^^^^^^^
lib/features/safety/data/repositories/safety_providers.dart:13:10: Error: Method not found: 'SafetyLocalDataSourceImpl'.
  return SafetyLocalDataSourceImpl();
         ^^^^^^^^^^^^^^^^^^^^^^^^^
lib/features/safety/data/repositories/safety_providers.dart:20:10: Error: Method not found: 'MockSafetyRemoteDataSource'.
  return MockSafetyRemoteDataSource();
         ^^^^^^^^^^^^^^^^^^^^^^^^^^
lib/features/safety/presentation/providers/safety_providers.dart:79:5: Error: No named parameter with the name 'repository'.
    repository: ref.watch(safetyRepositoryOverrideProvider),
    ^^^^^^^^^^
lib/features/safety/infrastructure/services/missed_checkin_detector_impl.dart:34:3: Context: Found this candidate, but the arguments don't match.
  MissedCheckInDetectorImpl({
  ^^^^^^^^^^^^^^^^^^^^^^^^^
test/helpers/safety_test_helpers.dart:248:5: Error: No named parameter with the name 'statusType'.
    statusType: statusType,
    ^^^^^^^^^^
lib/features/safety/domain/entities/safety_status.dart:24:17: Context: Found this candidate, but the arguments don't match.
  const factory SafetyStatus({
                ^
test/helpers/safety_test_helpers.dart:298:5: Error: No named parameter with the name 'emergency'.
    emergency: emergency,
    ^^^^^^^^^
lib/features/safety/domain/entities/location_update.dart:21:17: Context: Found this candidate, but the arguments don't match.
  const factory LocationUpdate({
                ^
lib/core/services/location_service_impl.dart:188:12: Error: Not a constant expression.
      case LocationAccuracy.low:
           ^^^^^^^^^^^^^^^^
lib/core/services/location_service_impl.dart:188:12: Error: 'LocationAccuracy' is imported from both 'package:geolocator_platform_interface/src/enums/location_accuracy.dart' and 'package:soloadventurer/core/services/location_service.dart'.
      case LocationAccuracy.low:
           ^^^^^^^^^^^^^^^^
lib/core/services/location_service_impl.dart:190:12: Error: Not a constant expression.
      case LocationAccuracy.balanced:
           ^^^^^^^^^^^^^^^^
lib/core/services/location_service_impl.dart:190:12: Error: 'LocationAccuracy' is imported from both 'package:geolocator_platform_interface/src/enums/location_accuracy.dart' and 'package:soloadventurer/core/services/location_service.dart'.
      case LocationAccuracy.balanced:
           ^^^^^^^^^^^^^^^^
lib/core/services/location_service_impl.dart:192:12: Error: Not a constant expression.
      case LocationAccuracy.high:
           ^^^^^^^^^^^^^^^^
lib/core/services/location_service_impl.dart:192:12: Error: 'LocationAccuracy' is imported from both 'package:geolocator_platform_interface/src/enums/location_accuracy.dart' and 'package:soloadventurer/core/services/location_service.dart'.
      case LocationAccuracy.high:
           ^^^^^^^^^^^^^^^^
lib/core/services/location_service_impl.dart:194:12: Error: Not a constant expression.
      case LocationAccuracy.best:
           ^^^^^^^^^^^^^^^^
lib/core/services/location_service_impl.dart:194:12: Error: 'LocationAccuracy' is imported from both 'package:geolocator_platform_interface/src/enums/location_accuracy.dart' and 'package:soloadventurer/core/services/location_service.dart'.
      case LocationAccuracy.best:
           ^^^^^^^^^^^^^^^^
lib/core/services/location_service_impl.dart:189:16: Error: The getter 'geolocator' isn't defined for the type 'LocationServiceImpl'.
 - 'LocationServiceImpl' is from 'package:soloadventurer/core/services/location_service_impl.dart' ('lib/core/services/location_service_impl.dart').
Try correcting the name to the name of an existing getter, or defining a getter or field named 'geolocator'.
        return geolocator.LocationAccuracy.low;
               ^^^^^^^^^^
lib/core/services/location_service_impl.dart:191:16: Error: The getter 'geolocator' isn't defined for the type 'LocationServiceImpl'.
 - 'LocationServiceImpl' is from 'package:soloadventurer/core/services/location_service_impl.dart' ('lib/core/services/location_service_impl.dart').
Try correcting the name to the name of an existing getter, or defining a getter or field named 'geolocator'.
        return geolocator.LocationAccuracy.medium;
               ^^^^^^^^^^
lib/core/services/location_service_impl.dart:193:16: Error: The getter 'geolocator' isn't defined for the type 'LocationServiceImpl'.
 - 'LocationServiceImpl' is from 'package:soloadventurer/core/services/location_service_impl.dart' ('lib/core/services/location_service_impl.dart').
Try correcting the name to the name of an existing getter, or defining a getter or field named 'geolocator'.
        return geolocator.LocationAccuracy.high;
               ^^^^^^^^^^
lib/core/services/location_service_impl.dart:195:16: Error: The getter 'geolocator' isn't defined for the type 'LocationServiceImpl'.
 - 'LocationServiceImpl' is from 'package:soloadventurer/core/services/location_service_impl.dart' ('lib/core/services/location_service_impl.dart').
Try correcting the name to the name of an existing getter, or defining a getter or field named 'geolocator'.
        return geolocator.LocationAccuracy.best;
               ^^^^^^^^^^
lib/core/services/location_service_impl.dart:226:12: Error: Not a constant expression.
      case geolocator.LocationPermission.always:
           ^^^^^^^^^^
lib/core/services/location_service_impl.dart:226:23: Error: Not a constant expression.
      case geolocator.LocationPermission.always:
                      ^^^^^^^^^^^^^^^^^^
lib/core/services/location_service_impl.dart:227:12: Error: Not a constant expression.
      case geolocator.LocationPermission.whileInUse:
           ^^^^^^^^^^
lib/core/services/location_service_impl.dart:227:23: Error: Not a constant expression.
      case geolocator.LocationPermission.whileInUse:
                      ^^^^^^^^^^^^^^^^^^
lib/core/services/location_service_impl.dart:229:12: Error: Not a constant expression.
      case geolocator.LocationPermission.denied:
           ^^^^^^^^^^
lib/core/services/location_service_impl.dart:229:23: Error: Not a constant expression.
      case geolocator.LocationPermission.denied:
                      ^^^^^^^^^^^^^^^^^^
lib/core/services/location_service_impl.dart:231:12: Error: Not a constant expression.
      case geolocator.LocationPermission.deniedForever:
           ^^^^^^^^^^
lib/core/services/location_service_impl.dart:231:23: Error: Not a constant expression.
      case geolocator.LocationPermission.deniedForever:
                      ^^^^^^^^^^^^^^^^^^
lib/core/services/location_service_impl.dart:233:12: Error: Not a constant expression.
      case geolocator.LocationPermission.unableToDetermine:
           ^^^^^^^^^^
lib/core/services/location_service_impl.dart:233:23: Error: Not a constant expression.
      case geolocator.LocationPermission.unableToDetermine:
                      ^^^^^^^^^^^^^^^^^^
lib/core/services/location_service_impl.dart:222:28: Error: A non-null value must be returned since the return type 'LocationPermissionStatus' doesn't allow null.
 - 'LocationPermissionStatus' is from 'package:soloadventurer/core/services/location_service.dart' ('lib/core/services/location_service.dart').
  LocationPermissionStatus _mapPermissionStatus(
                           ^
lib/core/services/background_checkin_service_impl.dart:39:22: Error: The method 'WorkManagerConstraints' isn't defined for the type 'BackgroundCheckInServiceImpl'.
 - 'BackgroundCheckInServiceImpl' is from 'package:soloadventurer/core/services/background_checkin_service_impl.dart' ('lib/core/services/background_checkin_service_impl.dart').
Try correcting the name to the name of an existing method, or defining a method named 'WorkManagerConstraints'.
        constraints: WorkManagerConstraints(
                     ^^^^^^^^^^^^^^^^^^^^^^
lib/core/services/background_checkin_service_impl.dart:81:22: Error: The method 'WorkManagerConstraints' isn't defined for the type 'BackgroundCheckInServiceImpl'.
 - 'BackgroundCheckInServiceImpl' is from 'package:soloadventurer/core/services/background_checkin_service_impl.dart' ('lib/core/services/background_checkin_service_impl.dart').
Try correcting the name to the name of an existing method, or defining a method named 'WorkManagerConstraints'.
        constraints: WorkManagerConstraints(
                     ^^^^^^^^^^^^^^^^^^^^^^
lib/features/safety/presentation/notifiers/check_in_notifier.dart:96:27: Error: The argument type 'List<String>?' can't be assigned to the parameter type 'List<String>'.
 - 'List' is from 'dart:core'.
        notifyContactIds: notifyContactIds,
                          ^
01:15 +131 -73: loading /Users/anthonyforan/SoloAdventurer_app/test/features/safety/presentation/notifiers/safety_notifier_test.dart [E]                                                               
  Failed to load "/Users/anthonyforan/SoloAdventurer_app/test/features/safety/presentation/notifiers/safety_notifier_test.dart":
  Compilation failed for testPath=/Users/anthonyforan/SoloAdventurer_app/test/features/safety/presentation/notifiers/safety_notifier_test.dart: lib/core/services/location_service_impl.dart:186:3: Error: 'geolocator.LocationAccuracy' can't be used as a type because 'geolocator' doesn't refer to an import prefix.
    geolocator.LocationAccuracy _mapAccuracy(LocationAccuracy accuracy) {
    ^^^^^^^^^^^^^^^^^^^^^^^^^^^
  lib/core/services/location_service_impl.dart:223:5: Error: 'geolocator.LocationPermission' can't be used as a type because 'geolocator' doesn't refer to an import prefix.
      geolocator.LocationPermission permission,
      ^^^^^^^^^^^^^^^^^^^^^^^^^^^^^
  lib/core/services/location_service_impl.dart:5:1: Error: 'LocationAccuracy' is imported from both 'package:geolocator_platform_interface/src/enums/location_accuracy.dart' and 'package:soloadventurer/core/services/location_service.dart'.
  import 'location_service.dart';
  ^^^^^^^^^^^^^^^^
  lib/core/services/location_service_impl.dart:25:33: Error: Not a constant expression.
      LocationAccuracy accuracy = LocationAccuracy.balanced,
                                  ^^^^^^^^^^^^^^^^
  lib/core/services/location_service_impl.dart:25:33: Error: 'LocationAccuracy' is imported from both 'package:geolocator_platform_interface/src/enums/location_accuracy.dart' and 'package:soloadventurer/core/services/location_service.dart'.
      LocationAccuracy accuracy = LocationAccuracy.balanced,
                                  ^^^^^^^^^^^^^^^^
  lib/core/services/location_service_impl.dart:82:33: Error: Not a constant expression.
      LocationAccuracy accuracy = LocationAccuracy.balanced,
                                  ^^^^^^^^^^^^^^^^
  lib/core/services/location_service_impl.dart:82:33: Error: 'LocationAccuracy' is imported from both 'package:geolocator_platform_interface/src/enums/location_accuracy.dart' and 'package:soloadventurer/core/services/location_service.dart'.
      LocationAccuracy accuracy = LocationAccuracy.balanced,
                                  ^^^^^^^^^^^^^^^^
  lib/core/error/safety_exceptions.dart:5:31: Error: The super constructor has no corresponding positional parameter.
    const SafetyException(super.message, {required super.code});
                                ^
  test/features/safety/presentation/notifiers/safety_notifier_test.dart:78:36: Error: 'SafetyData' isn't a type.
        expect(state, isA<AsyncValue<SafetyData>>());
                                     ^^^^^^^^^^
  test/features/safety/presentation/notifiers/safety_notifier_test.dart:79:31: Error: 'SafetyData' isn't a type.
        expect(state.value, isA<SafetyData>());
                                ^^^^^^^^^^
  test/features/safety/presentation/notifiers/safety_notifier_test.dart:104:26: Error: 'SafetyData' isn't a type.
            isA<AsyncValue<SafetyData>>()
                           ^^^^^^^^^^
  test/features/safety/presentation/notifiers/safety_notifier_test.dart:235:24: Error: Method not found: 'anyNamed'.
                message: anyNamed('message'),
                         ^^^^^^^^
  test/features/safety/presentation/notifiers/safety_notifier_test.dart:237:29: Error: Method not found: 'anyNamed'.
                batteryLevel: anyNamed('batteryLevel'),
                              ^^^^^^^^
  test/features/safety/presentation/notifiers/safety_notifier_test.dart:238:23: Error: Method not found: 'anyNamed'.
                tripId: anyNamed('tripId'),
                        ^^^^^^^^
  test/features/safety/presentation/notifiers/safety_notifier_test.dart:557:29: Error: Method not found: 'SafetyData'.
              AsyncValue.data(SafetyData(recentAlerts: [testAlert]));
                              ^^^^^^^^^^
  test/features/safety/presentation/notifiers/safety_notifier_test.dart:593:29: Error: Method not found: 'SafetyData'.
              AsyncValue.data(SafetyData(
                              ^^^^^^^^^^
  test/features/safety/presentation/notifiers/safety_notifier_test.dart:631:29: Error: Method not found: 'SafetyData'.
              AsyncValue.data(SafetyData(
                              ^^^^^^^^^^
  test/features/safety/presentation/notifiers/safety_notifier_test.dart:757:35: Error: Method not found: 'SafetyData'.
              const AsyncValue.data(SafetyData());
                                    ^^^^^^^^^^
  test/features/safety/presentation/notifiers/safety_notifier_test.dart:778:35: Error: Method not found: 'SafetyData'.
              const AsyncValue.data(SafetyData());
                                    ^^^^^^^^^^
  test/features/safety/presentation/notifiers/safety_notifier_test.dart:816:22: Error: Method not found: 'SafetyData'.
          final data = SafetyData(
                       ^^^^^^^^^^
  test/features/safety/presentation/notifiers/safety_notifier_test.dart:824:22: Error: Method not found: 'SafetyData'.
          const data = SafetyData();
                       ^^^^^^^^^^
  test/features/safety/presentation/notifiers/safety_notifier_test.dart:832:22: Error: Method not found: 'SafetyData'.
          final data = SafetyData(currentStatus: status);
                       ^^^^^^^^^^
  test/features/safety/presentation/notifiers/safety_notifier_test.dart:840:22: Error: Method not found: 'SafetyData'.
          final data = SafetyData(currentStatus: status);
                       ^^^^^^^^^^
  test/features/safety/presentation/notifiers/safety_notifier_test.dart:848:22: Error: Method not found: 'SafetyData'.
          final data = SafetyData(currentStatus: status);
                       ^^^^^^^^^^
  test/features/safety/presentation/notifiers/safety_notifier_test.dart:855:22: Error: Method not found: 'SafetyData'.
          final data = SafetyData(currentStatus: status);
                       ^^^^^^^^^^
  test/features/safety/presentation/notifiers/safety_notifier_test.dart:861:22: Error: Method not found: 'SafetyData'.
          const data = SafetyData();
                       ^^^^^^^^^^
  test/features/safety/presentation/notifiers/safety_notifier_test.dart:79:20: Error: The getter 'value' isn't defined for the type 'SafetyNotifier'.
   - 'SafetyNotifier' is from 'package:soloadventurer/features/safety/presentation/notifiers/safety_notifier.dart' ('lib/features/safety/presentation/notifiers/safety_notifier.dart').
  Try correcting the name to the name of an existing getter, or defining a getter or field named 'value'.
        expect(state.value, isA<SafetyData>());
                     ^^^^^
  test/features/safety/presentation/notifiers/safety_notifier_test.dart:80:20: Error: The getter 'value' isn't defined for the type 'SafetyNotifier'.
   - 'SafetyNotifier' is from 'package:soloadventurer/features/safety/presentation/notifiers/safety_notifier.dart' ('lib/features/safety/presentation/notifiers/safety_notifier.dart').
  Try correcting the name to the name of an existing getter, or defining a getter or field named 'value'.
        expect(state.value?.currentStatus, isNull);
                     ^^^^^
  test/features/safety/presentation/notifiers/safety_notifier_test.dart:81:20: Error: The getter 'value' isn't defined for the type 'SafetyNotifier'.
   - 'SafetyNotifier' is from 'package:soloadventurer/features/safety/presentation/notifiers/safety_notifier.dart' ('lib/features/safety/presentation/notifiers/safety_notifier.dart').
  Try correcting the name to the name of an existing getter, or defining a getter or field named 'value'.
        expect(state.value?.recentAlerts, isEmpty);
                     ^^^^^
  test/features/safety/presentation/notifiers/safety_notifier_test.dart:82:20: Error: The getter 'value' isn't defined for the type 'SafetyNotifier'.
   - 'SafetyNotifier' is from 'package:soloadventurer/features/safety/presentation/notifiers/safety_notifier.dart' ('lib/features/safety/presentation/notifiers/safety_notifier.dart').
  Try correcting the name to the name of an existing getter, or defining a getter or field named 'value'.
        expect(state.value?.activeAlerts, isEmpty);
                     ^^^^^
  test/features/safety/presentation/notifiers/safety_notifier_test.dart:83:20: Error: The getter 'value' isn't defined for the type 'SafetyNotifier'.
   - 'SafetyNotifier' is from 'package:soloadventurer/features/safety/presentation/notifiers/safety_notifier.dart' ('lib/features/safety/presentation/notifiers/safety_notifier.dart').
  Try correcting the name to the name of an existing getter, or defining a getter or field named 'value'.
        expect(state.value?.trustedContactsCount, equals(0));
                     ^^^^^
  test/features/safety/presentation/notifiers/safety_notifier_test.dart:98:59: Error: The getter 'notifier' isn't defined for the type 'AutoDisposeProvider<SafetyNotifier>'.
   - 'AutoDisposeProvider' is from 'package:riverpod/src/provider.dart' ('../.pub-cache/hosted/pub.dev/riverpod-2.6.1/lib/src/provider.dart').
   - 'SafetyNotifier' is from 'package:soloadventurer/features/safety/presentation/notifiers/safety_notifier.dart' ('lib/features/safety/presentation/notifiers/safety_notifier.dart').
  Try correcting the name to the name of an existing getter, or defining a getter or field named 'notifier'.
              .read(safety_providers.safetyNotifierProvider.notifier)
                                                            ^^^^^^^^
  test/features/safety/presentation/notifiers/safety_notifier_test.dart:128:59: Error: The getter 'notifier' isn't defined for the type 'AutoDisposeProvider<SafetyNotifier>'.
   - 'AutoDisposeProvider' is from 'package:riverpod/src/provider.dart' ('../.pub-cache/hosted/pub.dev/riverpod-2.6.1/lib/src/provider.dart').
   - 'SafetyNotifier' is from 'package:soloadventurer/features/safety/presentation/notifiers/safety_notifier.dart' ('lib/features/safety/presentation/notifiers/safety_notifier.dart').
  Try correcting the name to the name of an existing getter, or defining a getter or field named 'notifier'.
              .read(safety_providers.safetyNotifierProvider.notifier)
                                                            ^^^^^^^^
  test/features/safety/presentation/notifiers/safety_notifier_test.dart:133:22: Error: The getter 'value' isn't defined for the type 'SafetyNotifier'.
   - 'SafetyNotifier' is from 'package:soloadventurer/features/safety/presentation/notifiers/safety_notifier.dart' ('lib/features/safety/presentation/notifiers/safety_notifier.dart').
  Try correcting the name to the name of an existing getter, or defining a getter or field named 'value'.
          expect(state.value?.currentStatus?.statusType,
                       ^^^^^
  test/features/safety/presentation/notifiers/safety_notifier_test.dart:135:22: Error: The getter 'value' isn't defined for the type 'SafetyNotifier'.
   - 'SafetyNotifier' is from 'package:soloadventurer/features/safety/presentation/notifiers/safety_notifier.dart' ('lib/features/safety/presentation/notifiers/safety_notifier.dart').
  Try correcting the name to the name of an existing getter, or defining a getter or field named 'value'.
          expect(state.value?.recentAlerts, hasLength(2));
                       ^^^^^
  test/features/safety/presentation/notifiers/safety_notifier_test.dart:136:22: Error: The getter 'value' isn't defined for the type 'SafetyNotifier'.
   - 'SafetyNotifier' is from 'package:soloadventurer/features/safety/presentation/notifiers/safety_notifier.dart' ('lib/features/safety/presentation/notifiers/safety_notifier.dart').
  Try correcting the name to the name of an existing getter, or defining a getter or field named 'value'.
          expect(state.value?.trustedContactsCount, equals(3));
                       ^^^^^
  test/features/safety/presentation/notifiers/safety_notifier_test.dart:154:59: Error: The getter 'notifier' isn't defined for the type 'AutoDisposeProvider<SafetyNotifier>'.
   - 'AutoDisposeProvider' is from 'package:riverpod/src/provider.dart' ('../.pub-cache/hosted/pub.dev/riverpod-2.6.1/lib/src/provider.dart').
   - 'SafetyNotifier' is from 'package:soloadventurer/features/safety/presentation/notifiers/safety_notifier.dart' ('lib/features/safety/presentation/notifiers/safety_notifier.dart').
  Try correcting the name to the name of an existing getter, or defining a getter or field named 'notifier'.
              .read(safety_providers.safetyNotifierProvider.notifier)
                                                            ^^^^^^^^
  test/features/safety/presentation/notifiers/safety_notifier_test.dart:159:22: Error: The getter 'hasError' isn't defined for the type 'SafetyNotifier'.
   - 'SafetyNotifier' is from 'package:soloadventurer/features/safety/presentation/notifiers/safety_notifier.dart' ('lib/features/safety/presentation/notifiers/safety_notifier.dart').
  Try correcting the name to the name of an existing getter, or defining a getter or field named 'hasError'.
          expect(state.hasError, isTrue);
                       ^^^^^^^^
  test/features/safety/presentation/notifiers/safety_notifier_test.dart:178:59: Error: The getter 'notifier' isn't defined for the type 'AutoDisposeProvider<SafetyNotifier>'.
   - 'AutoDisposeProvider' is from 'package:riverpod/src/provider.dart' ('../.pub-cache/hosted/pub.dev/riverpod-2.6.1/lib/src/provider.dart').
   - 'SafetyNotifier' is from 'package:soloadventurer/features/safety/presentation/notifiers/safety_notifier.dart' ('lib/features/safety/presentation/notifiers/safety_notifier.dart').
  Try correcting the name to the name of an existing getter, or defining a getter or field named 'notifier'.
              .read(safety_providers.safetyNotifierProvider.notifier)
                                                            ^^^^^^^^
  test/features/safety/presentation/notifiers/safety_notifier_test.dart:183:59: Error: The getter 'notifier' isn't defined for the type 'AutoDisposeProvider<SafetyNotifier>'.
   - 'AutoDisposeProvider' is from 'package:riverpod/src/provider.dart' ('../.pub-cache/hosted/pub.dev/riverpod-2.6.1/lib/src/provider.dart').
   - 'SafetyNotifier' is from 'package:soloadventurer/features/safety/presentation/notifiers/safety_notifier.dart' ('lib/features/safety/presentation/notifiers/safety_notifier.dart').
  Try correcting the name to the name of an existing getter, or defining a getter or field named 'notifier'.
              .read(safety_providers.safetyNotifierProvider.notifier)
                                                            ^^^^^^^^
  test/features/safety/presentation/notifiers/safety_notifier_test.dart:188:22: Error: The getter 'value' isn't defined for the type 'SafetyNotifier'.
   - 'SafetyNotifier' is from 'package:soloadventurer/features/safety/presentation/notifiers/safety_notifier.dart' ('lib/features/safety/presentation/notifiers/safety_notifier.dart').
  Try correcting the name to the name of an existing getter, or defining a getter or field named 'value'.
          expect(state.value?.currentStatus?.statusType,
                       ^^^^^
  test/features/safety/presentation/notifiers/safety_notifier_test.dart:190:22: Error: The getter 'value' isn't defined for the type 'SafetyNotifier'.
   - 'SafetyNotifier' is from 'package:soloadventurer/features/safety/presentation/notifiers/safety_notifier.dart' ('lib/features/safety/presentation/notifiers/safety_notifier.dart').
  Try correcting the name to the name of an existing getter, or defining a getter or field named 'value'.
          expect(state.value?.currentStatus?.message, equals('Need assistance'));
                       ^^^^^
  test/features/safety/presentation/notifiers/safety_notifier_test.dart:204:59: Error: The getter 'notifier' isn't defined for the type 'AutoDisposeProvider<SafetyNotifier>'.
   - 'AutoDisposeProvider' is from 'package:riverpod/src/provider.dart' ('../.pub-cache/hosted/pub.dev/riverpod-2.6.1/lib/src/provider.dart').
   - 'SafetyNotifier' is from 'package:soloadventurer/features/safety/presentation/notifiers/safety_notifier.dart' ('lib/features/safety/presentation/notifiers/safety_notifier.dart').
  Try correcting the name to the name of an existing getter, or defining a getter or field named 'notifier'.
              .read(safety_providers.safetyNotifierProvider.notifier)
                                                            ^^^^^^^^
  test/features/safety/presentation/notifiers/safety_notifier_test.dart:209:59: Error: The getter 'notifier' isn't defined for the type 'AutoDisposeProvider<SafetyNotifier>'.
   - 'AutoDisposeProvider' is from 'package:riverpod/src/provider.dart' ('../.pub-cache/hosted/pub.dev/riverpod-2.6.1/lib/src/provider.dart').
   - 'SafetyNotifier' is from 'package:soloadventurer/features/safety/presentation/notifiers/safety_notifier.dart' ('lib/features/safety/presentation/notifiers/safety_notifier.dart').
  Try correcting the name to the name of an existing getter, or defining a getter or field named 'notifier'.
              .read(safety_providers.safetyNotifierProvider.notifier)
                                                            ^^^^^^^^
  test/features/safety/presentation/notifiers/safety_notifier_test.dart:214:22: Error: The getter 'hasError' isn't defined for the type 'SafetyNotifier'.
   - 'SafetyNotifier' is from 'package:soloadventurer/features/safety/presentation/notifiers/safety_notifier.dart' ('lib/features/safety/presentation/notifiers/safety_notifier.dart').
  Try correcting the name to the name of an existing getter, or defining a getter or field named 'hasError'.
          expect(state.hasError, isTrue);
                       ^^^^^^^^
  test/features/safety/presentation/notifiers/safety_notifier_test.dart:245:59: Error: The getter 'notifier' isn't defined for the type 'AutoDisposeProvider<SafetyNotifier>'.
   - 'AutoDisposeProvider' is from 'package:riverpod/src/provider.dart' ('../.pub-cache/hosted/pub.dev/riverpod-2.6.1/lib/src/provider.dart').
   - 'SafetyNotifier' is from 'package:soloadventurer/features/safety/presentation/notifiers/safety_notifier.dart' ('lib/features/safety/presentation/notifiers/safety_notifier.dart').
  Try correcting the name to the name of an existing getter, or defining a getter or field named 'notifier'.
              .read(safety_providers.safetyNotifierProvider.notifier)
                                                            ^^^^^^^^
  test/features/safety/presentation/notifiers/safety_notifier_test.dart:255:22: Error: The getter 'value' isn't defined for the type 'SafetyNotifier'.
   - 'SafetyNotifier' is from 'package:soloadventurer/features/safety/presentation/notifiers/safety_notifier.dart' ('lib/features/safety/presentation/notifiers/safety_notifier.dart').
  Try correcting the name to the name of an existing getter, or defining a getter or field named 'value'.
          expect(state.value?.recentAlerts.first.type,
                       ^^^^^
  test/features/safety/presentation/notifiers/safety_notifier_test.dart:257:22: Error: The getter 'value' isn't defined for the type 'SafetyNotifier'.
   - 'SafetyNotifier' is from 'package:soloadventurer/features/safety/presentation/notifiers/safety_notifier.dart' ('lib/features/safety/presentation/notifiers/safety_notifier.dart').
  Try correcting the name to the name of an existing getter, or defining a getter or field named 'value'.
          expect(state.value?.activeAlerts, contains(testAlert));
                       ^^^^^
  test/features/safety/presentation/notifiers/safety_notifier_test.dart:287:59: Error: The getter 'notifier' isn't defined for the type 'AutoDisposeProvider<SafetyNotifier>'.
   - 'AutoDisposeProvider' is from 'package:riverpod/src/provider.dart' ('../.pub-cache/hosted/pub.dev/riverpod-2.6.1/lib/src/provider.dart').
   - 'SafetyNotifier' is from 'package:soloadventurer/features/safety/presentation/notifiers/safety_notifier.dart' ('lib/features/safety/presentation/notifiers/safety_notifier.dart').
  Try correcting the name to the name of an existing getter, or defining a getter or field named 'notifier'.
              .read(safety_providers.safetyNotifierProvider.notifier)
                                                            ^^^^^^^^
  test/features/safety/presentation/notifiers/safety_notifier_test.dart:312:43: Error: Too many positional arguments: 0 allowed, but 1 found.
  Try removing the extra positional arguments.
          when(() => mockTriggerEmergencySOS(any(), location: any()))
                                            ^
  test/features/safety/presentation/notifiers/safety_notifier_test.dart:319:59: Error: The getter 'notifier' isn't defined for the type 'AutoDisposeProvider<SafetyNotifier>'.
   - 'AutoDisposeProvider' is from 'package:riverpod/src/provider.dart' ('../.pub-cache/hosted/pub.dev/riverpod-2.6.1/lib/src/provider.dart').
   - 'SafetyNotifier' is from 'package:soloadventurer/features/safety/presentation/notifiers/safety_notifier.dart' ('lib/features/safety/presentation/notifiers/safety_notifier.dart').
  Try correcting the name to the name of an existing getter, or defining a getter or field named 'notifier'.
              .read(safety_providers.safetyNotifierProvider.notifier)
                                                            ^^^^^^^^
  test/features/safety/presentation/notifiers/safety_notifier_test.dart:327:22: Error: The getter 'hasError' isn't defined for the type 'SafetyNotifier'.
   - 'SafetyNotifier' is from 'package:soloadventurer/features/safety/presentation/notifiers/safety_notifier.dart' ('lib/features/safety/presentation/notifiers/safety_notifier.dart').
  Try correcting the name to the name of an existing getter, or defining a getter or field named 'hasError'.
          expect(state.hasError, isTrue);
                       ^^^^^^^^
  test/features/safety/presentation/notifiers/safety_notifier_test.dart:350:59: Error: The getter 'notifier' isn't defined for the type 'AutoDisposeProvider<SafetyNotifier>'.
   - 'AutoDisposeProvider' is from 'package:riverpod/src/provider.dart' ('../.pub-cache/hosted/pub.dev/riverpod-2.6.1/lib/src/provider.dart').
   - 'SafetyNotifier' is from 'package:soloadventurer/features/safety/presentation/notifiers/safety_notifier.dart' ('lib/features/safety/presentation/notifiers/safety_notifier.dart').
  Try correcting the name to the name of an existing getter, or defining a getter or field named 'notifier'.
              .read(safety_providers.safetyNotifierProvider.notifier)
                                                            ^^^^^^^^
  test/features/safety/presentation/notifiers/safety_notifier_test.dart:358:22: Error: The getter 'value' isn't defined for the type 'SafetyNotifier'.
   - 'SafetyNotifier' is from 'package:soloadventurer/features/safety/presentation/notifiers/safety_notifier.dart' ('lib/features/safety/presentation/notifiers/safety_notifier.dart').
  Try correcting the name to the name of an existing getter, or defining a getter or field named 'value'.
          expect(state.value?.currentStatus?.statusType,
                       ^^^^^
  test/features/safety/presentation/notifiers/safety_notifier_test.dart:360:22: Error: The getter 'value' isn't defined for the type 'SafetyNotifier'.
   - 'SafetyNotifier' is from 'package:soloadventurer/features/safety/presentation/notifiers/safety_notifier.dart' ('lib/features/safety/presentation/notifiers/safety_notifier.dart').
  Try correcting the name to the name of an existing getter, or defining a getter or field named 'value'.
          expect(state.value?.currentStatus?.message, equals('I am safe now'));
                       ^^^^^
  test/features/safety/presentation/notifiers/safety_notifier_test.dart:372:42: Error: Too many positional arguments: 0 allowed, but 1 found.
  Try removing the extra positional arguments.
          when(() => mockUpdateSafetyStatus(any()))
                                           ^
  test/features/safety/presentation/notifiers/safety_notifier_test.dart:379:59: Error: The getter 'notifier' isn't defined for the type 'AutoDisposeProvider<SafetyNotifier>'.
   - 'AutoDisposeProvider' is from 'package:riverpod/src/provider.dart' ('../.pub-cache/hosted/pub.dev/riverpod-2.6.1/lib/src/provider.dart').
   - 'SafetyNotifier' is from 'package:soloadventurer/features/safety/presentation/notifiers/safety_notifier.dart' ('lib/features/safety/presentation/notifiers/safety_notifier.dart').
  Try correcting the name to the name of an existing getter, or defining a getter or field named 'notifier'.
              .read(safety_providers.safetyNotifierProvider.notifier)
                                                            ^^^^^^^^
  test/features/safety/presentation/notifiers/safety_notifier_test.dart:386:22: Error: The getter 'hasError' isn't defined for the type 'SafetyNotifier'.
   - 'SafetyNotifier' is from 'package:soloadventurer/features/safety/presentation/notifiers/safety_notifier.dart' ('lib/features/safety/presentation/notifiers/safety_notifier.dart').
  Try correcting the name to the name of an existing getter, or defining a getter or field named 'hasError'.
          expect(state.hasError, isTrue);
                       ^^^^^^^^
  test/features/safety/presentation/notifiers/safety_notifier_test.dart:409:59: Error: The getter 'notifier' isn't defined for the type 'AutoDisposeProvider<SafetyNotifier>'.
   - 'AutoDisposeProvider' is from 'package:riverpod/src/provider.dart' ('../.pub-cache/hosted/pub.dev/riverpod-2.6.1/lib/src/provider.dart').
   - 'SafetyNotifier' is from 'package:soloadventurer/features/safety/presentation/notifiers/safety_notifier.dart' ('lib/features/safety/presentation/notifiers/safety_notifier.dart').
  Try correcting the name to the name of an existing getter, or defining a getter or field named 'notifier'.
              .read(safety_providers.safetyNotifierProvider.notifier)
                                                            ^^^^^^^^
  test/features/safety/presentation/notifiers/safety_notifier_test.dart:416:22: Error: The getter 'value' isn't defined for the type 'SafetyNotifier'.
   - 'SafetyNotifier' is from 'package:soloadventurer/features/safety/presentation/notifiers/safety_notifier.dart' ('lib/features/safety/presentation/notifiers/safety_notifier.dart').
  Try correcting the name to the name of an existing getter, or defining a getter or field named 'value'.
          expect(state.value?.currentStatus?.statusType,
                       ^^^^^
  test/features/safety/presentation/notifiers/safety_notifier_test.dart:440:59: Error: The getter 'notifier' isn't defined for the type 'AutoDisposeProvider<SafetyNotifier>'.
   - 'AutoDisposeProvider' is from 'package:riverpod/src/provider.dart' ('../.pub-cache/hosted/pub.dev/riverpod-2.6.1/lib/src/provider.dart').
   - 'SafetyNotifier' is from 'package:soloadventurer/features/safety/presentation/notifiers/safety_notifier.dart' ('lib/features/safety/presentation/notifiers/safety_notifier.dart').
  Try correcting the name to the name of an existing getter, or defining a getter or field named 'notifier'.
              .read(safety_providers.safetyNotifierProvider.notifier)
                                                            ^^^^^^^^
  test/features/safety/presentation/notifiers/safety_notifier_test.dart:447:22: Error: The getter 'value' isn't defined for the type 'SafetyNotifier'.
   - 'SafetyNotifier' is from 'package:soloadventurer/features/safety/presentation/notifiers/safety_notifier.dart' ('lib/features/safety/presentation/notifiers/safety_notifier.dart').
  Try correcting the name to the name of an existing getter, or defining a getter or field named 'value'.
          expect(state.value?.currentStatus?.statusType,
                       ^^^^^
  test/features/safety/presentation/notifiers/safety_notifier_test.dart:471:59: Error: The getter 'notifier' isn't defined for the type 'AutoDisposeProvider<SafetyNotifier>'.
   - 'AutoDisposeProvider' is from 'package:riverpod/src/provider.dart' ('../.pub-cache/hosted/pub.dev/riverpod-2.6.1/lib/src/provider.dart').
   - 'SafetyNotifier' is from 'package:soloadventurer/features/safety/presentation/notifiers/safety_notifier.dart' ('lib/features/safety/presentation/notifiers/safety_notifier.dart').
  Try correcting the name to the name of an existing getter, or defining a getter or field named 'notifier'.
              .read(safety_providers.safetyNotifierProvider.notifier)
                                                            ^^^^^^^^
  test/features/safety/presentation/notifiers/safety_notifier_test.dart:478:22: Error: The getter 'value' isn't defined for the type 'SafetyNotifier'.
   - 'SafetyNotifier' is from 'package:soloadventurer/features/safety/presentation/notifiers/safety_notifier.dart' ('lib/features/safety/presentation/notifiers/safety_notifier.dart').
  Try correcting the name to the name of an existing getter, or defining a getter or field named 'value'.
          expect(state.value?.currentStatus?.statusType,
                       ^^^^^
  test/features/safety/presentation/notifiers/safety_notifier_test.dart:508:59: Error: The getter 'notifier' isn't defined for the type 'AutoDisposeProvider<SafetyNotifier>'.
   - 'AutoDisposeProvider' is from 'package:riverpod/src/provider.dart' ('../.pub-cache/hosted/pub.dev/riverpod-2.6.1/lib/src/provider.dart').
   - 'SafetyNotifier' is from 'package:soloadventurer/features/safety/presentation/notifiers/safety_notifier.dart' ('lib/features/safety/presentation/notifiers/safety_notifier.dart').
  Try correcting the name to the name of an existing getter, or defining a getter or field named 'notifier'.
              .read(safety_providers.safetyNotifierProvider.notifier)
                                                            ^^^^^^^^
  test/features/safety/presentation/notifiers/safety_notifier_test.dart:513:22: Error: The getter 'value' isn't defined for the type 'SafetyNotifier'.
   - 'SafetyNotifier' is from 'package:soloadventurer/features/safety/presentation/notifiers/safety_notifier.dart' ('lib/features/safety/presentation/notifiers/safety_notifier.dart').
  Try correcting the name to the name of an existing getter, or defining a getter or field named 'value'.
          expect(state.value?.recentAlerts, hasLength(3));
                       ^^^^^
  test/features/safety/presentation/notifiers/safety_notifier_test.dart:514:22: Error: The getter 'value' isn't defined for the type 'SafetyNotifier'.
   - 'SafetyNotifier' is from 'package:soloadventurer/features/safety/presentation/notifiers/safety_notifier.dart' ('lib/features/safety/presentation/notifiers/safety_notifier.dart').
  Try correcting the name to the name of an existing getter, or defining a getter or field named 'value'.
          expect(state.value?.activeAlerts,
                       ^^^^^
  test/features/safety/presentation/notifiers/safety_notifier_test.dart:531:59: Error: The getter 'notifier' isn't defined for the type 'AutoDisposeProvider<SafetyNotifier>'.
   - 'AutoDisposeProvider' is from 'package:riverpod/src/provider.dart' ('../.pub-cache/hosted/pub.dev/riverpod-2.6.1/lib/src/provider.dart').
   - 'SafetyNotifier' is from 'package:soloadventurer/features/safety/presentation/notifiers/safety_notifier.dart' ('lib/features/safety/presentation/notifiers/safety_notifier.dart').
  Try correcting the name to the name of an existing getter, or defining a getter or field named 'notifier'.
              .read(safety_providers.safetyNotifierProvider.notifier)
                                                            ^^^^^^^^
  test/features/safety/presentation/notifiers/safety_notifier_test.dart:556:64: Error: The getter 'notifier' isn't defined for the type 'AutoDisposeProvider<SafetyNotifier>'.
   - 'AutoDisposeProvider' is from 'package:riverpod/src/provider.dart' ('../.pub-cache/hosted/pub.dev/riverpod-2.6.1/lib/src/provider.dart').
   - 'SafetyNotifier' is from 'package:soloadventurer/features/safety/presentation/notifiers/safety_notifier.dart' ('lib/features/safety/presentation/notifiers/safety_notifier.dart').
  Try correcting the name to the name of an existing getter, or defining a getter or field named 'notifier'.
          container.read(safety_providers.safetyNotifierProvider.notifier).state =
                                                                 ^^^^^^^^
  test/features/safety/presentation/notifiers/safety_notifier_test.dart:561:59: Error: The getter 'notifier' isn't defined for the type 'AutoDisposeProvider<SafetyNotifier>'.
   - 'AutoDisposeProvider' is from 'package:riverpod/src/provider.dart' ('../.pub-cache/hosted/pub.dev/riverpod-2.6.1/lib/src/provider.dart').
   - 'SafetyNotifier' is from 'package:soloadventurer/features/safety/presentation/notifiers/safety_notifier.dart' ('lib/features/safety/presentation/notifiers/safety_notifier.dart').
  Try correcting the name to the name of an existing getter, or defining a getter or field named 'notifier'.
              .read(safety_providers.safetyNotifierProvider.notifier)
                                                            ^^^^^^^^
  test/features/safety/presentation/notifiers/safety_notifier_test.dart:567:19: Error: The getter 'value' isn't defined for the type 'SafetyNotifier'.
   - 'SafetyNotifier' is from 'package:soloadventurer/features/safety/presentation/notifiers/safety_notifier.dart' ('lib/features/safety/presentation/notifiers/safety_notifier.dart').
  Try correcting the name to the name of an existing getter, or defining a getter or field named 'value'.
              state.value?.recentAlerts.firstWhere((a) => a.id == 'alert-1');
                    ^^^^^
  test/features/safety/presentation/notifiers/safety_notifier_test.dart:592:64: Error: The getter 'notifier' isn't defined for the type 'AutoDisposeProvider<SafetyNotifier>'.
   - 'AutoDisposeProvider' is from 'package:riverpod/src/provider.dart' ('../.pub-cache/hosted/pub.dev/riverpod-2.6.1/lib/src/provider.dart').
   - 'SafetyNotifier' is from 'package:soloadventurer/features/safety/presentation/notifiers/safety_notifier.dart' ('lib/features/safety/presentation/notifiers/safety_notifier.dart').
  Try correcting the name to the name of an existing getter, or defining a getter or field named 'notifier'.
          container.read(safety_providers.safetyNotifierProvider.notifier).state =
                                                                 ^^^^^^^^
  test/features/safety/presentation/notifiers/safety_notifier_test.dart:600:59: Error: The getter 'notifier' isn't defined for the type 'AutoDisposeProvider<SafetyNotifier>'.
   - 'AutoDisposeProvider' is from 'package:riverpod/src/provider.dart' ('../.pub-cache/hosted/pub.dev/riverpod-2.6.1/lib/src/provider.dart').
   - 'SafetyNotifier' is from 'package:soloadventurer/features/safety/presentation/notifiers/safety_notifier.dart' ('lib/features/safety/presentation/notifiers/safety_notifier.dart').
  Try correcting the name to the name of an existing getter, or defining a getter or field named 'notifier'.
              .read(safety_providers.safetyNotifierProvider.notifier)
                                                            ^^^^^^^^
  test/features/safety/presentation/notifiers/safety_notifier_test.dart:606:19: Error: The getter 'value' isn't defined for the type 'SafetyNotifier'.
   - 'SafetyNotifier' is from 'package:soloadventurer/features/safety/presentation/notifiers/safety_notifier.dart' ('lib/features/safety/presentation/notifiers/safety_notifier.dart').
  Try correcting the name to the name of an existing getter, or defining a getter or field named 'value'.
              state.value?.recentAlerts.firstWhere((a) => a.id == 'alert-1');
                    ^^^^^
  test/features/safety/presentation/notifiers/safety_notifier_test.dart:608:22: Error: The getter 'value' isn't defined for the type 'SafetyNotifier'.
   - 'SafetyNotifier' is from 'package:soloadventurer/features/safety/presentation/notifiers/safety_notifier.dart' ('lib/features/safety/presentation/notifiers/safety_notifier.dart').
  Try correcting the name to the name of an existing getter, or defining a getter or field named 'value'.
          expect(state.value?.activeAlerts, isEmpty);
                       ^^^^^
  test/features/safety/presentation/notifiers/safety_notifier_test.dart:630:64: Error: The getter 'notifier' isn't defined for the type 'AutoDisposeProvider<SafetyNotifier>'.
   - 'AutoDisposeProvider' is from 'package:riverpod/src/provider.dart' ('../.pub-cache/hosted/pub.dev/riverpod-2.6.1/lib/src/provider.dart').
   - 'SafetyNotifier' is from 'package:soloadventurer/features/safety/presentation/notifiers/safety_notifier.dart' ('lib/features/safety/presentation/notifiers/safety_notifier.dart').
  Try correcting the name to the name of an existing getter, or defining a getter or field named 'notifier'.
          container.read(safety_providers.safetyNotifierProvider.notifier).state =
                                                                 ^^^^^^^^
  test/features/safety/presentation/notifiers/safety_notifier_test.dart:638:59: Error: The getter 'notifier' isn't defined for the type 'AutoDisposeProvider<SafetyNotifier>'.
   - 'AutoDisposeProvider' is from 'package:riverpod/src/provider.dart' ('../.pub-cache/hosted/pub.dev/riverpod-2.6.1/lib/src/provider.dart').
   - 'SafetyNotifier' is from 'package:soloadventurer/features/safety/presentation/notifiers/safety_notifier.dart' ('lib/features/safety/presentation/notifiers/safety_notifier.dart').
  Try correcting the name to the name of an existing getter, or defining a getter or field named 'notifier'.
              .read(safety_providers.safetyNotifierProvider.notifier)
                                                            ^^^^^^^^
  test/features/safety/presentation/notifiers/safety_notifier_test.dart:644:19: Error: The getter 'value' isn't defined for the type 'SafetyNotifier'.
   - 'SafetyNotifier' is from 'package:soloadventurer/features/safety/presentation/notifiers/safety_notifier.dart' ('lib/features/safety/presentation/notifiers/safety_notifier.dart').
  Try correcting the name to the name of an existing getter, or defining a getter or field named 'value'.
              state.value?.recentAlerts.firstWhere((a) => a.id == 'alert-1');
                    ^^^^^
  test/features/safety/presentation/notifiers/safety_notifier_test.dart:646:22: Error: The getter 'value' isn't defined for the type 'SafetyNotifier'.
   - 'SafetyNotifier' is from 'package:soloadventurer/features/safety/presentation/notifiers/safety_notifier.dart' ('lib/features/safety/presentation/notifiers/safety_notifier.dart').
  Try correcting the name to the name of an existing getter, or defining a getter or field named 'value'.
          expect(state.value?.activeAlerts, isEmpty);
                       ^^^^^
  test/features/safety/presentation/notifiers/safety_notifier_test.dart:675:59: Error: The getter 'notifier' isn't defined for the type 'AutoDisposeProvider<SafetyNotifier>'.
   - 'AutoDisposeProvider' is from 'package:riverpod/src/provider.dart' ('../.pub-cache/hosted/pub.dev/riverpod-2.6.1/lib/src/provider.dart').
   - 'SafetyNotifier' is from 'package:soloadventurer/features/safety/presentation/notifiers/safety_notifier.dart' ('lib/features/safety/presentation/notifiers/safety_notifier.dart').
  Try correcting the name to the name of an existing getter, or defining a getter or field named 'notifier'.
              .read(safety_providers.safetyNotifierProvider.notifier)
                                                            ^^^^^^^^
  test/features/safety/presentation/notifiers/safety_notifier_test.dart:680:22: Error: The getter 'value' isn't defined for the type 'SafetyNotifier'.
   - 'SafetyNotifier' is from 'package:soloadventurer/features/safety/presentation/notifiers/safety_notifier.dart' ('lib/features/safety/presentation/notifiers/safety_notifier.dart').
  Try correcting the name to the name of an existing getter, or defining a getter or field named 'value'.
          expect(state.value?.recentAlerts, hasLength(2));
                       ^^^^^
  test/features/safety/presentation/notifiers/safety_notifier_test.dart:681:22: Error: The getter 'value' isn't defined for the type 'SafetyNotifier'.
   - 'SafetyNotifier' is from 'package:soloadventurer/features/safety/presentation/notifiers/safety_notifier.dart' ('lib/features/safety/presentation/notifiers/safety_notifier.dart').
  Try correcting the name to the name of an existing getter, or defining a getter or field named 'value'.
          expect(state.value?.recentAlerts.first.type,
                       ^^^^^
  test/features/safety/presentation/notifiers/safety_notifier_test.dart:700:59: Error: The getter 'notifier' isn't defined for the type 'AutoDisposeProvider<SafetyNotifier>'.
   - 'AutoDisposeProvider' is from 'package:riverpod/src/provider.dart' ('../.pub-cache/hosted/pub.dev/riverpod-2.6.1/lib/src/provider.dart').
   - 'SafetyNotifier' is from 'package:soloadventurer/features/safety/presentation/notifiers/safety_notifier.dart' ('lib/features/safety/presentation/notifiers/safety_notifier.dart').
  Try correcting the name to the name of an existing getter, or defining a getter or field named 'notifier'.
              .read(safety_providers.safetyNotifierProvider.notifier)
                                                            ^^^^^^^^
  test/features/safety/presentation/notifiers/safety_notifier_test.dart:720:59: Error: The getter 'notifier' isn't defined for the type 'AutoDisposeProvider<SafetyNotifier>'.
   - 'AutoDisposeProvider' is from 'package:riverpod/src/provider.dart' ('../.pub-cache/hosted/pub.dev/riverpod-2.6.1/lib/src/provider.dart').
   - 'SafetyNotifier' is from 'package:soloadventurer/features/safety/presentation/notifiers/safety_notifier.dart' ('lib/features/safety/presentation/notifiers/safety_notifier.dart').
  Try correcting the name to the name of an existing getter, or defining a getter or field named 'notifier'.
              .read(safety_providers.safetyNotifierProvider.notifier)
                                                            ^^^^^^^^
  test/features/safety/presentation/notifiers/safety_notifier_test.dart:738:59: Error: The getter 'notifier' isn't defined for the type 'AutoDisposeProvider<SafetyNotifier>'.
   - 'AutoDisposeProvider' is from 'package:riverpod/src/provider.dart' ('../.pub-cache/hosted/pub.dev/riverpod-2.6.1/lib/src/provider.dart').
   - 'SafetyNotifier' is from 'package:soloadventurer/features/safety/presentation/notifiers/safety_notifier.dart' ('lib/features/safety/presentation/notifiers/safety_notifier.dart').
  Try correcting the name to the name of an existing getter, or defining a getter or field named 'notifier'.
              .read(safety_providers.safetyNotifierProvider.notifier)
                                                            ^^^^^^^^
  test/features/safety/presentation/notifiers/safety_notifier_test.dart:756:64: Error: The getter 'notifier' isn't defined for the type 'AutoDisposeProvider<SafetyNotifier>'.
   - 'AutoDisposeProvider' is from 'package:riverpod/src/provider.dart' ('../.pub-cache/hosted/pub.dev/riverpod-2.6.1/lib/src/provider.dart').
   - 'SafetyNotifier' is from 'package:soloadventurer/features/safety/presentation/notifiers/safety_notifier.dart' ('lib/features/safety/presentation/notifiers/safety_notifier.dart').
  Try correcting the name to the name of an existing getter, or defining a getter or field named 'notifier'.
          container.read(safety_providers.safetyNotifierProvider.notifier).state =
                                                                 ^^^^^^^^
  test/features/safety/presentation/notifiers/safety_notifier_test.dart:761:59: Error: The getter 'notifier' isn't defined for the type 'AutoDisposeProvider<SafetyNotifier>'.
   - 'AutoDisposeProvider' is from 'package:riverpod/src/provider.dart' ('../.pub-cache/hosted/pub.dev/riverpod-2.6.1/lib/src/provider.dart').
   - 'SafetyNotifier' is from 'package:soloadventurer/features/safety/presentation/notifiers/safety_notifier.dart' ('lib/features/safety/presentation/notifiers/safety_notifier.dart').
  Try correcting the name to the name of an existing getter, or defining a getter or field named 'notifier'.
              .read(safety_providers.safetyNotifierProvider.notifier)
                                                            ^^^^^^^^
  test/features/safety/presentation/notifiers/safety_notifier_test.dart:766:22: Error: The getter 'value' isn't defined for the type 'SafetyNotifier'.
   - 'SafetyNotifier' is from 'package:soloadventurer/features/safety/presentation/notifiers/safety_notifier.dart' ('lib/features/safety/presentation/notifiers/safety_notifier.dart').
  Try correcting the name to the name of an existing getter, or defining a getter or field named 'value'.
          expect(state.value?.trustedContactsCount, equals(5));
                       ^^^^^
  test/features/safety/presentation/notifiers/safety_notifier_test.dart:777:64: Error: The getter 'notifier' isn't defined for the type 'AutoDisposeProvider<SafetyNotifier>'.
   - 'AutoDisposeProvider' is from 'package:riverpod/src/provider.dart' ('../.pub-cache/hosted/pub.dev/riverpod-2.6.1/lib/src/provider.dart').
   - 'SafetyNotifier' is from 'package:soloadventurer/features/safety/presentation/notifiers/safety_notifier.dart' ('lib/features/safety/presentation/notifiers/safety_notifier.dart').
  Try correcting the name to the name of an existing getter, or defining a getter or field named 'notifier'.
          container.read(safety_providers.safetyNotifierProvider.notifier).state =
                                                                 ^^^^^^^^
  test/features/safety/presentation/notifiers/safety_notifier_test.dart:782:59: Error: The getter 'notifier' isn't defined for the type 'AutoDisposeProvider<SafetyNotifier>'.
   - 'AutoDisposeProvider' is from 'package:riverpod/src/provider.dart' ('../.pub-cache/hosted/pub.dev/riverpod-2.6.1/lib/src/provider.dart').
   - 'SafetyNotifier' is from 'package:soloadventurer/features/safety/presentation/notifiers/safety_notifier.dart' ('lib/features/safety/presentation/notifiers/safety_notifier.dart').
  Try correcting the name to the name of an existing getter, or defining a getter or field named 'notifier'.
              .read(safety_providers.safetyNotifierProvider.notifier)
                                                            ^^^^^^^^
  test/features/safety/presentation/notifiers/safety_notifier_test.dart:788:22: Error: The getter 'value' isn't defined for the type 'SafetyNotifier'.
   - 'SafetyNotifier' is from 'package:soloadventurer/features/safety/presentation/notifiers/safety_notifier.dart' ('lib/features/safety/presentation/notifiers/safety_notifier.dart').
  Try correcting the name to the name of an existing getter, or defining a getter or field named 'value'.
          expect(state.value?.trustedContactsCount, equals(0));
                       ^^^^^
  test/features/safety/presentation/notifiers/safety_notifier_test.dart:804:59: Error: The getter 'notifier' isn't defined for the type 'AutoDisposeProvider<SafetyNotifier>'.
   - 'AutoDisposeProvider' is from 'package:riverpod/src/provider.dart' ('../.pub-cache/hosted/pub.dev/riverpod-2.6.1/lib/src/provider.dart').
   - 'SafetyNotifier' is from 'package:soloadventurer/features/safety/presentation/notifiers/safety_notifier.dart' ('lib/features/safety/presentation/notifiers/safety_notifier.dart').
  Try correcting the name to the name of an existing getter, or defining a getter or field named 'notifier'.
              .read(safety_providers.safetyNotifierProvider.notifier)
                                                            ^^^^^^^^
  lib/features/safety/data/repositories/safety_providers.dart:13:10: Error: Method not found: 'SafetyLocalDataSourceImpl'.
    return SafetyLocalDataSourceImpl();
           ^^^^^^^^^^^^^^^^^^^^^^^^^
  lib/features/safety/data/repositories/safety_providers.dart:20:10: Error: Method not found: 'MockSafetyRemoteDataSource'.
    return MockSafetyRemoteDataSource();
           ^^^^^^^^^^^^^^^^^^^^^^^^^^
  lib/features/safety/presentation/providers/safety_providers.dart:79:5: Error: No named parameter with the name 'repository'.
      repository: ref.watch(safetyRepositoryOverrideProvider),
      ^^^^^^^^^^
  lib/features/safety/infrastructure/services/missed_checkin_detector_impl.dart:34:3: Context: Found this candidate, but the arguments don't match.
    MissedCheckInDetectorImpl({
    ^^^^^^^^^^^^^^^^^^^^^^^^^
  test/helpers/safety_test_helpers.dart:248:5: Error: No named parameter with the name 'statusType'.
      statusType: statusType,
      ^^^^^^^^^^
  lib/features/safety/domain/entities/safety_status.dart:24:17: Context: Found this candidate, but the arguments don't match.
    const factory SafetyStatus({
                  ^
  test/helpers/safety_test_helpers.dart:298:5: Error: No named parameter with the name 'emergency'.
      emergency: emergency,
      ^^^^^^^^^
  lib/features/safety/domain/entities/location_update.dart:21:17: Context: Found this candidate, but the arguments don't match.
    const factory LocationUpdate({
                  ^
  lib/core/services/location_service_impl.dart:188:12: Error: Not a constant expression.
        case LocationAccuracy.low:
             ^^^^^^^^^^^^^^^^
  lib/core/services/location_service_impl.dart:188:12: Error: 'LocationAccuracy' is imported from both 'package:geolocator_platform_interface/src/enums/location_accuracy.dart' and 'package:soloadventurer/core/services/location_service.dart'.
        case LocationAccuracy.low:
             ^^^^^^^^^^^^^^^^
  lib/core/services/location_service_impl.dart:190:12: Error: Not a constant expression.
        case LocationAccuracy.balanced:
             ^^^^^^^^^^^^^^^^
  lib/core/services/location_service_impl.dart:190:12: Error: 'LocationAccuracy' is imported from both 'package:geolocator_platform_interface/src/enums/location_accuracy.dart' and 'package:soloadventurer/core/services/location_service.dart'.
        case LocationAccuracy.balanced:
             ^^^^^^^^^^^^^^^^
  lib/core/services/location_service_impl.dart:192:12: Error: Not a constant expression.
        case LocationAccuracy.high:
             ^^^^^^^^^^^^^^^^
  lib/core/services/location_service_impl.dart:192:12: Error: 'LocationAccuracy' is imported from both 'package:geolocator_platform_interface/src/enums/location_accuracy.dart' and 'package:soloadventurer/core/services/location_service.dart'.
        case LocationAccuracy.high:
             ^^^^^^^^^^^^^^^^
  lib/core/services/location_service_impl.dart:194:12: Error: Not a constant expression.
        case LocationAccuracy.best:
             ^^^^^^^^^^^^^^^^
  lib/core/services/location_service_impl.dart:194:12: Error: 'LocationAccuracy' is imported from both 'package:geolocator_platform_interface/src/enums/location_accuracy.dart' and 'package:soloadventurer/core/services/location_service.dart'.
        case LocationAccuracy.best:
             ^^^^^^^^^^^^^^^^
  lib/core/services/location_service_impl.dart:189:16: Error: The getter 'geolocator' isn't defined for the type 'LocationServiceImpl'.
   - 'LocationServiceImpl' is from 'package:soloadventurer/core/services/location_service_impl.dart' ('lib/core/services/location_service_impl.dart').
  Try correcting the name to the name of an existing getter, or defining a getter or field named 'geolocator'.
          return geolocator.LocationAccuracy.low;
                 ^^^^^^^^^^
  lib/core/services/location_service_impl.dart:191:16: Error: The getter 'geolocator' isn't defined for the type 'LocationServiceImpl'.
   - 'LocationServiceImpl' is from 'package:soloadventurer/core/services/location_service_impl.dart' ('lib/core/services/location_service_impl.dart').
  Try correcting the name to the name of an existing getter, or defining a getter or field named 'geolocator'.
          return geolocator.LocationAccuracy.medium;
                 ^^^^^^^^^^
  lib/core/services/location_service_impl.dart:193:16: Error: The getter 'geolocator' isn't defined for the type 'LocationServiceImpl'.
   - 'LocationServiceImpl' is from 'package:soloadventurer/core/services/location_service_impl.dart' ('lib/core/services/location_service_impl.dart').
  Try correcting the name to the name of an existing getter, or defining a getter or field named 'geolocator'.
          return geolocator.LocationAccuracy.high;
                 ^^^^^^^^^^
  lib/core/services/location_service_impl.dart:195:16: Error: The getter 'geolocator' isn't defined for the type 'LocationServiceImpl'.
   - 'LocationServiceImpl' is from 'package:soloadventurer/core/services/location_service_impl.dart' ('lib/core/services/location_service_impl.dart').
  Try correcting the name to the name of an existing getter, or defining a getter or field named 'geolocator'.
          return geolocator.LocationAccuracy.best;
                 ^^^^^^^^^^
  lib/core/services/location_service_impl.dart:226:12: Error: Not a constant expression.
        case geolocator.LocationPermission.always:
             ^^^^^^^^^^
  lib/core/services/location_service_impl.dart:226:23: Error: Not a constant expression.
        case geolocator.LocationPermission.always:
                        ^^^^^^^^^^^^^^^^^^
  lib/core/services/location_service_impl.dart:227:12: Error: Not a constant expression.
        case geolocator.LocationPermission.whileInUse:
             ^^^^^^^^^^
  lib/core/services/location_service_impl.dart:227:23: Error: Not a constant expression.
        case geolocator.LocationPermission.whileInUse:
                        ^^^^^^^^^^^^^^^^^^
  lib/core/services/location_service_impl.dart:229:12: Error: Not a constant expression.
        case geolocator.LocationPermission.denied:
             ^^^^^^^^^^
  lib/core/services/location_service_impl.dart:229:23: Error: Not a constant expression.
        case geolocator.LocationPermission.denied:
                        ^^^^^^^^^^^^^^^^^^
  lib/core/services/location_service_impl.dart:231:12: Error: Not a constant expression.
        case geolocator.LocationPermission.deniedForever:
             ^^^^^^^^^^
  lib/core/services/location_service_impl.dart:231:23: Error: Not a constant expression.
        case geolocator.LocationPermission.deniedForever:
                        ^^^^^^^^^^^^^^^^^^
  lib/core/services/location_service_impl.dart:233:12: Error: Not a constant expression.
        case geolocator.LocationPermission.unableToDetermine:
             ^^^^^^^^^^
  lib/core/services/location_service_impl.dart:233:23: Error: Not a constant expression.
        case geolocator.LocationPermission.unableToDetermine:
                        ^^^^^^^^^^^^^^^^^^
  lib/core/services/location_service_impl.dart:222:28: Error: A non-null value must be returned since the return type 'LocationPermissionStatus' doesn't allow null.
   - 'LocationPermissionStatus' is from 'package:soloadventurer/core/services/location_service.dart' ('lib/core/services/location_service.dart').
    LocationPermissionStatus _mapPermissionStatus(
                             ^
  lib/core/services/background_checkin_service_impl.dart:39:22: Error: The method 'WorkManagerConstraints' isn't defined for the type 'BackgroundCheckInServiceImpl'.
   - 'BackgroundCheckInServiceImpl' is from 'package:soloadventurer/core/services/background_checkin_service_impl.dart' ('lib/core/services/background_checkin_service_impl.dart').
  Try correcting the name to the name of an existing method, or defining a method named 'WorkManagerConstraints'.
          constraints: WorkManagerConstraints(
                       ^^^^^^^^^^^^^^^^^^^^^^
  lib/core/services/background_checkin_service_impl.dart:81:22: Error: The method 'WorkManagerConstraints' isn't defined for the type 'BackgroundCheckInServiceImpl'.
   - 'BackgroundCheckInServiceImpl' is from 'package:soloadventurer/core/services/background_checkin_service_impl.dart' ('lib/core/services/background_checkin_service_impl.dart').
  Try correcting the name to the name of an existing method, or defining a method named 'WorkManagerConstraints'.
          constraints: WorkManagerConstraints(
                       ^^^^^^^^^^^^^^^^^^^^^^
  lib/features/safety/presentation/notifiers/check_in_notifier.dart:96:27: Error: The argument type 'List<String>?' can't be assigned to the parameter type 'List<String>'.
   - 'List' is from 'dart:core'.
          notifyContactIds: notifyContactIds,
                            ^
  .

To run this test again: /opt/homebrew/Caskroom/flutter/3.32.5/flutter/bin/cache/dart-sdk/bin/dart test /Users/anthonyforan/SoloAdventurer_app/test/features/safety/presentation/notifiers/safety_notifier_test.dart -p vm --plain-name 'loading /Users/anthonyforan/SoloAdventurer_app/test/features/safety/presentation/notifiers/safety_notifier_test.dart'
lib/core/error/safety_exceptions.dart:5:31: Error: The super constructor has no corresponding positional parameter.
  const SafetyException(super.message, {required super.code});
                              ^
test/features/safety/presentation/notifiers/check_in_notifier_test.dart:67:55: Error: Undefined name 'checkInNotifierProvider'.
      final state = container.read(notifier_providers.checkInNotifierProvider);
                                                      ^^^^^^^^^^^^^^^^^^^^^^^
test/features/safety/presentation/notifiers/check_in_notifier_test.dart:69:36: Error: 'CheckInData' isn't a type.
      expect(state, isA<AsyncValue<CheckInData>>());
                                   ^^^^^^^^^^^
test/features/safety/presentation/notifiers/check_in_notifier_test.dart:70:31: Error: 'CheckInData' isn't a type.
      expect(state.value, isA<CheckInData>());
                              ^^^^^^^^^^^
test/features/safety/presentation/notifiers/check_in_notifier_test.dart:93:38: Error: Undefined name 'checkInNotifierProvider'.
            .read(notifier_providers.checkInNotifierProvider.notifier)
                                     ^^^^^^^^^^^^^^^^^^^^^^^
test/features/safety/presentation/notifiers/check_in_notifier_test.dart:98:47: Error: Undefined name 'checkInNotifierProvider'.
            container.read(notifier_providers.checkInNotifierProvider);
                                              ^^^^^^^^^^^^^^^^^^^^^^^
test/features/safety/presentation/notifiers/check_in_notifier_test.dart:119:38: Error: Undefined name 'checkInNotifierProvider'.
            .read(notifier_providers.checkInNotifierProvider.notifier)
                                     ^^^^^^^^^^^^^^^^^^^^^^^
test/features/safety/presentation/notifiers/check_in_notifier_test.dart:124:45: Error: Undefined name 'checkInNotifierProvider'.
          container.read(notifier_providers.checkInNotifierProvider),
                                            ^^^^^^^^^^^^^^^^^^^^^^^
test/features/safety/presentation/notifiers/check_in_notifier_test.dart:125:26: Error: 'CheckInData' isn't a type.
          isA<AsyncValue<CheckInData>>()
                         ^^^^^^^^^^^
test/features/safety/presentation/notifiers/check_in_notifier_test.dart:142:38: Error: Undefined name 'checkInNotifierProvider'.
            .read(notifier_providers.checkInNotifierProvider.notifier)
                                     ^^^^^^^^^^^^^^^^^^^^^^^
test/features/safety/presentation/notifiers/check_in_notifier_test.dart:147:47: Error: Undefined name 'checkInNotifierProvider'.
            container.read(notifier_providers.checkInNotifierProvider);
                                              ^^^^^^^^^^^^^^^^^^^^^^^
test/features/safety/presentation/notifiers/check_in_notifier_test.dart:164:42: Error: Undefined name 'checkInNotifierProvider'.
                .read(notifier_providers.checkInNotifierProvider.notifier)
                                         ^^^^^^^^^^^^^^^^^^^^^^^
test/features/safety/presentation/notifiers/check_in_notifier_test.dart:167:17: Error: Method not found: 'CheckInData'.
                CheckInData(checkIns: createTestCheckInsList(count: 5)));
                ^^^^^^^^^^^
test/features/safety/presentation/notifiers/check_in_notifier_test.dart:171:38: Error: Undefined name 'checkInNotifierProvider'.
            .read(notifier_providers.checkInNotifierProvider.notifier)
                                     ^^^^^^^^^^^^^^^^^^^^^^^
test/features/safety/presentation/notifiers/check_in_notifier_test.dart:176:47: Error: Undefined name 'checkInNotifierProvider'.
            container.read(notifier_providers.checkInNotifierProvider);
                                              ^^^^^^^^^^^^^^^^^^^^^^^
test/features/safety/presentation/notifiers/check_in_notifier_test.dart:195:38: Error: Undefined name 'checkInNotifierProvider'.
            .read(notifier_providers.checkInNotifierProvider.notifier)
                                     ^^^^^^^^^^^^^^^^^^^^^^^
test/features/safety/presentation/notifiers/check_in_notifier_test.dart:200:47: Error: Undefined name 'checkInNotifierProvider'.
            container.read(notifier_providers.checkInNotifierProvider);
                                              ^^^^^^^^^^^^^^^^^^^^^^^
test/features/safety/presentation/notifiers/check_in_notifier_test.dart:224:38: Error: Undefined name 'checkInNotifierProvider'.
            .read(notifier_providers.checkInNotifierProvider.notifier)
                                     ^^^^^^^^^^^^^^^^^^^^^^^
test/features/safety/presentation/notifiers/check_in_notifier_test.dart:233:47: Error: Undefined name 'checkInNotifierProvider'.
            container.read(notifier_providers.checkInNotifierProvider);
                                              ^^^^^^^^^^^^^^^^^^^^^^^
test/features/safety/presentation/notifiers/check_in_notifier_test.dart:239:40: Error: Method not found: 'argThat'.
        verify(() => mockCreateCheckIn(argThat(
                                       ^^^^^^^
test/features/safety/presentation/notifiers/check_in_notifier_test.dart:260:38: Error: Undefined name 'checkInNotifierProvider'.
            .read(notifier_providers.checkInNotifierProvider.notifier)
                                     ^^^^^^^^^^^^^^^^^^^^^^^
test/features/safety/presentation/notifiers/check_in_notifier_test.dart:261:38: Error: Method not found: 'CheckInData'.
            .state = AsyncValue.data(CheckInData(checkIns: existingCheckIns));
                                     ^^^^^^^^^^^
test/features/safety/presentation/notifiers/check_in_notifier_test.dart:265:38: Error: Undefined name 'checkInNotifierProvider'.
            .read(notifier_providers.checkInNotifierProvider.notifier)
                                     ^^^^^^^^^^^^^^^^^^^^^^^
test/features/safety/presentation/notifiers/check_in_notifier_test.dart:273:47: Error: Undefined name 'checkInNotifierProvider'.
            container.read(notifier_providers.checkInNotifierProvider);
                                              ^^^^^^^^^^^^^^^^^^^^^^^
test/features/safety/presentation/notifiers/check_in_notifier_test.dart:289:38: Error: Undefined name 'checkInNotifierProvider'.
            .read(notifier_providers.checkInNotifierProvider.notifier)
                                     ^^^^^^^^^^^^^^^^^^^^^^^
test/features/safety/presentation/notifiers/check_in_notifier_test.dart:297:47: Error: Undefined name 'checkInNotifierProvider'.
            container.read(notifier_providers.checkInNotifierProvider);
                                              ^^^^^^^^^^^^^^^^^^^^^^^
test/features/safety/presentation/notifiers/check_in_notifier_test.dart:321:25: Error: Method not found: 'anyNamed'.
              deadline: anyNamed('deadline'),
                        ^^^^^^^^
test/features/safety/presentation/notifiers/check_in_notifier_test.dart:322:25: Error: Method not found: 'anyNamed'.
              location: anyNamed('location'),
                        ^^^^^^^^
test/features/safety/presentation/notifiers/check_in_notifier_test.dart:323:30: Error: Method not found: 'anyNamed'.
              statusMessage: anyNamed('statusMessage'),
                             ^^^^^^^^
test/features/safety/presentation/notifiers/check_in_notifier_test.dart:324:33: Error: Method not found: 'anyNamed'.
              notifyContactIds: anyNamed('notifyContactIds'),
                                ^^^^^^^^
test/features/safety/presentation/notifiers/check_in_notifier_test.dart:325:23: Error: Method not found: 'anyNamed'.
              tripId: anyNamed('tripId'),
                      ^^^^^^^^
test/features/safety/presentation/notifiers/check_in_notifier_test.dart:326:28: Error: Method not found: 'anyNamed'.
              triggerType: anyNamed('triggerType'),
                           ^^^^^^^^
test/features/safety/presentation/notifiers/check_in_notifier_test.dart:333:38: Error: Undefined name 'checkInNotifierProvider'.
            .read(notifier_providers.checkInNotifierProvider.notifier)
                                     ^^^^^^^^^^^^^^^^^^^^^^^
test/features/safety/presentation/notifiers/check_in_notifier_test.dart:345:47: Error: Undefined name 'checkInNotifierProvider'.
            container.read(notifier_providers.checkInNotifierProvider);
                                              ^^^^^^^^^^^^^^^^^^^^^^^
test/features/safety/presentation/notifiers/check_in_notifier_test.dart:376:38: Error: Undefined name 'checkInNotifierProvider'.
            .read(notifier_providers.checkInNotifierProvider.notifier)
                                     ^^^^^^^^^^^^^^^^^^^^^^^
test/features/safety/presentation/notifiers/check_in_notifier_test.dart:384:47: Error: Undefined name 'checkInNotifierProvider'.
            container.read(notifier_providers.checkInNotifierProvider);
                                              ^^^^^^^^^^^^^^^^^^^^^^^
test/features/safety/presentation/notifiers/check_in_notifier_test.dart:412:38: Error: Undefined name 'checkInNotifierProvider'.
            .read(notifier_providers.checkInNotifierProvider.notifier)
                                     ^^^^^^^^^^^^^^^^^^^^^^^
test/features/safety/presentation/notifiers/check_in_notifier_test.dart:413:38: Error: Method not found: 'CheckInData'.
            .state = AsyncValue.data(CheckInData(
                                     ^^^^^^^^^^^
test/features/safety/presentation/notifiers/check_in_notifier_test.dart:420:38: Error: Undefined name 'checkInNotifierProvider'.
            .read(notifier_providers.checkInNotifierProvider.notifier)
                                     ^^^^^^^^^^^^^^^^^^^^^^^
test/features/safety/presentation/notifiers/check_in_notifier_test.dart:429:47: Error: Undefined name 'checkInNotifierProvider'.
            container.read(notifier_providers.checkInNotifierProvider);
                                              ^^^^^^^^^^^^^^^^^^^^^^^
test/features/safety/presentation/notifiers/check_in_notifier_test.dart:457:38: Error: Undefined name 'checkInNotifierProvider'.
            .read(notifier_providers.checkInNotifierProvider.notifier)
                                     ^^^^^^^^^^^^^^^^^^^^^^^
test/features/safety/presentation/notifiers/check_in_notifier_test.dart:465:47: Error: Undefined name 'checkInNotifierProvider'.
            container.read(notifier_providers.checkInNotifierProvider);
                                              ^^^^^^^^^^^^^^^^^^^^^^^
test/features/safety/presentation/notifiers/check_in_notifier_test.dart:484:38: Error: Undefined name 'checkInNotifierProvider'.
            .read(notifier_providers.checkInNotifierProvider.notifier)
                                     ^^^^^^^^^^^^^^^^^^^^^^^
test/features/safety/presentation/notifiers/check_in_notifier_test.dart:485:38: Error: Method not found: 'CheckInData'.
            .state = AsyncValue.data(CheckInData(
                                     ^^^^^^^^^^^
test/features/safety/presentation/notifiers/check_in_notifier_test.dart:492:38: Error: Undefined name 'checkInNotifierProvider'.
            .read(notifier_providers.checkInNotifierProvider.notifier)
                                     ^^^^^^^^^^^^^^^^^^^^^^^
test/features/safety/presentation/notifiers/check_in_notifier_test.dart:497:47: Error: Undefined name 'checkInNotifierProvider'.
            container.read(notifier_providers.checkInNotifierProvider);
                                              ^^^^^^^^^^^^^^^^^^^^^^^
test/features/safety/presentation/notifiers/check_in_notifier_test.dart:517:38: Error: Undefined name 'checkInNotifierProvider'.
            .read(notifier_providers.checkInNotifierProvider.notifier)
                                     ^^^^^^^^^^^^^^^^^^^^^^^
test/features/safety/presentation/notifiers/check_in_notifier_test.dart:521:47: Error: Undefined name 'checkInNotifierProvider'.
            container.read(notifier_providers.checkInNotifierProvider);
                                              ^^^^^^^^^^^^^^^^^^^^^^^
test/features/safety/presentation/notifiers/check_in_notifier_test.dart:543:38: Error: Undefined name 'checkInNotifierProvider'.
            .read(notifier_providers.checkInNotifierProvider.notifier)
                                     ^^^^^^^^^^^^^^^^^^^^^^^
test/features/safety/presentation/notifiers/check_in_notifier_test.dart:548:47: Error: Undefined name 'checkInNotifierProvider'.
            container.read(notifier_providers.checkInNotifierProvider);
                                              ^^^^^^^^^^^^^^^^^^^^^^^
test/features/safety/presentation/notifiers/check_in_notifier_test.dart:568:38: Error: Undefined name 'checkInNotifierProvider'.
            .read(notifier_providers.checkInNotifierProvider.notifier)
                                     ^^^^^^^^^^^^^^^^^^^^^^^
test/features/safety/presentation/notifiers/check_in_notifier_test.dart:573:47: Error: Undefined name 'checkInNotifierProvider'.
            container.read(notifier_providers.checkInNotifierProvider);
                                              ^^^^^^^^^^^^^^^^^^^^^^^
test/features/safety/presentation/notifiers/check_in_notifier_test.dart:586:42: Error: Undefined name 'checkInNotifierProvider'.
                .read(notifier_providers.checkInNotifierProvider.notifier)
                                         ^^^^^^^^^^^^^^^^^^^^^^^
test/features/safety/presentation/notifiers/check_in_notifier_test.dart:589:17: Error: Method not found: 'CheckInData'.
                CheckInData(checkIns: createTestCheckInsList(count: 3)));
                ^^^^^^^^^^^
test/features/safety/presentation/notifiers/check_in_notifier_test.dart:593:38: Error: Undefined name 'checkInNotifierProvider'.
            .read(notifier_providers.checkInNotifierProvider.notifier)
                                     ^^^^^^^^^^^^^^^^^^^^^^^
test/features/safety/presentation/notifiers/check_in_notifier_test.dart:598:47: Error: Undefined name 'checkInNotifierProvider'.
            container.read(notifier_providers.checkInNotifierProvider);
                                              ^^^^^^^^^^^^^^^^^^^^^^^
test/features/safety/presentation/notifiers/check_in_notifier_test.dart:608:38: Error: Undefined name 'checkInNotifierProvider'.
            .read(notifier_providers.checkInNotifierProvider.notifier)
                                     ^^^^^^^^^^^^^^^^^^^^^^^
test/features/safety/presentation/notifiers/check_in_notifier_test.dart:609:38: Error: Method not found: 'CheckInData'.
            .state = AsyncValue.data(CheckInData(
                                     ^^^^^^^^^^^
test/features/safety/presentation/notifiers/check_in_notifier_test.dart:616:38: Error: Undefined name 'checkInNotifierProvider'.
            .read(notifier_providers.checkInNotifierProvider.notifier)
                                     ^^^^^^^^^^^^^^^^^^^^^^^
test/features/safety/presentation/notifiers/check_in_notifier_test.dart:621:47: Error: Undefined name 'checkInNotifierProvider'.
            container.read(notifier_providers.checkInNotifierProvider);
                                              ^^^^^^^^^^^^^^^^^^^^^^^
test/features/safety/presentation/notifiers/check_in_notifier_test.dart:631:38: Error: Undefined name 'checkInNotifierProvider'.
            .read(notifier_providers.checkInNotifierProvider.notifier)
                                     ^^^^^^^^^^^^^^^^^^^^^^^
test/features/safety/presentation/notifiers/check_in_notifier_test.dart:632:44: Error: Method not found: 'CheckInData'.
            .state = const AsyncValue.data(CheckInData());
                                           ^^^^^^^^^^^
test/features/safety/presentation/notifiers/check_in_notifier_test.dart:636:38: Error: Undefined name 'checkInNotifierProvider'.
            .read(notifier_providers.checkInNotifierProvider.notifier)
                                     ^^^^^^^^^^^^^^^^^^^^^^^
test/features/safety/presentation/notifiers/check_in_notifier_test.dart:641:47: Error: Undefined name 'checkInNotifierProvider'.
            container.read(notifier_providers.checkInNotifierProvider);
                                              ^^^^^^^^^^^^^^^^^^^^^^^
test/features/safety/presentation/notifiers/check_in_notifier_test.dart:653:38: Error: Undefined name 'checkInNotifierProvider'.
            .read(notifier_providers.checkInNotifierProvider.notifier)
                                     ^^^^^^^^^^^^^^^^^^^^^^^
test/features/safety/presentation/notifiers/check_in_notifier_test.dart:654:38: Error: Method not found: 'CheckInData'.
            .state = AsyncValue.data(CheckInData(
                                     ^^^^^^^^^^^
test/features/safety/presentation/notifiers/check_in_notifier_test.dart:661:38: Error: Undefined name 'checkInNotifierProvider'.
            .read(notifier_providers.checkInNotifierProvider.notifier)
                                     ^^^^^^^^^^^^^^^^^^^^^^^
test/features/safety/presentation/notifiers/check_in_notifier_test.dart:666:47: Error: Undefined name 'checkInNotifierProvider'.
            container.read(notifier_providers.checkInNotifierProvider);
                                              ^^^^^^^^^^^^^^^^^^^^^^^
test/features/safety/presentation/notifiers/check_in_notifier_test.dart:684:38: Error: Undefined name 'checkInNotifierProvider'.
            .read(notifier_providers.checkInNotifierProvider.notifier)
                                     ^^^^^^^^^^^^^^^^^^^^^^^
test/features/safety/presentation/notifiers/check_in_notifier_test.dart:697:22: Error: Method not found: 'CheckInData'.
        final data = CheckInData(
                     ^^^^^^^^^^^
test/features/safety/presentation/notifiers/check_in_notifier_test.dart:705:22: Error: Method not found: 'CheckInData'.
        const data = CheckInData();
                     ^^^^^^^^^^^
test/features/safety/presentation/notifiers/check_in_notifier_test.dart:721:22: Error: Method not found: 'CheckInData'.
        final data = CheckInData(
                     ^^^^^^^^^^^
test/features/safety/presentation/notifiers/check_in_notifier_test.dart:738:22: Error: Method not found: 'CheckInData'.
        final data = CheckInData(
                     ^^^^^^^^^^^
test/features/safety/presentation/notifiers/check_in_notifier_test.dart:756:22: Error: Method not found: 'CheckInData'.
        final data = CheckInData(
                     ^^^^^^^^^^^
test/features/safety/presentation/notifiers/check_in_notifier_test.dart:764:22: Error: Method not found: 'CheckInData'.
        const data = CheckInData();
                     ^^^^^^^^^^^
test/features/safety/presentation/notifiers/check_in_notifier_test.dart:787:22: Error: Method not found: 'CheckInData'.
        final data = CheckInData(
                     ^^^^^^^^^^^
lib/features/safety/presentation/notifiers/check_in_notifier.dart:96:27: Error: The argument type 'List<String>?' can't be assigned to the parameter type 'List<String>'.
 - 'List' is from 'dart:core'.
        notifyContactIds: notifyContactIds,
                          ^
test/helpers/safety_test_helpers.dart:248:5: Error: No named parameter with the name 'statusType'.
    statusType: statusType,
    ^^^^^^^^^^
lib/features/safety/domain/entities/safety_status.dart:24:17: Context: Found this candidate, but the arguments don't match.
  const factory SafetyStatus({
                ^
test/helpers/safety_test_helpers.dart:298:5: Error: No named parameter with the name 'emergency'.
    emergency: emergency,
    ^^^^^^^^^
lib/features/safety/domain/entities/location_update.dart:21:17: Context: Found this candidate, but the arguments don't match.
  const factory LocationUpdate({
                ^
lib/features/safety/data/repositories/safety_providers.dart:13:10: Error: Method not found: 'SafetyLocalDataSourceImpl'.
  return SafetyLocalDataSourceImpl();
         ^^^^^^^^^^^^^^^^^^^^^^^^^
lib/features/safety/data/repositories/safety_providers.dart:20:10: Error: Method not found: 'MockSafetyRemoteDataSource'.
  return MockSafetyRemoteDataSource();
         ^^^^^^^^^^^^^^^^^^^^^^^^^^
01:15 +131 -74: loading /Users/anthonyforan/SoloAdventurer_app/test/features/safety/presentation/notifiers/check_in_notifier_test.dart [E]                                                             
  Failed to load "/Users/anthonyforan/SoloAdventurer_app/test/features/safety/presentation/notifiers/check_in_notifier_test.dart":
  Compilation failed for testPath=/Users/anthonyforan/SoloAdventurer_app/test/features/safety/presentation/notifiers/check_in_notifier_test.dart: lib/core/error/safety_exceptions.dart:5:31: Error: The super constructor has no corresponding positional parameter.
    const SafetyException(super.message, {required super.code});
                                ^
  test/features/safety/presentation/notifiers/check_in_notifier_test.dart:67:55: Error: Undefined name 'checkInNotifierProvider'.
        final state = container.read(notifier_providers.checkInNotifierProvider);
                                                        ^^^^^^^^^^^^^^^^^^^^^^^
  test/features/safety/presentation/notifiers/check_in_notifier_test.dart:69:36: Error: 'CheckInData' isn't a type.
        expect(state, isA<AsyncValue<CheckInData>>());
                                     ^^^^^^^^^^^
  test/features/safety/presentation/notifiers/check_in_notifier_test.dart:70:31: Error: 'CheckInData' isn't a type.
        expect(state.value, isA<CheckInData>());
                                ^^^^^^^^^^^
  test/features/safety/presentation/notifiers/check_in_notifier_test.dart:93:38: Error: Undefined name 'checkInNotifierProvider'.
              .read(notifier_providers.checkInNotifierProvider.notifier)
                                       ^^^^^^^^^^^^^^^^^^^^^^^
  test/features/safety/presentation/notifiers/check_in_notifier_test.dart:98:47: Error: Undefined name 'checkInNotifierProvider'.
              container.read(notifier_providers.checkInNotifierProvider);
                                                ^^^^^^^^^^^^^^^^^^^^^^^
  test/features/safety/presentation/notifiers/check_in_notifier_test.dart:119:38: Error: Undefined name 'checkInNotifierProvider'.
              .read(notifier_providers.checkInNotifierProvider.notifier)
                                       ^^^^^^^^^^^^^^^^^^^^^^^
  test/features/safety/presentation/notifiers/check_in_notifier_test.dart:124:45: Error: Undefined name 'checkInNotifierProvider'.
            container.read(notifier_providers.checkInNotifierProvider),
                                              ^^^^^^^^^^^^^^^^^^^^^^^
  test/features/safety/presentation/notifiers/check_in_notifier_test.dart:125:26: Error: 'CheckInData' isn't a type.
            isA<AsyncValue<CheckInData>>()
                           ^^^^^^^^^^^
  test/features/safety/presentation/notifiers/check_in_notifier_test.dart:142:38: Error: Undefined name 'checkInNotifierProvider'.
              .read(notifier_providers.checkInNotifierProvider.notifier)
                                       ^^^^^^^^^^^^^^^^^^^^^^^
  test/features/safety/presentation/notifiers/check_in_notifier_test.dart:147:47: Error: Undefined name 'checkInNotifierProvider'.
              container.read(notifier_providers.checkInNotifierProvider);
                                                ^^^^^^^^^^^^^^^^^^^^^^^
  test/features/safety/presentation/notifiers/check_in_notifier_test.dart:164:42: Error: Undefined name 'checkInNotifierProvider'.
                  .read(notifier_providers.checkInNotifierProvider.notifier)
                                           ^^^^^^^^^^^^^^^^^^^^^^^
  test/features/safety/presentation/notifiers/check_in_notifier_test.dart:167:17: Error: Method not found: 'CheckInData'.
                  CheckInData(checkIns: createTestCheckInsList(count: 5)));
                  ^^^^^^^^^^^
  test/features/safety/presentation/notifiers/check_in_notifier_test.dart:171:38: Error: Undefined name 'checkInNotifierProvider'.
              .read(notifier_providers.checkInNotifierProvider.notifier)
                                       ^^^^^^^^^^^^^^^^^^^^^^^
  test/features/safety/presentation/notifiers/check_in_notifier_test.dart:176:47: Error: Undefined name 'checkInNotifierProvider'.
              container.read(notifier_providers.checkInNotifierProvider);
                                                ^^^^^^^^^^^^^^^^^^^^^^^
  test/features/safety/presentation/notifiers/check_in_notifier_test.dart:195:38: Error: Undefined name 'checkInNotifierProvider'.
              .read(notifier_providers.checkInNotifierProvider.notifier)
                                       ^^^^^^^^^^^^^^^^^^^^^^^
  test/features/safety/presentation/notifiers/check_in_notifier_test.dart:200:47: Error: Undefined name 'checkInNotifierProvider'.
              container.read(notifier_providers.checkInNotifierProvider);
                                                ^^^^^^^^^^^^^^^^^^^^^^^
  test/features/safety/presentation/notifiers/check_in_notifier_test.dart:224:38: Error: Undefined name 'checkInNotifierProvider'.
              .read(notifier_providers.checkInNotifierProvider.notifier)
                                       ^^^^^^^^^^^^^^^^^^^^^^^
  test/features/safety/presentation/notifiers/check_in_notifier_test.dart:233:47: Error: Undefined name 'checkInNotifierProvider'.
              container.read(notifier_providers.checkInNotifierProvider);
                                                ^^^^^^^^^^^^^^^^^^^^^^^
  test/features/safety/presentation/notifiers/check_in_notifier_test.dart:239:40: Error: Method not found: 'argThat'.
          verify(() => mockCreateCheckIn(argThat(
                                         ^^^^^^^
  test/features/safety/presentation/notifiers/check_in_notifier_test.dart:260:38: Error: Undefined name 'checkInNotifierProvider'.
              .read(notifier_providers.checkInNotifierProvider.notifier)
                                       ^^^^^^^^^^^^^^^^^^^^^^^
  test/features/safety/presentation/notifiers/check_in_notifier_test.dart:261:38: Error: Method not found: 'CheckInData'.
              .state = AsyncValue.data(CheckInData(checkIns: existingCheckIns));
                                       ^^^^^^^^^^^
  test/features/safety/presentation/notifiers/check_in_notifier_test.dart:265:38: Error: Undefined name 'checkInNotifierProvider'.
              .read(notifier_providers.checkInNotifierProvider.notifier)
                                       ^^^^^^^^^^^^^^^^^^^^^^^
  test/features/safety/presentation/notifiers/check_in_notifier_test.dart:273:47: Error: Undefined name 'checkInNotifierProvider'.
              container.read(notifier_providers.checkInNotifierProvider);
                                                ^^^^^^^^^^^^^^^^^^^^^^^
  test/features/safety/presentation/notifiers/check_in_notifier_test.dart:289:38: Error: Undefined name 'checkInNotifierProvider'.
              .read(notifier_providers.checkInNotifierProvider.notifier)
                                       ^^^^^^^^^^^^^^^^^^^^^^^
  test/features/safety/presentation/notifiers/check_in_notifier_test.dart:297:47: Error: Undefined name 'checkInNotifierProvider'.
              container.read(notifier_providers.checkInNotifierProvider);
                                                ^^^^^^^^^^^^^^^^^^^^^^^
  test/features/safety/presentation/notifiers/check_in_notifier_test.dart:321:25: Error: Method not found: 'anyNamed'.
                deadline: anyNamed('deadline'),
                          ^^^^^^^^
  test/features/safety/presentation/notifiers/check_in_notifier_test.dart:322:25: Error: Method not found: 'anyNamed'.
                location: anyNamed('location'),
                          ^^^^^^^^
  test/features/safety/presentation/notifiers/check_in_notifier_test.dart:323:30: Error: Method not found: 'anyNamed'.
                statusMessage: anyNamed('statusMessage'),
                               ^^^^^^^^
  test/features/safety/presentation/notifiers/check_in_notifier_test.dart:324:33: Error: Method not found: 'anyNamed'.
                notifyContactIds: anyNamed('notifyContactIds'),
                                  ^^^^^^^^
  test/features/safety/presentation/notifiers/check_in_notifier_test.dart:325:23: Error: Method not found: 'anyNamed'.
                tripId: anyNamed('tripId'),
                        ^^^^^^^^
  test/features/safety/presentation/notifiers/check_in_notifier_test.dart:326:28: Error: Method not found: 'anyNamed'.
                triggerType: anyNamed('triggerType'),
                             ^^^^^^^^
  test/features/safety/presentation/notifiers/check_in_notifier_test.dart:333:38: Error: Undefined name 'checkInNotifierProvider'.
              .read(notifier_providers.checkInNotifierProvider.notifier)
                                       ^^^^^^^^^^^^^^^^^^^^^^^
  test/features/safety/presentation/notifiers/check_in_notifier_test.dart:345:47: Error: Undefined name 'checkInNotifierProvider'.
              container.read(notifier_providers.checkInNotifierProvider);
                                                ^^^^^^^^^^^^^^^^^^^^^^^
  test/features/safety/presentation/notifiers/check_in_notifier_test.dart:376:38: Error: Undefined name 'checkInNotifierProvider'.
              .read(notifier_providers.checkInNotifierProvider.notifier)
                                       ^^^^^^^^^^^^^^^^^^^^^^^
  test/features/safety/presentation/notifiers/check_in_notifier_test.dart:384:47: Error: Undefined name 'checkInNotifierProvider'.
              container.read(notifier_providers.checkInNotifierProvider);
                                                ^^^^^^^^^^^^^^^^^^^^^^^
  test/features/safety/presentation/notifiers/check_in_notifier_test.dart:412:38: Error: Undefined name 'checkInNotifierProvider'.
              .read(notifier_providers.checkInNotifierProvider.notifier)
                                       ^^^^^^^^^^^^^^^^^^^^^^^
  test/features/safety/presentation/notifiers/check_in_notifier_test.dart:413:38: Error: Method not found: 'CheckInData'.
              .state = AsyncValue.data(CheckInData(
                                       ^^^^^^^^^^^
  test/features/safety/presentation/notifiers/check_in_notifier_test.dart:420:38: Error: Undefined name 'checkInNotifierProvider'.
              .read(notifier_providers.checkInNotifierProvider.notifier)
                                       ^^^^^^^^^^^^^^^^^^^^^^^
  test/features/safety/presentation/notifiers/check_in_notifier_test.dart:429:47: Error: Undefined name 'checkInNotifierProvider'.
              container.read(notifier_providers.checkInNotifierProvider);
                                                ^^^^^^^^^^^^^^^^^^^^^^^
  test/features/safety/presentation/notifiers/check_in_notifier_test.dart:457:38: Error: Undefined name 'checkInNotifierProvider'.
              .read(notifier_providers.checkInNotifierProvider.notifier)
                                       ^^^^^^^^^^^^^^^^^^^^^^^
  test/features/safety/presentation/notifiers/check_in_notifier_test.dart:465:47: Error: Undefined name 'checkInNotifierProvider'.
              container.read(notifier_providers.checkInNotifierProvider);
                                                ^^^^^^^^^^^^^^^^^^^^^^^
  test/features/safety/presentation/notifiers/check_in_notifier_test.dart:484:38: Error: Undefined name 'checkInNotifierProvider'.
              .read(notifier_providers.checkInNotifierProvider.notifier)
                                       ^^^^^^^^^^^^^^^^^^^^^^^
  test/features/safety/presentation/notifiers/check_in_notifier_test.dart:485:38: Error: Method not found: 'CheckInData'.
              .state = AsyncValue.data(CheckInData(
                                       ^^^^^^^^^^^
  test/features/safety/presentation/notifiers/check_in_notifier_test.dart:492:38: Error: Undefined name 'checkInNotifierProvider'.
              .read(notifier_providers.checkInNotifierProvider.notifier)
                                       ^^^^^^^^^^^^^^^^^^^^^^^
  test/features/safety/presentation/notifiers/check_in_notifier_test.dart:497:47: Error: Undefined name 'checkInNotifierProvider'.
              container.read(notifier_providers.checkInNotifierProvider);
                                                ^^^^^^^^^^^^^^^^^^^^^^^
  test/features/safety/presentation/notifiers/check_in_notifier_test.dart:517:38: Error: Undefined name 'checkInNotifierProvider'.
              .read(notifier_providers.checkInNotifierProvider.notifier)
                                       ^^^^^^^^^^^^^^^^^^^^^^^
  test/features/safety/presentation/notifiers/check_in_notifier_test.dart:521:47: Error: Undefined name 'checkInNotifierProvider'.
              container.read(notifier_providers.checkInNotifierProvider);
                                                ^^^^^^^^^^^^^^^^^^^^^^^
  test/features/safety/presentation/notifiers/check_in_notifier_test.dart:543:38: Error: Undefined name 'checkInNotifierProvider'.
              .read(notifier_providers.checkInNotifierProvider.notifier)
                                       ^^^^^^^^^^^^^^^^^^^^^^^
  test/features/safety/presentation/notifiers/check_in_notifier_test.dart:548:47: Error: Undefined name 'checkInNotifierProvider'.
              container.read(notifier_providers.checkInNotifierProvider);
                                                ^^^^^^^^^^^^^^^^^^^^^^^
  test/features/safety/presentation/notifiers/check_in_notifier_test.dart:568:38: Error: Undefined name 'checkInNotifierProvider'.
              .read(notifier_providers.checkInNotifierProvider.notifier)
                                       ^^^^^^^^^^^^^^^^^^^^^^^
  test/features/safety/presentation/notifiers/check_in_notifier_test.dart:573:47: Error: Undefined name 'checkInNotifierProvider'.
              container.read(notifier_providers.checkInNotifierProvider);
                                                ^^^^^^^^^^^^^^^^^^^^^^^
  test/features/safety/presentation/notifiers/check_in_notifier_test.dart:586:42: Error: Undefined name 'checkInNotifierProvider'.
                  .read(notifier_providers.checkInNotifierProvider.notifier)
                                           ^^^^^^^^^^^^^^^^^^^^^^^
  test/features/safety/presentation/notifiers/check_in_notifier_test.dart:589:17: Error: Method not found: 'CheckInData'.
                  CheckInData(checkIns: createTestCheckInsList(count: 3)));
                  ^^^^^^^^^^^
  test/features/safety/presentation/notifiers/check_in_notifier_test.dart:593:38: Error: Undefined name 'checkInNotifierProvider'.
              .read(notifier_providers.checkInNotifierProvider.notifier)
                                       ^^^^^^^^^^^^^^^^^^^^^^^
  test/features/safety/presentation/notifiers/check_in_notifier_test.dart:598:47: Error: Undefined name 'checkInNotifierProvider'.
              container.read(notifier_providers.checkInNotifierProvider);
                                                ^^^^^^^^^^^^^^^^^^^^^^^
  test/features/safety/presentation/notifiers/check_in_notifier_test.dart:608:38: Error: Undefined name 'checkInNotifierProvider'.
              .read(notifier_providers.checkInNotifierProvider.notifier)
                                       ^^^^^^^^^^^^^^^^^^^^^^^
  test/features/safety/presentation/notifiers/check_in_notifier_test.dart:609:38: Error: Method not found: 'CheckInData'.
              .state = AsyncValue.data(CheckInData(
                                       ^^^^^^^^^^^
  test/features/safety/presentation/notifiers/check_in_notifier_test.dart:616:38: Error: Undefined name 'checkInNotifierProvider'.
              .read(notifier_providers.checkInNotifierProvider.notifier)
                                       ^^^^^^^^^^^^^^^^^^^^^^^
  test/features/safety/presentation/notifiers/check_in_notifier_test.dart:621:47: Error: Undefined name 'checkInNotifierProvider'.
              container.read(notifier_providers.checkInNotifierProvider);
                                                ^^^^^^^^^^^^^^^^^^^^^^^
  test/features/safety/presentation/notifiers/check_in_notifier_test.dart:631:38: Error: Undefined name 'checkInNotifierProvider'.
              .read(notifier_providers.checkInNotifierProvider.notifier)
                                       ^^^^^^^^^^^^^^^^^^^^^^^
  test/features/safety/presentation/notifiers/check_in_notifier_test.dart:632:44: Error: Method not found: 'CheckInData'.
              .state = const AsyncValue.data(CheckInData());
                                             ^^^^^^^^^^^
  test/features/safety/presentation/notifiers/check_in_notifier_test.dart:636:38: Error: Undefined name 'checkInNotifierProvider'.
              .read(notifier_providers.checkInNotifierProvider.notifier)
                                       ^^^^^^^^^^^^^^^^^^^^^^^
  test/features/safety/presentation/notifiers/check_in_notifier_test.dart:641:47: Error: Undefined name 'checkInNotifierProvider'.
              container.read(notifier_providers.checkInNotifierProvider);
                                                ^^^^^^^^^^^^^^^^^^^^^^^
  test/features/safety/presentation/notifiers/check_in_notifier_test.dart:653:38: Error: Undefined name 'checkInNotifierProvider'.
              .read(notifier_providers.checkInNotifierProvider.notifier)
                                       ^^^^^^^^^^^^^^^^^^^^^^^
  test/features/safety/presentation/notifiers/check_in_notifier_test.dart:654:38: Error: Method not found: 'CheckInData'.
              .state = AsyncValue.data(CheckInData(
                                       ^^^^^^^^^^^
  test/features/safety/presentation/notifiers/check_in_notifier_test.dart:661:38: Error: Undefined name 'checkInNotifierProvider'.
              .read(notifier_providers.checkInNotifierProvider.notifier)
                                       ^^^^^^^^^^^^^^^^^^^^^^^
  test/features/safety/presentation/notifiers/check_in_notifier_test.dart:666:47: Error: Undefined name 'checkInNotifierProvider'.
              container.read(notifier_providers.checkInNotifierProvider);
                                                ^^^^^^^^^^^^^^^^^^^^^^^
  test/features/safety/presentation/notifiers/check_in_notifier_test.dart:684:38: Error: Undefined name 'checkInNotifierProvider'.
              .read(notifier_providers.checkInNotifierProvider.notifier)
                                       ^^^^^^^^^^^^^^^^^^^^^^^
  test/features/safety/presentation/notifiers/check_in_notifier_test.dart:697:22: Error: Method not found: 'CheckInData'.
          final data = CheckInData(
                       ^^^^^^^^^^^
  test/features/safety/presentation/notifiers/check_in_notifier_test.dart:705:22: Error: Method not found: 'CheckInData'.
          const data = CheckInData();
                       ^^^^^^^^^^^
  test/features/safety/presentation/notifiers/check_in_notifier_test.dart:721:22: Error: Method not found: 'CheckInData'.
          final data = CheckInData(
                       ^^^^^^^^^^^
  test/features/safety/presentation/notifiers/check_in_notifier_test.dart:738:22: Error: Method not found: 'CheckInData'.
          final data = CheckInData(
                       ^^^^^^^^^^^
  test/features/safety/presentation/notifiers/check_in_notifier_test.dart:756:22: Error: Method not found: 'CheckInData'.
          final data = CheckInData(
                       ^^^^^^^^^^^
  test/features/safety/presentation/notifiers/check_in_notifier_test.dart:764:22: Error: Method not found: 'CheckInData'.
          const data = CheckInData();
                       ^^^^^^^^^^^
  test/features/safety/presentation/notifiers/check_in_notifier_test.dart:787:22: Error: Method not found: 'CheckInData'.
          final data = CheckInData(
                       ^^^^^^^^^^^
  lib/features/safety/presentation/notifiers/check_in_notifier.dart:96:27: Error: The argument type 'List<String>?' can't be assigned to the parameter type 'List<String>'.
   - 'List' is from 'dart:core'.
          notifyContactIds: notifyContactIds,
                            ^
  test/helpers/safety_test_helpers.dart:248:5: Error: No named parameter with the name 'statusType'.
      statusType: statusType,
      ^^^^^^^^^^
  lib/features/safety/domain/entities/safety_status.dart:24:17: Context: Found this candidate, but the arguments don't match.
    const factory SafetyStatus({
                  ^
  test/helpers/safety_test_helpers.dart:298:5: Error: No named parameter with the name 'emergency'.
      emergency: emergency,
      ^^^^^^^^^
  lib/features/safety/domain/entities/location_update.dart:21:17: Context: Found this candidate, but the arguments don't match.
    const factory LocationUpdate({
                  ^
  lib/features/safety/data/repositories/safety_providers.dart:13:10: Error: Method not found: 'SafetyLocalDataSourceImpl'.
    return SafetyLocalDataSourceImpl();
           ^^^^^^^^^^^^^^^^^^^^^^^^^
  lib/features/safety/data/repositories/safety_providers.dart:20:10: Error: Method not found: 'MockSafetyRemoteDataSource'.
    return MockSafetyRemoteDataSource();
           ^^^^^^^^^^^^^^^^^^^^^^^^^^
  .

To run this test again: /opt/homebrew/Caskroom/flutter/3.32.5/flutter/bin/cache/dart-sdk/bin/dart test /Users/anthonyforan/SoloAdventurer_app/test/features/safety/presentation/notifiers/check_in_notifier_test.dart -p vm --plain-name 'loading /Users/anthonyforan/SoloAdventurer_app/test/features/safety/presentation/notifiers/check_in_notifier_test.dart'
test/features/safety/presentation/widgets/sos_button_widget_test.dart:13:28: Error: Not a constant expression.
                onPressed: () {},
                           ^^
test/features/safety/presentation/widgets/sos_button_widget_test.dart:27:28: Error: Not a constant expression.
                onPressed: () {},
                           ^^
test/features/safety/presentation/widgets/sos_button_widget_test.dart:44:28: Error: Not a constant expression.
                onPressed: () {},
                           ^^
test/features/safety/presentation/widgets/sos_button_widget_test.dart:60:28: Error: Not a constant expression.
                onPressed: () {},
                           ^^
test/features/safety/presentation/widgets/sos_button_widget_test.dart:77:28: Error: Not a constant expression.
                onPressed: () {},
                           ^^
test/features/safety/presentation/widgets/sos_button_widget_test.dart:95:28: Error: Not a constant expression.
                onPressed: () {},
                           ^^
test/features/safety/presentation/widgets/sos_button_widget_test.dart:111:28: Error: Not a constant expression.
                onPressed: () {},
                           ^^
test/features/safety/presentation/widgets/sos_button_widget_test.dart:130:28: Error: Not a constant expression.
                onPressed: () {},
                           ^^
test/features/safety/presentation/widgets/sos_button_widget_test.dart:155:28: Error: Not a constant expression.
                onPressed: () {},
                           ^^
test/features/safety/presentation/widgets/sos_button_widget_test.dart:170:28: Error: Not a constant expression.
                onPressed: () {},
                           ^^
test/features/safety/presentation/widgets/sos_button_widget_test.dart:259:28: Error: Not a constant expression.
                onPressed: () {},
                           ^^
test/features/safety/presentation/widgets/sos_button_widget_test.dart:274:28: Error: Not a constant expression.
                onPressed: () {},
                           ^^
test/features/safety/presentation/widgets/sos_button_widget_test.dart:292:28: Error: Not a constant expression.
                onPressed: () {},
                           ^^
test/features/safety/presentation/widgets/sos_button_widget_test.dart:310:28: Error: Not a constant expression.
                onPressed: () {},
                           ^^
test/features/safety/presentation/widgets/sos_button_widget_test.dart:318:50: Error: Undefined name 'SemanticsAction'.
          semantics.getSemanticsData().hasAction(SemanticsAction.tap),
                                                 ^^^^^^^^^^^^^^^
test/features/safety/presentation/widgets/sos_button_widget_test.dart:330:28: Error: Not a constant expression.
                onPressed: () {},
                           ^^
test/features/safety/presentation/widgets/sos_button_widget_test.dart:349:28: Error: Not a constant expression.
                onPressed: () {},
                           ^^
test/features/safety/presentation/widgets/sos_button_widget_test.dart:435:28: Error: Not a constant expression.
                onPressed: () {},
                           ^^
test/features/safety/presentation/widgets/sos_button_widget_test.dart:450:28: Error: Not a constant expression.
                onPressed: () {},
                           ^^
test/features/safety/presentation/widgets/sos_button_widget_test.dart:474:28: Error: Not a constant expression.
                onPressed: () {},
                           ^^
test/features/safety/presentation/widgets/sos_button_widget_test.dart:498:28: Error: Not a constant expression.
                onPressed: () {},
                           ^^
test/features/safety/presentation/widgets/sos_button_widget_test.dart:511:42: Error: Not a constant expression.
        const dimensions = SOSButtonSize.small.dimensions;
                                         ^^^^^
test/features/safety/presentation/widgets/sos_button_widget_test.dart:520:42: Error: Not a constant expression.
        const dimensions = SOSButtonSize.medium.dimensions;
                                         ^^^^^^
test/features/safety/presentation/widgets/sos_button_widget_test.dart:529:42: Error: Not a constant expression.
        const dimensions = SOSButtonSize.large.dimensions;
                                         ^^^^^
test/features/safety/presentation/widgets/sos_button_widget_test.dart:511:48: Error: Constant evaluation error:
        const dimensions = SOSButtonSize.small.dimensions;
                                               ^
test/features/safety/presentation/widgets/sos_button_widget_test.dart:511:48: Context: Extension operations can't be used in constant expressions.
        const dimensions = SOSButtonSize.small.dimensions;
                                               ^
test/features/safety/presentation/widgets/sos_button_widget_test.dart:511:15: Context: While analyzing:
        const dimensions = SOSButtonSize.small.dimensions;
              ^
test/features/safety/presentation/widgets/sos_button_widget_test.dart:520:49: Error: Constant evaluation error:
        const dimensions = SOSButtonSize.medium.dimensions;
                                                ^
test/features/safety/presentation/widgets/sos_button_widget_test.dart:520:49: Context: Extension operations can't be used in constant expressions.
        const dimensions = SOSButtonSize.medium.dimensions;
                                                ^
test/features/safety/presentation/widgets/sos_button_widget_test.dart:520:15: Context: While analyzing:
        const dimensions = SOSButtonSize.medium.dimensions;
              ^
test/features/safety/presentation/widgets/sos_button_widget_test.dart:529:48: Error: Constant evaluation error:
        const dimensions = SOSButtonSize.large.dimensions;
                                               ^
test/features/safety/presentation/widgets/sos_button_widget_test.dart:529:48: Context: Extension operations can't be used in constant expressions.
        const dimensions = SOSButtonSize.large.dimensions;
                                               ^
test/features/safety/presentation/widgets/sos_button_widget_test.dart:529:15: Context: While analyzing:
        const dimensions = SOSButtonSize.large.dimensions;
              ^
01:16 +131 -75: loading /Users/anthonyforan/SoloAdventurer_app/test/features/safety/presentation/widgets/sos_button_widget_test.dart [E]                                                               
  Failed to load "/Users/anthonyforan/SoloAdventurer_app/test/features/safety/presentation/widgets/sos_button_widget_test.dart":
  Compilation failed for testPath=/Users/anthonyforan/SoloAdventurer_app/test/features/safety/presentation/widgets/sos_button_widget_test.dart: test/features/safety/presentation/widgets/sos_button_widget_test.dart:13:28: Error: Not a constant expression.
                  onPressed: () {},
                             ^^
  test/features/safety/presentation/widgets/sos_button_widget_test.dart:27:28: Error: Not a constant expression.
                  onPressed: () {},
                             ^^
  test/features/safety/presentation/widgets/sos_button_widget_test.dart:44:28: Error: Not a constant expression.
                  onPressed: () {},
                             ^^
  test/features/safety/presentation/widgets/sos_button_widget_test.dart:60:28: Error: Not a constant expression.
                  onPressed: () {},
                             ^^
  test/features/safety/presentation/widgets/sos_button_widget_test.dart:77:28: Error: Not a constant expression.
                  onPressed: () {},
                             ^^
  test/features/safety/presentation/widgets/sos_button_widget_test.dart:95:28: Error: Not a constant expression.
                  onPressed: () {},
                             ^^
  test/features/safety/presentation/widgets/sos_button_widget_test.dart:111:28: Error: Not a constant expression.
                  onPressed: () {},
                             ^^
  test/features/safety/presentation/widgets/sos_button_widget_test.dart:130:28: Error: Not a constant expression.
                  onPressed: () {},
                             ^^
  test/features/safety/presentation/widgets/sos_button_widget_test.dart:155:28: Error: Not a constant expression.
                  onPressed: () {},
                             ^^
  test/features/safety/presentation/widgets/sos_button_widget_test.dart:170:28: Error: Not a constant expression.
                  onPressed: () {},
                             ^^
  test/features/safety/presentation/widgets/sos_button_widget_test.dart:259:28: Error: Not a constant expression.
                  onPressed: () {},
                             ^^
  test/features/safety/presentation/widgets/sos_button_widget_test.dart:274:28: Error: Not a constant expression.
                  onPressed: () {},
                             ^^
  test/features/safety/presentation/widgets/sos_button_widget_test.dart:292:28: Error: Not a constant expression.
                  onPressed: () {},
                             ^^
  test/features/safety/presentation/widgets/sos_button_widget_test.dart:310:28: Error: Not a constant expression.
                  onPressed: () {},
                             ^^
  test/features/safety/presentation/widgets/sos_button_widget_test.dart:318:50: Error: Undefined name 'SemanticsAction'.
            semantics.getSemanticsData().hasAction(SemanticsAction.tap),
                                                   ^^^^^^^^^^^^^^^
  test/features/safety/presentation/widgets/sos_button_widget_test.dart:330:28: Error: Not a constant expression.
                  onPressed: () {},
                             ^^
  test/features/safety/presentation/widgets/sos_button_widget_test.dart:349:28: Error: Not a constant expression.
                  onPressed: () {},
                             ^^
  test/features/safety/presentation/widgets/sos_button_widget_test.dart:435:28: Error: Not a constant expression.
                  onPressed: () {},
                             ^^
  test/features/safety/presentation/widgets/sos_button_widget_test.dart:450:28: Error: Not a constant expression.
                  onPressed: () {},
                             ^^
  test/features/safety/presentation/widgets/sos_button_widget_test.dart:474:28: Error: Not a constant expression.
                  onPressed: () {},
                             ^^
  test/features/safety/presentation/widgets/sos_button_widget_test.dart:498:28: Error: Not a constant expression.
                  onPressed: () {},
                             ^^
  test/features/safety/presentation/widgets/sos_button_widget_test.dart:511:42: Error: Not a constant expression.
          const dimensions = SOSButtonSize.small.dimensions;
                                           ^^^^^
  test/features/safety/presentation/widgets/sos_button_widget_test.dart:520:42: Error: Not a constant expression.
          const dimensions = SOSButtonSize.medium.dimensions;
                                           ^^^^^^
  test/features/safety/presentation/widgets/sos_button_widget_test.dart:529:42: Error: Not a constant expression.
          const dimensions = SOSButtonSize.large.dimensions;
                                           ^^^^^
  test/features/safety/presentation/widgets/sos_button_widget_test.dart:511:48: Error: Constant evaluation error:
          const dimensions = SOSButtonSize.small.dimensions;
                                                 ^
  test/features/safety/presentation/widgets/sos_button_widget_test.dart:511:48: Context: Extension operations can't be used in constant expressions.
          const dimensions = SOSButtonSize.small.dimensions;
                                                 ^
  test/features/safety/presentation/widgets/sos_button_widget_test.dart:511:15: Context: While analyzing:
          const dimensions = SOSButtonSize.small.dimensions;
                ^
  test/features/safety/presentation/widgets/sos_button_widget_test.dart:520:49: Error: Constant evaluation error:
          const dimensions = SOSButtonSize.medium.dimensions;
                                                  ^
  test/features/safety/presentation/widgets/sos_button_widget_test.dart:520:49: Context: Extension operations can't be used in constant expressions.
          const dimensions = SOSButtonSize.medium.dimensions;
                                                  ^
  test/features/safety/presentation/widgets/sos_button_widget_test.dart:520:15: Context: While analyzing:
          const dimensions = SOSButtonSize.medium.dimensions;
                ^
  test/features/safety/presentation/widgets/sos_button_widget_test.dart:529:48: Error: Constant evaluation error:
          const dimensions = SOSButtonSize.large.dimensions;
                                                 ^
  test/features/safety/presentation/widgets/sos_button_widget_test.dart:529:48: Context: Extension operations can't be used in constant expressions.
          const dimensions = SOSButtonSize.large.dimensions;
                                                 ^
  test/features/safety/presentation/widgets/sos_button_widget_test.dart:529:15: Context: While analyzing:
          const dimensions = SOSButtonSize.large.dimensions;
                ^
  .

To run this test again: /opt/homebrew/Caskroom/flutter/3.32.5/flutter/bin/cache/dart-sdk/bin/dart test /Users/anthonyforan/SoloAdventurer_app/test/features/safety/presentation/widgets/sos_button_widget_test.dart -p vm --plain-name 'loading /Users/anthonyforan/SoloAdventurer_app/test/features/safety/presentation/widgets/sos_button_widget_test.dart'
test/features/profile/data/datasources/profile_local_data_source_test.dart:12:32: Error: Required named parameter 'username' must be provided.
  final tProfile = ProfileModel(
                               ^
lib/features/profile/data/models/profile_model.dart:24:9: Context: Found this candidate, but the arguments don't match.
  const ProfileModel({
        ^^^^^^^^^^^^
test/features/profile/data/datasources/profile_local_data_source_test.dart:26:44: Error: Required named parameter 'sharedPreferences' must be provided.
    dataSource = ProfileLocalDataSourceImpl(storage: mockStorage);
                                           ^
lib/features/profile/data/datasources/profile_local_data_source.dart:52:3: Context: Found this candidate, but the arguments don't match.
  ProfileLocalDataSourceImpl({
  ^^^^^^^^^^^^^^^^^^^^^^^^^^
test/features/profile/data/datasources/profile_local_data_source_test.dart:32:30: Error: The argument type 'Null' can't be assigned to the parameter type 'String'.
      when(mockStorage.write(any, any)).thenAnswer((_) async {
                             ^
test/features/profile/data/datasources/profile_local_data_source_test.dart:32:35: Error: The argument type 'Null' can't be assigned to the parameter type 'String'.
      when(mockStorage.write(any, any)).thenAnswer((_) async {
                                  ^
test/features/profile/data/datasources/profile_local_data_source_test.dart:46:9: Error: The argument type 'Null' can't be assigned to the parameter type 'String'.
        any,
        ^
test/features/profile/data/datasources/profile_local_data_source_test.dart:61:55: Error: Too few positional arguments: 1 required, 0 given.
      final result = await dataSource.getCachedProfile();
                                                      ^
test/features/profile/data/datasources/profile_local_data_source_test.dart:76:31: Error: The argument type 'Null' can't be assigned to the parameter type 'String'.
      when(mockStorage.delete(any)).thenAnswer((_) async {
                              ^
test/features/profile/data/datasources/profile_local_data_source_test.dart:81:55: Error: Too few positional arguments: 1 required, 0 given.
      final result = await dataSource.getCachedProfile();
                                                      ^
test/features/profile/data/datasources/profile_local_data_source_test.dart:98:31: Error: The argument type 'Null' can't be assigned to the parameter type 'String'.
      when(mockStorage.delete(any)).thenAnswer((_) async {
                              ^
test/features/profile/data/datasources/profile_local_data_source_test.dart:103:55: Error: Too few positional arguments: 1 required, 0 given.
      final result = await dataSource.getCachedProfile();
                                                      ^
test/features/profile/data/datasources/profile_local_data_source_test.dart:115:31: Error: The argument type 'Null' can't be assigned to the parameter type 'String'.
      when(mockStorage.delete(any)).thenAnswer((_) async {
                              ^
test/features/profile/data/datasources/profile_local_data_source_test.dart:120:24: Error: The method 'clearCache' isn't defined for the type 'ProfileLocalDataSourceImpl'.
 - 'ProfileLocalDataSourceImpl' is from 'package:soloadventurer/features/profile/data/datasources/profile_local_data_source.dart' ('lib/features/profile/data/datasources/profile_local_data_source.dart').
Try correcting the name to the name of an existing method, or defining a method named 'clearCache'.
      await dataSource.clearCache();
                       ^^^^^^^^^^
test/features/profile/data/datasources/profile_local_data_source_test.dart:134:30: Error: The argument type 'Null' can't be assigned to the parameter type 'String'.
      when(mockStorage.write(any, any)).thenAnswer((_) async {
                             ^
test/features/profile/data/datasources/profile_local_data_source_test.dart:134:35: Error: The argument type 'Null' can't be assigned to the parameter type 'String'.
      when(mockStorage.write(any, any)).thenAnswer((_) async {
                                  ^
test/features/profile/data/datasources/profile_local_data_source_test.dart:161:30: Error: The argument type 'Null' can't be assigned to the parameter type 'String'.
      when(mockStorage.write(any, any)).thenAnswer((_) async {
                             ^
test/features/profile/data/datasources/profile_local_data_source_test.dart:161:35: Error: The argument type 'Null' can't be assigned to the parameter type 'String'.
      when(mockStorage.write(any, any)).thenAnswer((_) async {
                                  ^
01:17 +131 -76: loading /Users/anthonyforan/SoloAdventurer_app/test/features/profile/data/datasources/profile_local_data_source_test.dart [E]                                                          
  Failed to load "/Users/anthonyforan/SoloAdventurer_app/test/features/profile/data/datasources/profile_local_data_source_test.dart":
  Compilation failed for testPath=/Users/anthonyforan/SoloAdventurer_app/test/features/profile/data/datasources/profile_local_data_source_test.dart: test/features/profile/data/datasources/profile_local_data_source_test.dart:12:32: Error: Required named parameter 'username' must be provided.
    final tProfile = ProfileModel(
                                 ^
  lib/features/profile/data/models/profile_model.dart:24:9: Context: Found this candidate, but the arguments don't match.
    const ProfileModel({
          ^^^^^^^^^^^^
  test/features/profile/data/datasources/profile_local_data_source_test.dart:26:44: Error: Required named parameter 'sharedPreferences' must be provided.
      dataSource = ProfileLocalDataSourceImpl(storage: mockStorage);
                                             ^
  lib/features/profile/data/datasources/profile_local_data_source.dart:52:3: Context: Found this candidate, but the arguments don't match.
    ProfileLocalDataSourceImpl({
    ^^^^^^^^^^^^^^^^^^^^^^^^^^
  test/features/profile/data/datasources/profile_local_data_source_test.dart:32:30: Error: The argument type 'Null' can't be assigned to the parameter type 'String'.
        when(mockStorage.write(any, any)).thenAnswer((_) async {
                               ^
  test/features/profile/data/datasources/profile_local_data_source_test.dart:32:35: Error: The argument type 'Null' can't be assigned to the parameter type 'String'.
        when(mockStorage.write(any, any)).thenAnswer((_) async {
                                    ^
  test/features/profile/data/datasources/profile_local_data_source_test.dart:46:9: Error: The argument type 'Null' can't be assigned to the parameter type 'String'.
          any,
          ^
  test/features/profile/data/datasources/profile_local_data_source_test.dart:61:55: Error: Too few positional arguments: 1 required, 0 given.
        final result = await dataSource.getCachedProfile();
                                                        ^
  test/features/profile/data/datasources/profile_local_data_source_test.dart:76:31: Error: The argument type 'Null' can't be assigned to the parameter type 'String'.
        when(mockStorage.delete(any)).thenAnswer((_) async {
                                ^
  test/features/profile/data/datasources/profile_local_data_source_test.dart:81:55: Error: Too few positional arguments: 1 required, 0 given.
        final result = await dataSource.getCachedProfile();
                                                        ^
  test/features/profile/data/datasources/profile_local_data_source_test.dart:98:31: Error: The argument type 'Null' can't be assigned to the parameter type 'String'.
        when(mockStorage.delete(any)).thenAnswer((_) async {
                                ^
  test/features/profile/data/datasources/profile_local_data_source_test.dart:103:55: Error: Too few positional arguments: 1 required, 0 given.
        final result = await dataSource.getCachedProfile();
                                                        ^
  test/features/profile/data/datasources/profile_local_data_source_test.dart:115:31: Error: The argument type 'Null' can't be assigned to the parameter type 'String'.
        when(mockStorage.delete(any)).thenAnswer((_) async {
                                ^
  test/features/profile/data/datasources/profile_local_data_source_test.dart:120:24: Error: The method 'clearCache' isn't defined for the type 'ProfileLocalDataSourceImpl'.
   - 'ProfileLocalDataSourceImpl' is from 'package:soloadventurer/features/profile/data/datasources/profile_local_data_source.dart' ('lib/features/profile/data/datasources/profile_local_data_source.dart').
  Try correcting the name to the name of an existing method, or defining a method named 'clearCache'.
        await dataSource.clearCache();
                         ^^^^^^^^^^
  test/features/profile/data/datasources/profile_local_data_source_test.dart:134:30: Error: The argument type 'Null' can't be assigned to the parameter type 'String'.
        when(mockStorage.write(any, any)).thenAnswer((_) async {
                               ^
  test/features/profile/data/datasources/profile_local_data_source_test.dart:134:35: Error: The argument type 'Null' can't be assigned to the parameter type 'String'.
        when(mockStorage.write(any, any)).thenAnswer((_) async {
                                    ^
  test/features/profile/data/datasources/profile_local_data_source_test.dart:161:30: Error: The argument type 'Null' can't be assigned to the parameter type 'String'.
        when(mockStorage.write(any, any)).thenAnswer((_) async {
                               ^
  test/features/profile/data/datasources/profile_local_data_source_test.dart:161:35: Error: The argument type 'Null' can't be assigned to the parameter type 'String'.
        when(mockStorage.write(any, any)).thenAnswer((_) async {
                                    ^
  .

To run this test again: /opt/homebrew/Caskroom/flutter/3.32.5/flutter/bin/cache/dart-sdk/bin/dart test /Users/anthonyforan/SoloAdventurer_app/test/features/profile/data/datasources/profile_local_data_source_test.dart -p vm --plain-name 'loading /Users/anthonyforan/SoloAdventurer_app/test/features/profile/data/datasources/profile_local_data_source_test.dart'
test/features/profile/data/datasources/profile_remote_data_source_test.dart:14:32: Error: Required named parameter 'username' must be provided.
  final tProfile = ProfileModel(
                               ^
lib/features/profile/data/models/profile_model.dart:24:9: Context: Found this candidate, but the arguments don't match.
  const ProfileModel({
        ^^^^^^^^^^^^
01:18 +131 -77: loading /Users/anthonyforan/SoloAdventurer_app/test/features/profile/data/datasources/profile_remote_data_source_test.dart [E]                                                         
  Failed to load "/Users/anthonyforan/SoloAdventurer_app/test/features/profile/data/datasources/profile_remote_data_source_test.dart":
  Compilation failed for testPath=/Users/anthonyforan/SoloAdventurer_app/test/features/profile/data/datasources/profile_remote_data_source_test.dart: test/features/profile/data/datasources/profile_remote_data_source_test.dart:14:32: Error: Required named parameter 'username' must be provided.
    final tProfile = ProfileModel(
                                 ^
  lib/features/profile/data/models/profile_model.dart:24:9: Context: Found this candidate, but the arguments don't match.
    const ProfileModel({
          ^^^^^^^^^^^^
  .

To run this test again: /opt/homebrew/Caskroom/flutter/3.32.5/flutter/bin/cache/dart-sdk/bin/dart test /Users/anthonyforan/SoloAdventurer_app/test/features/profile/data/datasources/profile_remote_data_source_test.dart -p vm --plain-name 'loading /Users/anthonyforan/SoloAdventurer_app/test/features/profile/data/datasources/profile_remote_data_source_test.dart'
lib/features/profile/data/repositories/profile_repository_impl.dart:26:37: Error: Type argument 'Map<String, dynamic>' doesn't conform to the bound 'Model' of the type variable 'CreateModel' on 'OfflineAwareRepository'.
 - 'Map' is from 'dart:core'.
Try changing type arguments so that they conform to the bounds.
class ProfileRepositoryImpl extends OfflineAwareRepository<
                                    ^
lib/features/offline/data/repositories/offline_aware_repository.dart:98:54: Context: This is the type variable whose bound isn't conformed to.
abstract class OfflineAwareRepository<Entity, Model, CreateModel extends Model,
                                                     ^
lib/features/profile/data/repositories/profile_repository_impl.dart:26:37: Error: Type argument 'Map<String, dynamic>' doesn't conform to the bound 'Model' of the type variable 'UpdateModel' on 'OfflineAwareRepository'.
 - 'Map' is from 'dart:core'.
Try changing type arguments so that they conform to the bounds.
class ProfileRepositoryImpl extends OfflineAwareRepository<
                                    ^
lib/features/offline/data/repositories/offline_aware_repository.dart:99:5: Context: This is the type variable whose bound isn't conformed to.
    UpdateModel extends Model> {
    ^
test/features/profile/data/repositories/profile_repository_impl_test.dart:21:32: Error: Required named parameter 'username' must be provided.
  final tProfile = ProfileModel(
                               ^
lib/features/profile/data/models/profile_model.dart:24:9: Context: Found this candidate, but the arguments don't match.
  const ProfileModel({
        ^^^^^^^^^^^^
test/features/profile/data/repositories/profile_repository_impl_test.dart:37:7: Error: No named parameter with the name 'remoteDataSource'.
      remoteDataSource: mockRemoteDataSource,
      ^^^^^^^^^^^^^^^^
lib/features/profile/data/repositories/profile_repository_impl.dart:43:3: Context: Found this candidate, but the arguments don't match.
  ProfileRepositoryImpl({
  ^^^^^^^^^^^^^^^^^^^^^
test/features/profile/data/repositories/profile_repository_impl_test.dart:68:48: Error: Too few positional arguments: 1 required, 0 given.
      when(mockLocalDataSource.getCachedProfile())
                                               ^
test/features/profile/data/repositories/profile_repository_impl_test.dart:76:50: Error: Too few positional arguments: 1 required, 0 given.
      verify(mockLocalDataSource.getCachedProfile());
                                                 ^
test/features/profile/data/repositories/profile_repository_impl_test.dart:86:48: Error: Too few positional arguments: 1 required, 0 given.
      when(mockLocalDataSource.getCachedProfile())
                                               ^
test/features/profile/data/repositories/profile_repository_impl_test.dart:121:48: Error: Too few positional arguments: 1 required, 0 given.
      when(mockLocalDataSource.getCachedProfile())
                                               ^
test/features/profile/data/repositories/profile_repository_impl_test.dart:129:50: Error: Too few positional arguments: 1 required, 0 given.
      verify(mockLocalDataSource.getCachedProfile());
                                                 ^
test/features/profile/data/repositories/profile_repository_impl_test.dart:173:48: Error: Too few positional arguments: 1 required, 0 given.
      when(mockLocalDataSource.getCachedProfile())
                                               ^
test/features/profile/data/repositories/profile_repository_impl_test.dart:184:50: Error: Too few positional arguments: 1 required, 0 given.
      verify(mockLocalDataSource.getCachedProfile());
                                                 ^
test/features/profile/data/repositories/profile_repository_impl_test.dart:202:48: Error: Too few positional arguments: 1 required, 0 given.
      when(mockLocalDataSource.getCachedProfile())
                                               ^
test/features/profile/data/repositories/profile_repository_impl_test.dart:214:50: Error: Too few positional arguments: 1 required, 0 given.
      verify(mockLocalDataSource.getCachedProfile());
                                                 ^
test/features/profile/data/repositories/profile_repository_impl_test.dart:231:48: Error: Too few positional arguments: 1 required, 0 given.
      when(mockLocalDataSource.getCachedProfile())
                                               ^
test/features/profile/data/repositories/profile_repository_impl_test.dart:243:50: Error: Too few positional arguments: 1 required, 0 given.
      verify(mockLocalDataSource.getCachedProfile());
                                                 ^
test/features/profile/data/repositories/profile_repository_impl_test.dart:270:48: Error: Too few positional arguments: 1 required, 0 given.
      when(mockLocalDataSource.getCachedProfile())
                                               ^
test/features/profile/data/repositories/profile_repository_impl_test.dart:278:50: Error: Too few positional arguments: 1 required, 0 given.
      verify(mockLocalDataSource.getCachedProfile());
                                                 ^
test/features/profile/data/repositories/profile_repository_impl_test.dart:286:14: Error: Required named parameter 'username' must be provided.
      : super(
             ^
lib/features/profile/data/repositories/profile_repository_impl.dart:444:15: Error: The method '_queueOperation' isn't defined for the type 'ProfileRepositoryImpl'.
 - 'ProfileRepositoryImpl' is from 'package:soloadventurer/features/profile/data/repositories/profile_repository_impl.dart' ('lib/features/profile/data/repositories/profile_repository_impl.dart').
Try correcting the name to the name of an existing method, or defining a method named '_queueOperation'.
        await _queueOperation(
              ^^^^^^^^^^^^^^^
lib/features/profile/data/repositories/profile_repository_impl.dart:447:22: Error: The getter 'SyncOperationType' isn't defined for the type 'ProfileRepositoryImpl'.
 - 'ProfileRepositoryImpl' is from 'package:soloadventurer/features/profile/data/repositories/profile_repository_impl.dart' ('lib/features/profile/data/repositories/profile_repository_impl.dart').
Try correcting the name to the name of an existing getter, or defining a getter or field named 'SyncOperationType'.
          operation: SyncOperationType.update,
                     ^^^^^^^^^^^^^^^^^
lib/features/profile/data/repositories/profile_repository_impl.dart:490:39: Error: Not a constant expression.
        final preferencesJson = const JsonEncoder().convert(preferences);
                                      ^^^^^^^^^^^
lib/features/profile/data/repositories/profile_repository_impl.dart:502:15: Error: The method '_queueOperation' isn't defined for the type 'ProfileRepositoryImpl'.
 - 'ProfileRepositoryImpl' is from 'package:soloadventurer/features/profile/data/repositories/profile_repository_impl.dart' ('lib/features/profile/data/repositories/profile_repository_impl.dart').
Try correcting the name to the name of an existing method, or defining a method named '_queueOperation'.
        await _queueOperation(
              ^^^^^^^^^^^^^^^
lib/features/profile/data/repositories/profile_repository_impl.dart:505:22: Error: The getter 'SyncOperationType' isn't defined for the type 'ProfileRepositoryImpl'.
 - 'ProfileRepositoryImpl' is from 'package:soloadventurer/features/profile/data/repositories/profile_repository_impl.dart' ('lib/features/profile/data/repositories/profile_repository_impl.dart').
Try correcting the name to the name of an existing getter, or defining a getter or field named 'SyncOperationType'.
          operation: SyncOperationType.update,
                     ^^^^^^^^^^^^^^^^^
lib/features/profile/data/repositories/profile_repository_impl.dart:548:37: Error: Not a constant expression.
        final interestsJson = const JsonEncoder().convert(interests);
                                    ^^^^^^^^^^^
lib/features/profile/data/repositories/profile_repository_impl.dart:560:15: Error: The method '_queueOperation' isn't defined for the type 'ProfileRepositoryImpl'.
 - 'ProfileRepositoryImpl' is from 'package:soloadventurer/features/profile/data/repositories/profile_repository_impl.dart' ('lib/features/profile/data/repositories/profile_repository_impl.dart').
Try correcting the name to the name of an existing method, or defining a method named '_queueOperation'.
        await _queueOperation(
              ^^^^^^^^^^^^^^^
lib/features/profile/data/repositories/profile_repository_impl.dart:563:22: Error: The getter 'SyncOperationType' isn't defined for the type 'ProfileRepositoryImpl'.
 - 'ProfileRepositoryImpl' is from 'package:soloadventurer/features/profile/data/repositories/profile_repository_impl.dart' ('lib/features/profile/data/repositories/profile_repository_impl.dart').
Try correcting the name to the name of an existing getter, or defining a getter or field named 'SyncOperationType'.
          operation: SyncOperationType.update,
                     ^^^^^^^^^^^^^^^^^
lib/features/profile/data/repositories/profile_repository_impl.dart:617:15: Error: The method '_queueOperation' isn't defined for the type 'ProfileRepositoryImpl'.
 - 'ProfileRepositoryImpl' is from 'package:soloadventurer/features/profile/data/repositories/profile_repository_impl.dart' ('lib/features/profile/data/repositories/profile_repository_impl.dart').
Try correcting the name to the name of an existing method, or defining a method named '_queueOperation'.
        await _queueOperation(
              ^^^^^^^^^^^^^^^
lib/features/profile/data/repositories/profile_repository_impl.dart:620:22: Error: The getter 'SyncOperationType' isn't defined for the type 'ProfileRepositoryImpl'.
 - 'ProfileRepositoryImpl' is from 'package:soloadventurer/features/profile/data/repositories/profile_repository_impl.dart' ('lib/features/profile/data/repositories/profile_repository_impl.dart').
Try correcting the name to the name of an existing getter, or defining a getter or field named 'SyncOperationType'.
          operation: SyncOperationType.update,
                     ^^^^^^^^^^^^^^^^^
lib/features/offline/data/repositories/offline_aware_repository.dart:492:19: Error: The getter 'timestamp_' isn't defined for the type 'OfflineAwareRepository<Entity, Model, CreateModel, UpdateModel>'.
 - 'OfflineAwareRepository' is from 'package:soloadventurer/features/offline/data/repositories/offline_aware_repository.dart' ('lib/features/offline/data/repositories/offline_aware_repository.dart').
Try correcting the name to the name of an existing getter, or defining a getter or field named 'timestamp_'.
    return 'temp_$timestamp_$random';
                  ^^^^^^^^^^
lib/features/profile/data/models/local_user_profile_model.dart:94:22: Error: Couldn't find constructor 'JsonDecoder'.
            ? (const JsonDecoder().convert(interestsJson) as List<dynamic>)
                     ^^^^^^^^^^^
lib/features/profile/data/models/local_user_profile_model.dart:102:18: Error: Couldn't find constructor 'JsonDecoder'.
        ? (const JsonDecoder().convert(preferencesJson) as Map<String, dynamic>)
                 ^^^^^^^^^^^
lib/features/profile/data/models/local_user_profile_model.dart:180:40: Error: Not a constant expression.
          interests.isNotEmpty ? const JsonEncoder().convert(interests) : null,
                                       ^^^^^^^^^^^
lib/features/profile/data/models/local_user_profile_model.dart:182:19: Error: Not a constant expression.
          ? const JsonEncoder().convert(preferences)
                  ^^^^^^^^^^^
01:19 +131 -78: loading /Users/anthonyforan/SoloAdventurer_app/test/features/profile/data/repositories/profile_repository_impl_test.dart [E]                                                           
  Failed to load "/Users/anthonyforan/SoloAdventurer_app/test/features/profile/data/repositories/profile_repository_impl_test.dart":
  Compilation failed for testPath=/Users/anthonyforan/SoloAdventurer_app/test/features/profile/data/repositories/profile_repository_impl_test.dart: lib/features/profile/data/repositories/profile_repository_impl.dart:26:37: Error: Type argument 'Map<String, dynamic>' doesn't conform to the bound 'Model' of the type variable 'CreateModel' on 'OfflineAwareRepository'.
   - 'Map' is from 'dart:core'.
  Try changing type arguments so that they conform to the bounds.
  class ProfileRepositoryImpl extends OfflineAwareRepository<
                                      ^
  lib/features/offline/data/repositories/offline_aware_repository.dart:98:54: Context: This is the type variable whose bound isn't conformed to.
  abstract class OfflineAwareRepository<Entity, Model, CreateModel extends Model,
                                                       ^
  lib/features/profile/data/repositories/profile_repository_impl.dart:26:37: Error: Type argument 'Map<String, dynamic>' doesn't conform to the bound 'Model' of the type variable 'UpdateModel' on 'OfflineAwareRepository'.
   - 'Map' is from 'dart:core'.
  Try changing type arguments so that they conform to the bounds.
  class ProfileRepositoryImpl extends OfflineAwareRepository<
                                      ^
  lib/features/offline/data/repositories/offline_aware_repository.dart:99:5: Context: This is the type variable whose bound isn't conformed to.
      UpdateModel extends Model> {
      ^
  test/features/profile/data/repositories/profile_repository_impl_test.dart:21:32: Error: Required named parameter 'username' must be provided.
    final tProfile = ProfileModel(
                                 ^
  lib/features/profile/data/models/profile_model.dart:24:9: Context: Found this candidate, but the arguments don't match.
    const ProfileModel({
          ^^^^^^^^^^^^
  test/features/profile/data/repositories/profile_repository_impl_test.dart:37:7: Error: No named parameter with the name 'remoteDataSource'.
        remoteDataSource: mockRemoteDataSource,
        ^^^^^^^^^^^^^^^^
  lib/features/profile/data/repositories/profile_repository_impl.dart:43:3: Context: Found this candidate, but the arguments don't match.
    ProfileRepositoryImpl({
    ^^^^^^^^^^^^^^^^^^^^^
  test/features/profile/data/repositories/profile_repository_impl_test.dart:68:48: Error: Too few positional arguments: 1 required, 0 given.
        when(mockLocalDataSource.getCachedProfile())
                                                 ^
  test/features/profile/data/repositories/profile_repository_impl_test.dart:76:50: Error: Too few positional arguments: 1 required, 0 given.
        verify(mockLocalDataSource.getCachedProfile());
                                                   ^
  test/features/profile/data/repositories/profile_repository_impl_test.dart:86:48: Error: Too few positional arguments: 1 required, 0 given.
        when(mockLocalDataSource.getCachedProfile())
                                                 ^
  test/features/profile/data/repositories/profile_repository_impl_test.dart:121:48: Error: Too few positional arguments: 1 required, 0 given.
        when(mockLocalDataSource.getCachedProfile())
                                                 ^
  test/features/profile/data/repositories/profile_repository_impl_test.dart:129:50: Error: Too few positional arguments: 1 required, 0 given.
        verify(mockLocalDataSource.getCachedProfile());
                                                   ^
  test/features/profile/data/repositories/profile_repository_impl_test.dart:173:48: Error: Too few positional arguments: 1 required, 0 given.
        when(mockLocalDataSource.getCachedProfile())
                                                 ^
  test/features/profile/data/repositories/profile_repository_impl_test.dart:184:50: Error: Too few positional arguments: 1 required, 0 given.
        verify(mockLocalDataSource.getCachedProfile());
                                                   ^
  test/features/profile/data/repositories/profile_repository_impl_test.dart:202:48: Error: Too few positional arguments: 1 required, 0 given.
        when(mockLocalDataSource.getCachedProfile())
                                                 ^
  test/features/profile/data/repositories/profile_repository_impl_test.dart:214:50: Error: Too few positional arguments: 1 required, 0 given.
        verify(mockLocalDataSource.getCachedProfile());
                                                   ^
  test/features/profile/data/repositories/profile_repository_impl_test.dart:231:48: Error: Too few positional arguments: 1 required, 0 given.
        when(mockLocalDataSource.getCachedProfile())
                                                 ^
  test/features/profile/data/repositories/profile_repository_impl_test.dart:243:50: Error: Too few positional arguments: 1 required, 0 given.
        verify(mockLocalDataSource.getCachedProfile());
                                                   ^
  test/features/profile/data/repositories/profile_repository_impl_test.dart:270:48: Error: Too few positional arguments: 1 required, 0 given.
        when(mockLocalDataSource.getCachedProfile())
                                                 ^
  test/features/profile/data/repositories/profile_repository_impl_test.dart:278:50: Error: Too few positional arguments: 1 required, 0 given.
        verify(mockLocalDataSource.getCachedProfile());
                                                   ^
  test/features/profile/data/repositories/profile_repository_impl_test.dart:286:14: Error: Required named parameter 'username' must be provided.
        : super(
               ^
  lib/features/profile/data/repositories/profile_repository_impl.dart:444:15: Error: The method '_queueOperation' isn't defined for the type 'ProfileRepositoryImpl'.
   - 'ProfileRepositoryImpl' is from 'package:soloadventurer/features/profile/data/repositories/profile_repository_impl.dart' ('lib/features/profile/data/repositories/profile_repository_impl.dart').
  Try correcting the name to the name of an existing method, or defining a method named '_queueOperation'.
          await _queueOperation(
                ^^^^^^^^^^^^^^^
  lib/features/profile/data/repositories/profile_repository_impl.dart:447:22: Error: The getter 'SyncOperationType' isn't defined for the type 'ProfileRepositoryImpl'.
   - 'ProfileRepositoryImpl' is from 'package:soloadventurer/features/profile/data/repositories/profile_repository_impl.dart' ('lib/features/profile/data/repositories/profile_repository_impl.dart').
  Try correcting the name to the name of an existing getter, or defining a getter or field named 'SyncOperationType'.
            operation: SyncOperationType.update,
                       ^^^^^^^^^^^^^^^^^
  lib/features/profile/data/repositories/profile_repository_impl.dart:490:39: Error: Not a constant expression.
          final preferencesJson = const JsonEncoder().convert(preferences);
                                        ^^^^^^^^^^^
  lib/features/profile/data/repositories/profile_repository_impl.dart:502:15: Error: The method '_queueOperation' isn't defined for the type 'ProfileRepositoryImpl'.
   - 'ProfileRepositoryImpl' is from 'package:soloadventurer/features/profile/data/repositories/profile_repository_impl.dart' ('lib/features/profile/data/repositories/profile_repository_impl.dart').
  Try correcting the name to the name of an existing method, or defining a method named '_queueOperation'.
          await _queueOperation(
                ^^^^^^^^^^^^^^^
  lib/features/profile/data/repositories/profile_repository_impl.dart:505:22: Error: The getter 'SyncOperationType' isn't defined for the type 'ProfileRepositoryImpl'.
   - 'ProfileRepositoryImpl' is from 'package:soloadventurer/features/profile/data/repositories/profile_repository_impl.dart' ('lib/features/profile/data/repositories/profile_repository_impl.dart').
  Try correcting the name to the name of an existing getter, or defining a getter or field named 'SyncOperationType'.
            operation: SyncOperationType.update,
                       ^^^^^^^^^^^^^^^^^
  lib/features/profile/data/repositories/profile_repository_impl.dart:548:37: Error: Not a constant expression.
          final interestsJson = const JsonEncoder().convert(interests);
                                      ^^^^^^^^^^^
  lib/features/profile/data/repositories/profile_repository_impl.dart:560:15: Error: The method '_queueOperation' isn't defined for the type 'ProfileRepositoryImpl'.
   - 'ProfileRepositoryImpl' is from 'package:soloadventurer/features/profile/data/repositories/profile_repository_impl.dart' ('lib/features/profile/data/repositories/profile_repository_impl.dart').
  Try correcting the name to the name of an existing method, or defining a method named '_queueOperation'.
          await _queueOperation(
                ^^^^^^^^^^^^^^^
  lib/features/profile/data/repositories/profile_repository_impl.dart:563:22: Error: The getter 'SyncOperationType' isn't defined for the type 'ProfileRepositoryImpl'.
   - 'ProfileRepositoryImpl' is from 'package:soloadventurer/features/profile/data/repositories/profile_repository_impl.dart' ('lib/features/profile/data/repositories/profile_repository_impl.dart').
  Try correcting the name to the name of an existing getter, or defining a getter or field named 'SyncOperationType'.
            operation: SyncOperationType.update,
                       ^^^^^^^^^^^^^^^^^
  lib/features/profile/data/repositories/profile_repository_impl.dart:617:15: Error: The method '_queueOperation' isn't defined for the type 'ProfileRepositoryImpl'.
   - 'ProfileRepositoryImpl' is from 'package:soloadventurer/features/profile/data/repositories/profile_repository_impl.dart' ('lib/features/profile/data/repositories/profile_repository_impl.dart').
  Try correcting the name to the name of an existing method, or defining a method named '_queueOperation'.
          await _queueOperation(
                ^^^^^^^^^^^^^^^
  lib/features/profile/data/repositories/profile_repository_impl.dart:620:22: Error: The getter 'SyncOperationType' isn't defined for the type 'ProfileRepositoryImpl'.
   - 'ProfileRepositoryImpl' is from 'package:soloadventurer/features/profile/data/repositories/profile_repository_impl.dart' ('lib/features/profile/data/repositories/profile_repository_impl.dart').
  Try correcting the name to the name of an existing getter, or defining a getter or field named 'SyncOperationType'.
            operation: SyncOperationType.update,
                       ^^^^^^^^^^^^^^^^^
  lib/features/offline/data/repositories/offline_aware_repository.dart:492:19: Error: The getter 'timestamp_' isn't defined for the type 'OfflineAwareRepository<Entity, Model, CreateModel, UpdateModel>'.
   - 'OfflineAwareRepository' is from 'package:soloadventurer/features/offline/data/repositories/offline_aware_repository.dart' ('lib/features/offline/data/repositories/offline_aware_repository.dart').
  Try correcting the name to the name of an existing getter, or defining a getter or field named 'timestamp_'.
      return 'temp_$timestamp_$random';
                    ^^^^^^^^^^
  lib/features/profile/data/models/local_user_profile_model.dart:94:22: Error: Couldn't find constructor 'JsonDecoder'.
              ? (const JsonDecoder().convert(interestsJson) as List<dynamic>)
                       ^^^^^^^^^^^
  lib/features/profile/data/models/local_user_profile_model.dart:102:18: Error: Couldn't find constructor 'JsonDecoder'.
          ? (const JsonDecoder().convert(preferencesJson) as Map<String, dynamic>)
                   ^^^^^^^^^^^
  lib/features/profile/data/models/local_user_profile_model.dart:180:40: Error: Not a constant expression.
            interests.isNotEmpty ? const JsonEncoder().convert(interests) : null,
                                         ^^^^^^^^^^^
  lib/features/profile/data/models/local_user_profile_model.dart:182:19: Error: Not a constant expression.
            ? const JsonEncoder().convert(preferences)
                    ^^^^^^^^^^^
  .

To run this test again: /opt/homebrew/Caskroom/flutter/3.32.5/flutter/bin/cache/dart-sdk/bin/dart test /Users/anthonyforan/SoloAdventurer_app/test/features/profile/data/repositories/profile_repository_impl_test.dart -p vm --plain-name 'loading /Users/anthonyforan/SoloAdventurer_app/test/features/profile/data/repositories/profile_repository_impl_test.dart'
test/features/profile/data/models/profile_model_test.dart:7:37: Error: Required named parameter 'username' must be provided.
  final tProfileModel = ProfileModel(
                                    ^
lib/features/profile/data/models/profile_model.dart:24:9: Context: Found this candidate, but the arguments don't match.
  const ProfileModel({
        ^^^^^^^^^^^^
01:20 +131 -79: loading /Users/anthonyforan/SoloAdventurer_app/test/features/profile/data/models/profile_model_test.dart [E]                                                                           
  Failed to load "/Users/anthonyforan/SoloAdventurer_app/test/features/profile/data/models/profile_model_test.dart":
  Compilation failed for testPath=/Users/anthonyforan/SoloAdventurer_app/test/features/profile/data/models/profile_model_test.dart: test/features/profile/data/models/profile_model_test.dart:7:37: Error: Required named parameter 'username' must be provided.
    final tProfileModel = ProfileModel(
                                      ^
  lib/features/profile/data/models/profile_model.dart:24:9: Context: Found this candidate, but the arguments don't match.
    const ProfileModel({
          ^^^^^^^^^^^^
  .

To run this test again: /opt/homebrew/Caskroom/flutter/3.32.5/flutter/bin/cache/dart-sdk/bin/dart test /Users/anthonyforan/SoloAdventurer_app/test/features/profile/data/models/profile_model_test.dart -p vm --plain-name 'loading /Users/anthonyforan/SoloAdventurer_app/test/features/profile/data/models/profile_model_test.dart'
lib/features/core/infrastructure/monitoring/aws_cloudwatch_monitoring.dart:75:7: Error: The non-abstract class 'AwsCloudWatchMonitoring' is missing implementations for these members:
 - MonitoringService.logDebug
 - MonitoringService.recordEvent
 - MonitoringService.recordMetric
Try to either
 - provide an implementation,
 - inherit an implementation from a superclass or mixin,
 - mark the class as abstract, or
 - provide a 'noSuchMethod' implementation.
class AwsCloudWatchMonitoring implements MonitoringService {
      ^^^^^^^^^^^^^^^^^^^^^^^
lib/features/core/infrastructure/monitoring/monitoring_service.dart:23:16: Context: 'MonitoringService.logDebug' is defined here.
  Future<void> logDebug(
               ^^^^^^^^
lib/features/core/infrastructure/monitoring/monitoring_service.dart:42:16: Context: 'MonitoringService.recordEvent' is defined here.
  Future<void> recordEvent(
               ^^^^^^^^^^^
lib/features/core/infrastructure/monitoring/monitoring_service.dart:29:16: Context: 'MonitoringService.recordMetric' is defined here.
  Future<void> recordMetric(
               ^^^^^^^^^^^^
lib/features/core/services/operation_queue.dart:267:45: Error: Cannot invoke a non-'const' constructor where a const expression is expected.
Try using a constructor or factory that is 'const'.
  final RetryStrategy retryStrategy = const ExponentialBackoffStrategy(
                                            ^^^^^^^^^^^^^^^^^^^^^^^^^^
lib/features/core/services/operation_queue.dart:689:43: Error: The method 'loadOperations' isn't defined for the type 'AsyncValue<void>'.
 - 'AsyncValue' is from 'package:riverpod/src/common.dart' ('../.pub-cache/hosted/pub.dev/riverpod-2.6.1/lib/src/common.dart').
Try correcting the name to the name of an existing method, or defining a method named 'loadOperations'.
      final result = await storageService.loadOperations();
                                          ^^^^^^^^^^^^^^
lib/features/core/services/operation_queue.dart:766:51: Error: The method 'savePendingOperations' isn't defined for the type 'AsyncValue<void>'.
 - 'AsyncValue' is from 'package:riverpod/src/common.dart' ('../.pub-cache/hosted/pub.dev/riverpod-2.6.1/lib/src/common.dart').
Try correcting the name to the name of an existing method, or defining a method named 'savePendingOperations'.
      final pendingSuccess = await storageService.savePendingOperations(
                                                  ^^^^^^^^^^^^^^^^^^^^^
lib/features/core/services/operation_queue.dart:771:50: Error: The method 'saveFailedOperations' isn't defined for the type 'AsyncValue<void>'.
 - 'AsyncValue' is from 'package:riverpod/src/common.dart' ('../.pub-cache/hosted/pub.dev/riverpod-2.6.1/lib/src/common.dart').
Try correcting the name to the name of an existing method, or defining a method named 'saveFailedOperations'.
      final failedSuccess = await storageService.saveFailedOperations(
                                                 ^^^^^^^^^^^^^^^^^^^^
01:21 +131 -80: loading /Users/anthonyforan/SoloAdventurer_app/test/features/travel/infrastructure/repositories/shared_prefs_travel_operation_repository_test.dart [E]                                 
  Failed to load "/Users/anthonyforan/SoloAdventurer_app/test/features/travel/infrastructure/repositories/shared_prefs_travel_operation_repository_test.dart":
  Compilation failed for testPath=/Users/anthonyforan/SoloAdventurer_app/test/features/travel/infrastructure/repositories/shared_prefs_travel_operation_repository_test.dart: lib/features/core/infrastructure/monitoring/aws_cloudwatch_monitoring.dart:75:7: Error: The non-abstract class 'AwsCloudWatchMonitoring' is missing implementations for these members:
   - MonitoringService.logDebug
   - MonitoringService.recordEvent
   - MonitoringService.recordMetric
  Try to either
   - provide an implementation,
   - inherit an implementation from a superclass or mixin,
   - mark the class as abstract, or
   - provide a 'noSuchMethod' implementation.
  class AwsCloudWatchMonitoring implements MonitoringService {
        ^^^^^^^^^^^^^^^^^^^^^^^
  lib/features/core/infrastructure/monitoring/monitoring_service.dart:23:16: Context: 'MonitoringService.logDebug' is defined here.
    Future<void> logDebug(
                 ^^^^^^^^
  lib/features/core/infrastructure/monitoring/monitoring_service.dart:42:16: Context: 'MonitoringService.recordEvent' is defined here.
    Future<void> recordEvent(
                 ^^^^^^^^^^^
  lib/features/core/infrastructure/monitoring/monitoring_service.dart:29:16: Context: 'MonitoringService.recordMetric' is defined here.
    Future<void> recordMetric(
                 ^^^^^^^^^^^^
  lib/features/core/services/operation_queue.dart:267:45: Error: Cannot invoke a non-'const' constructor where a const expression is expected.
  Try using a constructor or factory that is 'const'.
    final RetryStrategy retryStrategy = const ExponentialBackoffStrategy(
                                              ^^^^^^^^^^^^^^^^^^^^^^^^^^
  lib/features/core/services/operation_queue.dart:689:43: Error: The method 'loadOperations' isn't defined for the type 'AsyncValue<void>'.
   - 'AsyncValue' is from 'package:riverpod/src/common.dart' ('../.pub-cache/hosted/pub.dev/riverpod-2.6.1/lib/src/common.dart').
  Try correcting the name to the name of an existing method, or defining a method named 'loadOperations'.
        final result = await storageService.loadOperations();
                                            ^^^^^^^^^^^^^^
  lib/features/core/services/operation_queue.dart:766:51: Error: The method 'savePendingOperations' isn't defined for the type 'AsyncValue<void>'.
   - 'AsyncValue' is from 'package:riverpod/src/common.dart' ('../.pub-cache/hosted/pub.dev/riverpod-2.6.1/lib/src/common.dart').
  Try correcting the name to the name of an existing method, or defining a method named 'savePendingOperations'.
        final pendingSuccess = await storageService.savePendingOperations(
                                                    ^^^^^^^^^^^^^^^^^^^^^
  lib/features/core/services/operation_queue.dart:771:50: Error: The method 'saveFailedOperations' isn't defined for the type 'AsyncValue<void>'.
   - 'AsyncValue' is from 'package:riverpod/src/common.dart' ('../.pub-cache/hosted/pub.dev/riverpod-2.6.1/lib/src/common.dart').
  Try correcting the name to the name of an existing method, or defining a method named 'saveFailedOperations'.
        final failedSuccess = await storageService.saveFailedOperations(
                                                   ^^^^^^^^^^^^^^^^^^^^
  .

To run this test again: /opt/homebrew/Caskroom/flutter/3.32.5/flutter/bin/cache/dart-sdk/bin/dart test /Users/anthonyforan/SoloAdventurer_app/test/features/travel/infrastructure/repositories/shared_prefs_travel_operation_repository_test.dart -p vm --plain-name 'loading /Users/anthonyforan/SoloAdventurer_app/test/features/travel/infrastructure/repositories/shared_prefs_travel_operation_repository_test.dart'
Error: Couldn't resolve the package 'dartz' in 'package:dartz/dartz.dart'.
test/features/notifications/data/services/notification_scheduler_service_test.dart:12:8: Error: Not found: 'package:dartz/dartz.dart'
import 'package:dartz/dartz.dart';
       ^
lib/features/travel/domain/repositories/itinerary_repository.dart:1:8: Error: Not found: 'package:dartz/dartz.dart'
import 'package:dartz/dartz.dart';
       ^
lib/features/travel/domain/repositories/itinerary_repository.dart:27:10: Error: Type 'Either' not found.
  Future<Either<Failure, Itinerary>> getItinerary(String id);
         ^^^^^^
lib/features/travel/domain/repositories/itinerary_repository.dart:33:10: Error: Type 'Either' not found.
  Future<Either<Failure, List<Itinerary>>> getItineraries({String? userId});
         ^^^^^^
lib/features/travel/domain/repositories/itinerary_repository.dart:38:10: Error: Type 'Either' not found.
  Future<Either<Failure, List<Itinerary>>> getStarterItineraries();
         ^^^^^^
lib/features/travel/domain/repositories/itinerary_repository.dart:44:10: Error: Type 'Either' not found.
  Future<Either<Failure, Itinerary>> createItinerary(Itinerary itinerary);
         ^^^^^^
lib/features/travel/domain/repositories/itinerary_repository.dart:51:10: Error: Type 'Either' not found.
  Future<Either<Failure, Itinerary>> updateItinerary(
         ^^^^^^
lib/features/travel/domain/repositories/itinerary_repository.dart:58:10: Error: Type 'Either' not found.
  Future<Either<Failure, void>> deleteItinerary(String id);
         ^^^^^^
lib/features/travel/domain/repositories/itinerary_repository.dart:69:10: Error: Type 'Either' not found.
  Future<Either<Failure, Itinerary>> addItem(
         ^^^^^^
lib/features/travel/domain/repositories/itinerary_repository.dart:77:10: Error: Type 'Either' not found.
  Future<Either<Failure, Itinerary>> updateItem(
         ^^^^^^
lib/features/travel/domain/repositories/itinerary_repository.dart:85:10: Error: Type 'Either' not found.
  Future<Either<Failure, Itinerary>> removeItem(
         ^^^^^^
lib/features/travel/domain/repositories/itinerary_repository.dart:93:10: Error: Type 'Either' not found.
  Future<Either<Failure, Itinerary>> reorderItems(
         ^^^^^^
lib/features/travel/domain/repositories/itinerary_repository.dart:103:10: Error: Type 'Either' not found.
  Future<Either<Failure, Itinerary>> toggleItemCompletion(
         ^^^^^^
lib/features/travel/domain/repositories/itinerary_repository.dart:115:10: Error: Type 'Either' not found.
  Future<Either<Failure, List<ItineraryItem>>> getItemsForDay(
         ^^^^^^
lib/features/travel/domain/repositories/itinerary_repository.dart:124:10: Error: Type 'Either' not found.
  Future<Either<Failure, List<ItineraryItem>>> getUncompletedItems(
         ^^^^^^
lib/features/travel/domain/repositories/itinerary_repository.dart:131:10: Error: Type 'Either' not found.
  Future<Either<Failure, List<ItineraryItem>>> getCompletedItems(
         ^^^^^^
lib/features/travel/domain/repositories/itinerary_repository.dart:139:10: Error: Type 'Either' not found.
  Future<Either<Failure, List<Itinerary>>> getItinerariesByStatus(
         ^^^^^^
lib/features/travel/domain/repositories/itinerary_repository.dart:149:10: Error: Type 'Either' not found.
  Future<Either<Failure, List<Itinerary>>> getItinerariesByDateRange(
         ^^^^^^
test/features/notifications/data/services/notification_scheduler_service_test.dart:132:38: Error: Method not found: 'Right'.
            .thenAnswer((_) async => Right(testItinerary));
                                     ^^^^^
test/features/notifications/data/services/notification_scheduler_service_test.dart:146:38: Error: Method not found: 'Right'.
            .thenAnswer((_) async => Right(testItinerary));
                                     ^^^^^
test/features/notifications/data/services/notification_scheduler_service_test.dart:161:38: Error: Method not found: 'Right'.
            .thenAnswer((_) async => Right(testItinerary));
                                     ^^^^^
test/features/notifications/data/services/notification_scheduler_service_test.dart:175:38: Error: Method not found: 'Right'.
            .thenAnswer((_) async => Right(testItinerary));
                                     ^^^^^
test/features/notifications/data/services/notification_scheduler_service_test.dart:191:30: Error: Method not found: 'Left'.
                (_) async => Left(Failure.unknown(message: 'Failed to fetch')));
                             ^^^^
test/features/notifications/data/services/notification_scheduler_service_test.dart:208:38: Error: Method not found: 'Right'.
            .thenAnswer((_) async => Right(testItinerary));
                                     ^^^^^
test/features/notifications/data/services/notification_scheduler_service_test.dart:225:38: Error: Method not found: 'Right'.
            .thenAnswer((_) async => Right(testItinerary));
                                     ^^^^^
test/features/notifications/data/services/notification_scheduler_service_test.dart:257:38: Error: Method not found: 'Right'.
            .thenAnswer((_) async => Right(testItinerary));
                                     ^^^^^
test/features/notifications/data/services/notification_scheduler_service_test.dart:276:38: Error: Method not found: 'Right'.
            .thenAnswer((_) async => Right(testItinerary));
                                     ^^^^^
test/features/notifications/data/services/notification_scheduler_service_test.dart:297:30: Error: Method not found: 'Left'.
                (_) async => Left(Failure.unknown(message: 'Failed to fetch')));
                             ^^^^
test/features/notifications/data/services/notification_scheduler_service_test.dart:348:36: Error: Method not found: 'Right'.
          .thenAnswer((_) async => Right(emptyItinerary));
                                   ^^^^^
test/features/notifications/data/services/notification_scheduler_service_test.dart:373:36: Error: Method not found: 'Right'.
          .thenAnswer((_) async => Right(itineraryWithoutBooking));
                                   ^^^^^
test/features/notifications/data/services/notification_scheduler_service_test.dart:395:36: Error: Method not found: 'Right'.
          .thenAnswer((_) async => Right(pastItinerary));
                                   ^^^^^
01:23 +131 -81: loading /Users/anthonyforan/SoloAdventurer_app/test/features/notifications/data/services/notification_scheduler_service_test.dart [E]                                                  
  Failed to load "/Users/anthonyforan/SoloAdventurer_app/test/features/notifications/data/services/notification_scheduler_service_test.dart":
  Compilation failed for testPath=/Users/anthonyforan/SoloAdventurer_app/test/features/notifications/data/services/notification_scheduler_service_test.dart: Error: Couldn't resolve the package 'dartz' in 'package:dartz/dartz.dart'.
  test/features/notifications/data/services/notification_scheduler_service_test.dart:12:8: Error: Not found: 'package:dartz/dartz.dart'
  import 'package:dartz/dartz.dart';
         ^
  lib/features/travel/domain/repositories/itinerary_repository.dart:1:8: Error: Not found: 'package:dartz/dartz.dart'
  import 'package:dartz/dartz.dart';
         ^
  lib/features/travel/domain/repositories/itinerary_repository.dart:27:10: Error: Type 'Either' not found.
    Future<Either<Failure, Itinerary>> getItinerary(String id);
           ^^^^^^
  lib/features/travel/domain/repositories/itinerary_repository.dart:33:10: Error: Type 'Either' not found.
    Future<Either<Failure, List<Itinerary>>> getItineraries({String? userId});
           ^^^^^^
  lib/features/travel/domain/repositories/itinerary_repository.dart:38:10: Error: Type 'Either' not found.
    Future<Either<Failure, List<Itinerary>>> getStarterItineraries();
           ^^^^^^
  lib/features/travel/domain/repositories/itinerary_repository.dart:44:10: Error: Type 'Either' not found.
    Future<Either<Failure, Itinerary>> createItinerary(Itinerary itinerary);
           ^^^^^^
  lib/features/travel/domain/repositories/itinerary_repository.dart:51:10: Error: Type 'Either' not found.
    Future<Either<Failure, Itinerary>> updateItinerary(
           ^^^^^^
  lib/features/travel/domain/repositories/itinerary_repository.dart:58:10: Error: Type 'Either' not found.
    Future<Either<Failure, void>> deleteItinerary(String id);
           ^^^^^^
  lib/features/travel/domain/repositories/itinerary_repository.dart:69:10: Error: Type 'Either' not found.
    Future<Either<Failure, Itinerary>> addItem(
           ^^^^^^
  lib/features/travel/domain/repositories/itinerary_repository.dart:77:10: Error: Type 'Either' not found.
    Future<Either<Failure, Itinerary>> updateItem(
           ^^^^^^
  lib/features/travel/domain/repositories/itinerary_repository.dart:85:10: Error: Type 'Either' not found.
    Future<Either<Failure, Itinerary>> removeItem(
           ^^^^^^
  lib/features/travel/domain/repositories/itinerary_repository.dart:93:10: Error: Type 'Either' not found.
    Future<Either<Failure, Itinerary>> reorderItems(
           ^^^^^^
  lib/features/travel/domain/repositories/itinerary_repository.dart:103:10: Error: Type 'Either' not found.
    Future<Either<Failure, Itinerary>> toggleItemCompletion(
           ^^^^^^
  lib/features/travel/domain/repositories/itinerary_repository.dart:115:10: Error: Type 'Either' not found.
    Future<Either<Failure, List<ItineraryItem>>> getItemsForDay(
           ^^^^^^
  lib/features/travel/domain/repositories/itinerary_repository.dart:124:10: Error: Type 'Either' not found.
    Future<Either<Failure, List<ItineraryItem>>> getUncompletedItems(
           ^^^^^^
  lib/features/travel/domain/repositories/itinerary_repository.dart:131:10: Error: Type 'Either' not found.
    Future<Either<Failure, List<ItineraryItem>>> getCompletedItems(
           ^^^^^^
  lib/features/travel/domain/repositories/itinerary_repository.dart:139:10: Error: Type 'Either' not found.
    Future<Either<Failure, List<Itinerary>>> getItinerariesByStatus(
           ^^^^^^
  lib/features/travel/domain/repositories/itinerary_repository.dart:149:10: Error: Type 'Either' not found.
    Future<Either<Failure, List<Itinerary>>> getItinerariesByDateRange(
           ^^^^^^
  test/features/notifications/data/services/notification_scheduler_service_test.dart:132:38: Error: Method not found: 'Right'.
              .thenAnswer((_) async => Right(testItinerary));
                                       ^^^^^
  test/features/notifications/data/services/notification_scheduler_service_test.dart:146:38: Error: Method not found: 'Right'.
              .thenAnswer((_) async => Right(testItinerary));
                                       ^^^^^
  test/features/notifications/data/services/notification_scheduler_service_test.dart:161:38: Error: Method not found: 'Right'.
              .thenAnswer((_) async => Right(testItinerary));
                                       ^^^^^
  test/features/notifications/data/services/notification_scheduler_service_test.dart:175:38: Error: Method not found: 'Right'.
              .thenAnswer((_) async => Right(testItinerary));
                                       ^^^^^
  test/features/notifications/data/services/notification_scheduler_service_test.dart:191:30: Error: Method not found: 'Left'.
                  (_) async => Left(Failure.unknown(message: 'Failed to fetch')));
                               ^^^^
  test/features/notifications/data/services/notification_scheduler_service_test.dart:208:38: Error: Method not found: 'Right'.
              .thenAnswer((_) async => Right(testItinerary));
                                       ^^^^^
  test/features/notifications/data/services/notification_scheduler_service_test.dart:225:38: Error: Method not found: 'Right'.
              .thenAnswer((_) async => Right(testItinerary));
                                       ^^^^^
  test/features/notifications/data/services/notification_scheduler_service_test.dart:257:38: Error: Method not found: 'Right'.
              .thenAnswer((_) async => Right(testItinerary));
                                       ^^^^^
  test/features/notifications/data/services/notification_scheduler_service_test.dart:276:38: Error: Method not found: 'Right'.
              .thenAnswer((_) async => Right(testItinerary));
                                       ^^^^^
  test/features/notifications/data/services/notification_scheduler_service_test.dart:297:30: Error: Method not found: 'Left'.
                  (_) async => Left(Failure.unknown(message: 'Failed to fetch')));
                               ^^^^
  test/features/notifications/data/services/notification_scheduler_service_test.dart:348:36: Error: Method not found: 'Right'.
            .thenAnswer((_) async => Right(emptyItinerary));
                                     ^^^^^
  test/features/notifications/data/services/notification_scheduler_service_test.dart:373:36: Error: Method not found: 'Right'.
            .thenAnswer((_) async => Right(itineraryWithoutBooking));
                                     ^^^^^
  test/features/notifications/data/services/notification_scheduler_service_test.dart:395:36: Error: Method not found: 'Right'.
            .thenAnswer((_) async => Right(pastItinerary));
                                     ^^^^^
  .

To run this test again: /opt/homebrew/Caskroom/flutter/3.32.5/flutter/bin/cache/dart-sdk/bin/dart test /Users/anthonyforan/SoloAdventurer_app/test/features/notifications/data/services/notification_scheduler_service_test.dart -p vm --plain-name 'loading /Users/anthonyforan/SoloAdventurer_app/test/features/notifications/data/services/notification_scheduler_service_test.dart'
01:23 +131 -81: loading /Users/anthonyforan/SoloAdventurer_app/test/features/notifications/data/repositories/notification_repository_impl_test.dart                                                    01:23 +131 -81: /Users/anthonyforan/SoloAdventurer_app/test/features/notifications/data/repositories/notification_repository_impl_test.dart: ... save notification when type is enabled in preferences 01:23 +132 -81: /Users/anthonyforan/SoloAdventurer_app/test/features/notifications/data/repositories/notification_repository_impl_test.dart: ... save notification when type is enabled in preferences 01:23 +132 -81: /Users/anthonyforan/SoloAdventurer_app/test/features/notifications/data/repositories/notification_repository_impl_test.dart: ... save notification when type is disabled in preferences01:23 +133 -81: /Users/anthonyforan/SoloAdventurer_app/test/features/notifications/data/repositories/notification_repository_impl_test.dart: ... save notification when type is disabled in preferences01:23 +133 -81: /Users/anthonyforan/SoloAdventurer_app/test/features/notifications/data/repositories/notification_repository_impl_test.dart: ... save notification during quiet hours for non-urgent   01:23 +134 -81: /Users/anthonyforan/SoloAdventurer_app/test/features/notifications/data/repositories/notification_repository_impl_test.dart: ... save notification during quiet hours for non-urgent   01:23 +134 -81: /Users/anthonyforan/SoloAdventurer_app/test/features/notifications/data/repositories/notification_repository_impl_test.dart: ... should save urgent notification during quiet hours    01:23 +135 -81: /Users/anthonyforan/SoloAdventurer_app/test/features/notifications/data/repositories/notification_repository_impl_test.dart: ... should save urgent notification during quiet hours    01:23 +135 -81: /Users/anthonyforan/SoloAdventurer_app/test/features/notifications/data/repositories/notification_repository_impl_test.dart: ... sendNow should mark notification as delivered and save01:23 +136 -81: /Users/anthonyforan/SoloAdventurer_app/test/features/notifications/data/repositories/notification_repository_impl_test.dart: ... sendNow should mark notification as delivered and save01:23 +136 -81: /Users/anthonyforan/SoloAdventurer_app/test/features/notifications/data/repositories/notification_repository_impl_test.dart: ... sendNow should not send when type is disabled         01:23 +136 -82: /Users/anthonyforan/SoloAdventurer_app/test/features/notifications/data/repositories/notification_repository_impl_test.dart: NotificationRepositoryImpl sendNow should not send when type is disabled [E]
  Unexpected calls: MockNotificationLocalDataSource.getPreferences(), MockNotificationLocalDataSource.saveNotification(NotificationModel(id: notif-1, type: NotificationType.flightCheckInAvailable, category: NotificationCategory.flight, title: Flight Check-In Available, body: Your flight AF1234 is ready for check-in, scheduledAt: 2024-06-01 10:00:00.000, deliveredAt: 2026-01-08 12:10:05.270769Z, readAt: null, dismissedAt: null, priority: NotificationPriority.high, data: {flightId: flight-1, itineraryId: itinerary-1}, isActionable: true, actions: [NotificationAction(id: check_in, label: Check In, type: NotificationActionType.deepLink, deepLink: soloadventurer://checkin/flight-1, metadata: null)], imageUrl: null, isOngoing: false))
  package:matcher                                                                              fail
  package:mocktail/src/mocktail.dart 734:7                                                     _VerifyCall._checkWith
  package:mocktail/src/mocktail.dart 519:18                                                    _makeVerify.<fn>
  test/features/notifications/data/repositories/notification_repository_impl_test.dart 240:20  main.<fn>.<fn>.<fn>
  

To run this test again: /opt/homebrew/Caskroom/flutter/3.32.5/flutter/bin/cache/dart-sdk/bin/dart test /Users/anthonyforan/SoloAdventurer_app/test/features/notifications/data/repositories/notification_repository_impl_test.dart -p vm --plain-name 'NotificationRepositoryImpl sendNow should not send when type is disabled'
01:23 +136 -82: /Users/anthonyforan/SoloAdventurer_app/test/features/notifications/data/repositories/notification_repository_impl_test.dart: ... respect quiet hours for non-urgent notifications      01:23 +136 -83: /Users/anthonyforan/SoloAdventurer_app/test/features/notifications/data/repositories/notification_repository_impl_test.dart: NotificationRepositoryImpl sendNow should respect quiet hours for non-urgent notifications [E]
  Unexpected calls: MockNotificationLocalDataSource.getPreferences(), MockNotificationLocalDataSource.saveNotification(NotificationModel(id: night-notif, type: NotificationType.dailyBriefing, category: NotificationCategory.trip, title: Night, body: Scheduled during quiet hours, scheduledAt: 2026-01-08 13:10:05.298751, deliveredAt: 2026-01-08 12:10:05.299080Z, readAt: null, dismissedAt: null, priority: NotificationPriority.low, data: null, isActionable: false, actions: null, imageUrl: null, isOngoing: false))
  package:matcher                                                                              fail
  package:mocktail/src/mocktail.dart 734:7                                                     _VerifyCall._checkWith
  package:mocktail/src/mocktail.dart 519:18                                                    _makeVerify.<fn>
  test/features/notifications/data/repositories/notification_repository_impl_test.dart 266:20  main.<fn>.<fn>.<fn>
  

To run this test again: /opt/homebrew/Caskroom/flutter/3.32.5/flutter/bin/cache/dart-sdk/bin/dart test /Users/anthonyforan/SoloAdventurer_app/test/features/notifications/data/repositories/notification_repository_impl_test.dart -p vm --plain-name 'NotificationRepositoryImpl sendNow should respect quiet hours for non-urgent notifications'
01:23 +136 -83: /Users/anthonyforan/SoloAdventurer_app/test/features/notifications/data/repositories/notification_repository_impl_test.dart: ... cancel should delete notification from data source    01:23 +137 -83: /Users/anthonyforan/SoloAdventurer_app/test/features/notifications/data/repositories/notification_repository_impl_test.dart: ... cancel should delete notification from data source    01:23 +137 -83: /Users/anthonyforan/SoloAdventurer_app/test/features/notifications/data/repositories/notification_repository_impl_test.dart: ... cancelAll should clear all notifications              01:23 +138 -83: /Users/anthonyforan/SoloAdventurer_app/test/features/notifications/data/repositories/notification_repository_impl_test.dart: ... cancelAll should clear all notifications              01:23 +138 -83: /Users/anthonyforan/SoloAdventurer_app/test/features/notifications/data/repositories/notification_repository_impl_test.dart: ... should get notification, mark as read, and update     01:23 +139 -83: /Users/anthonyforan/SoloAdventurer_app/test/features/notifications/data/repositories/notification_repository_impl_test.dart: ... should get notification, mark as read, and update     01:23 +139 -83: /Users/anthonyforan/SoloAdventurer_app/test/features/notifications/data/repositories/notification_repository_impl_test.dart: ... should get notification, mark as dismissed, and update01:23 +140 -83: /Users/anthonyforan/SoloAdventurer_app/test/features/notifications/data/repositories/notification_repository_impl_test.dart: ... should get notification, mark as dismissed, and update01:23 +140 -83: /Users/anthonyforan/SoloAdventurer_app/test/features/notifications/data/repositories/notification_repository_impl_test.dart: ... should return list of notifications from models       01:24 +140 -83: /Users/anthonyforan/SoloAdventurer_app/test/features/notifications/data/repositories/notification_repository_impl_test.dart: ... should return list of notifications from models       01:24 +141 -83: /Users/anthonyforan/SoloAdventurer_app/test/features/notifications/data/repositories/notification_repository_impl_test.dart: ... should return list of notifications from models       01:24 +141 -83: /Users/anthonyforan/SoloAdventurer_app/test/features/notifications/data/repositories/notification_repository_impl_test.dart: ... getHistory should pass filters to data source         01:24 +142 -83: /Users/anthonyforan/SoloAdventurer_app/test/features/notifications/data/repositories/notification_repository_impl_test.dart: ... getHistory should pass filters to data source         01:24 +142 -83: /Users/anthonyforan/SoloAdventurer_app/test/features/notifications/data/repositories/notification_repository_impl_test.dart: ... getUnread should return list of unread notifications  01:24 +143 -83: /Users/anthonyforan/SoloAdventurer_app/test/features/notifications/data/repositories/notification_repository_impl_test.dart: ... getUnread should return list of unread notifications  01:24 +143 -83: /Users/anthonyforan/SoloAdventurer_app/test/features/notifications/data/repositories/notification_repository_impl_test.dart: ... getUnread should use custom limit                     01:24 +144 -83: /Users/anthonyforan/SoloAdventurer_app/test/features/notifications/data/repositories/notification_repository_impl_test.dart: ... getUnread should use custom limit                     01:24 +144 -83: /Users/anthonyforan/SoloAdventurer_app/test/features/notifications/data/repositories/notification_repository_impl_test.dart: ... getPending should return list of pending notifications01:24 +145 -83: /Users/anthonyforan/SoloAdventurer_app/test/features/notifications/data/repositories/notification_repository_impl_test.dart: ... getPending should return list of pending notifications01:24 +145 -83: /Users/anthonyforan/SoloAdventurer_app/test/features/notifications/data/repositories/notification_repository_impl_test.dart: ... updatePreferences should convert and save preferences 01:24 +145 -84: /Users/anthonyforan/SoloAdventurer_app/test/features/notifications/data/repositories/notification_repository_impl_test.dart: NotificationRepositoryImpl updatePreferences should convert and save preferences [E]
  NoSuchMethodError: The method 'call' was called on null.
  Receiver: null
  Tried calling: call(Closure: (dynamic) => bool)
  dart:core                                                                                    Object.noSuchMethod
  test/features/notifications/data/repositories/notification_repository_impl_test.dart 412:20  main.<fn>.<fn>.<fn>.<fn>
  package:mocktail/src/mocktail.dart 508:9                                                     _makeVerify.<fn>
  test/features/notifications/data/repositories/notification_repository_impl_test.dart 411:15  main.<fn>.<fn>.<fn>
  

To run this test again: /opt/homebrew/Caskroom/flutter/3.32.5/flutter/bin/cache/dart-sdk/bin/dart test /Users/anthonyforan/SoloAdventurer_app/test/features/notifications/data/repositories/notification_repository_impl_test.dart -p vm --plain-name 'NotificationRepositoryImpl updatePreferences should convert and save preferences'
01:24 +145 -84: /Users/anthonyforan/SoloAdventurer_app/test/features/notifications/data/repositories/notification_repository_impl_test.dart: ... getPreferences should return entity from model        01:24 +145 -85: /Users/anthonyforan/SoloAdventurer_app/test/features/notifications/data/repositories/notification_repository_impl_test.dart: NotificationRepositoryImpl getPreferences should return entity from model [E]
  Invalid argument(s): An argument matcher (like `any()`) was either not used as an immediate argument to Symbol("saveNotification") (argument matchers can only be used as an argument for the very method being stubbed or verified), or was used as a named argument without the Mocktail "named" API (Each argument matcher that is used as a named argument needs to specify the name of the argument it is being used in. For example: `when(() => obj.fn(x: any(named: "x")))`).
  package:mocktail/src/_is_invocation.dart 252:7                                              _InvocationForMatchedArguments._reconstitutePositionalArgs
  package:mocktail/src/_is_invocation.dart 126:33                                             new _InvocationForMatchedArguments
  package:mocktail/src/_is_invocation.dart 111:18                                             _useMatchedInvocationIfSet
  package:mocktail/src/mocktail.dart 112:18                                                   Mock.noSuchMethod
  test/features/notifications/data/repositories/notification_repository_impl_test.dart 12:7   MockNotificationLocalDataSource.saveNotification
  test/features/notifications/data/repositories/notification_repository_impl_test.dart 98:36  main.<fn>.<fn>
  package:mocktail/src/mocktail.dart 211:9                                                    when.<fn>
  test/features/notifications/data/repositories/notification_repository_impl_test.dart 98:9   main.<fn>
  

To run this test again: /opt/homebrew/Caskroom/flutter/3.32.5/flutter/bin/cache/dart-sdk/bin/dart test /Users/anthonyforan/SoloAdventurer_app/test/features/notifications/data/repositories/notification_repository_impl_test.dart -p vm --plain-name 'NotificationRepositoryImpl getPreferences should return entity from model'
01:24 +145 -85: /Users/anthonyforan/SoloAdventurer_app/test/features/notifications/data/repositories/notification_repository_impl_test.dart: ... should clear all notifications when date not specified01:24 +145 -86: /Users/anthonyforan/SoloAdventurer_app/test/features/notifications/data/repositories/notification_repository_impl_test.dart: NotificationRepositoryImpl clearHistory should clear all notifications when date not specified [E]
  type 'Null' is not a subtype of type 'Future<void>'
  test/features/notifications/data/repositories/notification_repository_impl_test.dart 12:7                 MockNotificationLocalDataSource.clearAllNotifications
  package:soloadventurer/features/notifications/data/repositories/notification_repository_impl.dart 140:30  NotificationRepositoryImpl.clearHistory
  test/features/notifications/data/repositories/notification_repository_impl_test.dart 435:26               main.<fn>.<fn>.<fn>
  

To run this test again: /opt/homebrew/Caskroom/flutter/3.32.5/flutter/bin/cache/dart-sdk/bin/dart test /Users/anthonyforan/SoloAdventurer_app/test/features/notifications/data/repositories/notification_repository_impl_test.dart -p vm --plain-name 'NotificationRepositoryImpl clearHistory should clear all notifications when date not specified'
01:24 +145 -86: /Users/anthonyforan/SoloAdventurer_app/test/features/notifications/data/repositories/notification_repository_impl_test.dart: ... should clear notifications before date when specified 01:24 +145 -87: /Users/anthonyforan/SoloAdventurer_app/test/features/notifications/data/repositories/notification_repository_impl_test.dart: NotificationRepositoryImpl clearHistory should clear notifications before date when specified [E]
  type 'Null' is not a subtype of type 'Future<void>'
  test/features/notifications/data/repositories/notification_repository_impl_test.dart 12:7                 MockNotificationLocalDataSource.clearNotificationsBefore
  package:soloadventurer/features/notifications/data/repositories/notification_repository_impl.dart 138:30  NotificationRepositoryImpl.clearHistory
  test/features/notifications/data/repositories/notification_repository_impl_test.dart 447:26               main.<fn>.<fn>.<fn>
  

To run this test again: /opt/homebrew/Caskroom/flutter/3.32.5/flutter/bin/cache/dart-sdk/bin/dart test /Users/anthonyforan/SoloAdventurer_app/test/features/notifications/data/repositories/notification_repository_impl_test.dart -p vm --plain-name 'NotificationRepositoryImpl clearHistory should clear notifications before date when specified'
01:24 +145 -87: /Users/anthonyforan/SoloAdventurer_app/test/features/notifications/data/repositories/notification_repository_impl_test.dart: ... should calculate statistics from all notifications    01:24 +145 -88: /Users/anthonyforan/SoloAdventurer_app/test/features/notifications/data/repositories/notification_repository_impl_test.dart: NotificationRepositoryImpl getStats should calculate statistics from all notifications [E]
  type 'Null' is not a subtype of type 'Future<List<NotificationModel>>'
  test/features/notifications/data/repositories/notification_repository_impl_test.dart 12:7                 MockNotificationLocalDataSource.getAllNotifications
  package:soloadventurer/features/notifications/data/repositories/notification_repository_impl.dart 146:43  NotificationRepositoryImpl.getStats
  test/features/notifications/data/repositories/notification_repository_impl_test.dart 482:40               main.<fn>.<fn>.<fn>
  

To run this test again: /opt/homebrew/Caskroom/flutter/3.32.5/flutter/bin/cache/dart-sdk/bin/dart test /Users/anthonyforan/SoloAdventurer_app/test/features/notifications/data/repositories/notification_repository_impl_test.dart -p vm --plain-name 'NotificationRepositoryImpl getStats should calculate statistics from all notifications'
01:24 +145 -88: /Users/anthonyforan/SoloAdventurer_app/test/features/notifications/data/repositories/notification_repository_impl_test.dart: ... getStats should group by category                     01:24 +145 -89: /Users/anthonyforan/SoloAdventurer_app/test/features/notifications/data/repositories/notification_repository_impl_test.dart: NotificationRepositoryImpl getStats should group by category [E]
  type 'Null' is not a subtype of type 'Future<List<NotificationModel>>'
  test/features/notifications/data/repositories/notification_repository_impl_test.dart 12:7                 MockNotificationLocalDataSource.getAllNotifications
  package:soloadventurer/features/notifications/data/repositories/notification_repository_impl.dart 146:43  NotificationRepositoryImpl.getStats
  test/features/notifications/data/repositories/notification_repository_impl_test.dart 511:40               main.<fn>.<fn>.<fn>
  

To run this test again: /opt/homebrew/Caskroom/flutter/3.32.5/flutter/bin/cache/dart-sdk/bin/dart test /Users/anthonyforan/SoloAdventurer_app/test/features/notifications/data/repositories/notification_repository_impl_test.dart -p vm --plain-name 'NotificationRepositoryImpl getStats should group by category'
01:24 +145 -89: /Users/anthonyforan/SoloAdventurer_app/test/features/notifications/data/repositories/notification_repository_impl_test.dart: ... should cancel all notifications for itinerary         01:24 +145 -90: /Users/anthonyforan/SoloAdventurer_app/test/features/notifications/data/repositories/notification_repository_impl_test.dart: NotificationRepositoryImpl cancelItineraryNotifications should cancel all notifications for itinerary [E]
  type 'Null' is not a subtype of type 'Future<List<NotificationModel>>'
  test/features/notifications/data/repositories/notification_repository_impl_test.dart 12:7                 MockNotificationLocalDataSource.getAllNotifications
  package:soloadventurer/features/notifications/data/repositories/notification_repository_impl.dart 184:43  NotificationRepositoryImpl.cancelItineraryNotifications
  test/features/notifications/data/repositories/notification_repository_impl_test.dart 535:26               main.<fn>.<fn>.<fn>
  

To run this test again: /opt/homebrew/Caskroom/flutter/3.32.5/flutter/bin/cache/dart-sdk/bin/dart test /Users/anthonyforan/SoloAdventurer_app/test/features/notifications/data/repositories/notification_repository_impl_test.dart -p vm --plain-name 'NotificationRepositoryImpl cancelItineraryNotifications should cancel all notifications for itinerary'
01:24 +145 -90: /Users/anthonyforan/SoloAdventurer_app/test/features/notifications/data/repositories/notification_repository_impl_test.dart: ... should handle empty notification list                 01:24 +145 -91: /Users/anthonyforan/SoloAdventurer_app/test/features/notifications/data/repositories/notification_repository_impl_test.dart: NotificationRepositoryImpl cancelItineraryNotifications should handle empty notification list [E]
  type 'Null' is not a subtype of type 'Future<List<NotificationModel>>'
  test/features/notifications/data/repositories/notification_repository_impl_test.dart 12:7                 MockNotificationLocalDataSource.getAllNotifications
  package:soloadventurer/features/notifications/data/repositories/notification_repository_impl.dart 184:43  NotificationRepositoryImpl.cancelItineraryNotifications
  test/features/notifications/data/repositories/notification_repository_impl_test.dart 549:26               main.<fn>.<fn>.<fn>
  

To run this test again: /opt/homebrew/Caskroom/flutter/3.32.5/flutter/bin/cache/dart-sdk/bin/dart test /Users/anthonyforan/SoloAdventurer_app/test/features/notifications/data/repositories/notification_repository_impl_test.dart -p vm --plain-name 'NotificationRepositoryImpl cancelItineraryNotifications should handle empty notification list'
01:24 +145 -91: /Users/anthonyforan/SoloAdventurer_app/test/features/notifications/data/repositories/notification_repository_impl_test.dart: ... should return true for flight check-in when enabled   01:24 +145 -92: /Users/anthonyforan/SoloAdventurer_app/test/features/notifications/data/repositories/notification_repository_impl_test.dart: NotificationRepositoryImpl isNotificationTypeEnabled should return true for flight check-in when enabled [E]
  type 'Null' is not a subtype of type 'Future<NotificationPreferencesModel>'
  test/features/notifications/data/repositories/notification_repository_impl_test.dart 12:7                 MockNotificationLocalDataSource.getPreferences
  package:soloadventurer/features/notifications/data/repositories/notification_repository_impl.dart 131:42  NotificationRepositoryImpl.getPreferences
  package:soloadventurer/features/notifications/data/repositories/notification_repository_impl.dart 199:25  NotificationRepositoryImpl.isNotificationTypeEnabled
  test/features/notifications/data/repositories/notification_repository_impl_test.dart 558:41               main.<fn>.<fn>.<fn>
  

To run this test again: /opt/homebrew/Caskroom/flutter/3.32.5/flutter/bin/cache/dart-sdk/bin/dart test /Users/anthonyforan/SoloAdventurer_app/test/features/notifications/data/repositories/notification_repository_impl_test.dart -p vm --plain-name 'NotificationRepositoryImpl isNotificationTypeEnabled should return true for flight check-in when enabled'
01:24 +145 -92: /Users/anthonyforan/SoloAdventurer_app/test/features/notifications/data/repositories/notification_repository_impl_test.dart: ... should return false for flight check-in when disabled 01:24 +145 -93: /Users/anthonyforan/SoloAdventurer_app/test/features/notifications/data/repositories/notification_repository_impl_test.dart: NotificationRepositoryImpl isNotificationTypeEnabled should return false for flight check-in when disabled [E]
  type 'Null' is not a subtype of type 'Future<NotificationPreferencesModel>'
  test/features/notifications/data/repositories/notification_repository_impl_test.dart 12:7                 MockNotificationLocalDataSource.getPreferences
  package:soloadventurer/features/notifications/data/repositories/notification_repository_impl.dart 131:42  NotificationRepositoryImpl.getPreferences
  package:soloadventurer/features/notifications/data/repositories/notification_repository_impl.dart 199:25  NotificationRepositoryImpl.isNotificationTypeEnabled
  test/features/notifications/data/repositories/notification_repository_impl_test.dart 575:41               main.<fn>.<fn>.<fn>
  

To run this test again: /opt/homebrew/Caskroom/flutter/3.32.5/flutter/bin/cache/dart-sdk/bin/dart test /Users/anthonyforan/SoloAdventurer_app/test/features/notifications/data/repositories/notification_repository_impl_test.dart -p vm --plain-name 'NotificationRepositoryImpl isNotificationTypeEnabled should return false for flight check-in when disabled'
01:24 +145 -93: /Users/anthonyforan/SoloAdventurer_app/test/features/notifications/data/repositories/notification_repository_impl_test.dart: ... should map weather alerts to correct preferences      01:24 +145 -94: /Users/anthonyforan/SoloAdventurer_app/test/features/notifications/data/repositories/notification_repository_impl_test.dart: NotificationRepositoryImpl isNotificationTypeEnabled should map weather alerts to correct preferences [E]
  type 'Null' is not a subtype of type 'Future<NotificationPreferencesModel>'
  test/features/notifications/data/repositories/notification_repository_impl_test.dart 12:7                 MockNotificationLocalDataSource.getPreferences
  package:soloadventurer/features/notifications/data/repositories/notification_repository_impl.dart 131:42  NotificationRepositoryImpl.getPreferences
  package:soloadventurer/features/notifications/data/repositories/notification_repository_impl.dart 199:25  NotificationRepositoryImpl.isNotificationTypeEnabled
  test/features/notifications/data/repositories/notification_repository_impl_test.dart 585:47               main.<fn>.<fn>.<fn>
  

To run this test again: /opt/homebrew/Caskroom/flutter/3.32.5/flutter/bin/cache/dart-sdk/bin/dart test /Users/anthonyforan/SoloAdventurer_app/test/features/notifications/data/repositories/notification_repository_impl_test.dart -p vm --plain-name 'NotificationRepositoryImpl isNotificationTypeEnabled should map weather alerts to correct preferences'
01:24 +145 -94: /Users/anthonyforan/SoloAdventurer_app/test/features/notifications/data/repositories/notification_repository_impl_test.dart: ... should map safety alerts to correct preferences       01:24 +145 -95: /Users/anthonyforan/SoloAdventurer_app/test/features/notifications/data/repositories/notification_repository_impl_test.dart: NotificationRepositoryImpl isNotificationTypeEnabled should map safety alerts to correct preferences [E]
  type 'Null' is not a subtype of type 'Future<NotificationPreferencesModel>'
  test/features/notifications/data/repositories/notification_repository_impl_test.dart 12:7                 MockNotificationLocalDataSource.getPreferences
  package:soloadventurer/features/notifications/data/repositories/notification_repository_impl.dart 131:42  NotificationRepositoryImpl.getPreferences
  package:soloadventurer/features/notifications/data/repositories/notification_repository_impl.dart 199:25  NotificationRepositoryImpl.isNotificationTypeEnabled
  test/features/notifications/data/repositories/notification_repository_impl_test.dart 595:41               main.<fn>.<fn>.<fn>
  

To run this test again: /opt/homebrew/Caskroom/flutter/3.32.5/flutter/bin/cache/dart-sdk/bin/dart test /Users/anthonyforan/SoloAdventurer_app/test/features/notifications/data/repositories/notification_repository_impl_test.dart -p vm --plain-name 'NotificationRepositoryImpl isNotificationTypeEnabled should map safety alerts to correct preferences'
01:24 +145 -95: /Users/anthonyforan/SoloAdventurer_app/test/features/notifications/data/repositories/notification_repository_impl_test.dart: ... should create and send test notification              01:24 +145 -96: /Users/anthonyforan/SoloAdventurer_app/test/features/notifications/data/repositories/notification_repository_impl_test.dart: NotificationRepositoryImpl sendTestNotification should create and send test notification [E]
  type 'Null' is not a subtype of type 'Future<NotificationPreferencesModel>'
  test/features/notifications/data/repositories/notification_repository_impl_test.dart 12:7                 MockNotificationLocalDataSource.getPreferences
  package:soloadventurer/features/notifications/data/repositories/notification_repository_impl.dart 131:42  NotificationRepositoryImpl.getPreferences
  package:soloadventurer/features/notifications/data/repositories/notification_repository_impl.dart 45:25   NotificationRepositoryImpl.sendNow
  package:soloadventurer/features/notifications/data/repositories/notification_repository_impl.dart 241:11  NotificationRepositoryImpl.sendTestNotification
  test/features/notifications/data/repositories/notification_repository_impl_test.dart 607:26               main.<fn>.<fn>.<fn>
  

To run this test again: /opt/homebrew/Caskroom/flutter/3.32.5/flutter/bin/cache/dart-sdk/bin/dart test /Users/anthonyforan/SoloAdventurer_app/test/features/notifications/data/repositories/notification_repository_impl_test.dart -p vm --plain-name 'NotificationRepositoryImpl sendTestNotification should create and send test notification'
01:24 +145 -96: /Users/anthonyforan/SoloAdventurer_app/test/features/notifications/data/repositories/notification_repository_impl_test.dart: ... should be a no-op method                              01:24 +145 -97: /Users/anthonyforan/SoloAdventurer_app/test/features/notifications/data/repositories/notification_repository_impl_test.dart: NotificationRepositoryImpl scheduleItineraryNotifications should be a no-op method [E]
  Bad state: Verification appears to be in progress. 11 verify calls have been stored. [VerifyCall<mock: MockNotificationLocalDataSource, memberName: Symbol("clearAllNotifications")>, ..., VerifyCall<mock: MockNotificationLocalDataSource, memberName: Symbol("getPreferences")>]
  package:mocktail/src/mocktail.dart 497:5                                                    _makeVerify
  package:mocktail/src/mocktail.dart 349:27                                                   verifyNever
  test/features/notifications/data/repositories/notification_repository_impl_test.dart 619:9  main.<fn>.<fn>.<fn>
  

To run this test again: /opt/homebrew/Caskroom/flutter/3.32.5/flutter/bin/cache/dart-sdk/bin/dart test /Users/anthonyforan/SoloAdventurer_app/test/features/notifications/data/repositories/notification_repository_impl_test.dart -p vm --plain-name 'NotificationRepositoryImpl scheduleItineraryNotifications should be a no-op method'
01:24 +145 -97: /Users/anthonyforan/SoloAdventurer_app/test/features/notifications/data/repositories/notification_repository_impl_test.dart: ... - Edge Cases should handle empty history gracefully   01:24 +145 -98: /Users/anthonyforan/SoloAdventurer_app/test/features/notifications/data/repositories/notification_repository_impl_test.dart: NotificationRepositoryImpl - Edge Cases should handle empty history gracefully [E]
  type 'Null' is not a subtype of type 'Future<List<NotificationModel>>'
  test/features/notifications/data/repositories/notification_repository_impl_test.dart 12:7                MockNotificationLocalDataSource.getNotifications
  package:soloadventurer/features/notifications/data/repositories/notification_repository_impl.dart 96:43  NotificationRepositoryImpl.getHistory
  test/features/notifications/data/repositories/notification_repository_impl_test.dart 636:39              main.<fn>.<fn>
  

To run this test again: /opt/homebrew/Caskroom/flutter/3.32.5/flutter/bin/cache/dart-sdk/bin/dart test /Users/anthonyforan/SoloAdventurer_app/test/features/notifications/data/repositories/notification_repository_impl_test.dart -p vm --plain-name 'NotificationRepositoryImpl - Edge Cases should handle empty history gracefully'
01:24 +145 -98: /Users/anthonyforan/SoloAdventurer_app/test/features/notifications/data/repositories/notification_repository_impl_test.dart: ... - Edge Cases should handle empty unread list          01:24 +145 -99: /Users/anthonyforan/SoloAdventurer_app/test/features/notifications/data/repositories/notification_repository_impl_test.dart: NotificationRepositoryImpl - Edge Cases should handle empty unread list [E]
  type 'Null' is not a subtype of type 'Future<List<NotificationModel>>'
  test/features/notifications/data/repositories/notification_repository_impl_test.dart 12:7                 MockNotificationLocalDataSource.getUnreadNotifications
  package:soloadventurer/features/notifications/data/repositories/notification_repository_impl.dart 111:43  NotificationRepositoryImpl.getUnread
  test/features/notifications/data/repositories/notification_repository_impl_test.dart 648:39               main.<fn>.<fn>
  

To run this test again: /opt/homebrew/Caskroom/flutter/3.32.5/flutter/bin/cache/dart-sdk/bin/dart test /Users/anthonyforan/SoloAdventurer_app/test/features/notifications/data/repositories/notification_repository_impl_test.dart -p vm --plain-name 'NotificationRepositoryImpl - Edge Cases should handle empty unread list'
01:24 +145 -99: /Users/anthonyforan/SoloAdventurer_app/test/features/notifications/data/repositories/notification_repository_impl_test.dart: ... calculate zero stats for empty notification list      01:24 +145 -100: /Users/anthonyforan/SoloAdventurer_app/test/features/notifications/data/repositories/notification_repository_impl_test.dart: NotificationRepositoryImpl - Edge Cases should calculate zero stats for empty notification list [E]
  type 'Null' is not a subtype of type 'Future<List<NotificationModel>>'
  test/features/notifications/data/repositories/notification_repository_impl_test.dart 12:7                 MockNotificationLocalDataSource.getAllNotifications
  package:soloadventurer/features/notifications/data/repositories/notification_repository_impl.dart 146:43  NotificationRepositoryImpl.getStats
  test/features/notifications/data/repositories/notification_repository_impl_test.dart 660:38               main.<fn>.<fn>
  

To run this test again: /opt/homebrew/Caskroom/flutter/3.32.5/flutter/bin/cache/dart-sdk/bin/dart test /Users/anthonyforan/SoloAdventurer_app/test/features/notifications/data/repositories/notification_repository_impl_test.dart -p vm --plain-name 'NotificationRepositoryImpl - Edge Cases should calculate zero stats for empty notification list'
01:24 +145 -100: /Users/anthonyforan/SoloAdventurer_app/test/features/notifications/data/repositories/notification_repository_impl_test.dart: ... should handle null data field in notification model  01:24 +145 -101: /Users/anthonyforan/SoloAdventurer_app/test/features/notifications/data/repositories/notification_repository_impl_test.dart: NotificationRepositoryImpl - Edge Cases should handle null data field in notification model [E]
  type 'Null' is not a subtype of type 'Future<List<NotificationModel>>'
  test/features/notifications/data/repositories/notification_repository_impl_test.dart 12:7                 MockNotificationLocalDataSource.getAllNotifications
  package:soloadventurer/features/notifications/data/repositories/notification_repository_impl.dart 146:43  NotificationRepositoryImpl.getStats
  test/features/notifications/data/repositories/notification_repository_impl_test.dart 679:38               main.<fn>.<fn>
  

To run this test again: /opt/homebrew/Caskroom/flutter/3.32.5/flutter/bin/cache/dart-sdk/bin/dart test /Users/anthonyforan/SoloAdventurer_app/test/features/notifications/data/repositories/notification_repository_impl_test.dart -p vm --plain-name 'NotificationRepositoryImpl - Edge Cases should handle null data field in notification model'
lib/features/onboarding/data/services/itinerary_generation_service.dart:59:3: Error: Type 'Ref' not found.
  Ref ref,
  ^^^
lib/features/onboarding/data/services/itinerary_generation_service.dart:59:3: Error: 'Ref' isn't a type.
  Ref ref,
  ^^^
01:24 +145 -102: loading /Users/anthonyforan/SoloAdventurer_app/test/features/onboarding/data/services/itinerary_generation_service_test.dart [E]                                                      
  Failed to load "/Users/anthonyforan/SoloAdventurer_app/test/features/onboarding/data/services/itinerary_generation_service_test.dart":
  Compilation failed for testPath=/Users/anthonyforan/SoloAdventurer_app/test/features/onboarding/data/services/itinerary_generation_service_test.dart: lib/features/onboarding/data/services/itinerary_generation_service.dart:59:3: Error: Type 'Ref' not found.
    Ref ref,
    ^^^
  lib/features/onboarding/data/services/itinerary_generation_service.dart:59:3: Error: 'Ref' isn't a type.
    Ref ref,
    ^^^
  .

To run this test again: /opt/homebrew/Caskroom/flutter/3.32.5/flutter/bin/cache/dart-sdk/bin/dart test /Users/anthonyforan/SoloAdventurer_app/test/features/onboarding/data/services/itinerary_generation_service_test.dart -p vm --plain-name 'loading /Users/anthonyforan/SoloAdventurer_app/test/features/onboarding/data/services/itinerary_generation_service_test.dart'
test/features/onboarding/domain/usecases/generate_starter_itinerary_test.dart:297:50: Error: No named parameter with the name 'budget'.
          final data = createValidOnboardingData(budget: budget);
                                                 ^^^^^^
01:25 +145 -103: loading /Users/anthonyforan/SoloAdventurer_app/test/features/onboarding/domain/usecases/generate_starter_itinerary_test.dart [E]                                                      
  Failed to load "/Users/anthonyforan/SoloAdventurer_app/test/features/onboarding/domain/usecases/generate_starter_itinerary_test.dart":
  Compilation failed for testPath=/Users/anthonyforan/SoloAdventurer_app/test/features/onboarding/domain/usecases/generate_starter_itinerary_test.dart: test/features/onboarding/domain/usecases/generate_starter_itinerary_test.dart:297:50: Error: No named parameter with the name 'budget'.
            final data = createValidOnboardingData(budget: budget);
                                                   ^^^^^^
  .

To run this test again: /opt/homebrew/Caskroom/flutter/3.32.5/flutter/bin/cache/dart-sdk/bin/dart test /Users/anthonyforan/SoloAdventurer_app/test/features/onboarding/domain/usecases/generate_starter_itinerary_test.dart -p vm --plain-name 'loading /Users/anthonyforan/SoloAdventurer_app/test/features/onboarding/domain/usecases/generate_starter_itinerary_test.dart'
/Users/anthonyforan/SoloAdventurer_app/.dart_tool/package_config.json does not exist.
Did you run this command from the same directory as your pubspec.yaml file?
01:27 +145 -103: loading /Users/anthonyforan/SoloAdventurer_app/test/features/onboarding/domain/entities/travel_interest_test.dart                                                                     01:27 +145 -103: /Users/anthonyforan/SoloAdventurer_app/test/features/onboarding/domain/entities/travel_interest_test.dart: TravelInterest Enum values should have all expected values                 01:27 +146 -103: /Users/anthonyforan/SoloAdventurer_app/test/features/onboarding/domain/entities/travel_interest_test.dart: TravelInterest Enum values should have all expected values                 01:27 +146 -103: /Users/anthonyforan/SoloAdventurer_app/test/features/onboarding/domain/entities/travel_interest_test.dart: TravelInterest Properties should have correct labels for all interests     01:27 +147 -103: /Users/anthonyforan/SoloAdventurer_app/test/features/onboarding/domain/entities/travel_interest_test.dart: TravelInterest Properties should have correct labels for all interests     01:27 +147 -103: /Users/anthonyforan/SoloAdventurer_app/test/features/onboarding/domain/entities/travel_interest_test.dart: TravelInterest Properties should have unique emojis for all interests      01:27 +148 -103: /Users/anthonyforan/SoloAdventurer_app/test/features/onboarding/domain/entities/travel_interest_test.dart: TravelInterest Properties should have unique emojis for all interests      01:27 +148 -103: /Users/anthonyforan/SoloAdventurer_app/test/features/onboarding/domain/entities/travel_interest_test.dart: TravelInterest Properties should have unique labels for all interests      01:27 +149 -103: /Users/anthonyforan/SoloAdventurer_app/test/features/onboarding/domain/entities/travel_interest_test.dart: TravelInterest Properties should have unique labels for all interests      01:27 +149 -103: /Users/anthonyforan/SoloAdventurer_app/test/features/onboarding/domain/entities/travel_interest_test.dart: TravelInterest Properties should have valid emoji strings                  01:27 +150 -103: /Users/anthonyforan/SoloAdventurer_app/test/features/onboarding/domain/entities/travel_interest_test.dart: TravelInterest Properties should have valid emoji strings                  01:27 +150 -103: /Users/anthonyforan/SoloAdventurer_app/test/features/onboarding/domain/entities/travel_interest_test.dart: ... Display formatting should format displayName with emoji and label      01:27 +151 -103: /Users/anthonyforan/SoloAdventurer_app/test/features/onboarding/domain/entities/travel_interest_test.dart: ... Display formatting should format displayName with emoji and label      01:27 +151 -103: /Users/anthonyforan/SoloAdventurer_app/test/features/onboarding/domain/entities/travel_interest_test.dart: TravelInterest Display formatting should provide emoji for UI rendering    01:27 +152 -103: /Users/anthonyforan/SoloAdventurer_app/test/features/onboarding/domain/entities/travel_interest_test.dart: TravelInterest Display formatting should provide emoji for UI rendering    01:27 +152 -103: /Users/anthonyforan/SoloAdventurer_app/test/features/onboarding/domain/entities/travel_interest_test.dart: TravelInterest Grouping can be used in Sets for selection tracking         01:27 +153 -103: /Users/anthonyforan/SoloAdventurer_app/test/features/onboarding/domain/entities/travel_interest_test.dart: TravelInterest Grouping can be used in Sets for selection tracking         01:27 +153 -103: /Users/anthonyforan/SoloAdventurer_app/test/features/onboarding/domain/entities/travel_interest_test.dart: TravelInterest Grouping can be iterated in sorted order                    01:27 +154 -103: /Users/anthonyforan/SoloAdventurer_app/test/features/onboarding/domain/entities/travel_interest_test.dart: TravelInterest Grouping can be iterated in sorted order                    01:27 +154 -103: /Users/anthonyforan/SoloAdventurer_app/test/features/onboarding/domain/entities/travel_interest_test.dart: TravelInterest Value equality enum values should be equal to themselves    01:27 +155 -103: /Users/anthonyforan/SoloAdventurer_app/test/features/onboarding/domain/entities/travel_interest_test.dart: TravelInterest Value equality enum values should be equal to themselves    01:27 +155 -103: /Users/anthonyforan/SoloAdventurer_app/test/features/onboarding/domain/entities/travel_interest_test.dart: ... Value equality enum values should not be equal to other values         01:27 +156 -103: /Users/anthonyforan/SoloAdventurer_app/test/features/onboarding/domain/entities/travel_interest_test.dart: ... Value equality enum values should not be equal to other values         01:27 +156 -103: /Users/anthonyforan/SoloAdventurer_app/test/features/onboarding/domain/entities/travel_interest_test.dart: TravelInterest Value equality index values should be unique                01:27 +157 -103: /Users/anthonyforan/SoloAdventurer_app/test/features/onboarding/domain/entities/travel_interest_test.dart: TravelInterest Value equality index values should be unique                01:27 +157 -103: /Users/anthonyforan/SoloAdventurer_app/test/features/onboarding/domain/entities/travel_interest_test.dart: TravelInterest Serialization should be serializable by name                01:27 +158 -103: /Users/anthonyforan/SoloAdventurer_app/test/features/onboarding/domain/entities/travel_interest_test.dart: TravelInterest Serialization should be serializable by name                01:27 +158 -103: /Users/anthonyforan/SoloAdventurer_app/test/features/onboarding/domain/entities/travel_interest_test.dart: TravelInterest Serialization should handle invalid names gracefully        01:27 +159 -103: /Users/anthonyforan/SoloAdventurer_app/test/features/onboarding/domain/entities/travel_interest_test.dart: TravelInterest Serialization should handle invalid names gracefully        01:27 +159 -103: /Users/anthonyforan/SoloAdventurer_app/test/features/onboarding/domain/entities/travel_interest_test.dart: TravelInterest Practical usage should limit selection to 5 interests max   01:27 +160 -103: /Users/anthonyforan/SoloAdventurer_app/test/features/onboarding/domain/entities/travel_interest_test.dart: TravelInterest Practical usage should limit selection to 5 interests max   01:27 +160 -103: /Users/anthonyforan/SoloAdventurer_app/test/features/onboarding/domain/entities/travel_interest_test.dart: TravelInterest Practical usage should support filtering by categories      01:27 +161 -103: /Users/anthonyforan/SoloAdventurer_app/test/features/onboarding/domain/entities/travel_interest_test.dart: TravelInterest Practical usage should support filtering by categories      01:27 +161 -103: /Users/anthonyforan/SoloAdventurer_app/test/features/onboarding/domain/entities/travel_interest_test.dart: TravelInterest Practical usage should support common selection patterns    01:27 +162 -103: /Users/anthonyforan/SoloAdventurer_app/test/features/onboarding/domain/entities/travel_interest_test.dart: TravelInterest Practical usage should support common selection patterns    01:28 +162 -103: /Users/anthonyforan/SoloAdventurer_app/test/features/onboarding/domain/entities/travel_interest_test.dart: TravelInterest Practical usage should support common selection patterns    01:29 +162 -103: /Users/anthonyforan/SoloAdventurer_app/test/features/onboarding/domain/entities/travel_interest_test.dart: TravelInterest Practical usage should support common selection patterns    01:30 +162 -103: /Users/anthonyforan/SoloAdventurer_app/test/features/onboarding/domain/entities/travel_interest_test.dart: TravelInterest Practical usage should support common selection patterns    01:31 +162 -103: /Users/anthonyforan/SoloAdventurer_app/test/features/onboarding/domain/entities/travel_interest_test.dart: TravelInterest Practical usage should support common selection patterns    01:32 +162 -103: /Users/anthonyforan/SoloAdventurer_app/test/features/onboarding/domain/entities/travel_interest_test.dart: TravelInterest Practical usage should support common selection patterns    01:33 +162 -103: /Users/anthonyforan/SoloAdventurer_app/test/features/onboarding/domain/entities/travel_interest_test.dart: TravelInterest Practical usage should support common selection patterns    01:34 +162 -103: /Users/anthonyforan/SoloAdventurer_app/test/features/onboarding/domain/entities/travel_interest_test.dart: TravelInterest Practical usage should support common selection patterns    01:35 +162 -103: /Users/anthonyforan/SoloAdventurer_app/test/features/onboarding/domain/entities/travel_interest_test.dart: TravelInterest Practical usage should support common selection patterns    01:36 +162 -103: /Users/anthonyforan/SoloAdventurer_app/test/features/onboarding/domain/entities/travel_interest_test.dart: TravelInterest Practical usage should support common selection patterns    01:37 +162 -103: /Users/anthonyforan/SoloAdventurer_app/test/features/onboarding/domain/entities/travel_interest_test.dart: TravelInterest Practical usage should support common selection patterns    01:38 +162 -103: /Users/anthonyforan/SoloAdventurer_app/test/features/onboarding/domain/entities/travel_interest_test.dart: TravelInterest Practical usage should support common selection patterns    01:39 +162 -103: /Users/anthonyforan/SoloAdventurer_app/test/features/onboarding/domain/entities/travel_interest_test.dart: TravelInterest Practical usage should support common selection patterns    01:40 +162 -103: /Users/anthonyforan/SoloAdventurer_app/test/features/onboarding/domain/entities/travel_interest_test.dart: TravelInterest Practical usage should support common selection patterns    01:41 +162 -103: /Users/anthonyforan/SoloAdventurer_app/test/features/onboarding/domain/entities/travel_interest_test.dart: TravelInterest Practical usage should support common selection patterns    01:42 +162 -103: /Users/anthonyforan/SoloAdventurer_app/test/features/onboarding/domain/entities/travel_interest_test.dart: TravelInterest Practical usage should support common selection patterns    01:43 +162 -103: /Users/anthonyforan/SoloAdventurer_app/test/features/onboarding/domain/entities/travel_interest_test.dart: TravelInterest Practical usage should support common selection patterns    01:44 +162 -103: /Users/anthonyforan/SoloAdventurer_app/test/features/onboarding/domain/entities/travel_interest_test.dart: TravelInterest Practical usage should support common selection patterns    01:45 +162 -103: /Users/anthonyforan/SoloAdventurer_app/test/features/onboarding/domain/entities/travel_interest_test.dart: TravelInterest Practical usage should support common selection patterns    01:46 +162 -103: /Users/anthonyforan/SoloAdventurer_app/test/features/onboarding/domain/entities/travel_interest_test.dart: TravelInterest Practical usage should support common selection patterns    01:47 +162 -103: /Users/anthonyforan/SoloAdventurer_app/test/features/onboarding/domain/entities/travel_interest_test.dart: TravelInterest Practical usage should support common selection patterns    01:48 +162 -103: /Users/anthonyforan/SoloAdventurer_app/test/features/onboarding/domain/entities/travel_interest_test.dart: TravelInterest Practical usage should support common selection patterns    01:49 +162 -103: /Users/anthonyforan/SoloAdventurer_app/test/features/onboarding/domain/entities/travel_interest_test.dart: TravelInterest Practical usage should support common selection patterns    01:50 +162 -103: /Users/anthonyforan/SoloAdventurer_app/test/features/onboarding/domain/entities/travel_interest_test.dart: TravelInterest Practical usage should support common selection patterns    01:51 +162 -103: /Users/anthonyforan/SoloAdventurer_app/test/features/onboarding/domain/entities/travel_interest_test.dart: TravelInterest Practical usage should support common selection patterns    01:52 +162 -103: /Users/anthonyforan/SoloAdventurer_app/test/features/onboarding/domain/entities/travel_interest_test.dart: TravelInterest Practical usage should support common selection patterns    01:53 +162 -103: /Users/anthonyforan/SoloAdventurer_app/test/features/onboarding/domain/entities/travel_interest_test.dart: TravelInterest Practical usage should support common selection patterns    01:54 +162 -103: /Users/anthonyforan/SoloAdventurer_app/test/features/onboarding/domain/entities/travel_interest_test.dart: TravelInterest Practical usage should support common selection patterns    01:55 +162 -103: /Users/anthonyforan/SoloAdventurer_app/test/features/onboarding/domain/entities/travel_interest_test.dart: TravelInterest Practical usage should support common selection patterns    01:56 +162 -103: /Users/anthonyforan/SoloAdventurer_app/test/features/onboarding/domain/entities/travel_interest_test.dart: TravelInterest Practical usage should support common selection patterns    01:57 +162 -103: /Users/anthonyforan/SoloAdventurer_app/test/features/onboarding/domain/entities/travel_interest_test.dart: TravelInterest Practical usage should support common selection patterns    01:58 +162 -103: /Users/anthonyforan/SoloAdventurer_app/test/features/onboarding/domain/entities/travel_interest_test.dart: TravelInterest Practical usage should support common selection patterns    01:59 +162 -103: /Users/anthonyforan/SoloAdventurer_app/test/features/onboarding/domain/entities/travel_interest_test.dart: TravelInterest Practical usage should support common selection patterns    02:00 +162 -103: /Users/anthonyforan/SoloAdventurer_app/test/features/onboarding/domain/entities/travel_interest_test.dart: TravelInterest Practical usage should support common selection patterns    02:01 +162 -103: /Users/anthonyforan/SoloAdventurer_app/test/features/onboarding/domain/entities/travel_interest_test.dart: TravelInterest Practical usage should support common selection patterns    02:02 +162 -103: /Users/anthonyforan/SoloAdventurer_app/test/features/onboarding/domain/entities/travel_interest_test.dart: TravelInterest Practical usage should support common selection patterns    02:03 +162 -103: /Users/anthonyforan/SoloAdventurer_app/test/features/onboarding/domain/entities/travel_interest_test.dart: TravelInterest Practical usage should support common selection patterns    02:04 +162 -103: /Users/anthonyforan/SoloAdventurer_app/test/features/onboarding/domain/entities/travel_interest_test.dart: TravelInterest Practical usage should support common selection patterns    02:05 +162 -103: /Users/anthonyforan/SoloAdventurer_app/test/features/onboarding/domain/entities/travel_interest_test.dart: TravelInterest Practical usage should support common selection patterns    02:06 +162 -103: /Users/anthonyforan/SoloAdventurer_app/test/features/onboarding/domain/entities/travel_interest_test.dart: TravelInterest Practical usage should support common selection patterns    02:07 +162 -103: /Users/anthonyforan/SoloAdventurer_app/test/features/onboarding/domain/entities/travel_interest_test.dart: TravelInterest Practical usage should support common selection patterns    02:08 +162 -103: /Users/anthonyforan/SoloAdventurer_app/test/features/onboarding/domain/entities/travel_interest_test.dart: TravelInterest Practical usage should support common selection patterns    02:09 +162 -103: /Users/anthonyforan/SoloAdventurer_app/test/features/onboarding/domain/entities/travel_interest_test.dart: TravelInterest Practical usage should support common selection patterns    02:10 +162 -103: /Users/anthonyforan/SoloAdventurer_app/test/features/onboarding/domain/entities/travel_interest_test.dart: TravelInterest Practical usage should support common selection patterns    02:11 +162 -103: /Users/anthonyforan/SoloAdventurer_app/test/features/onboarding/domain/entities/travel_interest_test.dart: TravelInterest Practical usage should support common selection patterns    02:12 +162 -103: /Users/anthonyforan/SoloAdventurer_app/test/features/onboarding/domain/entities/travel_interest_test.dart: TravelInterest Practical usage should support common selection patterns    02:13 +162 -103: /Users/anthonyforan/SoloAdventurer_app/test/features/onboarding/domain/entities/travel_interest_test.dart: TravelInterest Practical usage should support common selection patterns    02:14 +162 -103: /Users/anthonyforan/SoloAdventurer_app/test/features/onboarding/domain/entities/travel_interest_test.dart: TravelInterest Practical usage should support common selection patterns    02:15 +162 -103: /Users/anthonyforan/SoloAdventurer_app/test/features/onboarding/domain/entities/travel_interest_test.dart: TravelInterest Practical usage should support common selection patterns    02:16 +162 -103: /Users/anthonyforan/SoloAdventurer_app/test/features/onboarding/domain/entities/travel_interest_test.dart: TravelInterest Practical usage should support common selection patterns    02:17 +162 -103: /Users/anthonyforan/SoloAdventurer_app/test/features/onboarding/domain/entities/travel_interest_test.dart: TravelInterest Practical usage should support common selection patterns    02:18 +162 -103: /Users/anthonyforan/SoloAdventurer_app/test/features/onboarding/domain/entities/travel_interest_test.dart: TravelInterest Practical usage should support common selection patterns    02:19 +162 -103: /Users/anthonyforan/SoloAdventurer_app/test/features/onboarding/domain/entities/travel_interest_test.dart: TravelInterest Practical usage should support common selection patterns    02:20 +162 -103: /Users/anthonyforan/SoloAdventurer_app/test/features/onboarding/domain/entities/travel_interest_test.dart: TravelInterest Practical usage should support common selection patterns    02:21 +162 -103: /Users/anthonyforan/SoloAdventurer_app/test/features/onboarding/domain/entities/travel_interest_test.dart: TravelInterest Practical usage should support common selection patterns    02:22 +162 -103: /Users/anthonyforan/SoloAdventurer_app/test/features/onboarding/domain/entities/travel_interest_test.dart: TravelInterest Practical usage should support common selection patterns    02:23 +162 -103: /Users/anthonyforan/SoloAdventurer_app/test/features/onboarding/domain/entities/travel_interest_test.dart: TravelInterest Practical usage should support common selection patterns    02:24 +162 -103: /Users/anthonyforan/SoloAdventurer_app/test/features/onboarding/domain/entities/travel_interest_test.dart: TravelInterest Practical usage should support common selection patterns    02:25 +162 -103: /Users/anthonyforan/SoloAdventurer_app/test/features/onboarding/domain/entities/travel_interest_test.dart: TravelInterest Practical usage should support common selection patterns    02:26 +162 -103: /Users/anthonyforan/SoloAdventurer_app/test/features/onboarding/domain/entities/travel_interest_test.dart: TravelInterest Practical usage should support common selection patterns    02:27 +162 -103: /Users/anthonyforan/SoloAdventurer_app/test/features/onboarding/domain/entities/travel_interest_test.dart: TravelInterest Practical usage should support common selection patterns    02:28 +162 -103: /Users/anthonyforan/SoloAdventurer_app/test/features/onboarding/domain/entities/travel_interest_test.dart: TravelInterest Practical usage should support common selection patterns    02:29 +162 -103: /Users/anthonyforan/SoloAdventurer_app/test/features/onboarding/domain/entities/travel_interest_test.dart: TravelInterest Practical usage should support common selection patterns    02:30 +162 -103: /Users/anthonyforan/SoloAdventurer_app/test/features/onboarding/domain/entities/travel_interest_test.dart: TravelInterest Practical usage should support common selection patterns    02:31 +162 -103: /Users/anthonyforan/SoloAdventurer_app/test/features/onboarding/domain/entities/travel_interest_test.dart: TravelInterest Practical usage should support common selection patterns    02:32 +162 -103: /Users/anthonyforan/SoloAdventurer_app/test/features/onboarding/domain/entities/travel_interest_test.dart: TravelInterest Practical usage should support common selection patterns    02:33 +162 -103: /Users/anthonyforan/SoloAdventurer_app/test/features/onboarding/domain/entities/travel_interest_test.dart: TravelInterest Practical usage should support common selection patterns    02:34 +162 -103: /Users/anthonyforan/SoloAdventurer_app/test/features/onboarding/domain/entities/travel_interest_test.dart: TravelInterest Practical usage should support common selection patterns    02:35 +162 -103: /Users/anthonyforan/SoloAdventurer_app/test/features/onboarding/domain/entities/travel_interest_test.dart: TravelInterest Practical usage should support common selection patterns    02:36 +162 -103: /Users/anthonyforan/SoloAdventurer_app/test/features/onboarding/domain/entities/travel_interest_test.dart: TravelInterest Practical usage should support common selection patterns    02:37 +162 -103: /Users/anthonyforan/SoloAdventurer_app/test/features/onboarding/domain/entities/travel_interest_test.dart: TravelInterest Practical usage should support common selection patterns    02:38 +162 -103: /Users/anthonyforan/SoloAdventurer_app/test/features/onboarding/domain/entities/travel_interest_test.dart: TravelInterest Practical usage should support common selection patterns    02:39 +162 -103: /Users/anthonyforan/SoloAdventurer_app/test/features/onboarding/domain/entities/travel_interest_test.dart: TravelInterest Practical usage should support common selection patterns    02:40 +162 -103: /Users/anthonyforan/SoloAdventurer_app/test/features/onboarding/domain/entities/travel_interest_test.dart: TravelInterest Practical usage should support common selection patterns    02:41 +162 -103: /Users/anthonyforan/SoloAdventurer_app/test/features/onboarding/domain/entities/travel_interest_test.dart: TravelInterest Practical usage should support common selection patterns    02:42 +162 -103: /Users/anthonyforan/SoloAdventurer_app/test/features/onboarding/domain/entities/travel_interest_test.dart: TravelInterest Practical usage should support common selection patterns    02:43 +162 -103: /Users/anthonyforan/SoloAdventurer_app/test/features/onboarding/domain/entities/travel_interest_test.dart: TravelInterest Practical usage should support common selection patterns    02:44 +162 -103: /Users/anthonyforan/SoloAdventurer_app/test/features/onboarding/domain/entities/travel_interest_test.dart: TravelInterest Practical usage should support common selection patterns    02:45 +162 -103: /Users/anthonyforan/SoloAdventurer_app/test/features/onboarding/domain/entities/travel_interest_test.dart: TravelInterest Practical usage should support common selection patterns    02:46 +162 -103: /Users/anthonyforan/SoloAdventurer_app/test/features/onboarding/domain/entities/travel_interest_test.dart: TravelInterest Practical usage should support common selection patterns    02:47 +162 -103: /Users/anthonyforan/SoloAdventurer_app/test/features/onboarding/domain/entities/travel_interest_test.dart: TravelInterest Practical usage should support common selection patterns    02:48 +162 -103: /Users/anthonyforan/SoloAdventurer_app/test/features/onboarding/domain/entities/travel_interest_test.dart: TravelInterest Practical usage should support common selection patterns    02:49 +162 -103: /Users/anthonyforan/SoloAdventurer_app/test/features/onboarding/domain/entities/travel_interest_test.dart: TravelInterest Practical usage should support common selection patterns    02:50 +162 -103: /Users/anthonyforan/SoloAdventurer_app/test/features/onboarding/domain/entities/travel_interest_test.dart: TravelInterest Practical usage should support common selection patterns    02:51 +162 -103: /Users/anthonyforan/SoloAdventurer_app/test/features/onboarding/domain/entities/travel_interest_test.dart: TravelInterest Practical usage should support common selection patterns    02:52 +162 -103: /Users/anthonyforan/SoloAdventurer_app/test/features/onboarding/domain/entities/travel_interest_test.dart: TravelInterest Practical usage should support common selection patterns    02:53 +162 -103: /Users/anthonyforan/SoloAdventurer_app/test/features/onboarding/domain/entities/travel_interest_test.dart: TravelInterest Practical usage should support common selection patterns    02:54 +162 -103: /Users/anthonyforan/SoloAdventurer_app/test/features/onboarding/domain/entities/travel_interest_test.dart: TravelInterest Practical usage should support common selection patterns    02:55 +162 -103: /Users/anthonyforan/SoloAdventurer_app/test/features/onboarding/domain/entities/travel_interest_test.dart: TravelInterest Practical usage should support common selection patterns    02:56 +162 -103: /Users/anthonyforan/SoloAdventurer_app/test/features/onboarding/domain/entities/travel_interest_test.dart: TravelInterest Practical usage should support common selection patterns    02:57 +162 -103: /Users/anthonyforan/SoloAdventurer_app/test/features/onboarding/domain/entities/travel_interest_test.dart: TravelInterest Practical usage should support common selection patterns    02:58 +162 -103: /Users/anthonyforan/SoloAdventurer_app/test/features/onboarding/domain/entities/travel_interest_test.dart: TravelInterest Practical usage should support common selection patterns    02:59 +162 -103: /Users/anthonyforan/SoloAdventurer_app/test/features/onboarding/domain/entities/travel_interest_test.dart: TravelInterest Practical usage should support common selection patterns    03:00 +162 -103: /Users/anthonyforan/SoloAdventurer_app/test/features/onboarding/domain/entities/travel_interest_test.dart: TravelInterest Practical usage should support common selection patterns    03:01 +162 -103: /Users/anthonyforan/SoloAdventurer_app/test/features/onboarding/domain/entities/travel_interest_test.dart: TravelInterest Practical usage should support common selection patterns    03:02 +162 -103: /Users/anthonyforan/SoloAdventurer_app/test/features/onboarding/domain/entities/travel_interest_test.dart: TravelInterest Practical usage should support common selection patterns    03:03 +162 -103: /Users/anthonyforan/SoloAdventurer_app/test/features/onboarding/domain/entities/travel_interest_test.dart: TravelInterest Practical usage should support common selection patterns    03:04 +162 -103: /Users/anthonyforan/SoloAdventurer_app/test/features/onboarding/domain/entities/travel_interest_test.dart: TravelInterest Practical usage should support common selection patterns    03:05 +162 -103: /Users/anthonyforan/SoloAdventurer_app/test/features/onboarding/domain/entities/travel_interest_test.dart: TravelInterest Practical usage should support common selection patterns    03:06 +162 -103: /Users/anthonyforan/SoloAdventurer_app/test/features/onboarding/domain/entities/travel_interest_test.dart: TravelInterest Practical usage should support common selection patterns    03:07 +162 -103: /Users/anthonyforan/SoloAdventurer_app/test/features/onboarding/domain/entities/travel_interest_test.dart: TravelInterest Practical usage should support common selection patterns    03:08 +162 -103: /Users/anthonyforan/SoloAdventurer_app/test/features/onboarding/domain/entities/travel_interest_test.dart: TravelInterest Practical usage should support common selection patterns    03:09 +162 -103: /Users/anthonyforan/SoloAdventurer_app/test/features/onboarding/domain/entities/travel_interest_test.dart: TravelInterest Practical usage should support common selection patterns    03:10 +162 -103: /Users/anthonyforan/SoloAdventurer_app/test/features/onboarding/domain/entities/travel_interest_test.dart: TravelInterest Practical usage should support common selection patterns    03:11 +162 -103: /Users/anthonyforan/SoloAdventurer_app/test/features/onboarding/domain/entities/travel_interest_test.dart: TravelInterest Practical usage should support common selection patterns    03:12 +162 -103: /Users/anthonyforan/SoloAdventurer_app/test/features/onboarding/domain/entities/travel_interest_test.dart: TravelInterest Practical usage should support common selection patterns    03:13 +162 -103: /Users/anthonyforan/SoloAdventurer_app/test/features/onboarding/domain/entities/travel_interest_test.dart: TravelInterest Practical usage should support common selection patterns    03:14 +162 -103: /Users/anthonyforan/SoloAdventurer_app/test/features/onboarding/domain/entities/travel_interest_test.dart: TravelInterest Practical usage should support common selection patterns    03:15 +162 -103: /Users/anthonyforan/SoloAdventurer_app/test/features/onboarding/domain/entities/travel_interest_test.dart: TravelInterest Practical usage should support common selection patterns    03:16 +162 -103: /Users/anthonyforan/SoloAdventurer_app/test/features/onboarding/domain/entities/travel_interest_test.dart: TravelInterest Practical usage should support common selection patterns    03:17 +162 -103: /Users/anthonyforan/SoloAdventurer_app/test/features/onboarding/domain/entities/travel_interest_test.dart: TravelInterest Practical usage should support common selection patterns    03:18 +162 -103: /Users/anthonyforan/SoloAdventurer_app/test/features/onboarding/domain/entities/travel_interest_test.dart: TravelInterest Practical usage should support common selection patterns    03:19 +162 -103: /Users/anthonyforan/SoloAdventurer_app/test/features/onboarding/domain/entities/travel_interest_test.dart: TravelInterest Practical usage should support common selection patterns    03:20 +162 -103: /Users/anthonyforan/SoloAdventurer_app/test/features/onboarding/domain/entities/travel_interest_test.dart: TravelInterest Practical usage should support common selection patterns    03:21 +162 -103: /Users/anthonyforan/SoloAdventurer_app/test/features/onboarding/domain/entities/travel_interest_test.dart: TravelInterest Practical usage should support common selection patterns    03:22 +162 -103: /Users/anthonyforan/SoloAdventurer_app/test/features/onboarding/domain/entities/travel_interest_test.dart: TravelInterest Practical usage should support common selection patterns    03:23 +162 -103: /Users/anthonyforan/SoloAdventurer_app/test/features/onboarding/domain/entities/travel_interest_test.dart: TravelInterest Practical usage should support common selection patterns    03:24 +162 -103: /Users/anthonyforan/SoloAdventurer_app/test/features/onboarding/domain/entities/travel_interest_test.dart: TravelInterest Practical usage should support common selection patterns    03:25 +162 -103: /Users/anthonyforan/SoloAdventurer_app/test/features/onboarding/domain/entities/travel_interest_test.dart: TravelInterest Practical usage should support common selection patterns    03:26 +162 -103: /Users/anthonyforan/SoloAdventurer_app/test/features/onboarding/domain/entities/travel_interest_test.dart: TravelInterest Practical usage should support common selection patterns    03:27 +162 -103: /Users/anthonyforan/SoloAdventurer_app/test/features/onboarding/domain/entities/travel_interest_test.dart: TravelInterest Practical usage should support common selection patterns    03:28 +162 -103: /Users/anthonyforan/SoloAdventurer_app/test/features/onboarding/domain/entities/travel_interest_test.dart: TravelInterest Practical usage should support common selection patterns    03:29 +162 -103: /Users/anthonyforan/SoloAdventurer_app/test/features/onboarding/domain/entities/travel_interest_test.dart: TravelInterest Practical usage should support common selection patterns    03:30 +162 -103: /Users/anthonyforan/SoloAdventurer_app/test/features/onboarding/domain/entities/travel_interest_test.dart: TravelInterest Practical usage should support common selection patterns    03:31 +162 -103: /Users/anthonyforan/SoloAdventurer_app/test/features/onboarding/domain/entities/travel_interest_test.dart: TravelInterest Practical usage should support common selection patterns    03:32 +162 -103: /Users/anthonyforan/SoloAdventurer_app/test/features/onboarding/domain/entities/travel_interest_test.dart: TravelInterest Practical usage should support common selection patterns    03:33 +162 -103: /Users/anthonyforan/SoloAdventurer_app/test/features/onboarding/domain/entities/travel_interest_test.dart: TravelInterest Practical usage should support common selection patterns    03:34 +162 -103: /Users/anthonyforan/SoloAdventurer_app/test/features/onboarding/domain/entities/travel_interest_test.dart: TravelInterest Practical usage should support common selection patterns    03:35 +162 -103: /Users/anthonyforan/SoloAdventurer_app/test/features/onboarding/domain/entities/travel_interest_test.dart: TravelInterest Practical usage should support common selection patterns    03:36 +162 -103: /Users/anthonyforan/SoloAdventurer_app/test/features/onboarding/domain/entities/travel_interest_test.dart: TravelInterest Practical usage should support common selection patterns    03:37 +162 -103: /Users/anthonyforan/SoloAdventurer_app/test/features/onboarding/domain/entities/travel_interest_test.dart: TravelInterest Practical usage should support common selection patterns    03:38 +162 -103: /Users/anthonyforan/SoloAdventurer_app/test/features/onboarding/domain/entities/travel_interest_test.dart: TravelInterest Practical usage should support common selection patterns    03:39 +162 -103: /Users/anthonyforan/SoloAdventurer_app/test/features/onboarding/domain/entities/travel_interest_test.dart: TravelInterest Practical usage should support common selection patterns    03:40 +162 -103: /Users/anthonyforan/SoloAdventurer_app/test/features/onboarding/domain/entities/travel_interest_test.dart: TravelInterest Practical usage should support common selection patterns    03:41 +162 -103: /Users/anthonyforan/SoloAdventurer_app/test/features/onboarding/domain/entities/travel_interest_test.dart: TravelInterest Practical usage should support common selection patterns    03:42 +162 -103: /Users/anthonyforan/SoloAdventurer_app/test/features/onboarding/domain/entities/travel_interest_test.dart: TravelInterest Practical usage should support common selection patterns    03:43 +162 -103: /Users/anthonyforan/SoloAdventurer_app/test/features/onboarding/domain/entities/travel_interest_test.dart: TravelInterest Practical usage should support common selection patterns    03:44 +162 -103: /Users/anthonyforan/SoloAdventurer_app/test/features/onboarding/domain/entities/travel_interest_test.dart: TravelInterest Practical usage should support common selection patterns    03:45 +162 -103: /Users/anthonyforan/SoloAdventurer_app/test/features/onboarding/domain/entities/travel_interest_test.dart: TravelInterest Practical usage should support common selection patterns    03:46 +162 -103: /Users/anthonyforan/SoloAdventurer_app/test/features/onboarding/domain/entities/travel_interest_test.dart: TravelInterest Practical usage should support common selection patterns    03:47 +162 -103: /Users/anthonyforan/SoloAdventurer_app/test/features/onboarding/domain/entities/travel_interest_test.dart: TravelInterest Practical usage should support common selection patterns    03:48 +162 -103: /Users/anthonyforan/SoloAdventurer_app/test/features/onboarding/domain/entities/travel_interest_test.dart: TravelInterest Practical usage should support common selection patterns    03:49 +162 -103: /Users/anthonyforan/SoloAdventurer_app/test/features/onboarding/domain/entities/travel_interest_test.dart: TravelInterest Practical usage should support common selection patterns    03:50 +162 -103: /Users/anthonyforan/SoloAdventurer_app/test/features/onboarding/domain/entities/travel_interest_test.dart: TravelInterest Practical usage should support common selection patterns    03:51 +162 -103: /Users/anthonyforan/SoloAdventurer_app/test/features/onboarding/domain/entities/travel_interest_test.dart: TravelInterest Practical usage should support common selection patterns    03:52 +162 -103: /Users/anthonyforan/SoloAdventurer_app/test/features/onboarding/domain/entities/travel_interest_test.dart: TravelInterest Practical usage should support common selection patterns    03:53 +162 -103: /Users/anthonyforan/SoloAdventurer_app/test/features/onboarding/domain/entities/travel_interest_test.dart: TravelInterest Practical usage should support common selection patterns    03:54 +162 -103: /Users/anthonyforan/SoloAdventurer_app/test/features/onboarding/domain/entities/travel_interest_test.dart: TravelInterest Practical usage should support common selection patterns    03:55 +162 -103: /Users/anthonyforan/SoloAdventurer_app/test/features/onboarding/domain/entities/travel_interest_test.dart: TravelInterest Practical usage should support common selection patterns    03:56 +162 -103: /Users/anthonyforan/SoloAdventurer_app/test/features/onboarding/domain/entities/travel_interest_test.dart: TravelInterest Practical usage should support common selection patterns    03:57 +162 -103: /Users/anthonyforan/SoloAdventurer_app/test/features/onboarding/domain/entities/travel_interest_test.dart: TravelInterest Practical usage should support common selection patterns    03:58 +162 -103: /Users/anthonyforan/SoloAdventurer_app/test/features/onboarding/domain/entities/travel_interest_test.dart: TravelInterest Practical usage should support common selection patterns    03:59 +162 -103: /Users/anthonyforan/SoloAdventurer_app/test/features/onboarding/domain/entities/travel_interest_test.dart: TravelInterest Practical usage should support common selection patterns    04:00 +162 -103: /Users/anthonyforan/SoloAdventurer_app/test/features/onboarding/domain/entities/travel_interest_test.dart: TravelInterest Practical usage should support common selection patterns    04:01 +162 -103: /Users/anthonyforan/SoloAdventurer_app/test/features/onboarding/domain/entities/travel_interest_test.dart: TravelInterest Practical usage should support common selection patterns    04:02 +162 -103: /Users/anthonyforan/SoloAdventurer_app/test/features/onboarding/domain/entities/travel_interest_test.dart: TravelInterest Practical usage should support common selection patterns    04:03 +162 -103: /Users/anthonyforan/SoloAdventurer_app/test/features/onboarding/domain/entities/travel_interest_test.dart: TravelInterest Practical usage should support common selection patterns    04:04 +162 -103: /Users/anthonyforan/SoloAdventurer_app/test/features/onboarding/domain/entities/travel_interest_test.dart: TravelInterest Practical usage should support common selection patterns    04:05 +162 -103: /Users/anthonyforan/SoloAdventurer_app/test/features/onboarding/domain/entities/travel_interest_test.dart: TravelInterest Practical usage should support common selection patterns    04:06 +162 -103: /Users/anthonyforan/SoloAdventurer_app/test/features/onboarding/domain/entities/travel_interest_test.dart: TravelInterest Practical usage should support common selection patterns    04:07 +162 -103: /Users/anthonyforan/SoloAdventurer_app/test/features/onboarding/domain/entities/travel_interest_test.dart: TravelInterest Practical usage should support common selection patterns    04:08 +162 -103: /Users/anthonyforan/SoloAdventurer_app/test/features/onboarding/domain/entities/travel_interest_test.dart: TravelInterest Practical usage should support common selection patterns    04:09 +162 -103: /Users/anthonyforan/SoloAdventurer_app/test/features/onboarding/domain/entities/travel_interest_test.dart: TravelInterest Practical usage should support common selection patterns    04:10 +162 -103: /Users/anthonyforan/SoloAdventurer_app/test/features/onboarding/domain/entities/travel_interest_test.dart: TravelInterest Practical usage should support common selection patterns    04:11 +162 -103: /Users/anthonyforan/SoloAdventurer_app/test/features/onboarding/domain/entities/travel_interest_test.dart: TravelInterest Practical usage should support common selection patterns    04:12 +162 -103: /Users/anthonyforan/SoloAdventurer_app/test/features/onboarding/domain/entities/travel_interest_test.dart: TravelInterest Practical usage should support common selection patterns    04:13 +162 -103: /Users/anthonyforan/SoloAdventurer_app/test/features/onboarding/domain/entities/travel_interest_test.dart: TravelInterest Practical usage should support common selection patterns    04:14 +162 -103: /Users/anthonyforan/SoloAdventurer_app/test/features/onboarding/domain/entities/travel_interest_test.dart: TravelInterest Practical usage should support common selection patterns    04:15 +162 -103: /Users/anthonyforan/SoloAdventurer_app/test/features/onboarding/domain/entities/travel_interest_test.dart: TravelInterest Practical usage should support common selection patterns    04:16 +162 -103: /Users/anthonyforan/SoloAdventurer_app/test/features/onboarding/domain/entities/travel_interest_test.dart: TravelInterest Practical usage should support common selection patterns    04:17 +162 -103: /Users/anthonyforan/SoloAdventurer_app/test/features/onboarding/domain/entities/travel_interest_test.dart: TravelInterest Practical usage should support common selection patterns    04:18 +162 -103: /Users/anthonyforan/SoloAdventurer_app/test/features/onboarding/domain/entities/travel_interest_test.dart: TravelInterest Practical usage should support common selection patterns    04:19 +162 -103: /Users/anthonyforan/SoloAdventurer_app/test/features/onboarding/domain/entities/travel_interest_test.dart: TravelInterest Practical usage should support common selection patterns    04:20 +162 -103: /Users/anthonyforan/SoloAdventurer_app/test/features/onboarding/domain/entities/travel_interest_test.dart: TravelInterest Practical usage should support common selection patterns    04:21 +162 -103: /Users/anthonyforan/SoloAdventurer_app/test/features/onboarding/domain/entities/travel_interest_test.dart: TravelInterest Practical usage should support common selection patterns    04:22 +162 -103: /Users/anthonyforan/SoloAdventurer_app/test/features/onboarding/domain/entities/travel_interest_test.dart: TravelInterest Practical usage should support common selection patterns    04:23 +162 -103: /Users/anthonyforan/SoloAdventurer_app/test/features/onboarding/domain/entities/travel_interest_test.dart: TravelInterest Practical usage should support common selection patterns    04:24 +162 -103: /Users/anthonyforan/SoloAdventurer_app/test/features/onboarding/domain/entities/travel_interest_test.dart: TravelInterest Practical usage should support common selection patterns    04:25 +162 -103: /Users/anthonyforan/SoloAdventurer_app/test/features/onboarding/domain/entities/travel_interest_test.dart: TravelInterest Practical usage should support common selection patterns    04:26 +162 -103: /Users/anthonyforan/SoloAdventurer_app/test/features/onboarding/domain/entities/travel_interest_test.dart: TravelInterest Practical usage should support common selection patterns    04:27 +162 -103: /Users/anthonyforan/SoloAdventurer_app/test/features/onboarding/domain/entities/travel_interest_test.dart: TravelInterest Practical usage should support common selection patterns    04:28 +162 -103: /Users/anthonyforan/SoloAdventurer_app/test/features/onboarding/domain/entities/travel_interest_test.dart: TravelInterest Practical usage should support common selection patterns    04:29 +162 -103: /Users/anthonyforan/SoloAdventurer_app/test/features/onboarding/domain/entities/travel_interest_test.dart: TravelInterest Practical usage should support common selection patterns    04:30 +162 -103: /Users/anthonyforan/SoloAdventurer_app/test/features/onboarding/domain/entities/travel_interest_test.dart: TravelInterest Practical usage should support common selection patterns    04:31 +162 -103: /Users/anthonyforan/SoloAdventurer_app/test/features/onboarding/domain/entities/travel_interest_test.dart: TravelInterest Practical usage should support common selection patterns    04:32 +162 -103: /Users/anthonyforan/SoloAdventurer_app/test/features/onboarding/domain/entities/travel_interest_test.dart: TravelInterest Practical usage should support common selection patterns    04:33 +162 -103: /Users/anthonyforan/SoloAdventurer_app/test/features/onboarding/domain/entities/travel_interest_test.dart: TravelInterest Practical usage should support common selection patterns    04:34 +162 -103: /Users/anthonyforan/SoloAdventurer_app/test/features/onboarding/domain/entities/travel_interest_test.dart: TravelInterest Practical usage should support common selection patterns    04:35 +162 -103: /Users/anthonyforan/SoloAdventurer_app/test/features/onboarding/domain/entities/travel_interest_test.dart: TravelInterest Practical usage should support common selection patterns    04:36 +162 -103: /Users/anthonyforan/SoloAdventurer_app/test/features/onboarding/domain/entities/travel_interest_test.dart: TravelInterest Practical usage should support common selection patterns    04:37 +162 -103: /Users/anthonyforan/SoloAdventurer_app/test/features/onboarding/domain/entities/travel_interest_test.dart: TravelInterest Practical usage should support common selection patterns    04:38 +162 -103: /Users/anthonyforan/SoloAdventurer_app/test/features/onboarding/domain/entities/travel_interest_test.dart: TravelInterest Practical usage should support common selection patterns    04:39 +162 -103: /Users/anthonyforan/SoloAdventurer_app/test/features/onboarding/domain/entities/travel_interest_test.dart: TravelInterest Practical usage should support common selection patterns    04:40 +162 -103: /Users/anthonyforan/SoloAdventurer_app/test/features/onboarding/domain/entities/travel_interest_test.dart: TravelInterest Practical usage should support common selection patterns    04:41 +162 -103: /Users/anthonyforan/SoloAdventurer_app/test/features/onboarding/domain/entities/travel_interest_test.dart: TravelInterest Practical usage should support common selection patterns    04:42 +162 -103: /Users/anthonyforan/SoloAdventurer_app/test/features/onboarding/domain/entities/travel_interest_test.dart: TravelInterest Practical usage should support common selection patterns    04:43 +162 -103: /Users/anthonyforan/SoloAdventurer_app/test/features/onboarding/domain/entities/travel_interest_test.dart: TravelInterest Practical usage should support common selection patterns    04:44 +162 -103: /Users/anthonyforan/SoloAdventurer_app/test/features/onboarding/domain/entities/travel_interest_test.dart: TravelInterest Practical usage should support common selection patterns    04:45 +162 -103: /Users/anthonyforan/SoloAdventurer_app/test/features/onboarding/domain/entities/travel_interest_test.dart: TravelInterest Practical usage should support common selection patterns    04:46 +162 -103: /Users/anthonyforan/SoloAdventurer_app/test/features/onboarding/domain/entities/travel_interest_test.dart: TravelInterest Practical usage should support common selection patterns    04:47 +162 -103: /Users/anthonyforan/SoloAdventurer_app/test/features/onboarding/domain/entities/travel_interest_test.dart: TravelInterest Practical usage should support common selection patterns    04:48 +162 -103: /Users/anthonyforan/SoloAdventurer_app/test/features/onboarding/domain/entities/travel_interest_test.dart: TravelInterest Practical usage should support common selection patterns    04:49 +162 -103: /Users/anthonyforan/SoloAdventurer_app/test/features/onboarding/domain/entities/travel_interest_test.dart: TravelInterest Practical usage should support common selection patterns    04:50 +162 -103: /Users/anthonyforan/SoloAdventurer_app/test/features/onboarding/domain/entities/travel_interest_test.dart: TravelInterest Practical usage should support common selection patterns    04:51 +162 -103: /Users/anthonyforan/SoloAdventurer_app/test/features/onboarding/domain/entities/travel_interest_test.dart: TravelInterest Practical usage should support common selection patterns    04:52 +162 -103: /Users/anthonyforan/SoloAdventurer_app/test/features/onboarding/domain/entities/travel_interest_test.dart: TravelInterest Practical usage should support common selection patterns    04:53 +162 -103: /Users/anthonyforan/SoloAdventurer_app/test/features/onboarding/domain/entities/travel_interest_test.dart: TravelInterest Practical usage should support common selection patterns    04:54 +162 -103: /Users/anthonyforan/SoloAdventurer_app/test/features/onboarding/domain/entities/travel_interest_test.dart: TravelInterest Practical usage should support common selection patterns    04:55 +162 -103: /Users/anthonyforan/SoloAdventurer_app/test/features/onboarding/domain/entities/travel_interest_test.dart: TravelInterest Practical usage should support common selection patterns    04:56 +162 -103: /Users/anthonyforan/SoloAdventurer_app/test/features/onboarding/domain/entities/travel_interest_test.dart: TravelInterest Practical usage should support common selection patterns    04:57 +162 -103: /Users/anthonyforan/SoloAdventurer_app/test/features/onboarding/domain/entities/travel_interest_test.dart: TravelInterest Practical usage should support common selection patterns    04:58 +162 -103: /Users/anthonyforan/SoloAdventurer_app/test/features/onboarding/domain/entities/travel_interest_test.dart: TravelInterest Practical usage should support common selection patterns    04:59 +162 -103: /Users/anthonyforan/SoloAdventurer_app/test/features/onboarding/domain/entities/travel_interest_test.dart: TravelInterest Practical usage should support common selection patterns    05:00 +162 -103: /Users/anthonyforan/SoloAdventurer_app/test/features/onboarding/domain/entities/travel_interest_test.dart: TravelInterest Practical usage should support common selection patterns    05:01 +162 -103: /Users/anthonyforan/SoloAdventurer_app/test/features/onboarding/domain/entities/travel_interest_test.dart: TravelInterest Practical usage should support common selection patterns    05:02 +162 -103: /Users/anthonyforan/SoloAdventurer_app/test/features/onboarding/domain/entities/travel_interest_test.dart: TravelInterest Practical usage should support common selection patterns    05:03 +162 -103: /Users/anthonyforan/SoloAdventurer_app/test/features/onboarding/domain/entities/travel_interest_test.dart: TravelInterest Practical usage should support common selection patterns    05:04 +162 -103: /Users/anthonyforan/SoloAdventurer_app/test/features/onboarding/domain/entities/travel_interest_test.dart: TravelInterest Practical usage should support common selection patterns    05:05 +162 -103: /Users/anthonyforan/SoloAdventurer_app/test/features/onboarding/domain/entities/travel_interest_test.dart: TravelInterest Practical usage should support common selection patterns    05:06 +162 -103: /Users/anthonyforan/SoloAdventurer_app/test/features/onboarding/domain/entities/travel_interest_test.dart: TravelInterest Practical usage should support common selection patterns    05:07 +162 -103: /Users/anthonyforan/SoloAdventurer_app/test/features/onboarding/domain/entities/travel_interest_test.dart: TravelInterest Practical usage should support common selection patterns    05:08 +162 -103: /Users/anthonyforan/SoloAdventurer_app/test/features/onboarding/domain/entities/travel_interest_test.dart: TravelInterest Practical usage should support common selection patterns    05:09 +162 -103: /Users/anthonyforan/SoloAdventurer_app/test/features/onboarding/domain/entities/travel_interest_test.dart: TravelInterest Practical usage should support common selection patterns    05:10 +162 -103: /Users/anthonyforan/SoloAdventurer_app/test/features/onboarding/domain/entities/travel_interest_test.dart: TravelInterest Practical usage should support common selection patterns    05:11 +162 -103: /Users/anthonyforan/SoloAdventurer_app/test/features/onboarding/domain/entities/travel_interest_test.dart: TravelInterest Practical usage should support common selection patterns    05:12 +162 -103: /Users/anthonyforan/SoloAdventurer_app/test/features/onboarding/domain/entities/travel_interest_test.dart: TravelInterest Practical usage should support common selection patterns    05:13 +162 -103: /Users/anthonyforan/SoloAdventurer_app/test/features/onboarding/domain/entities/travel_interest_test.dart: TravelInterest Practical usage should support common selection patterns    05:14 +162 -103: /Users/anthonyforan/SoloAdventurer_app/test/features/onboarding/domain/entities/travel_interest_test.dart: TravelInterest Practical usage should support common selection patterns    05:15 +162 -103: /Users/anthonyforan/SoloAdventurer_app/test/features/onboarding/domain/entities/travel_interest_test.dart: TravelInterest Practical usage should support common selection patterns    05:16 +162 -103: /Users/anthonyforan/SoloAdventurer_app/test/features/onboarding/domain/entities/travel_interest_test.dart: TravelInterest Practical usage should support common selection patterns    05:17 +162 -103: /Users/anthonyforan/SoloAdventurer_app/test/features/onboarding/domain/entities/travel_interest_test.dart: TravelInterest Practical usage should support common selection patterns    05:18 +162 -103: /Users/anthonyforan/SoloAdventurer_app/test/features/onboarding/domain/entities/travel_interest_test.dart: TravelInterest Practical usage should support common selection patterns    05:19 +162 -103: /Users/anthonyforan/SoloAdventurer_app/test/features/onboarding/domain/entities/travel_interest_test.dart: TravelInterest Practical usage should support common selection patterns    05:20 +162 -103: /Users/anthonyforan/SoloAdventurer_app/test/features/onboarding/domain/entities/travel_interest_test.dart: TravelInterest Practical usage should support common selection patterns    05:21 +162 -103: /Users/anthonyforan/SoloAdventurer_app/test/features/onboarding/domain/entities/travel_interest_test.dart: TravelInterest Practical usage should support common selection patterns    05:22 +162 -103: /Users/anthonyforan/SoloAdventurer_app/test/features/onboarding/domain/entities/travel_interest_test.dart: TravelInterest Practical usage should support common selection patterns    05:23 +162 -103: /Users/anthonyforan/SoloAdventurer_app/test/features/onboarding/domain/entities/travel_interest_test.dart: TravelInterest Practical usage should support common selection patterns    05:24 +162 -103: /Users/anthonyforan/SoloAdventurer_app/test/features/onboarding/domain/entities/travel_interest_test.dart: TravelInterest Practical usage should support common selection patterns    05:25 +162 -103: /Users/anthonyforan/SoloAdventurer_app/test/features/onboarding/domain/entities/travel_interest_test.dart: TravelInterest Practical usage should support common selection patterns    05:26 +162 -103: /Users/anthonyforan/SoloAdventurer_app/test/features/onboarding/domain/entities/travel_interest_test.dart: TravelInterest Practical usage should support common selection patterns    05:27 +162 -103: /Users/anthonyforan/SoloAdventurer_app/test/features/onboarding/domain/entities/travel_interest_test.dart: TravelInterest Practical usage should support common selection patterns    05:28 +162 -103: /Users/anthonyforan/SoloAdventurer_app/test/features/onboarding/domain/entities/travel_interest_test.dart: TravelInterest Practical usage should support common selection patterns    05:29 +162 -103: /Users/anthonyforan/SoloAdventurer_app/test/features/onboarding/domain/entities/travel_interest_test.dart: TravelInterest Practical usage should support common selection patterns    05:30 +162 -103: /Users/anthonyforan/SoloAdventurer_app/test/features/onboarding/domain/entities/travel_interest_test.dart: TravelInterest Practical usage should support common selection patterns    05:31 +162 -103: /Users/anthonyforan/SoloAdventurer_app/test/features/onboarding/domain/entities/travel_interest_test.dart: TravelInterest Practical usage should support common selection patterns    05:32 +162 -103: /Users/anthonyforan/SoloAdventurer_app/test/features/onboarding/domain/entities/travel_interest_test.dart: TravelInterest Practical usage should support common selection patterns    05:33 +162 -103: /Users/anthonyforan/SoloAdventurer_app/test/features/onboarding/domain/entities/travel_interest_test.dart: TravelInterest Practical usage should support common selection patterns    05:34 +162 -103: /Users/anthonyforan/SoloAdventurer_app/test/features/onboarding/domain/entities/travel_interest_test.dart: TravelInterest Practical usage should support common selection patterns    05:35 +162 -103: /Users/anthonyforan/SoloAdventurer_app/test/features/onboarding/domain/entities/travel_interest_test.dart: TravelInterest Practical usage should support common selection patterns    05:36 +162 -103: /Users/anthonyforan/SoloAdventurer_app/test/features/onboarding/domain/entities/travel_interest_test.dart: TravelInterest Practical usage should support common selection patterns    05:37 +162 -103: /Users/anthonyforan/SoloAdventurer_app/test/features/onboarding/domain/entities/travel_interest_test.dart: TravelInterest Practical usage should support common selection patterns    05:38 +162 -103: /Users/anthonyforan/SoloAdventurer_app/test/features/onboarding/domain/entities/travel_interest_test.dart: TravelInterest Practical usage should support common selection patterns    05:39 +162 -103: /Users/anthonyforan/SoloAdventurer_app/test/features/onboarding/domain/entities/travel_interest_test.dart: TravelInterest Practical usage should support common selection patterns    05:40 +162 -103: /Users/anthonyforan/SoloAdventurer_app/test/features/onboarding/domain/entities/travel_interest_test.dart: TravelInterest Practical usage should support common selection patterns    05:41 +162 -103: /Users/anthonyforan/SoloAdventurer_app/test/features/onboarding/domain/entities/travel_interest_test.dart: TravelInterest Practical usage should support common selection patterns    05:42 +162 -103: /Users/anthonyforan/SoloAdventurer_app/test/features/onboarding/domain/entities/travel_interest_test.dart: TravelInterest Practical usage should support common selection patterns    05:43 +162 -103: /Users/anthonyforan/SoloAdventurer_app/test/features/onboarding/domain/entities/travel_interest_test.dart: TravelInterest Practical usage should support common selection patterns    05:44 +162 -103: /Users/anthonyforan/SoloAdventurer_app/test/features/onboarding/domain/entities/travel_interest_test.dart: TravelInterest Practical usage should support common selection patterns    05:45 +162 -103: /Users/anthonyforan/SoloAdventurer_app/test/features/onboarding/domain/entities/travel_interest_test.dart: TravelInterest Practical usage should support common selection patterns    05:46 +162 -103: /Users/anthonyforan/SoloAdventurer_app/test/features/onboarding/domain/entities/travel_interest_test.dart: TravelInterest Practical usage should support common selection patterns    05:47 +162 -103: /Users/anthonyforan/SoloAdventurer_app/test/features/onboarding/domain/entities/travel_interest_test.dart: TravelInterest Practical usage should support common selection patterns    05:48 +162 -103: /Users/anthonyforan/SoloAdventurer_app/test/features/onboarding/domain/entities/travel_interest_test.dart: TravelInterest Practical usage should support common selection patterns    05:49 +162 -103: /Users/anthonyforan/SoloAdventurer_app/test/features/onboarding/domain/entities/travel_interest_test.dart: TravelInterest Practical usage should support common selection patterns    05:50 +162 -103: /Users/anthonyforan/SoloAdventurer_app/test/features/onboarding/domain/entities/travel_interest_test.dart: TravelInterest Practical usage should support common selection patterns    05:51 +162 -103: /Users/anthonyforan/SoloAdventurer_app/test/features/onboarding/domain/entities/travel_interest_test.dart: TravelInterest Practical usage should support common selection patterns    05:52 +162 -103: /Users/anthonyforan/SoloAdventurer_app/test/features/onboarding/domain/entities/travel_interest_test.dart: TravelInterest Practical usage should support common selection patterns    05:53 +162 -103: /Users/anthonyforan/SoloAdventurer_app/test/features/onboarding/domain/entities/travel_interest_test.dart: TravelInterest Practical usage should support common selection patterns    05:54 +162 -103: /Users/anthonyforan/SoloAdventurer_app/test/features/onboarding/domain/entities/travel_interest_test.dart: TravelInterest Practical usage should support common selection patterns    05:55 +162 -103: /Users/anthonyforan/SoloAdventurer_app/test/features/onboarding/domain/entities/travel_interest_test.dart: TravelInterest Practical usage should support common selection patterns    05:56 +162 -103: /Users/anthonyforan/SoloAdventurer_app/test/features/onboarding/domain/entities/travel_interest_test.dart: TravelInterest Practical usage should support common selection patterns    05:57 +162 -103: /Users/anthonyforan/SoloAdventurer_app/test/features/onboarding/domain/entities/travel_interest_test.dart: TravelInterest Practical usage should support common selection patterns    05:58 +162 -103: /Users/anthonyforan/SoloAdventurer_app/test/features/onboarding/domain/entities/travel_interest_test.dart: TravelInterest Practical usage should support common selection patterns    05:59 +162 -103: /Users/anthonyforan/SoloAdventurer_app/test/features/onboarding/domain/entities/travel_interest_test.dart: TravelInterest Practical usage should support common selection patterns    06:00 +162 -103: /Users/anthonyforan/SoloAdventurer_app/test/features/onboarding/domain/entities/travel_interest_test.dart: TravelInterest Practical usage should support common selection patterns    06:01 +162 -103: /Users/anthonyforan/SoloAdventurer_app/test/features/onboarding/domain/entities/travel_interest_test.dart: TravelInterest Practical usage should support common selection patterns    06:02 +162 -103: /Users/anthonyforan/SoloAdventurer_app/test/features/onboarding/domain/entities/travel_interest_test.dart: TravelInterest Practical usage should support common selection patterns    06:03 +162 -103: /Users/anthonyforan/SoloAdventurer_app/test/features/onboarding/domain/entities/travel_interest_test.dart: TravelInterest Practical usage should support common selection patterns    06:04 +162 -103: /Users/anthonyforan/SoloAdventurer_app/test/features/onboarding/domain/entities/travel_interest_test.dart: TravelInterest Practical usage should support common selection patterns    06:05 +162 -103: /Users/anthonyforan/SoloAdventurer_app/test/features/onboarding/domain/entities/travel_interest_test.dart: TravelInterest Practical usage should support common selection patterns    06:06 +162 -103: /Users/anthonyforan/SoloAdventurer_app/test/features/onboarding/domain/entities/travel_interest_test.dart: TravelInterest Practical usage should support common selection patterns    06:07 +162 -103: /Users/anthonyforan/SoloAdventurer_app/test/features/onboarding/domain/entities/travel_interest_test.dart: TravelInterest Practical usage should support common selection patterns    06:08 +162 -103: /Users/anthonyforan/SoloAdventurer_app/test/features/onboarding/domain/entities/travel_interest_test.dart: TravelInterest Practical usage should support common selection patterns    06:09 +162 -103: /Users/anthonyforan/SoloAdventurer_app/test/features/onboarding/domain/entities/travel_interest_test.dart: TravelInterest Practical usage should support common selection patterns    06:10 +162 -103: /Users/anthonyforan/SoloAdventurer_app/test/features/onboarding/domain/entities/travel_interest_test.dart: TravelInterest Practical usage should support common selection patterns    06:11 +162 -103: /Users/anthonyforan/SoloAdventurer_app/test/features/onboarding/domain/entities/travel_interest_test.dart: TravelInterest Practical usage should support common selection patterns    06:12 +162 -103: /Users/anthonyforan/SoloAdventurer_app/test/features/onboarding/domain/entities/travel_interest_test.dart: TravelInterest Practical usage should support common selection patterns    06:13 +162 -103: /Users/anthonyforan/SoloAdventurer_app/test/features/onboarding/domain/entities/travel_interest_test.dart: TravelInterest Practical usage should support common selection patterns    06:14 +162 -103: /Users/anthonyforan/SoloAdventurer_app/test/features/onboarding/domain/entities/travel_interest_test.dart: TravelInterest Practical usage should support common selection patterns    06:15 +162 -103: /Users/anthonyforan/SoloAdventurer_app/test/features/onboarding/domain/entities/travel_interest_test.dart: TravelInterest Practical usage should support common selection patterns    06:16 +162 -103: /Users/anthonyforan/SoloAdventurer_app/test/features/onboarding/domain/entities/travel_interest_test.dart: TravelInterest Practical usage should support common selection patterns    06:17 +162 -103: /Users/anthonyforan/SoloAdventurer_app/test/features/onboarding/domain/entities/travel_interest_test.dart: TravelInterest Practical usage should support common selection patterns    06:18 +162 -103: /Users/anthonyforan/SoloAdventurer_app/test/features/onboarding/domain/entities/travel_interest_test.dart: TravelInterest Practical usage should support common selection patterns    06:19 +162 -103: /Users/anthonyforan/SoloAdventurer_app/test/features/onboarding/domain/entities/travel_interest_test.dart: TravelInterest Practical usage should support common selection patterns    06:20 +162 -103: /Users/anthonyforan/SoloAdventurer_app/test/features/onboarding/domain/entities/travel_interest_test.dart: TravelInterest Practical usage should support common selection patterns    06:21 +162 -103: /Users/anthonyforan/SoloAdventurer_app/test/features/onboarding/domain/entities/travel_interest_test.dart: TravelInterest Practical usage should support common selection patterns    06:22 +162 -103: /Users/anthonyforan/SoloAdventurer_app/test/features/onboarding/domain/entities/travel_interest_test.dart: TravelInterest Practical usage should support common selection patterns    06:23 +162 -103: /Users/anthonyforan/SoloAdventurer_app/test/features/onboarding/domain/entities/travel_interest_test.dart: TravelInterest Practical usage should support common selection patterns    06:24 +162 -103: /Users/anthonyforan/SoloAdventurer_app/test/features/onboarding/domain/entities/travel_interest_test.dart: TravelInterest Practical usage should support common selection patterns    06:25 +162 -103: /Users/anthonyforan/SoloAdventurer_app/test/features/onboarding/domain/entities/travel_interest_test.dart: TravelInterest Practical usage should support common selection patterns    06:26 +162 -103: /Users/anthonyforan/SoloAdventurer_app/test/features/onboarding/domain/entities/travel_interest_test.dart: TravelInterest Practical usage should support common selection patterns    06:27 +162 -103: /Users/anthonyforan/SoloAdventurer_app/test/features/onboarding/domain/entities/travel_interest_test.dart: TravelInterest Practical usage should support common selection patterns    06:28 +162 -103: /Users/anthonyforan/SoloAdventurer_app/test/features/onboarding/domain/entities/travel_interest_test.dart: TravelInterest Practical usage should support common selection patterns    06:29 +162 -103: /Users/anthonyforan/SoloAdventurer_app/test/features/onboarding/domain/entities/travel_interest_test.dart: TravelInterest Practical usage should support common selection patterns    06:30 +162 -103: /Users/anthonyforan/SoloAdventurer_app/test/features/onboarding/domain/entities/travel_interest_test.dart: TravelInterest Practical usage should support common selection patterns    06:31 +162 -103: /Users/anthonyforan/SoloAdventurer_app/test/features/onboarding/domain/entities/travel_interest_test.dart: TravelInterest Practical usage should support common selection patterns    06:32 +162 -103: /Users/anthonyforan/SoloAdventurer_app/test/features/onboarding/domain/entities/travel_interest_test.dart: TravelInterest Practical usage should support common selection patterns    06:33 +162 -103: /Users/anthonyforan/SoloAdventurer_app/test/features/onboarding/domain/entities/travel_interest_test.dart: TravelInterest Practical usage should support common selection patterns    06:34 +162 -103: /Users/anthonyforan/SoloAdventurer_app/test/features/onboarding/domain/entities/travel_interest_test.dart: TravelInterest Practical usage should support common selection patterns    06:35 +162 -103: /Users/anthonyforan/SoloAdventurer_app/test/features/onboarding/domain/entities/travel_interest_test.dart: TravelInterest Practical usage should support common selection patterns    06:36 +162 -103: /Users/anthonyforan/SoloAdventurer_app/test/features/onboarding/domain/entities/travel_interest_test.dart: TravelInterest Practical usage should support common selection patterns    06:37 +162 -103: /Users/anthonyforan/SoloAdventurer_app/test/features/onboarding/domain/entities/travel_interest_test.dart: TravelInterest Practical usage should support common selection patterns    06:38 +162 -103: /Users/anthonyforan/SoloAdventurer_app/test/features/onboarding/domain/entities/travel_interest_test.dart: TravelInterest Practical usage should support common selection patterns    06:39 +162 -103: /Users/anthonyforan/SoloAdventurer_app/test/features/onboarding/domain/entities/travel_interest_test.dart: TravelInterest Practical usage should support common selection patterns    06:40 +162 -103: /Users/anthonyforan/SoloAdventurer_app/test/features/onboarding/domain/entities/travel_interest_test.dart: TravelInterest Practical usage should support common selection patterns    06:41 +162 -103: /Users/anthonyforan/SoloAdventurer_app/test/features/onboarding/domain/entities/travel_interest_test.dart: TravelInterest Practical usage should support common selection patterns    06:42 +162 -103: /Users/anthonyforan/SoloAdventurer_app/test/features/onboarding/domain/entities/travel_interest_test.dart: TravelInterest Practical usage should support common selection patterns    06:43 +162 -103: /Users/anthonyforan/SoloAdventurer_app/test/features/onboarding/domain/entities/travel_interest_test.dart: TravelInterest Practical usage should support common selection patterns    06:44 +162 -103: /Users/anthonyforan/SoloAdventurer_app/test/features/onboarding/domain/entities/travel_interest_test.dart: TravelInterest Practical usage should support common selection patterns    06:45 +162 -103: /Users/anthonyforan/SoloAdventurer_app/test/features/onboarding/domain/entities/travel_interest_test.dart: TravelInterest Practical usage should support common selection patterns    06:46 +162 -103: /Users/anthonyforan/SoloAdventurer_app/test/features/onboarding/domain/entities/travel_interest_test.dart: TravelInterest Practical usage should support common selection patterns    06:47 +162 -103: /Users/anthonyforan/SoloAdventurer_app/test/features/onboarding/domain/entities/travel_interest_test.dart: TravelInterest Practical usage should support common selection patterns    06:48 +162 -103: /Users/anthonyforan/SoloAdventurer_app/test/features/onboarding/domain/entities/travel_interest_test.dart: TravelInterest Practical usage should support common selection patterns    06:49 +162 -103: /Users/anthonyforan/SoloAdventurer_app/test/features/onboarding/domain/entities/travel_interest_test.dart: TravelInterest Practical usage should support common selection patterns    06:50 +162 -103: /Users/anthonyforan/SoloAdventurer_app/test/features/onboarding/domain/entities/travel_interest_test.dart: TravelInterest Practical usage should support common selection patterns    06:51 +162 -103: /Users/anthonyforan/SoloAdventurer_app/test/features/onboarding/domain/entities/travel_interest_test.dart: TravelInterest Practical usage should support common selection patterns    06:52 +162 -103: /Users/anthonyforan/SoloAdventurer_app/test/features/onboarding/domain/entities/travel_interest_test.dart: TravelInterest Practical usage should support common selection patterns    06:53 +162 -103: /Users/anthonyforan/SoloAdventurer_app/test/features/onboarding/domain/entities/travel_interest_test.dart: TravelInterest Practical usage should support common selection patterns    06:54 +162 -103: /Users/anthonyforan/SoloAdventurer_app/test/features/onboarding/domain/entities/travel_interest_test.dart: TravelInterest Practical usage should support common selection patterns    06:55 +162 -103: /Users/anthonyforan/SoloAdventurer_app/test/features/onboarding/domain/entities/travel_interest_test.dart: TravelInterest Practical usage should support common selection patterns    06:56 +162 -103: /Users/anthonyforan/SoloAdventurer_app/test/features/onboarding/domain/entities/travel_interest_test.dart: TravelInterest Practical usage should support common selection patterns    06:57 +162 -103: /Users/anthonyforan/SoloAdventurer_app/test/features/onboarding/domain/entities/travel_interest_test.dart: TravelInterest Practical usage should support common selection patterns    06:58 +162 -103: /Users/anthonyforan/SoloAdventurer_app/test/features/onboarding/domain/entities/travel_interest_test.dart: TravelInterest Practical usage should support common selection patterns    06:59 +162 -103: /Users/anthonyforan/SoloAdventurer_app/test/features/onboarding/domain/entities/travel_interest_test.dart: TravelInterest Practical usage should support common selection patterns    07:00 +162 -103: /Users/anthonyforan/SoloAdventurer_app/test/features/onboarding/domain/entities/travel_interest_test.dart: TravelInterest Practical usage should support common selection patterns    07:01 +162 -103: /Users/anthonyforan/SoloAdventurer_app/test/features/onboarding/domain/entities/travel_interest_test.dart: TravelInterest Practical usage should support common selection patterns    07:02 +162 -103: /Users/anthonyforan/SoloAdventurer_app/test/features/onboarding/domain/entities/travel_interest_test.dart: TravelInterest Practical usage should support common selection patterns    07:03 +162 -103: /Users/anthonyforan/SoloAdventurer_app/test/features/onboarding/domain/entities/travel_interest_test.dart: TravelInterest Practical usage should support common selection patterns    07:04 +162 -103: /Users/anthonyforan/SoloAdventurer_app/test/features/onboarding/domain/entities/travel_interest_test.dart: TravelInterest Practical usage should support common selection patterns    07:05 +162 -103: /Users/anthonyforan/SoloAdventurer_app/test/features/onboarding/domain/entities/travel_interest_test.dart: TravelInterest Practical usage should support common selection patterns    07:06 +162 -103: /Users/anthonyforan/SoloAdventurer_app/test/features/onboarding/domain/entities/travel_interest_test.dart: TravelInterest Practical usage should support common selection patterns    07:07 +162 -103: /Users/anthonyforan/SoloAdventurer_app/test/features/onboarding/domain/entities/travel_interest_test.dart: TravelInterest Practical usage should support common selection patterns    07:08 +162 -103: /Users/anthonyforan/SoloAdventurer_app/test/features/onboarding/domain/entities/travel_interest_test.dart: TravelInterest Practical usage should support common selection patterns    07:09 +162 -103: /Users/anthonyforan/SoloAdventurer_app/test/features/onboarding/domain/entities/travel_interest_test.dart: TravelInterest Practical usage should support common selection patterns    07:10 +162 -103: /Users/anthonyforan/SoloAdventurer_app/test/features/onboarding/domain/entities/travel_interest_test.dart: TravelInterest Practical usage should support common selection patterns    07:11 +162 -103: /Users/anthonyforan/SoloAdventurer_app/test/features/onboarding/domain/entities/travel_interest_test.dart: TravelInterest Practical usage should support common selection patterns    07:12 +162 -103: /Users/anthonyforan/SoloAdventurer_app/test/features/onboarding/domain/entities/travel_interest_test.dart: TravelInterest Practical usage should support common selection patterns    07:13 +162 -103: /Users/anthonyforan/SoloAdventurer_app/test/features/onboarding/domain/entities/travel_interest_test.dart: TravelInterest Practical usage should support common selection patterns    07:14 +162 -103: /Users/anthonyforan/SoloAdventurer_app/test/features/onboarding/domain/entities/travel_interest_test.dart: TravelInterest Practical usage should support common selection patterns    07:15 +162 -103: /Users/anthonyforan/SoloAdventurer_app/test/features/onboarding/domain/entities/travel_interest_test.dart: TravelInterest Practical usage should support common selection patterns    07:16 +162 -103: /Users/anthonyforan/SoloAdventurer_app/test/features/onboarding/domain/entities/travel_interest_test.dart: TravelInterest Practical usage should support common selection patterns    07:17 +162 -103: /Users/anthonyforan/SoloAdventurer_app/test/features/onboarding/domain/entities/travel_interest_test.dart: TravelInterest Practical usage should support common selection patterns    07:18 +162 -103: /Users/anthonyforan/SoloAdventurer_app/test/features/onboarding/domain/entities/travel_interest_test.dart: TravelInterest Practical usage should support common selection patterns    07:19 +162 -103: /Users/anthonyforan/SoloAdventurer_app/test/features/onboarding/domain/entities/travel_interest_test.dart: TravelInterest Practical usage should support common selection patterns    07:20 +162 -103: /Users/anthonyforan/SoloAdventurer_app/test/features/onboarding/domain/entities/travel_interest_test.dart: TravelInterest Practical usage should support common selection patterns    07:21 +162 -103: /Users/anthonyforan/SoloAdventurer_app/test/features/onboarding/domain/entities/travel_interest_test.dart: TravelInterest Practical usage should support common selection patterns    07:22 +162 -103: /Users/anthonyforan/SoloAdventurer_app/test/features/onboarding/domain/entities/travel_interest_test.dart: TravelInterest Practical usage should support common selection patterns    07:23 +162 -103: /Users/anthonyforan/SoloAdventurer_app/test/features/onboarding/domain/entities/travel_interest_test.dart: TravelInterest Practical usage should support common selection patterns    07:24 +162 -103: /Users/anthonyforan/SoloAdventurer_app/test/features/onboarding/domain/entities/travel_interest_test.dart: TravelInterest Practical usage should support common selection patterns    07:25 +162 -103: /Users/anthonyforan/SoloAdventurer_app/test/features/onboarding/domain/entities/travel_interest_test.dart: TravelInterest Practical usage should support common selection patterns    07:26 +162 -103: /Users/anthonyforan/SoloAdventurer_app/test/features/onboarding/domain/entities/travel_interest_test.dart: TravelInterest Practical usage should support common selection patterns    07:27 +162 -103: /Users/anthonyforan/SoloAdventurer_app/test/features/onboarding/domain/entities/travel_interest_test.dart: TravelInterest Practical usage should support common selection patterns    07:28 +162 -103: /Users/anthonyforan/SoloAdventurer_app/test/features/onboarding/domain/entities/travel_interest_test.dart: TravelInterest Practical usage should support common selection patterns    07:29 +162 -103: /Users/anthonyforan/SoloAdventurer_app/test/features/onboarding/domain/entities/travel_interest_test.dart: TravelInterest Practical usage should support common selection patterns    07:30 +162 -103: /Users/anthonyforan/SoloAdventurer_app/test/features/onboarding/domain/entities/travel_interest_test.dart: TravelInterest Practical usage should support common selection patterns    07:31 +162 -103: /Users/anthonyforan/SoloAdventurer_app/test/features/onboarding/domain/entities/travel_interest_test.dart: TravelInterest Practical usage should support common selection patterns    07:32 +162 -103: /Users/anthonyforan/SoloAdventurer_app/test/features/onboarding/domain/entities/travel_interest_test.dart: TravelInterest Practical usage should support common selection patterns    07:33 +162 -103: /Users/anthonyforan/SoloAdventurer_app/test/features/onboarding/domain/entities/travel_interest_test.dart: TravelInterest Practical usage should support common selection patterns    07:34 +162 -103: /Users/anthonyforan/SoloAdventurer_app/test/features/onboarding/domain/entities/travel_interest_test.dart: TravelInterest Practical usage should support common selection patterns    07:35 +162 -103: /Users/anthonyforan/SoloAdventurer_app/test/features/onboarding/domain/entities/travel_interest_test.dart: TravelInterest Practical usage should support common selection patterns    07:36 +162 -103: /Users/anthonyforan/SoloAdventurer_app/test/features/onboarding/domain/entities/travel_interest_test.dart: TravelInterest Practical usage should support common selection patterns    07:37 +162 -103: /Users/anthonyforan/SoloAdventurer_app/test/features/onboarding/domain/entities/travel_interest_test.dart: TravelInterest Practical usage should support common selection patterns    07:38 +162 -103: /Users/anthonyforan/SoloAdventurer_app/test/features/onboarding/domain/entities/travel_interest_test.dart: TravelInterest Practical usage should support common selection patterns    07:39 +162 -103: /Users/anthonyforan/SoloAdventurer_app/test/features/onboarding/domain/entities/travel_interest_test.dart: TravelInterest Practical usage should support common selection patterns    07:40 +162 -103: /Users/anthonyforan/SoloAdventurer_app/test/features/onboarding/domain/entities/travel_interest_test.dart: TravelInterest Practical usage should support common selection patterns    07:41 +162 -103: /Users/anthonyforan/SoloAdventurer_app/test/features/onboarding/domain/entities/travel_interest_test.dart: TravelInterest Practical usage should support common selection patterns    07:42 +162 -103: /Users/anthonyforan/SoloAdventurer_app/test/features/onboarding/domain/entities/travel_interest_test.dart: TravelInterest Practical usage should support common selection patterns    07:43 +162 -103: /Users/anthonyforan/SoloAdventurer_app/test/features/onboarding/domain/entities/travel_interest_test.dart: TravelInterest Practical usage should support common selection patterns    07:44 +162 -103: /Users/anthonyforan/SoloAdventurer_app/test/features/onboarding/domain/entities/travel_interest_test.dart: TravelInterest Practical usage should support common selection patterns    07:45 +162 -103: /Users/anthonyforan/SoloAdventurer_app/test/features/onboarding/domain/entities/travel_interest_test.dart: TravelInterest Practical usage should support common selection patterns    07:46 +162 -103: /Users/anthonyforan/SoloAdventurer_app/test/features/onboarding/domain/entities/travel_interest_test.dart: TravelInterest Practical usage should support common selection patterns    07:47 +162 -103: /Users/anthonyforan/SoloAdventurer_app/test/features/onboarding/domain/entities/travel_interest_test.dart: TravelInterest Practical usage should support common selection patterns    07:48 +162 -103: /Users/anthonyforan/SoloAdventurer_app/test/features/onboarding/domain/entities/travel_interest_test.dart: TravelInterest Practical usage should support common selection patterns    07:49 +162 -103: /Users/anthonyforan/SoloAdventurer_app/test/features/onboarding/domain/entities/travel_interest_test.dart: TravelInterest Practical usage should support common selection patterns    07:50 +162 -103: /Users/anthonyforan/SoloAdventurer_app/test/features/onboarding/domain/entities/travel_interest_test.dart: TravelInterest Practical usage should support common selection patterns    07:51 +162 -103: /Users/anthonyforan/SoloAdventurer_app/test/features/onboarding/domain/entities/travel_interest_test.dart: TravelInterest Practical usage should support common selection patterns    07:52 +162 -103: /Users/anthonyforan/SoloAdventurer_app/test/features/onboarding/domain/entities/travel_interest_test.dart: TravelInterest Practical usage should support common selection patterns    07:53 +162 -103: /Users/anthonyforan/SoloAdventurer_app/test/features/onboarding/domain/entities/travel_interest_test.dart: TravelInterest Practical usage should support common selection patterns    07:54 +162 -103: /Users/anthonyforan/SoloAdventurer_app/test/features/onboarding/domain/entities/travel_interest_test.dart: TravelInterest Practical usage should support common selection patterns    07:55 +162 -103: /Users/anthonyforan/SoloAdventurer_app/test/features/onboarding/domain/entities/travel_interest_test.dart: TravelInterest Practical usage should support common selection patterns    07:56 +162 -103: /Users/anthonyforan/SoloAdventurer_app/test/features/onboarding/domain/entities/travel_interest_test.dart: TravelInterest Practical usage should support common selection patterns    07:57 +162 -103: /Users/anthonyforan/SoloAdventurer_app/test/features/onboarding/domain/entities/travel_interest_test.dart: TravelInterest Practical usage should support common selection patterns    07:58 +162 -103: /Users/anthonyforan/SoloAdventurer_app/test/features/onboarding/domain/entities/travel_interest_test.dart: TravelInterest Practical usage should support common selection patterns    07:59 +162 -103: /Users/anthonyforan/SoloAdventurer_app/test/features/onboarding/domain/entities/travel_interest_test.dart: TravelInterest Practical usage should support common selection patterns    08:00 +162 -103: /Users/anthonyforan/SoloAdventurer_app/test/features/onboarding/domain/entities/travel_interest_test.dart: TravelInterest Practical usage should support common selection patterns    08:01 +162 -103: /Users/anthonyforan/SoloAdventurer_app/test/features/onboarding/domain/entities/travel_interest_test.dart: TravelInterest Practical usage should support common selection patterns    08:02 +162 -103: /Users/anthonyforan/SoloAdventurer_app/test/features/onboarding/domain/entities/travel_interest_test.dart: TravelInterest Practical usage should support common selection patterns    08:03 +162 -103: /Users/anthonyforan/SoloAdventurer_app/test/features/onboarding/domain/entities/travel_interest_test.dart: TravelInterest Practical usage should support common selection patterns    08:04 +162 -103: /Users/anthonyforan/SoloAdventurer_app/test/features/onboarding/domain/entities/travel_interest_test.dart: TravelInterest Practical usage should support common selection patterns    08:05 +162 -103: /Users/anthonyforan/SoloAdventurer_app/test/features/onboarding/domain/entities/travel_interest_test.dart: TravelInterest Practical usage should support common selection patterns    08:06 +162 -103: /Users/anthonyforan/SoloAdventurer_app/test/features/onboarding/domain/entities/travel_interest_test.dart: TravelInterest Practical usage should support common selection patterns    08:07 +162 -103: /Users/anthonyforan/SoloAdventurer_app/test/features/onboarding/domain/entities/travel_interest_test.dart: TravelInterest Practical usage should support common selection patterns    08:08 +162 -103: /Users/anthonyforan/SoloAdventurer_app/test/features/onboarding/domain/entities/travel_interest_test.dart: TravelInterest Practical usage should support common selection patterns    08:09 +162 -103: /Users/anthonyforan/SoloAdventurer_app/test/features/onboarding/domain/entities/travel_interest_test.dart: TravelInterest Practical usage should support common selection patterns    08:10 +162 -103: /Users/anthonyforan/SoloAdventurer_app/test/features/onboarding/domain/entities/travel_interest_test.dart: TravelInterest Practical usage should support common selection patterns    08:11 +162 -103: /Users/anthonyforan/SoloAdventurer_app/test/features/onboarding/domain/entities/travel_interest_test.dart: TravelInterest Practical usage should support common selection patterns    08:12 +162 -103: /Users/anthonyforan/SoloAdventurer_app/test/features/onboarding/domain/entities/travel_interest_test.dart: TravelInterest Practical usage should support common selection patterns    08:13 +162 -103: /Users/anthonyforan/SoloAdventurer_app/test/features/onboarding/domain/entities/travel_interest_test.dart: TravelInterest Practical usage should support common selection patterns    08:14 +162 -103: /Users/anthonyforan/SoloAdventurer_app/test/features/onboarding/domain/entities/travel_interest_test.dart: TravelInterest Practical usage should support common selection patterns    08:15 +162 -103: /Users/anthonyforan/SoloAdventurer_app/test/features/onboarding/domain/entities/travel_interest_test.dart: TravelInterest Practical usage should support common selection patterns    08:16 +162 -103: /Users/anthonyforan/SoloAdventurer_app/test/features/onboarding/domain/entities/travel_interest_test.dart: TravelInterest Practical usage should support common selection patterns    08:17 +162 -103: /Users/anthonyforan/SoloAdventurer_app/test/features/onboarding/domain/entities/travel_interest_test.dart: TravelInterest Practical usage should support common selection patterns    08:18 +162 -103: /Users/anthonyforan/SoloAdventurer_app/test/features/onboarding/domain/entities/travel_interest_test.dart: TravelInterest Practical usage should support common selection patterns    08:19 +162 -103: /Users/anthonyforan/SoloAdventurer_app/test/features/onboarding/domain/entities/travel_interest_test.dart: TravelInterest Practical usage should support common selection patterns    08:20 +162 -103: /Users/anthonyforan/SoloAdventurer_app/test/features/onboarding/domain/entities/travel_interest_test.dart: TravelInterest Practical usage should support common selection patterns    08:21 +162 -103: /Users/anthonyforan/SoloAdventurer_app/test/features/onboarding/domain/entities/travel_interest_test.dart: TravelInterest Practical usage should support common selection patterns    08:22 +162 -103: /Users/anthonyforan/SoloAdventurer_app/test/features/onboarding/domain/entities/travel_interest_test.dart: TravelInterest Practical usage should support common selection patterns    08:23 +162 -103: /Users/anthonyforan/SoloAdventurer_app/test/features/onboarding/domain/entities/travel_interest_test.dart: TravelInterest Practical usage should support common selection patterns    08:24 +162 -103: /Users/anthonyforan/SoloAdventurer_app/test/features/onboarding/domain/entities/travel_interest_test.dart: TravelInterest Practical usage should support common selection patterns    08:25 +162 -103: /Users/anthonyforan/SoloAdventurer_app/test/features/onboarding/domain/entities/travel_interest_test.dart: TravelInterest Practical usage should support common selection patterns    08:26 +162 -103: /Users/anthonyforan/SoloAdventurer_app/test/features/onboarding/domain/entities/travel_interest_test.dart: TravelInterest Practical usage should support common selection patterns    08:27 +162 -103: /Users/anthonyforan/SoloAdventurer_app/test/features/onboarding/domain/entities/travel_interest_test.dart: TravelInterest Practical usage should support common selection patterns    08:28 +162 -103: /Users/anthonyforan/SoloAdventurer_app/test/features/onboarding/domain/entities/travel_interest_test.dart: TravelInterest Practical usage should support common selection patterns    08:29 +162 -103: /Users/anthonyforan/SoloAdventurer_app/test/features/onboarding/domain/entities/travel_interest_test.dart: TravelInterest Practical usage should support common selection patterns    08:30 +162 -103: /Users/anthonyforan/SoloAdventurer_app/test/features/onboarding/domain/entities/travel_interest_test.dart: TravelInterest Practical usage should support common selection patterns    08:31 +162 -103: /Users/anthonyforan/SoloAdventurer_app/test/features/onboarding/domain/entities/travel_interest_test.dart: TravelInterest Practical usage should support common selection patterns    08:32 +162 -103: /Users/anthonyforan/SoloAdventurer_app/test/features/onboarding/domain/entities/travel_interest_test.dart: TravelInterest Practical usage should support common selection patterns    08:33 +162 -103: /Users/anthonyforan/SoloAdventurer_app/test/features/onboarding/domain/entities/travel_interest_test.dart: TravelInterest Practical usage should support common selection patterns    08:34 +162 -103: /Users/anthonyforan/SoloAdventurer_app/test/features/onboarding/domain/entities/travel_interest_test.dart: TravelInterest Practical usage should support common selection patterns    08:35 +162 -103: /Users/anthonyforan/SoloAdventurer_app/test/features/onboarding/domain/entities/travel_interest_test.dart: TravelInterest Practical usage should support common selection patterns    08:36 +162 -103: /Users/anthonyforan/SoloAdventurer_app/test/features/onboarding/domain/entities/travel_interest_test.dart: TravelInterest Practical usage should support common selection patterns    08:37 +162 -103: /Users/anthonyforan/SoloAdventurer_app/test/features/onboarding/domain/entities/travel_interest_test.dart: TravelInterest Practical usage should support common selection patterns    08:38 +162 -103: /Users/anthonyforan/SoloAdventurer_app/test/features/onboarding/domain/entities/travel_interest_test.dart: TravelInterest Practical usage should support common selection patterns    08:39 +162 -103: /Users/anthonyforan/SoloAdventurer_app/test/features/onboarding/domain/entities/travel_interest_test.dart: TravelInterest Practical usage should support common selection patterns    08:40 +162 -103: /Users/anthonyforan/SoloAdventurer_app/test/features/onboarding/domain/entities/travel_interest_test.dart: TravelInterest Practical usage should support common selection patterns    08:41 +162 -103: /Users/anthonyforan/SoloAdventurer_app/test/features/onboarding/domain/entities/travel_interest_test.dart: TravelInterest Practical usage should support common selection patterns    08:42 +162 -103: /Users/anthonyforan/SoloAdventurer_app/test/features/onboarding/domain/entities/travel_interest_test.dart: TravelInterest Practical usage should support common selection patterns    08:43 +162 -103: /Users/anthonyforan/SoloAdventurer_app/test/features/onboarding/domain/entities/travel_interest_test.dart: TravelInterest Practical usage should support common selection patterns    08:44 +162 -103: /Users/anthonyforan/SoloAdventurer_app/test/features/onboarding/domain/entities/travel_interest_test.dart: TravelInterest Practical usage should support common selection patterns    08:45 +162 -103: /Users/anthonyforan/SoloAdventurer_app/test/features/onboarding/domain/entities/travel_interest_test.dart: TravelInterest Practical usage should support common selection patterns    08:46 +162 -103: /Users/anthonyforan/SoloAdventurer_app/test/features/onboarding/domain/entities/travel_interest_test.dart: TravelInterest Practical usage should support common selection patterns    08:47 +162 -103: /Users/anthonyforan/SoloAdventurer_app/test/features/onboarding/domain/entities/travel_interest_test.dart: TravelInterest Practical usage should support common selection patterns    08:48 +162 -103: /Users/anthonyforan/SoloAdventurer_app/test/features/onboarding/domain/entities/travel_interest_test.dart: TravelInterest Practical usage should support common selection patterns    08:49 +162 -103: /Users/anthonyforan/SoloAdventurer_app/test/features/onboarding/domain/entities/travel_interest_test.dart: TravelInterest Practical usage should support common selection patterns    08:50 +162 -103: /Users/anthonyforan/SoloAdventurer_app/test/features/onboarding/domain/entities/travel_interest_test.dart: TravelInterest Practical usage should support common selection patterns    08:51 +162 -103: /Users/anthonyforan/SoloAdventurer_app/test/features/onboarding/domain/entities/travel_interest_test.dart: TravelInterest Practical usage should support common selection patterns    08:52 +162 -103: /Users/anthonyforan/SoloAdventurer_app/test/features/onboarding/domain/entities/travel_interest_test.dart: TravelInterest Practical usage should support common selection patterns    08:53 +162 -103: /Users/anthonyforan/SoloAdventurer_app/test/features/onboarding/domain/entities/travel_interest_test.dart: TravelInterest Practical usage should support common selection patterns    08:54 +162 -103: /Users/anthonyforan/SoloAdventurer_app/test/features/onboarding/domain/entities/travel_interest_test.dart: TravelInterest Practical usage should support common selection patterns    08:55 +162 -103: /Users/anthonyforan/SoloAdventurer_app/test/features/onboarding/domain/entities/travel_interest_test.dart: TravelInterest Practical usage should support common selection patterns    08:56 +162 -103: /Users/anthonyforan/SoloAdventurer_app/test/features/onboarding/domain/entities/travel_interest_test.dart: TravelInterest Practical usage should support common selection patterns    08:57 +162 -103: /Users/anthonyforan/SoloAdventurer_app/test/features/onboarding/domain/entities/travel_interest_test.dart: TravelInterest Practical usage should support common selection patterns    08:58 +162 -103: /Users/anthonyforan/SoloAdventurer_app/test/features/onboarding/domain/entities/travel_interest_test.dart: TravelInterest Practical usage should support common selection patterns    08:59 +162 -103: /Users/anthonyforan/SoloAdventurer_app/test/features/onboarding/domain/entities/travel_interest_test.dart: TravelInterest Practical usage should support common selection patterns    09:00 +162 -103: /Users/anthonyforan/SoloAdventurer_app/test/features/onboarding/domain/entities/travel_interest_test.dart: TravelInterest Practical usage should support common selection patterns    09:01 +162 -103: /Users/anthonyforan/SoloAdventurer_app/test/features/onboarding/domain/entities/travel_interest_test.dart: TravelInterest Practical usage should support common selection patterns    09:02 +162 -103: /Users/anthonyforan/SoloAdventurer_app/test/features/onboarding/domain/entities/travel_interest_test.dart: TravelInterest Practical usage should support common selection patterns    09:03 +162 -103: /Users/anthonyforan/SoloAdventurer_app/test/features/onboarding/domain/entities/travel_interest_test.dart: TravelInterest Practical usage should support common selection patterns    09:04 +162 -103: /Users/anthonyforan/SoloAdventurer_app/test/features/onboarding/domain/entities/travel_interest_test.dart: TravelInterest Practical usage should support common selection patterns    09:05 +162 -103: /Users/anthonyforan/SoloAdventurer_app/test/features/onboarding/domain/entities/travel_interest_test.dart: TravelInterest Practical usage should support common selection patterns    09:06 +162 -103: /Users/anthonyforan/SoloAdventurer_app/test/features/onboarding/domain/entities/travel_interest_test.dart: TravelInterest Practical usage should support common selection patterns    09:07 +162 -103: /Users/anthonyforan/SoloAdventurer_app/test/features/onboarding/domain/entities/travel_interest_test.dart: TravelInterest Practical usage should support common selection patterns    09:08 +162 -103: /Users/anthonyforan/SoloAdventurer_app/test/features/onboarding/domain/entities/travel_interest_test.dart: TravelInterest Practical usage should support common selection patterns    09:09 +162 -103: /Users/anthonyforan/SoloAdventurer_app/test/features/onboarding/domain/entities/travel_interest_test.dart: TravelInterest Practical usage should support common selection patterns    09:10 +162 -103: /Users/anthonyforan/SoloAdventurer_app/test/features/onboarding/domain/entities/travel_interest_test.dart: TravelInterest Practical usage should support common selection patterns    09:11 +162 -103: /Users/anthonyforan/SoloAdventurer_app/test/features/onboarding/domain/entities/travel_interest_test.dart: TravelInterest Practical usage should support common selection patterns    09:12 +162 -103: /Users/anthonyforan/SoloAdventurer_app/test/features/onboarding/domain/entities/travel_interest_test.dart: TravelInterest Practical usage should support common selection patterns    09:13 +162 -103: /Users/anthonyforan/SoloAdventurer_app/test/features/onboarding/domain/entities/travel_interest_test.dart: TravelInterest Practical usage should support common selection patterns    09:14 +162 -103: /Users/anthonyforan/SoloAdventurer_app/test/features/onboarding/domain/entities/travel_interest_test.dart: TravelInterest Practical usage should support common selection patterns    09:15 +162 -103: /Users/anthonyforan/SoloAdventurer_app/test/features/onboarding/domain/entities/travel_interest_test.dart: TravelInterest Practical usage should support common selection patterns    09:16 +162 -103: /Users/anthonyforan/SoloAdventurer_app/test/features/onboarding/domain/entities/travel_interest_test.dart: TravelInterest Practical usage should support common selection patterns    09:17 +162 -103: /Users/anthonyforan/SoloAdventurer_app/test/features/onboarding/domain/entities/travel_interest_test.dart: TravelInterest Practical usage should support common selection patterns    09:18 +162 -103: /Users/anthonyforan/SoloAdventurer_app/test/features/onboarding/domain/entities/travel_interest_test.dart: TravelInterest Practical usage should support common selection patterns    09:19 +162 -103: /Users/anthonyforan/SoloAdventurer_app/test/features/onboarding/domain/entities/travel_interest_test.dart: TravelInterest Practical usage should support common selection patterns    09:20 +162 -103: /Users/anthonyforan/SoloAdventurer_app/test/features/onboarding/domain/entities/travel_interest_test.dart: TravelInterest Practical usage should support common selection patterns    09:21 +162 -103: /Users/anthonyforan/SoloAdventurer_app/test/features/onboarding/domain/entities/travel_interest_test.dart: TravelInterest Practical usage should support common selection patterns    09:22 +162 -103: /Users/anthonyforan/SoloAdventurer_app/test/features/onboarding/domain/entities/travel_interest_test.dart: TravelInterest Practical usage should support common selection patterns    09:23 +162 -103: /Users/anthonyforan/SoloAdventurer_app/test/features/onboarding/domain/entities/travel_interest_test.dart: TravelInterest Practical usage should support common selection patterns    09:24 +162 -103: /Users/anthonyforan/SoloAdventurer_app/test/features/onboarding/domain/entities/travel_interest_test.dart: TravelInterest Practical usage should support common selection patterns    09:25 +162 -103: /Users/anthonyforan/SoloAdventurer_app/test/features/onboarding/domain/entities/travel_interest_test.dart: TravelInterest Practical usage should support common selection patterns    09:26 +162 -103: /Users/anthonyforan/SoloAdventurer_app/test/features/onboarding/domain/entities/travel_interest_test.dart: TravelInterest Practical usage should support common selection patterns    09:27 +162 -103: /Users/anthonyforan/SoloAdventurer_app/test/features/onboarding/domain/entities/travel_interest_test.dart: TravelInterest Practical usage should support common selection patterns    09:28 +162 -103: /Users/anthonyforan/SoloAdventurer_app/test/features/onboarding/domain/entities/travel_interest_test.dart: TravelInterest Practical usage should support common selection patterns    09:29 +162 -103: /Users/anthonyforan/SoloAdventurer_app/test/features/onboarding/domain/entities/travel_interest_test.dart: TravelInterest Practical usage should support common selection patterns    09:30 +162 -103: /Users/anthonyforan/SoloAdventurer_app/test/features/onboarding/domain/entities/travel_interest_test.dart: TravelInterest Practical usage should support common selection patterns    09:31 +162 -103: /Users/anthonyforan/SoloAdventurer_app/test/features/onboarding/domain/entities/travel_interest_test.dart: TravelInterest Practical usage should support common selection patterns    09:32 +162 -103: /Users/anthonyforan/SoloAdventurer_app/test/features/onboarding/domain/entities/travel_interest_test.dart: TravelInterest Practical usage should support common selection patterns    09:33 +162 -103: /Users/anthonyforan/SoloAdventurer_app/test/features/onboarding/domain/entities/travel_interest_test.dart: TravelInterest Practical usage should support common selection patterns    09:34 +162 -103: /Users/anthonyforan/SoloAdventurer_app/test/features/onboarding/domain/entities/travel_interest_test.dart: TravelInterest Practical usage should support common selection patterns    09:35 +162 -103: /Users/anthonyforan/SoloAdventurer_app/test/features/onboarding/domain/entities/travel_interest_test.dart: TravelInterest Practical usage should support common selection patterns    09:36 +162 -103: /Users/anthonyforan/SoloAdventurer_app/test/features/onboarding/domain/entities/travel_interest_test.dart: TravelInterest Practical usage should support common selection patterns    09:37 +162 -103: /Users/anthonyforan/SoloAdventurer_app/test/features/onboarding/domain/entities/travel_interest_test.dart: TravelInterest Practical usage should support common selection patterns    09:38 +162 -103: /Users/anthonyforan/SoloAdventurer_app/test/features/onboarding/domain/entities/travel_interest_test.dart: TravelInterest Practical usage should support common selection patterns    09:39 +162 -103: /Users/anthonyforan/SoloAdventurer_app/test/features/onboarding/domain/entities/travel_interest_test.dart: TravelInterest Practical usage should support common selection patterns    09:40 +162 -103: /Users/anthonyforan/SoloAdventurer_app/test/features/onboarding/domain/entities/travel_interest_test.dart: TravelInterest Practical usage should support common selection patterns    09:41 +162 -103: /Users/anthonyforan/SoloAdventurer_app/test/features/onboarding/domain/entities/travel_interest_test.dart: TravelInterest Practical usage should support common selection patterns    09:42 +162 -103: /Users/anthonyforan/SoloAdventurer_app/test/features/onboarding/domain/entities/travel_interest_test.dart: TravelInterest Practical usage should support common selection patterns    09:43 +162 -103: /Users/anthonyforan/SoloAdventurer_app/test/features/onboarding/domain/entities/travel_interest_test.dart: TravelInterest Practical usage should support common selection patterns    09:44 +162 -103: /Users/anthonyforan/SoloAdventurer_app/test/features/onboarding/domain/entities/travel_interest_test.dart: TravelInterest Practical usage should support common selection patterns    09:45 +162 -103: /Users/anthonyforan/SoloAdventurer_app/test/features/onboarding/domain/entities/travel_interest_test.dart: TravelInterest Practical usage should support common selection patterns    09:46 +162 -103: /Users/anthonyforan/SoloAdventurer_app/test/features/onboarding/domain/entities/travel_interest_test.dart: TravelInterest Practical usage should support common selection patterns    09:47 +162 -103: /Users/anthonyforan/SoloAdventurer_app/test/features/onboarding/domain/entities/travel_interest_test.dart: TravelInterest Practical usage should support common selection patterns    09:48 +162 -103: /Users/anthonyforan/SoloAdventurer_app/test/features/onboarding/domain/entities/travel_interest_test.dart: TravelInterest Practical usage should support common selection patterns    09:49 +162 -103: /Users/anthonyforan/SoloAdventurer_app/test/features/onboarding/domain/entities/travel_interest_test.dart: TravelInterest Practical usage should support common selection patterns    09:50 +162 -103: /Users/anthonyforan/SoloAdventurer_app/test/features/onboarding/domain/entities/travel_interest_test.dart: TravelInterest Practical usage should support common selection patterns    09:51 +162 -103: /Users/anthonyforan/SoloAdventurer_app/test/features/onboarding/domain/entities/travel_interest_test.dart: TravelInterest Practical usage should support common selection patterns    09:52 +162 -103: /Users/anthonyforan/SoloAdventurer_app/test/features/onboarding/domain/entities/travel_interest_test.dart: TravelInterest Practical usage should support common selection patterns    09:53 +162 -103: /Users/anthonyforan/SoloAdventurer_app/test/features/onboarding/domain/entities/travel_interest_test.dart: TravelInterest Practical usage should support common selection patterns    09:54 +162 -103: /Users/anthonyforan/SoloAdventurer_app/test/features/onboarding/domain/entities/travel_interest_test.dart: TravelInterest Practical usage should support common selection patterns    09:55 +162 -103: /Users/anthonyforan/SoloAdventurer_app/test/features/onboarding/domain/entities/travel_interest_test.dart: TravelInterest Practical usage should support common selection patterns    09:56 +162 -103: /Users/anthonyforan/SoloAdventurer_app/test/features/onboarding/domain/entities/travel_interest_test.dart: TravelInterest Practical usage should support common selection patterns    09:57 +162 -103: /Users/anthonyforan/SoloAdventurer_app/test/features/onboarding/domain/entities/travel_interest_test.dart: TravelInterest Practical usage should support common selection patterns    09:58 +162 -103: /Users/anthonyforan/SoloAdventurer_app/test/features/onboarding/domain/entities/travel_interest_test.dart: TravelInterest Practical usage should support common selection patterns    09:59 +162 -103: /Users/anthonyforan/SoloAdventurer_app/test/features/onboarding/domain/entities/travel_interest_test.dart: TravelInterest Practical usage should support common selection patterns    10:00 +162 -103: /Users/anthonyforan/SoloAdventurer_app/test/features/onboarding/domain/entities/travel_interest_test.dart: TravelInterest Practical usage should support common selection patterns    10:01 +162 -103: /Users/anthonyforan/SoloAdventurer_app/test/features/onboarding/domain/entities/travel_interest_test.dart: TravelInterest Practical usage should support common selection patterns    10:02 +162 -103: /Users/anthonyforan/SoloAdventurer_app/test/features/onboarding/domain/entities/travel_interest_test.dart: TravelInterest Practical usage should support common selection patterns    10:03 +162 -103: /Users/anthonyforan/SoloAdventurer_app/test/features/onboarding/domain/entities/travel_interest_test.dart: TravelInterest Practical usage should support common selection patterns    10:04 +162 -103: /Users/anthonyforan/SoloAdventurer_app/test/features/onboarding/domain/entities/travel_interest_test.dart: TravelInterest Practical usage should support common selection patterns    10:05 +162 -103: /Users/anthonyforan/SoloAdventurer_app/test/features/onboarding/domain/entities/travel_interest_test.dart: TravelInterest Practical usage should support common selection patterns    10:06 +162 -103: /Users/anthonyforan/SoloAdventurer_app/test/features/onboarding/domain/entities/travel_interest_test.dart: TravelInterest Practical usage should support common selection patterns    10:07 +162 -103: /Users/anthonyforan/SoloAdventurer_app/test/features/onboarding/domain/entities/travel_interest_test.dart: TravelInterest Practical usage should support common selection patterns    10:08 +162 -103: /Users/anthonyforan/SoloAdventurer_app/test/features/onboarding/domain/entities/travel_interest_test.dart: TravelInterest Practical usage should support common selection patterns    10:09 +162 -103: /Users/anthonyforan/SoloAdventurer_app/test/features/onboarding/domain/entities/travel_interest_test.dart: TravelInterest Practical usage should support common selection patterns    10:10 +162 -103: /Users/anthonyforan/SoloAdventurer_app/test/features/onboarding/domain/entities/travel_interest_test.dart: TravelInterest Practical usage should support common selection patterns    10:11 +162 -103: /Users/anthonyforan/SoloAdventurer_app/test/features/onboarding/domain/entities/travel_interest_test.dart: TravelInterest Practical usage should support common selection patterns    10:12 +162 -103: /Users/anthonyforan/SoloAdventurer_app/test/features/onboarding/domain/entities/travel_interest_test.dart: TravelInterest Practical usage should support common selection patterns    10:13 +162 -103: /Users/anthonyforan/SoloAdventurer_app/test/features/onboarding/domain/entities/travel_interest_test.dart: TravelInterest Practical usage should support common selection patterns    10:14 +162 -103: /Users/anthonyforan/SoloAdventurer_app/test/features/onboarding/domain/entities/travel_interest_test.dart: TravelInterest Practical usage should support common selection patterns    10:15 +162 -103: /Users/anthonyforan/SoloAdventurer_app/test/features/onboarding/domain/entities/travel_interest_test.dart: TravelInterest Practical usage should support common selection patterns    10:16 +162 -103: /Users/anthonyforan/SoloAdventurer_app/test/features/onboarding/domain/entities/travel_interest_test.dart: TravelInterest Practical usage should support common selection patterns    10:17 +162 -103: /Users/anthonyforan/SoloAdventurer_app/test/features/onboarding/domain/entities/travel_interest_test.dart: TravelInterest Practical usage should support common selection patterns    10:18 +162 -103: /Users/anthonyforan/SoloAdventurer_app/test/features/onboarding/domain/entities/travel_interest_test.dart: TravelInterest Practical usage should support common selection patterns    10:19 +162 -103: /Users/anthonyforan/SoloAdventurer_app/test/features/onboarding/domain/entities/travel_interest_test.dart: TravelInterest Practical usage should support common selection patterns    10:20 +162 -103: /Users/anthonyforan/SoloAdventurer_app/test/features/onboarding/domain/entities/travel_interest_test.dart: TravelInterest Practical usage should support common selection patterns    10:21 +162 -103: /Users/anthonyforan/SoloAdventurer_app/test/features/onboarding/domain/entities/travel_interest_test.dart: TravelInterest Practical usage should support common selection patterns    10:22 +162 -103: /Users/anthonyforan/SoloAdventurer_app/test/features/onboarding/domain/entities/travel_interest_test.dart: TravelInterest Practical usage should support common selection patterns    10:23 +162 -103: /Users/anthonyforan/SoloAdventurer_app/test/features/onboarding/domain/entities/travel_interest_test.dart: TravelInterest Practical usage should support common selection patterns    10:24 +162 -103: /Users/anthonyforan/SoloAdventurer_app/test/features/onboarding/domain/entities/travel_interest_test.dart: TravelInterest Practical usage should support common selection patterns    10:25 +162 -103: /Users/anthonyforan/SoloAdventurer_app/test/features/onboarding/domain/entities/travel_interest_test.dart: TravelInterest Practical usage should support common selection patterns    10:26 +162 -103: /Users/anthonyforan/SoloAdventurer_app/test/features/onboarding/domain/entities/travel_interest_test.dart: TravelInterest Practical usage should support common selection patterns    10:27 +162 -103: /Users/anthonyforan/SoloAdventurer_app/test/features/onboarding/domain/entities/travel_interest_test.dart: TravelInterest Practical usage should support common selection patterns    10:28 +162 -103: /Users/anthonyforan/SoloAdventurer_app/test/features/onboarding/domain/entities/travel_interest_test.dart: TravelInterest Practical usage should support common selection patterns    10:29 +162 -103: /Users/anthonyforan/SoloAdventurer_app/test/features/onboarding/domain/entities/travel_interest_test.dart: TravelInterest Practical usage should support common selection patterns    10:30 +162 -103: /Users/anthonyforan/SoloAdventurer_app/test/features/onboarding/domain/entities/travel_interest_test.dart: TravelInterest Practical usage should support common selection patterns    10:31 +162 -103: /Users/anthonyforan/SoloAdventurer_app/test/features/onboarding/domain/entities/travel_interest_test.dart: TravelInterest Practical usage should support common selection patterns    10:32 +162 -103: /Users/anthonyforan/SoloAdventurer_app/test/features/onboarding/domain/entities/travel_interest_test.dart: TravelInterest Practical usage should support common selection patterns    10:33 +162 -103: /Users/anthonyforan/SoloAdventurer_app/test/features/onboarding/domain/entities/travel_interest_test.dart: TravelInterest Practical usage should support common selection patterns    10:34 +162 -103: /Users/anthonyforan/SoloAdventurer_app/test/features/onboarding/domain/entities/travel_interest_test.dart: TravelInterest Practical usage should support common selection patterns    10:35 +162 -103: /Users/anthonyforan/SoloAdventurer_app/test/features/onboarding/domain/entities/travel_interest_test.dart: TravelInterest Practical usage should support common selection patterns    10:36 +162 -103: /Users/anthonyforan/SoloAdventurer_app/test/features/onboarding/domain/entities/travel_interest_test.dart: TravelInterest Practical usage should support common selection patterns    10:37 +162 -103: /Users/anthonyforan/SoloAdventurer_app/test/features/onboarding/domain/entities/travel_interest_test.dart: TravelInterest Practical usage should support common selection patterns    10:38 +162 -103: /Users/anthonyforan/SoloAdventurer_app/test/features/onboarding/domain/entities/travel_interest_test.dart: TravelInterest Practical usage should support common selection patterns    10:39 +162 -103: /Users/anthonyforan/SoloAdventurer_app/test/features/onboarding/domain/entities/travel_interest_test.dart: TravelInterest Practical usage should support common selection patterns    10:40 +162 -103: /Users/anthonyforan/SoloAdventurer_app/test/features/onboarding/domain/entities/travel_interest_test.dart: TravelInterest Practical usage should support common selection patterns    10:41 +162 -103: /Users/anthonyforan/SoloAdventurer_app/test/features/onboarding/domain/entities/travel_interest_test.dart: TravelInterest Practical usage should support common selection patterns    10:42 +162 -103: /Users/anthonyforan/SoloAdventurer_app/test/features/onboarding/domain/entities/travel_interest_test.dart: TravelInterest Practical usage should support common selection patterns    10:43 +162 -103: /Users/anthonyforan/SoloAdventurer_app/test/features/onboarding/domain/entities/travel_interest_test.dart: TravelInterest Practical usage should support common selection patterns    10:44 +162 -103: /Users/anthonyforan/SoloAdventurer_app/test/features/onboarding/domain/entities/travel_interest_test.dart: TravelInterest Practical usage should support common selection patterns    10:45 +162 -103: /Users/anthonyforan/SoloAdventurer_app/test/features/onboarding/domain/entities/travel_interest_test.dart: TravelInterest Practical usage should support common selection patterns    10:46 +162 -103: /Users/anthonyforan/SoloAdventurer_app/test/features/onboarding/domain/entities/travel_interest_test.dart: TravelInterest Practical usage should support common selection patterns    10:47 +162 -103: /Users/anthonyforan/SoloAdventurer_app/test/features/onboarding/domain/entities/travel_interest_test.dart: TravelInterest Practical usage should support common selection patterns    10:48 +162 -103: /Users/anthonyforan/SoloAdventurer_app/test/features/onboarding/domain/entities/travel_interest_test.dart: TravelInterest Practical usage should support common selection patterns    10:49 +162 -103: /Users/anthonyforan/SoloAdventurer_app/test/features/onboarding/domain/entities/travel_interest_test.dart: TravelInterest Practical usage should support common selection patterns    10:50 +162 -103: /Users/anthonyforan/SoloAdventurer_app/test/features/onboarding/domain/entities/travel_interest_test.dart: TravelInterest Practical usage should support common selection patterns    10:51 +162 -103: /Users/anthonyforan/SoloAdventurer_app/test/features/onboarding/domain/entities/travel_interest_test.dart: TravelInterest Practical usage should support common selection patterns    10:52 +162 -103: /Users/anthonyforan/SoloAdventurer_app/test/features/onboarding/domain/entities/travel_interest_test.dart: TravelInterest Practical usage should support common selection patterns    10:53 +162 -103: /Users/anthonyforan/SoloAdventurer_app/test/features/onboarding/domain/entities/travel_interest_test.dart: TravelInterest Practical usage should support common selection patterns    10:54 +162 -103: /Users/anthonyforan/SoloAdventurer_app/test/features/onboarding/domain/entities/travel_interest_test.dart: TravelInterest Practical usage should support common selection patterns    10:55 +162 -103: /Users/anthonyforan/SoloAdventurer_app/test/features/onboarding/domain/entities/travel_interest_test.dart: TravelInterest Practical usage should support common selection patterns    10:56 +162 -103: /Users/anthonyforan/SoloAdventurer_app/test/features/onboarding/domain/entities/travel_interest_test.dart: TravelInterest Practical usage should support common selection patterns    10:57 +162 -103: /Users/anthonyforan/SoloAdventurer_app/test/features/onboarding/domain/entities/travel_interest_test.dart: TravelInterest Practical usage should support common selection patterns    10:58 +162 -103: /Users/anthonyforan/SoloAdventurer_app/test/features/onboarding/domain/entities/travel_interest_test.dart: TravelInterest Practical usage should support common selection patterns    10:59 +162 -103: /Users/anthonyforan/SoloAdventurer_app/test/features/onboarding/domain/entities/travel_interest_test.dart: TravelInterest Practical usage should support common selection patterns    11:00 +162 -103: /Users/anthonyforan/SoloAdventurer_app/test/features/onboarding/domain/entities/travel_interest_test.dart: TravelInterest Practical usage should support common selection patterns    11:01 +162 -103: /Users/anthonyforan/SoloAdventurer_app/test/features/onboarding/domain/entities/travel_interest_test.dart: TravelInterest Practical usage should support common selection patterns    11:02 +162 -103: /Users/anthonyforan/SoloAdventurer_app/test/features/onboarding/domain/entities/travel_interest_test.dart: TravelInterest Practical usage should support common selection patterns    11:03 +162 -103: /Users/anthonyforan/SoloAdventurer_app/test/features/onboarding/domain/entities/travel_interest_test.dart: TravelInterest Practical usage should support common selection patterns    11:04 +162 -103: /Users/anthonyforan/SoloAdventurer_app/test/features/onboarding/domain/entities/travel_interest_test.dart: TravelInterest Practical usage should support common selection patterns    11:05 +162 -103: /Users/anthonyforan/SoloAdventurer_app/test/features/onboarding/domain/entities/travel_interest_test.dart: TravelInterest Practical usage should support common selection patterns    11:06 +162 -103: /Users/anthonyforan/SoloAdventurer_app/test/features/onboarding/domain/entities/travel_interest_test.dart: TravelInterest Practical usage should support common selection patterns    11:07 +162 -103: /Users/anthonyforan/SoloAdventurer_app/test/features/onboarding/domain/entities/travel_interest_test.dart: TravelInterest Practical usage should support common selection patterns    11:08 +162 -103: /Users/anthonyforan/SoloAdventurer_app/test/features/onboarding/domain/entities/travel_interest_test.dart: TravelInterest Practical usage should support common selection patterns    11:09 +162 -103: /Users/anthonyforan/SoloAdventurer_app/test/features/onboarding/domain/entities/travel_interest_test.dart: TravelInterest Practical usage should support common selection patterns    11:10 +162 -103: /Users/anthonyforan/SoloAdventurer_app/test/features/onboarding/domain/entities/travel_interest_test.dart: TravelInterest Practical usage should support common selection patterns    11:11 +162 -103: /Users/anthonyforan/SoloAdventurer_app/test/features/onboarding/domain/entities/travel_interest_test.dart: TravelInterest Practical usage should support common selection patterns    11:12 +162 -103: /Users/anthonyforan/SoloAdventurer_app/test/features/onboarding/domain/entities/travel_interest_test.dart: TravelInterest Practical usage should support common selection patterns    11:13 +162 -103: /Users/anthonyforan/SoloAdventurer_app/test/features/onboarding/domain/entities/travel_interest_test.dart: TravelInterest Practical usage should support common selection patterns    11:14 +162 -103: /Users/anthonyforan/SoloAdventurer_app/test/features/onboarding/domain/entities/travel_interest_test.dart: TravelInterest Practical usage should support common selection patterns    11:15 +162 -103: /Users/anthonyforan/SoloAdventurer_app/test/features/onboarding/domain/entities/travel_interest_test.dart: TravelInterest Practical usage should support common selection patterns    11:16 +162 -103: /Users/anthonyforan/SoloAdventurer_app/test/features/onboarding/domain/entities/travel_interest_test.dart: TravelInterest Practical usage should support common selection patterns    11:17 +162 -103: /Users/anthonyforan/SoloAdventurer_app/test/features/onboarding/domain/entities/travel_interest_test.dart: TravelInterest Practical usage should support common selection patterns    11:18 +162 -103: /Users/anthonyforan/SoloAdventurer_app/test/features/onboarding/domain/entities/travel_interest_test.dart: TravelInterest Practical usage should support common selection patterns    11:19 +162 -103: /Users/anthonyforan/SoloAdventurer_app/test/features/onboarding/domain/entities/travel_interest_test.dart: TravelInterest Practical usage should support common selection patterns    11:20 +162 -103: /Users/anthonyforan/SoloAdventurer_app/test/features/onboarding/domain/entities/travel_interest_test.dart: TravelInterest Practical usage should support common selection patterns    11:21 +162 -103: /Users/anthonyforan/SoloAdventurer_app/test/features/onboarding/domain/entities/travel_interest_test.dart: TravelInterest Practical usage should support common selection patterns    11:22 +162 -103: /Users/anthonyforan/SoloAdventurer_app/test/features/onboarding/domain/entities/travel_interest_test.dart: TravelInterest Practical usage should support common selection patterns    11:23 +162 -103: /Users/anthonyforan/SoloAdventurer_app/test/features/onboarding/domain/entities/travel_interest_test.dart: TravelInterest Practical usage should support common selection patterns    11:24 +162 -103: /Users/anthonyforan/SoloAdventurer_app/test/features/onboarding/domain/entities/travel_interest_test.dart: TravelInterest Practical usage should support common selection patterns    11:25 +162 -103: /Users/anthonyforan/SoloAdventurer_app/test/features/onboarding/domain/entities/travel_interest_test.dart: TravelInterest Practical usage should support common selection patterns    11:26 +162 -103: /Users/anthonyforan/SoloAdventurer_app/test/features/onboarding/domain/entities/travel_interest_test.dart: TravelInterest Practical usage should support common selection patterns    11:27 +162 -103: /Users/anthonyforan/SoloAdventurer_app/test/features/onboarding/domain/entities/travel_interest_test.dart: TravelInterest Practical usage should support common selection patterns    11:28 +162 -103: /Users/anthonyforan/SoloAdventurer_app/test/features/onboarding/domain/entities/travel_interest_test.dart: TravelInterest Practical usage should support common selection patterns    11:29 +162 -103: /Users/anthonyforan/SoloAdventurer_app/test/features/onboarding/domain/entities/travel_interest_test.dart: TravelInterest Practical usage should support common selection patterns    11:30 +162 -103: /Users/anthonyforan/SoloAdventurer_app/test/features/onboarding/domain/entities/travel_interest_test.dart: TravelInterest Practical usage should support common selection patterns    11:31 +162 -103: /Users/anthonyforan/SoloAdventurer_app/test/features/onboarding/domain/entities/travel_interest_test.dart: TravelInterest Practical usage should support common selection patterns    11:32 +162 -103: /Users/anthonyforan/SoloAdventurer_app/test/features/onboarding/domain/entities/travel_interest_test.dart: TravelInterest Practical usage should support common selection patterns    11:33 +162 -103: /Users/anthonyforan/SoloAdventurer_app/test/features/onboarding/domain/entities/travel_interest_test.dart: TravelInterest Practical usage should support common selection patterns    11:34 +162 -103: /Users/anthonyforan/SoloAdventurer_app/test/features/onboarding/domain/entities/travel_interest_test.dart: TravelInterest Practical usage should support common selection patterns    11:35 +162 -103: /Users/anthonyforan/SoloAdventurer_app/test/features/onboarding/domain/entities/travel_interest_test.dart: TravelInterest Practical usage should support common selection patterns    11:36 +162 -103: /Users/anthonyforan/SoloAdventurer_app/test/features/onboarding/domain/entities/travel_interest_test.dart: TravelInterest Practical usage should support common selection patterns    11:37 +162 -103: /Users/anthonyforan/SoloAdventurer_app/test/features/onboarding/domain/entities/travel_interest_test.dart: TravelInterest Practical usage should support common selection patterns    11:38 +162 -103: /Users/anthonyforan/SoloAdventurer_app/test/features/onboarding/domain/entities/travel_interest_test.dart: TravelInterest Practical usage should support common selection patterns    11:39 +162 -103: /Users/anthonyforan/SoloAdventurer_app/test/features/onboarding/domain/entities/travel_interest_test.dart: TravelInterest Practical usage should support common selection patterns    11:40 +162 -103: /Users/anthonyforan/SoloAdventurer_app/test/features/onboarding/domain/entities/travel_interest_test.dart: TravelInterest Practical usage should support common selection patterns    11:41 +162 -103: /Users/anthonyforan/SoloAdventurer_app/test/features/onboarding/domain/entities/travel_interest_test.dart: TravelInterest Practical usage should support common selection patterns    11:42 +162 -103: /Users/anthonyforan/SoloAdventurer_app/test/features/onboarding/domain/entities/travel_interest_test.dart: TravelInterest Practical usage should support common selection patterns    11:43 +162 -103: /Users/anthonyforan/SoloAdventurer_app/test/features/onboarding/domain/entities/travel_interest_test.dart: TravelInterest Practical usage should support common selection patterns    11:44 +162 -103: /Users/anthonyforan/SoloAdventurer_app/test/features/onboarding/domain/entities/travel_interest_test.dart: TravelInterest Practical usage should support common selection patterns    11:45 +162 -103: /Users/anthonyforan/SoloAdventurer_app/test/features/onboarding/domain/entities/travel_interest_test.dart: TravelInterest Practical usage should support common selection patterns    11:46 +162 -103: /Users/anthonyforan/SoloAdventurer_app/test/features/onboarding/domain/entities/travel_interest_test.dart: TravelInterest Practical usage should support common selection patterns    11:47 +162 -103: /Users/anthonyforan/SoloAdventurer_app/test/features/onboarding/domain/entities/travel_interest_test.dart: TravelInterest Practical usage should support common selection patterns    11:48 +162 -103: /Users/anthonyforan/SoloAdventurer_app/test/features/onboarding/domain/entities/travel_interest_test.dart: TravelInterest Practical usage should support common selection patterns    11:49 +162 -103: /Users/anthonyforan/SoloAdventurer_app/test/features/onboarding/domain/entities/travel_interest_test.dart: TravelInterest Practical usage should support common selection patterns    11:50 +162 -103: /Users/anthonyforan/SoloAdventurer_app/test/features/onboarding/domain/entities/travel_interest_test.dart: TravelInterest Practical usage should support common selection patterns    11:51 +162 -103: /Users/anthonyforan/SoloAdventurer_app/test/features/onboarding/domain/entities/travel_interest_test.dart: TravelInterest Practical usage should support common selection patterns    11:52 +162 -103: /Users/anthonyforan/SoloAdventurer_app/test/features/onboarding/domain/entities/travel_interest_test.dart: TravelInterest Practical usage should support common selection patterns    11:53 +162 -103: /Users/anthonyforan/SoloAdventurer_app/test/features/onboarding/domain/entities/travel_interest_test.dart: TravelInterest Practical usage should support common selection patterns    11:54 +162 -103: /Users/anthonyforan/SoloAdventurer_app/test/features/onboarding/domain/entities/travel_interest_test.dart: TravelInterest Practical usage should support common selection patterns    11:55 +162 -103: /Users/anthonyforan/SoloAdventurer_app/test/features/onboarding/domain/entities/travel_interest_test.dart: TravelInterest Practical usage should support common selection patterns    11:56 +162 -103: /Users/anthonyforan/SoloAdventurer_app/test/features/onboarding/domain/entities/travel_interest_test.dart: TravelInterest Practical usage should support common selection patterns    11:57 +162 -103: /Users/anthonyforan/SoloAdventurer_app/test/features/onboarding/domain/entities/travel_interest_test.dart: TravelInterest Practical usage should support common selection patterns    11:58 +162 -103: /Users/anthonyforan/SoloAdventurer_app/test/features/onboarding/domain/entities/travel_interest_test.dart: TravelInterest Practical usage should support common selection patterns    11:59 +162 -103: /Users/anthonyforan/SoloAdventurer_app/test/features/onboarding/domain/entities/travel_interest_test.dart: TravelInterest Practical usage should support common selection patterns    12:00 +162 -103: /Users/anthonyforan/SoloAdventurer_app/test/features/onboarding/domain/entities/travel_interest_test.dart: TravelInterest Practical usage should support common selection patterns    12:01 +162 -103: /Users/anthonyforan/SoloAdventurer_app/test/features/onboarding/domain/entities/travel_interest_test.dart: TravelInterest Practical usage should support common selection patterns    12:02 +162 -103: /Users/anthonyforan/SoloAdventurer_app/test/features/onboarding/domain/entities/travel_interest_test.dart: TravelInterest Practical usage should support common selection patterns    12:03 +162 -103: /Users/anthonyforan/SoloAdventurer_app/test/features/onboarding/domain/entities/travel_interest_test.dart: TravelInterest Practical usage should support common selection patterns    12:04 +162 -103: /Users/anthonyforan/SoloAdventurer_app/test/features/onboarding/domain/entities/travel_interest_test.dart: TravelInterest Practical usage should support common selection patterns    12:05 +162 -103: /Users/anthonyforan/SoloAdventurer_app/test/features/onboarding/domain/entities/travel_interest_test.dart: TravelInterest Practical usage should support common selection patterns    12:06 +162 -103: /Users/anthonyforan/SoloAdventurer_app/test/features/onboarding/domain/entities/travel_interest_test.dart: TravelInterest Practical usage should support common selection patterns    12:07 +162 -103: /Users/anthonyforan/SoloAdventurer_app/test/features/onboarding/domain/entities/travel_interest_test.dart: TravelInterest Practical usage should support common selection patterns    12:08 +162 -103: /Users/anthonyforan/SoloAdventurer_app/test/features/onboarding/domain/entities/travel_interest_test.dart: TravelInterest Practical usage should support common selection patterns    12:09 +162 -103: /Users/anthonyforan/SoloAdventurer_app/test/features/onboarding/domain/entities/travel_interest_test.dart: TravelInterest Practical usage should support common selection patterns    12:10 +162 -103: /Users/anthonyforan/SoloAdventurer_app/test/features/onboarding/domain/entities/travel_interest_test.dart: TravelInterest Practical usage should support common selection patterns    12:11 +162 -103: /Users/anthonyforan/SoloAdventurer_app/test/features/onboarding/domain/entities/travel_interest_test.dart: TravelInterest Practical usage should support common selection patterns    12:12 +162 -103: /Users/anthonyforan/SoloAdventurer_app/test/features/onboarding/domain/entities/travel_interest_test.dart: TravelInterest Practical usage should support common selection patterns    12:13 +162 -103: /Users/anthonyforan/SoloAdventurer_app/test/features/onboarding/domain/entities/travel_interest_test.dart: TravelInterest Practical usage should support common selection patterns    12:14 +162 -103: /Users/anthonyforan/SoloAdventurer_app/test/features/onboarding/domain/entities/travel_interest_test.dart: TravelInterest Practical usage should support common selection patterns    12:15 +162 -103: /Users/anthonyforan/SoloAdventurer_app/test/features/onboarding/domain/entities/travel_interest_test.dart: TravelInterest Practical usage should support common selection patterns    12:16 +162 -103: /Users/anthonyforan/SoloAdventurer_app/test/features/onboarding/domain/entities/travel_interest_test.dart: TravelInterest Practical usage should support common selection patterns    12:17 +162 -103: /Users/anthonyforan/SoloAdventurer_app/test/features/onboarding/domain/entities/travel_interest_test.dart: TravelInterest Practical usage should support common selection patterns    12:18 +162 -103: /Users/anthonyforan/SoloAdventurer_app/test/features/onboarding/domain/entities/travel_interest_test.dart: TravelInterest Practical usage should support common selection patterns    12:19 +162 -103: /Users/anthonyforan/SoloAdventurer_app/test/features/onboarding/domain/entities/travel_interest_test.dart: TravelInterest Practical usage should support common selection patterns    12:20 +162 -103: /Users/anthonyforan/SoloAdventurer_app/test/features/onboarding/domain/entities/travel_interest_test.dart: TravelInterest Practical usage should support common selection patterns    12:21 +162 -103: /Users/anthonyforan/SoloAdventurer_app/test/features/onboarding/domain/entities/travel_interest_test.dart: TravelInterest Practical usage should support common selection patterns    12:22 +162 -103: /Users/anthonyforan/SoloAdventurer_app/test/features/onboarding/domain/entities/travel_interest_test.dart: TravelInterest Practical usage should support common selection patterns    12:23 +162 -103: /Users/anthonyforan/SoloAdventurer_app/test/features/onboarding/domain/entities/travel_interest_test.dart: TravelInterest Practical usage should support common selection patterns    12:24 +162 -103: /Users/anthonyforan/SoloAdventurer_app/test/features/onboarding/domain/entities/travel_interest_test.dart: TravelInterest Practical usage should support common selection patterns    12:25 +162 -103: /Users/anthonyforan/SoloAdventurer_app/test/features/onboarding/domain/entities/travel_interest_test.dart: TravelInterest Practical usage should support common selection patterns    12:26 +162 -103: /Users/anthonyforan/SoloAdventurer_app/test/features/onboarding/domain/entities/travel_interest_test.dart: TravelInterest Practical usage should support common selection patterns    12:27 +162 -103: /Users/anthonyforan/SoloAdventurer_app/test/features/onboarding/domain/entities/travel_interest_test.dart: TravelInterest Practical usage should support common selection patterns    12:28 +162 -103: /Users/anthonyforan/SoloAdventurer_app/test/features/onboarding/domain/entities/travel_interest_test.dart: TravelInterest Practical usage should support common selection patterns    12:29 +162 -103: /Users/anthonyforan/SoloAdventurer_app/test/features/onboarding/domain/entities/travel_interest_test.dart: TravelInterest Practical usage should support common selection patterns    12:30 +162 -103: /Users/anthonyforan/SoloAdventurer_app/test/features/onboarding/domain/entities/travel_interest_test.dart: TravelInterest Practical usage should support common selection patterns    12:31 +162 -103: /Users/anthonyforan/SoloAdventurer_app/test/features/onboarding/domain/entities/travel_interest_test.dart: TravelInterest Practical usage should support common selection patterns    12:32 +162 -103: /Users/anthonyforan/SoloAdventurer_app/test/features/onboarding/domain/entities/travel_interest_test.dart: TravelInterest Practical usage should support common selection patterns    12:33 +162 -103: /Users/anthonyforan/SoloAdventurer_app/test/features/onboarding/domain/entities/travel_interest_test.dart: TravelInterest Practical usage should support common selection patterns    12:34 +162 -103: /Users/anthonyforan/SoloAdventurer_app/test/features/onboarding/domain/entities/travel_interest_test.dart: TravelInterest Practical usage should support common selection patterns    12:35 +162 -103: /Users/anthonyforan/SoloAdventurer_app/test/features/onboarding/domain/entities/travel_interest_test.dart: TravelInterest Practical usage should support common selection patterns    12:36 +162 -103: /Users/anthonyforan/SoloAdventurer_app/test/features/onboarding/domain/entities/travel_interest_test.dart: TravelInterest Practical usage should support common selection patterns    12:37 +162 -103: /Users/anthonyforan/SoloAdventurer_app/test/features/onboarding/domain/entities/travel_interest_test.dart: TravelInterest Practical usage should support common selection patterns    12:38 +162 -103: /Users/anthonyforan/SoloAdventurer_app/test/features/onboarding/domain/entities/travel_interest_test.dart: TravelInterest Practical usage should support common selection patterns    12:39 +162 -103: /Users/anthonyforan/SoloAdventurer_app/test/features/onboarding/domain/entities/travel_interest_test.dart: TravelInterest Practical usage should support common selection patterns    12:40 +162 -103: /Users/anthonyforan/SoloAdventurer_app/test/features/onboarding/domain/entities/travel_interest_test.dart: TravelInterest Practical usage should support common selection patterns    12:41 +162 -103: /Users/anthonyforan/SoloAdventurer_app/test/features/onboarding/domain/entities/travel_interest_test.dart: TravelInterest Practical usage should support common selection patterns    12:42 +162 -103: /Users/anthonyforan/SoloAdventurer_app/test/features/onboarding/domain/entities/travel_interest_test.dart: TravelInterest Practical usage should support common selection patterns    12:43 +162 -103: /Users/anthonyforan/SoloAdventurer_app/test/features/onboarding/domain/entities/travel_interest_test.dart: TravelInterest Practical usage should support common selection patterns    12:44 +162 -103: /Users/anthonyforan/SoloAdventurer_app/test/features/onboarding/domain/entities/travel_interest_test.dart: TravelInterest Practical usage should support common selection patterns    12:45 +162 -103: /Users/anthonyforan/SoloAdventurer_app/test/features/onboarding/domain/entities/travel_interest_test.dart: TravelInterest Practical usage should support common selection patterns    12:46 +162 -103: /Users/anthonyforan/SoloAdventurer_app/test/features/onboarding/domain/entities/travel_interest_test.dart: TravelInterest Practical usage should support common selection patterns    12:47 +162 -103: /Users/anthonyforan/SoloAdventurer_app/test/features/onboarding/domain/entities/travel_interest_test.dart: TravelInterest Practical usage should support common selection patterns    12:48 +162 -103: /Users/anthonyforan/SoloAdventurer_app/test/features/onboarding/domain/entities/travel_interest_test.dart: TravelInterest Practical usage should support common selection patterns    12:49 +162 -103: /Users/anthonyforan/SoloAdventurer_app/test/features/onboarding/domain/entities/travel_interest_test.dart: TravelInterest Practical usage should support common selection patterns    12:50 +162 -103: /Users/anthonyforan/SoloAdventurer_app/test/features/onboarding/domain/entities/travel_interest_test.dart: TravelInterest Practical usage should support common selection patterns    12:51 +162 -103: /Users/anthonyforan/SoloAdventurer_app/test/features/onboarding/domain/entities/travel_interest_test.dart: TravelInterest Practical usage should support common selection patterns    12:52 +162 -103: /Users/anthonyforan/SoloAdventurer_app/test/features/onboarding/domain/entities/travel_interest_test.dart: TravelInterest Practical usage should support common selection patterns    12:53 +162 -103: /Users/anthonyforan/SoloAdventurer_app/test/features/onboarding/domain/entities/travel_interest_test.dart: TravelInterest Practical usage should support common selection patterns    12:54 +162 -103: /Users/anthonyforan/SoloAdventurer_app/test/features/onboarding/domain/entities/travel_interest_test.dart: TravelInterest Practical usage should support common selection patterns    12:55 +162 -103: /Users/anthonyforan/SoloAdventurer_app/test/features/onboarding/domain/entities/travel_interest_test.dart: TravelInterest Practical usage should support common selection patterns    12:56 +162 -103: /Users/anthonyforan/SoloAdventurer_app/test/features/onboarding/domain/entities/travel_interest_test.dart: TravelInterest Practical usage should support common selection patterns    12:57 +162 -103: /Users/anthonyforan/SoloAdventurer_app/test/features/onboarding/domain/entities/travel_interest_test.dart: TravelInterest Practical usage should support common selection patterns    12:58 +162 -103: /Users/anthonyforan/SoloAdventurer_app/test/features/onboarding/domain/entities/travel_interest_test.dart: TravelInterest Practical usage should support common selection patterns    12:59 +162 -103: /Users/anthonyforan/SoloAdventurer_app/test/features/onboarding/domain/entities/travel_interest_test.dart: TravelInterest Practical usage should support common selection patterns    13:00 +162 -103: /Users/anthonyforan/SoloAdventurer_app/test/features/onboarding/domain/entities/travel_interest_test.dart: TravelInterest Practical usage should support common selection patterns    13:01 +162 -103: /Users/anthonyforan/SoloAdventurer_app/test/features/onboarding/domain/entities/travel_interest_test.dart: TravelInterest Practical usage should support common selection patterns    13:02 +162 -103: /Users/anthonyforan/SoloAdventurer_app/test/features/onboarding/domain/entities/travel_interest_test.dart: TravelInterest Practical usage should support common selection patterns    13:03 +162 -103: /Users/anthonyforan/SoloAdventurer_app/test/features/onboarding/domain/entities/travel_interest_test.dart: TravelInterest Practical usage should support common selection patterns    13:04 +162 -103: /Users/anthonyforan/SoloAdventurer_app/test/features/onboarding/domain/entities/travel_interest_test.dart: TravelInterest Practical usage should support common selection patterns    13:05 +162 -103: /Users/anthonyforan/SoloAdventurer_app/test/features/onboarding/domain/entities/travel_interest_test.dart: TravelInterest Practical usage should support common selection patterns    13:06 +162 -103: /Users/anthonyforan/SoloAdventurer_app/test/features/onboarding/domain/entities/travel_interest_test.dart: TravelInterest Practical usage should support common selection patterns    13:07 +162 -103: /Users/anthonyforan/SoloAdventurer_app/test/features/onboarding/domain/entities/travel_interest_test.dart: TravelInterest Practical usage should support common selection patterns    13:08 +162 -103: /Users/anthonyforan/SoloAdventurer_app/test/features/onboarding/domain/entities/travel_interest_test.dart: TravelInterest Practical usage should support common selection patterns    13:09 +162 -103: /Users/anthonyforan/SoloAdventurer_app/test/features/onboarding/domain/entities/travel_interest_test.dart: TravelInterest Practical usage should support common selection patterns    13:10 +162 -103: /Users/anthonyforan/SoloAdventurer_app/test/features/onboarding/domain/entities/travel_interest_test.dart: TravelInterest Practical usage should support common selection patterns    13:11 +162 -103: /Users/anthonyforan/SoloAdventurer_app/test/features/onboarding/domain/entities/travel_interest_test.dart: TravelInterest Practical usage should support common selection patterns    13:12 +162 -103: /Users/anthonyforan/SoloAdventurer_app/test/features/onboarding/domain/entities/travel_interest_test.dart: TravelInterest Practical usage should support common selection patterns    13:13 +162 -103: /Users/anthonyforan/SoloAdventurer_app/test/features/onboarding/domain/entities/travel_interest_test.dart: TravelInterest Practical usage should support common selection patterns    13:14 +162 -103: /Users/anthonyforan/SoloAdventurer_app/test/features/onboarding/domain/entities/travel_interest_test.dart: TravelInterest Practical usage should support common selection patterns    13:15 +162 -103: /Users/anthonyforan/SoloAdventurer_app/test/features/onboarding/domain/entities/travel_interest_test.dart: TravelInterest Practical usage should support common selection patterns    13:16 +162 -103: /Users/anthonyforan/SoloAdventurer_app/test/features/onboarding/domain/entities/travel_interest_test.dart: TravelInterest Practical usage should support common selection patterns    13:17 +162 -103: /Users/anthonyforan/SoloAdventurer_app/test/features/onboarding/domain/entities/travel_interest_test.dart: TravelInterest Practical usage should support common selection patterns    13:18 +162 -103: /Users/anthonyforan/SoloAdventurer_app/test/features/onboarding/domain/entities/travel_interest_test.dart: TravelInterest Practical usage should support common selection patterns    13:19 +162 -103: /Users/anthonyforan/SoloAdventurer_app/test/features/onboarding/domain/entities/travel_interest_test.dart: TravelInterest Practical usage should support common selection patterns    13:20 +162 -103: /Users/anthonyforan/SoloAdventurer_app/test/features/onboarding/domain/entities/travel_interest_test.dart: TravelInterest Practical usage should support common selection patterns    13:21 +162 -103: /Users/anthonyforan/SoloAdventurer_app/test/features/onboarding/domain/entities/travel_interest_test.dart: TravelInterest Practical usage should support common selection patterns    13:22 +162 -103: /Users/anthonyforan/SoloAdventurer_app/test/features/onboarding/domain/entities/travel_interest_test.dart: TravelInterest Practical usage should support common selection patterns    13:23 +162 -103: /Users/anthonyforan/SoloAdventurer_app/test/features/onboarding/domain/entities/travel_interest_test.dart: TravelInterest Practical usage should support common selection patterns    13:23 +162 -104: loading /Users/anthonyforan/SoloAdventurer_app/test/features/onboarding/domain/entities/onboarding_data_test.dart [E]                                                                 
  TimeoutException after 0:12:00.000000: Test timed out after 12 minutes.
  package:test_api/src/backend/invoker.dart 362:28  Invoker._handleError.<fn>
  dart:async/zone.dart 1517:47                      _rootRun
  dart:async/zone.dart 1422:19                      _CustomZone.run
  package:test_api/src/backend/invoker.dart 360:10  Invoker._handleError
  package:test_api/src/backend/invoker.dart 315:9   Invoker.heartbeat.<fn>.<fn>
  dart:async/zone.dart 1525:13                      _rootRun
  dart:async/zone.dart 1422:19                      _CustomZone.run
  package:test_api/src/backend/invoker.dart 314:38  Invoker.heartbeat.<fn>
  dart:async-patch/timer_patch.dart 18:15           Timer._createTimer.<fn>
  dart:isolate-patch/timer_impl.dart 423:19         _Timer._runTimers
  dart:isolate-patch/timer_impl.dart 454:5          _Timer._handleMessage
  dart:isolate-patch/isolate_patch.dart 193:12      _RawReceivePort._handleMessage
  

To run this test again: /opt/homebrew/Caskroom/flutter/3.32.5/flutter/bin/cache/dart-sdk/bin/dart test /Users/anthonyforan/SoloAdventurer_app/test/features/onboarding/domain/entities/onboarding_data_test.dart -p vm --plain-name 'loading /Users/anthonyforan/SoloAdventurer_app/test/features/onboarding/domain/entities/onboarding_data_test.dart'
13:24 +162 -105: loading /Users/anthonyforan/SoloAdventurer_app/test/features/onboarding/presentation/providers/onboarding_providers_test.dart [E]                                                     
  TimeoutException after 0:12:00.000000: Test timed out after 12 minutes.
  package:test_api/src/backend/invoker.dart 362:28  Invoker._handleError.<fn>
  dart:async/zone.dart 1517:47                      _rootRun
  dart:async/zone.dart 1422:19                      _CustomZone.run
  package:test_api/src/backend/invoker.dart 360:10  Invoker._handleError
  package:test_api/src/backend/invoker.dart 315:9   Invoker.heartbeat.<fn>.<fn>
  dart:async/zone.dart 1525:13                      _rootRun
  dart:async/zone.dart 1422:19                      _CustomZone.run
  package:test_api/src/backend/invoker.dart 314:38  Invoker.heartbeat.<fn>
  dart:async-patch/timer_patch.dart 18:15           Timer._createTimer.<fn>
  dart:isolate-patch/timer_impl.dart 423:19         _Timer._runTimers
  dart:isolate-patch/timer_impl.dart 454:5          _Timer._handleMessage
  dart:isolate-patch/isolate_patch.dart 193:12      _RawReceivePort._handleMessage
  

To run this test again: /opt/homebrew/Caskroom/flutter/3.32.5/flutter/bin/cache/dart-sdk/bin/dart test /Users/anthonyforan/SoloAdventurer_app/test/features/onboarding/presentation/providers/onboarding_providers_test.dart -p vm --plain-name 'loading /Users/anthonyforan/SoloAdventurer_app/test/features/onboarding/presentation/providers/onboarding_providers_test.dart'
13:24 +162 -106: loading /Users/anthonyforan/SoloAdventurer_app/test/features/onboarding/presentation/screens/onboarding_screen_test.dart [E]                                                          
  TimeoutException after 0:12:00.000000: Test timed out after 12 minutes.
  package:test_api/src/backend/invoker.dart 362:28  Invoker._handleError.<fn>
  dart:async/zone.dart 1517:47                      _rootRun
  dart:async/zone.dart 1422:19                      _CustomZone.run
  package:test_api/src/backend/invoker.dart 360:10  Invoker._handleError
  package:test_api/src/backend/invoker.dart 315:9   Invoker.heartbeat.<fn>.<fn>
  dart:async/zone.dart 1525:13                      _rootRun
  dart:async/zone.dart 1422:19                      _CustomZone.run
  package:test_api/src/backend/invoker.dart 314:38  Invoker.heartbeat.<fn>
  dart:async-patch/timer_patch.dart 18:15           Timer._createTimer.<fn>
  dart:isolate-patch/timer_impl.dart 423:19         _Timer._runTimers
  dart:isolate-patch/timer_impl.dart 454:5          _Timer._handleMessage
  dart:isolate-patch/isolate_patch.dart 193:12      _RawReceivePort._handleMessage
  

To run this test again: /opt/homebrew/Caskroom/flutter/3.32.5/flutter/bin/cache/dart-sdk/bin/dart test /Users/anthonyforan/SoloAdventurer_app/test/features/onboarding/presentation/screens/onboarding_screen_test.dart -p vm --plain-name 'loading /Users/anthonyforan/SoloAdventurer_app/test/features/onboarding/presentation/screens/onboarding_screen_test.dart'
13:25 +162 -107: loading /Users/anthonyforan/SoloAdventurer_app/test/features/onboarding/presentation/screens/starter_itinerary_screen_test.dart [E]                                                   
  TimeoutException after 0:12:00.000000: Test timed out after 12 minutes.
  package:test_api/src/backend/invoker.dart 362:28  Invoker._handleError.<fn>
  dart:async/zone.dart 1517:47                      _rootRun
  dart:async/zone.dart 1422:19                      _CustomZone.run
  package:test_api/src/backend/invoker.dart 360:10  Invoker._handleError
  package:test_api/src/backend/invoker.dart 315:9   Invoker.heartbeat.<fn>.<fn>
  dart:async/zone.dart 1525:13                      _rootRun
  dart:async/zone.dart 1422:19                      _CustomZone.run
  package:test_api/src/backend/invoker.dart 314:38  Invoker.heartbeat.<fn>
  dart:async-patch/timer_patch.dart 18:15           Timer._createTimer.<fn>
  dart:isolate-patch/timer_impl.dart 423:19         _Timer._runTimers
  dart:isolate-patch/timer_impl.dart 454:5          _Timer._handleMessage
  dart:isolate-patch/isolate_patch.dart 193:12      _RawReceivePort._handleMessage
  

To run this test again: /opt/homebrew/Caskroom/flutter/3.32.5/flutter/bin/cache/dart-sdk/bin/dart test /Users/anthonyforan/SoloAdventurer_app/test/features/onboarding/presentation/screens/starter_itinerary_screen_test.dart -p vm --plain-name 'loading /Users/anthonyforan/SoloAdventurer_app/test/features/onboarding/presentation/screens/starter_itinerary_screen_test.dart'
13:27 +162 -108: loading /Users/anthonyforan/SoloAdventurer_app/test/features/onboarding/presentation/widgets/budget_selection_widget_test.dart [E]                                                    
  TimeoutException after 0:12:00.000000: Test timed out after 12 minutes.
  package:test_api/src/backend/invoker.dart 362:28  Invoker._handleError.<fn>
  dart:async/zone.dart 1517:47                      _rootRun
  dart:async/zone.dart 1422:19                      _CustomZone.run
  package:test_api/src/backend/invoker.dart 360:10  Invoker._handleError
  package:test_api/src/backend/invoker.dart 315:9   Invoker.heartbeat.<fn>.<fn>
  dart:async/zone.dart 1525:13                      _rootRun
  dart:async/zone.dart 1422:19                      _CustomZone.run
  package:test_api/src/backend/invoker.dart 314:38  Invoker.heartbeat.<fn>
  dart:async-patch/timer_patch.dart 18:15           Timer._createTimer.<fn>
  dart:isolate-patch/timer_impl.dart 423:19         _Timer._runTimers
  dart:isolate-patch/timer_impl.dart 454:5          _Timer._handleMessage
  dart:isolate-patch/isolate_patch.dart 193:12      _RawReceivePort._handleMessage
  

To run this test again: /opt/homebrew/Caskroom/flutter/3.32.5/flutter/bin/cache/dart-sdk/bin/dart test /Users/anthonyforan/SoloAdventurer_app/test/features/onboarding/presentation/widgets/budget_selection_widget_test.dart -p vm --plain-name 'loading /Users/anthonyforan/SoloAdventurer_app/test/features/onboarding/presentation/widgets/budget_selection_widget_test.dart'
25:23 +162 -109: loading /Users/anthonyforan/SoloAdventurer_app/test/features/onboarding/presentation/widgets/travel_interest_chip_test.dart [E]                                                       
  TimeoutException after 0:12:00.000000: Test timed out after 12 minutes.
  package:test_api/src/backend/invoker.dart 362:28  Invoker._handleError.<fn>
  dart:async/zone.dart 1517:47                      _rootRun
  dart:async/zone.dart 1422:19                      _CustomZone.run
  package:test_api/src/backend/invoker.dart 360:10  Invoker._handleError
  package:test_api/src/backend/invoker.dart 315:9   Invoker.heartbeat.<fn>.<fn>
  dart:async/zone.dart 1525:13                      _rootRun
  dart:async/zone.dart 1422:19                      _CustomZone.run
  package:test_api/src/backend/invoker.dart 314:38  Invoker.heartbeat.<fn>
  dart:async-patch/timer_patch.dart 18:15           Timer._createTimer.<fn>
  dart:isolate-patch/timer_impl.dart 423:19         _Timer._runTimers
  dart:isolate-patch/timer_impl.dart 454:5          _Timer._handleMessage
  dart:isolate-patch/isolate_patch.dart 193:12      _RawReceivePort._handleMessage
  

To run this test again: /opt/homebrew/Caskroom/flutter/3.32.5/flutter/bin/cache/dart-sdk/bin/dart test /Users/anthonyforan/SoloAdventurer_app/test/features/onboarding/presentation/widgets/travel_interest_chip_test.dart -p vm --plain-name 'loading /Users/anthonyforan/SoloAdventurer_app/test/features/onboarding/presentation/widgets/travel_interest_chip_test.dart'
25:24 +162 -110: loading /Users/anthonyforan/SoloAdventurer_app/test/features/offline/infrastructure/database/database_test.dart [E]                                                                   
  TimeoutException after 0:12:00.000000: Test timed out after 12 minutes.
  package:test_api/src/backend/invoker.dart 362:28  Invoker._handleError.<fn>
  dart:async/zone.dart 1517:47                      _rootRun
  dart:async/zone.dart 1422:19                      _CustomZone.run
  package:test_api/src/backend/invoker.dart 360:10  Invoker._handleError
  package:test_api/src/backend/invoker.dart 315:9   Invoker.heartbeat.<fn>.<fn>
  dart:async/zone.dart 1525:13                      _rootRun
  dart:async/zone.dart 1422:19                      _CustomZone.run
  package:test_api/src/backend/invoker.dart 314:38  Invoker.heartbeat.<fn>
  dart:async-patch/timer_patch.dart 18:15           Timer._createTimer.<fn>
  dart:isolate-patch/timer_impl.dart 423:19         _Timer._runTimers
  dart:isolate-patch/timer_impl.dart 454:5          _Timer._handleMessage
  dart:isolate-patch/isolate_patch.dart 193:12      _RawReceivePort._handleMessage
  

To run this test again: /opt/homebrew/Caskroom/flutter/3.32.5/flutter/bin/cache/dart-sdk/bin/dart test /Users/anthonyforan/SoloAdventurer_app/test/features/offline/infrastructure/database/database_test.dart -p vm --plain-name 'loading /Users/anthonyforan/SoloAdventurer_app/test/features/offline/infrastructure/database/database_test.dart'
25:24 +162 -111: loading /Users/anthonyforan/SoloAdventurer_app/test/features/offline/domain/services/conflict_resolver_test.dart [E]                                                                  
  TimeoutException after 0:12:00.000000: Test timed out after 12 minutes.
  package:test_api/src/backend/invoker.dart 362:28  Invoker._handleError.<fn>
  dart:async/zone.dart 1517:47                      _rootRun
  dart:async/zone.dart 1422:19                      _CustomZone.run
  package:test_api/src/backend/invoker.dart 360:10  Invoker._handleError
  package:test_api/src/backend/invoker.dart 315:9   Invoker.heartbeat.<fn>.<fn>
  dart:async/zone.dart 1525:13                      _rootRun
  dart:async/zone.dart 1422:19                      _CustomZone.run
  package:test_api/src/backend/invoker.dart 314:38  Invoker.heartbeat.<fn>
  dart:async-patch/timer_patch.dart 18:15           Timer._createTimer.<fn>
  dart:isolate-patch/timer_impl.dart 423:19         _Timer._runTimers
  dart:isolate-patch/timer_impl.dart 454:5          _Timer._handleMessage
  dart:isolate-patch/isolate_patch.dart 193:12      _RawReceivePort._handleMessage
  

To run this test again: /opt/homebrew/Caskroom/flutter/3.32.5/flutter/bin/cache/dart-sdk/bin/dart test /Users/anthonyforan/SoloAdventurer_app/test/features/offline/domain/services/conflict_resolver_test.dart -p vm --plain-name 'loading /Users/anthonyforan/SoloAdventurer_app/test/features/offline/domain/services/conflict_resolver_test.dart'
25:25 +162 -112: loading /Users/anthonyforan/SoloAdventurer_app/test/features/offline/domain/services/sync_queue_service_test.dart [E]                                                                 
  TimeoutException after 0:12:00.000000: Test timed out after 12 minutes.
  package:test_api/src/backend/invoker.dart 362:28  Invoker._handleError.<fn>
  dart:async/zone.dart 1517:47                      _rootRun
  dart:async/zone.dart 1422:19                      _CustomZone.run
  package:test_api/src/backend/invoker.dart 360:10  Invoker._handleError
  package:test_api/src/backend/invoker.dart 315:9   Invoker.heartbeat.<fn>.<fn>
  dart:async/zone.dart 1525:13                      _rootRun
  dart:async/zone.dart 1422:19                      _CustomZone.run
  package:test_api/src/backend/invoker.dart 314:38  Invoker.heartbeat.<fn>
  dart:async-patch/timer_patch.dart 18:15           Timer._createTimer.<fn>
  dart:isolate-patch/timer_impl.dart 423:19         _Timer._runTimers
  dart:isolate-patch/timer_impl.dart 454:5          _Timer._handleMessage
  dart:isolate-patch/isolate_patch.dart 193:12      _RawReceivePort._handleMessage
  

To run this test again: /opt/homebrew/Caskroom/flutter/3.32.5/flutter/bin/cache/dart-sdk/bin/dart test /Users/anthonyforan/SoloAdventurer_app/test/features/offline/domain/services/sync_queue_service_test.dart -p vm --plain-name 'loading /Users/anthonyforan/SoloAdventurer_app/test/features/offline/domain/services/sync_queue_service_test.dart'
25:27 +162 -113: loading /Users/anthonyforan/SoloAdventurer_app/test/features/offline/presentation/providers/connectivity_provider_test.dart [E]                                                       
  TimeoutException after 0:12:00.000000: Test timed out after 12 minutes.
  package:test_api/src/backend/invoker.dart 362:28  Invoker._handleError.<fn>
  dart:async/zone.dart 1517:47                      _rootRun
  dart:async/zone.dart 1422:19                      _CustomZone.run
  package:test_api/src/backend/invoker.dart 360:10  Invoker._handleError
  package:test_api/src/backend/invoker.dart 315:9   Invoker.heartbeat.<fn>.<fn>
  dart:async/zone.dart 1525:13                      _rootRun
  dart:async/zone.dart 1422:19                      _CustomZone.run
  package:test_api/src/backend/invoker.dart 314:38  Invoker.heartbeat.<fn>
  dart:async-patch/timer_patch.dart 18:15           Timer._createTimer.<fn>
  dart:isolate-patch/timer_impl.dart 423:19         _Timer._runTimers
  dart:isolate-patch/timer_impl.dart 454:5          _Timer._handleMessage
  dart:isolate-patch/isolate_patch.dart 193:12      _RawReceivePort._handleMessage
  

To run this test again: /opt/homebrew/Caskroom/flutter/3.32.5/flutter/bin/cache/dart-sdk/bin/dart test /Users/anthonyforan/SoloAdventurer_app/test/features/offline/presentation/providers/connectivity_provider_test.dart -p vm --plain-name 'loading /Users/anthonyforan/SoloAdventurer_app/test/features/offline/presentation/providers/connectivity_provider_test.dart'
37:23 +162 -114: loading /Users/anthonyforan/SoloAdventurer_app/test/screens/auth/login_screen_test.dart [E]                                                                                           
  TimeoutException after 0:12:00.000000: Test timed out after 12 minutes.
  package:test_api/src/backend/invoker.dart 362:28  Invoker._handleError.<fn>
  dart:async/zone.dart 1517:47                      _rootRun
  dart:async/zone.dart 1422:19                      _CustomZone.run
  package:test_api/src/backend/invoker.dart 360:10  Invoker._handleError
  package:test_api/src/backend/invoker.dart 315:9   Invoker.heartbeat.<fn>.<fn>
  dart:async/zone.dart 1525:13                      _rootRun
  dart:async/zone.dart 1422:19                      _CustomZone.run
  package:test_api/src/backend/invoker.dart 314:38  Invoker.heartbeat.<fn>
  dart:async-patch/timer_patch.dart 18:15           Timer._createTimer.<fn>
  dart:isolate-patch/timer_impl.dart 423:19         _Timer._runTimers
  dart:isolate-patch/timer_impl.dart 454:5          _Timer._handleMessage
  dart:isolate-patch/isolate_patch.dart 193:12      _RawReceivePort._handleMessage
  

To run this test again: /opt/homebrew/Caskroom/flutter/3.32.5/flutter/bin/cache/dart-sdk/bin/dart test /Users/anthonyforan/SoloAdventurer_app/test/screens/auth/login_screen_test.dart -p vm --plain-name 'loading /Users/anthonyforan/SoloAdventurer_app/test/screens/auth/login_screen_test.dart'
37:24 +162 -115: loading /Users/anthonyforan/SoloAdventurer_app/test/screens/signup_screen_test.dart [E]                                                                                               
  TimeoutException after 0:12:00.000000: Test timed out after 12 minutes.
  package:test_api/src/backend/invoker.dart 362:28  Invoker._handleError.<fn>
  dart:async/zone.dart 1517:47                      _rootRun
  dart:async/zone.dart 1422:19                      _CustomZone.run
  package:test_api/src/backend/invoker.dart 360:10  Invoker._handleError
  package:test_api/src/backend/invoker.dart 315:9   Invoker.heartbeat.<fn>.<fn>
  dart:async/zone.dart 1525:13                      _rootRun
  dart:async/zone.dart 1422:19                      _CustomZone.run
  package:test_api/src/backend/invoker.dart 314:38  Invoker.heartbeat.<fn>
  dart:async-patch/timer_patch.dart 18:15           Timer._createTimer.<fn>
  dart:isolate-patch/timer_impl.dart 423:19         _Timer._runTimers
  dart:isolate-patch/timer_impl.dart 454:5          _Timer._handleMessage
  dart:isolate-patch/isolate_patch.dart 193:12      _RawReceivePort._handleMessage
  

To run this test again: /opt/homebrew/Caskroom/flutter/3.32.5/flutter/bin/cache/dart-sdk/bin/dart test /Users/anthonyforan/SoloAdventurer_app/test/screens/signup_screen_test.dart -p vm --plain-name 'loading /Users/anthonyforan/SoloAdventurer_app/test/screens/signup_screen_test.dart'
37:24 +162 -116: loading /Users/anthonyforan/SoloAdventurer_app/test/screens/profile/profile_screen_test.dart [E]                                                                                      
  TimeoutException after 0:12:00.000000: Test timed out after 12 minutes.
  package:test_api/src/backend/invoker.dart 362:28  Invoker._handleError.<fn>
  dart:async/zone.dart 1517:47                      _rootRun
  dart:async/zone.dart 1422:19                      _CustomZone.run
  package:test_api/src/backend/invoker.dart 360:10  Invoker._handleError
  package:test_api/src/backend/invoker.dart 315:9   Invoker.heartbeat.<fn>.<fn>
  dart:async/zone.dart 1525:13                      _rootRun
  dart:async/zone.dart 1422:19                      _CustomZone.run
  package:test_api/src/backend/invoker.dart 314:38  Invoker.heartbeat.<fn>
  dart:async-patch/timer_patch.dart 18:15           Timer._createTimer.<fn>
  dart:isolate-patch/timer_impl.dart 423:19         _Timer._runTimers
  dart:isolate-patch/timer_impl.dart 454:5          _Timer._handleMessage
  dart:isolate-patch/isolate_patch.dart 193:12      _RawReceivePort._handleMessage
  

To run this test again: /opt/homebrew/Caskroom/flutter/3.32.5/flutter/bin/cache/dart-sdk/bin/dart test /Users/anthonyforan/SoloAdventurer_app/test/screens/profile/profile_screen_test.dart -p vm --plain-name 'loading /Users/anthonyforan/SoloAdventurer_app/test/screens/profile/profile_screen_test.dart'
37:25 +162 -117: loading /Users/anthonyforan/SoloAdventurer_app/test/performance/offline_performance_test.dart [E]                                                                                     
  TimeoutException after 0:12:00.000000: Test timed out after 12 minutes.
  package:test_api/src/backend/invoker.dart 362:28  Invoker._handleError.<fn>
  dart:async/zone.dart 1517:47                      _rootRun
  dart:async/zone.dart 1422:19                      _CustomZone.run
  package:test_api/src/backend/invoker.dart 360:10  Invoker._handleError
  package:test_api/src/backend/invoker.dart 315:9   Invoker.heartbeat.<fn>.<fn>
  dart:async/zone.dart 1525:13                      _rootRun
  dart:async/zone.dart 1422:19                      _CustomZone.run
  package:test_api/src/backend/invoker.dart 314:38  Invoker.heartbeat.<fn>
  dart:async-patch/timer_patch.dart 18:15           Timer._createTimer.<fn>
  dart:isolate-patch/timer_impl.dart 423:19         _Timer._runTimers
  dart:isolate-patch/timer_impl.dart 454:5          _Timer._handleMessage
  dart:isolate-patch/isolate_patch.dart 193:12      _RawReceivePort._handleMessage
  

To run this test again: /opt/homebrew/Caskroom/flutter/3.32.5/flutter/bin/cache/dart-sdk/bin/dart test /Users/anthonyforan/SoloAdventurer_app/test/performance/offline_performance_test.dart -p vm --plain-name 'loading /Users/anthonyforan/SoloAdventurer_app/test/performance/offline_performance_test.dart'
37:25 +162 -117: Some tests failed.                                                                                                                                                                    
